[0.071s] colcon DEBUG Command line arguments: ['/usr/bin/colcon', 'build', '--packages-select', 'soarm100_interfaces', 'soarm100_vision', '--symlink-install']
[0.071s] colcon DEBUG Parsed command line arguments: Namespace(log_base=None, log_level=None, verb_name='build', build_base='build', install_base='install', merge_install=False, symlink_install=True, test_result_base=None, continue_on_error=False, executor='parallel', parallel_workers=32, event_handlers=None, ignore_user_meta=False, metas=['./colcon.meta'], base_paths=['.'], packages_ignore=None, packages_ignore_regex=None, paths=None, packages_up_to=None, packages_up_to_regex=None, packages_above=None, packages_above_and_dependencies=None, packages_above_depth=None, packages_select_by_dep=None, packages_skip_by_dep=None, packages_skip_up_to=None, packages_select_build_failed=False, packages_skip_build_finished=False, packages_select_test_failures=False, packages_skip_test_passed=False, packages_select=['soarm100_interfaces', 'soarm100_vision'], packages_skip=None, packages_select_regex=None, packages_skip_regex=None, packages_start=None, packages_end=None, allow_overriding=[], cmake_args=None, cmake_target=None, cmake_target_skip_unavailable=False, cmake_clean_cache=False, cmake_clean_first=False, cmake_force_configure=False, ament_cmake_args=None, catkin_cmake_args=None, catkin_skip_building_tests=False, verb_parser=<colcon_defaults.argument_parser.defaults.DefaultArgumentsDecorator object at 0x74258e9461d0>, verb_extension=<colcon_core.verb.build.BuildVerb object at 0x74258e945d50>, main=<bound method BuildVerb.main of <colcon_core.verb.build.BuildVerb object at 0x74258e945d50>>)
[0.180s] colcon.colcon_core.package_discovery Level 1 discover_packages(colcon_meta) check parameters
[0.180s] colcon.colcon_core.package_discovery Level 1 discover_packages(recursive) check parameters
[0.180s] colcon.colcon_core.package_discovery Level 1 discover_packages(ignore) check parameters
[0.180s] colcon.colcon_core.package_discovery Level 1 discover_packages(path) check parameters
[0.180s] colcon.colcon_core.package_discovery Level 1 discover_packages(colcon_meta) discover
[0.180s] colcon.colcon_core.package_discovery Level 1 discover_packages(recursive) discover
[0.180s] colcon.colcon_core.package_discovery INFO Crawling recursively for packages in '/home/sophie/isaac_lab/isaac_ws/rl_code/soarm100sim/ros2'
[0.180s] colcon.colcon_core.package_identification Level 1 _identify(.) by extensions ['ignore', 'ignore_ament_install']
[0.180s] colcon.colcon_core.package_identification Level 1 _identify(.) by extension 'ignore'
[0.180s] colcon.colcon_core.package_identification Level 1 _identify(.) by extension 'ignore_ament_install'
[0.180s] colcon.colcon_core.package_identification Level 1 _identify(.) by extensions ['colcon_pkg']
[0.180s] colcon.colcon_core.package_identification Level 1 _identify(.) by extension 'colcon_pkg'
[0.180s] colcon.colcon_core.package_identification Level 1 _identify(.) by extensions ['colcon_meta']
[0.180s] colcon.colcon_core.package_identification Level 1 _identify(.) by extension 'colcon_meta'
[0.180s] colcon.colcon_core.package_identification Level 1 _identify(.) by extensions ['ros']
[0.180s] colcon.colcon_core.package_identification Level 1 _identify(.) by extension 'ros'
[0.203s] colcon.colcon_core.package_identification Level 1 _identify(.) by extensions ['cmake', 'python']
[0.203s] colcon.colcon_core.package_identification Level 1 _identify(.) by extension 'cmake'
[0.203s] colcon.colcon_core.package_identification Level 1 _identify(.) by extension 'python'
[0.203s] colcon.colcon_core.package_identification Level 1 _identify(.) by extensions ['python_setup_py']
[0.203s] colcon.colcon_core.package_identification Level 1 _identify(.) by extension 'python_setup_py'
[0.203s] colcon.colcon_core.package_identification Level 1 _identify(build) by extensions ['ignore', 'ignore_ament_install']
[0.203s] colcon.colcon_core.package_identification Level 1 _identify(build) by extension 'ignore'
[0.203s] colcon.colcon_core.package_identification Level 1 _identify(build) ignored
[0.203s] colcon.colcon_core.package_identification Level 1 _identify(install) by extensions ['ignore', 'ignore_ament_install']
[0.203s] colcon.colcon_core.package_identification Level 1 _identify(install) by extension 'ignore'
[0.203s] colcon.colcon_core.package_identification Level 1 _identify(install) ignored
[0.203s] colcon.colcon_core.package_identification Level 1 _identify(log) by extensions ['ignore', 'ignore_ament_install']
[0.204s] colcon.colcon_core.package_identification Level 1 _identify(log) by extension 'ignore'
[0.204s] colcon.colcon_core.package_identification Level 1 _identify(log) ignored
[0.204s] colcon.colcon_core.package_identification Level 1 _identify(logs) by extensions ['ignore', 'ignore_ament_install']
[0.204s] colcon.colcon_core.package_identification Level 1 _identify(logs) by extension 'ignore'
[0.204s] colcon.colcon_core.package_identification Level 1 _identify(logs) by extension 'ignore_ament_install'
[0.204s] colcon.colcon_core.package_identification Level 1 _identify(logs) by extensions ['colcon_pkg']
[0.204s] colcon.colcon_core.package_identification Level 1 _identify(logs) by extension 'colcon_pkg'
[0.204s] colcon.colcon_core.package_identification Level 1 _identify(logs) by extensions ['colcon_meta']
[0.204s] colcon.colcon_core.package_identification Level 1 _identify(logs) by extension 'colcon_meta'
[0.204s] colcon.colcon_core.package_identification Level 1 _identify(logs) by extensions ['ros']
[0.204s] colcon.colcon_core.package_identification Level 1 _identify(logs) by extension 'ros'
[0.204s] colcon.colcon_core.package_identification Level 1 _identify(logs) by extensions ['cmake', 'python']
[0.204s] colcon.colcon_core.package_identification Level 1 _identify(logs) by extension 'cmake'
[0.204s] colcon.colcon_core.package_identification Level 1 _identify(logs) by extension 'python'
[0.204s] colcon.colcon_core.package_identification Level 1 _identify(logs) by extensions ['python_setup_py']
[0.204s] colcon.colcon_core.package_identification Level 1 _identify(logs) by extension 'python_setup_py'
[0.204s] colcon.colcon_core.package_identification Level 1 _identify(logs/ros2_vision) by extensions ['ignore', 'ignore_ament_install']
[0.204s] colcon.colcon_core.package_identification Level 1 _identify(logs/ros2_vision) by extension 'ignore'
[0.204s] colcon.colcon_core.package_identification Level 1 _identify(logs/ros2_vision) by extension 'ignore_ament_install'
[0.204s] colcon.colcon_core.package_identification Level 1 _identify(logs/ros2_vision) by extensions ['colcon_pkg']
[0.204s] colcon.colcon_core.package_identification Level 1 _identify(logs/ros2_vision) by extension 'colcon_pkg'
[0.204s] colcon.colcon_core.package_identification Level 1 _identify(logs/ros2_vision) by extensions ['colcon_meta']
[0.204s] colcon.colcon_core.package_identification Level 1 _identify(logs/ros2_vision) by extension 'colcon_meta'
[0.204s] colcon.colcon_core.package_identification Level 1 _identify(logs/ros2_vision) by extensions ['ros']
[0.204s] colcon.colcon_core.package_identification Level 1 _identify(logs/ros2_vision) by extension 'ros'
[0.204s] colcon.colcon_core.package_identification Level 1 _identify(logs/ros2_vision) by extensions ['cmake', 'python']
[0.204s] colcon.colcon_core.package_identification Level 1 _identify(logs/ros2_vision) by extension 'cmake'
[0.204s] colcon.colcon_core.package_identification Level 1 _identify(logs/ros2_vision) by extension 'python'
[0.204s] colcon.colcon_core.package_identification Level 1 _identify(logs/ros2_vision) by extensions ['python_setup_py']
[0.204s] colcon.colcon_core.package_identification Level 1 _identify(logs/ros2_vision) by extension 'python_setup_py'
[0.204s] colcon.colcon_core.package_identification Level 1 _identify(so100_plus_description) by extensions ['ignore', 'ignore_ament_install']
[0.204s] colcon.colcon_core.package_identification Level 1 _identify(so100_plus_description) by extension 'ignore'
[0.204s] colcon.colcon_core.package_identification Level 1 _identify(so100_plus_description) by extension 'ignore_ament_install'
[0.204s] colcon.colcon_core.package_identification Level 1 _identify(so100_plus_description) by extensions ['colcon_pkg']
[0.204s] colcon.colcon_core.package_identification Level 1 _identify(so100_plus_description) by extension 'colcon_pkg'
[0.204s] colcon.colcon_core.package_identification Level 1 _identify(so100_plus_description) by extensions ['colcon_meta']
[0.204s] colcon.colcon_core.package_identification Level 1 _identify(so100_plus_description) by extension 'colcon_meta'
[0.205s] colcon.colcon_core.package_identification Level 1 _identify(so100_plus_description) by extensions ['ros']
[0.205s] colcon.colcon_core.package_identification Level 1 _identify(so100_plus_description) by extension 'ros'
[0.206s] colcon.colcon_core.package_identification DEBUG Package 'so100_plus_description' with type 'ros.ament_cmake' and name 'so100_plus_description'
[0.206s] colcon.colcon_core.package_identification Level 1 _identify(soarm100_interfaces) by extensions ['ignore', 'ignore_ament_install']
[0.206s] colcon.colcon_core.package_identification Level 1 _identify(soarm100_interfaces) by extension 'ignore'
[0.206s] colcon.colcon_core.package_identification Level 1 _identify(soarm100_interfaces) by extension 'ignore_ament_install'
[0.206s] colcon.colcon_core.package_identification Level 1 _identify(soarm100_interfaces) by extensions ['colcon_pkg']
[0.206s] colcon.colcon_core.package_identification Level 1 _identify(soarm100_interfaces) by extension 'colcon_pkg'
[0.206s] colcon.colcon_core.package_identification Level 1 _identify(soarm100_interfaces) by extensions ['colcon_meta']
[0.206s] colcon.colcon_core.package_identification Level 1 _identify(soarm100_interfaces) by extension 'colcon_meta'
[0.206s] colcon.colcon_core.package_identification Level 1 _identify(soarm100_interfaces) by extensions ['ros']
[0.206s] colcon.colcon_core.package_identification Level 1 _identify(soarm100_interfaces) by extension 'ros'
[0.207s] colcon.colcon_core.package_identification DEBUG Package 'soarm100_interfaces' with type 'ros.ament_cmake' and name 'soarm100_interfaces'
[0.207s] colcon.colcon_core.package_identification Level 1 _identify(soarm100_vision) by extensions ['ignore', 'ignore_ament_install']
[0.207s] colcon.colcon_core.package_identification Level 1 _identify(soarm100_vision) by extension 'ignore'
[0.207s] colcon.colcon_core.package_identification Level 1 _identify(soarm100_vision) by extension 'ignore_ament_install'
[0.207s] colcon.colcon_core.package_identification Level 1 _identify(soarm100_vision) by extensions ['colcon_pkg']
[0.207s] colcon.colcon_core.package_identification Level 1 _identify(soarm100_vision) by extension 'colcon_pkg'
[0.207s] colcon.colcon_core.package_identification Level 1 _identify(soarm100_vision) by extensions ['colcon_meta']
[0.207s] colcon.colcon_core.package_identification Level 1 _identify(soarm100_vision) by extension 'colcon_meta'
[0.207s] colcon.colcon_core.package_identification Level 1 _identify(soarm100_vision) by extensions ['ros']
[0.207s] colcon.colcon_core.package_identification Level 1 _identify(soarm100_vision) by extension 'ros'
[0.208s] colcon.colcon_core.package_identification DEBUG Package 'soarm100_vision' with type 'ros.ament_python' and name 'soarm100_vision'
[0.208s] colcon.colcon_core.package_discovery Level 1 discover_packages(recursive) using defaults
[0.208s] colcon.colcon_core.package_discovery Level 1 discover_packages(ignore) discover
[0.208s] colcon.colcon_core.package_discovery Level 1 discover_packages(ignore) using defaults
[0.208s] colcon.colcon_core.package_discovery Level 1 discover_packages(path) discover
[0.208s] colcon.colcon_core.package_discovery Level 1 discover_packages(path) using defaults
[0.217s] colcon.colcon_core.package_selection INFO Skipping not selected package 'so100_plus_description' in 'so100_plus_description'
[0.218s] colcon.colcon_core.package_discovery Level 1 discover_packages(prefix_path) check parameters
[0.218s] colcon.colcon_core.package_discovery Level 1 discover_packages(prefix_path) discover
[0.219s] colcon.colcon_installed_package_information.package_discovery DEBUG Found 375 installed packages in /opt/ros/humble
[0.220s] colcon.colcon_core.package_discovery Level 1 discover_packages(prefix_path) using defaults
[0.246s] colcon.colcon_core.verb Level 5 set package 'soarm100_interfaces' build argument 'cmake_args' from command line to 'None'
[0.246s] colcon.colcon_core.verb Level 5 set package 'soarm100_interfaces' build argument 'cmake_target' from command line to 'None'
[0.246s] colcon.colcon_core.verb Level 5 set package 'soarm100_interfaces' build argument 'cmake_target_skip_unavailable' from command line to 'False'
[0.246s] colcon.colcon_core.verb Level 5 set package 'soarm100_interfaces' build argument 'cmake_clean_cache' from command line to 'False'
[0.246s] colcon.colcon_core.verb Level 5 set package 'soarm100_interfaces' build argument 'cmake_clean_first' from command line to 'False'
[0.246s] colcon.colcon_core.verb Level 5 set package 'soarm100_interfaces' build argument 'cmake_force_configure' from command line to 'False'
[0.246s] colcon.colcon_core.verb Level 5 set package 'soarm100_interfaces' build argument 'ament_cmake_args' from command line to 'None'
[0.246s] colcon.colcon_core.verb Level 5 set package 'soarm100_interfaces' build argument 'catkin_cmake_args' from command line to 'None'
[0.246s] colcon.colcon_core.verb Level 5 set package 'soarm100_interfaces' build argument 'catkin_skip_building_tests' from command line to 'False'
[0.246s] colcon.colcon_core.verb DEBUG Building package 'soarm100_interfaces' with the following arguments: {'ament_cmake_args': None, 'build_base': '/home/sophie/isaac_lab/isaac_ws/rl_code/soarm100sim/ros2/build/soarm100_interfaces', 'catkin_cmake_args': None, 'catkin_skip_building_tests': False, 'cmake_args': None, 'cmake_clean_cache': False, 'cmake_clean_first': False, 'cmake_force_configure': False, 'cmake_target': None, 'cmake_target_skip_unavailable': False, 'install_base': '/home/sophie/isaac_lab/isaac_ws/rl_code/soarm100sim/ros2/install/soarm100_interfaces', 'merge_install': False, 'path': '/home/sophie/isaac_lab/isaac_ws/rl_code/soarm100sim/ros2/soarm100_interfaces', 'symlink_install': True, 'test_result_base': None}
[0.246s] colcon.colcon_core.verb Level 5 set package 'soarm100_vision' build argument 'cmake_args' from command line to 'None'
[0.246s] colcon.colcon_core.verb Level 5 set package 'soarm100_vision' build argument 'cmake_target' from command line to 'None'
[0.246s] colcon.colcon_core.verb Level 5 set package 'soarm100_vision' build argument 'cmake_target_skip_unavailable' from command line to 'False'
[0.246s] colcon.colcon_core.verb Level 5 set package 'soarm100_vision' build argument 'cmake_clean_cache' from command line to 'False'
[0.246s] colcon.colcon_core.verb Level 5 set package 'soarm100_vision' build argument 'cmake_clean_first' from command line to 'False'
[0.246s] colcon.colcon_core.verb Level 5 set package 'soarm100_vision' build argument 'cmake_force_configure' from command line to 'False'
[0.246s] colcon.colcon_core.verb Level 5 set package 'soarm100_vision' build argument 'ament_cmake_args' from command line to 'None'
[0.246s] colcon.colcon_core.verb Level 5 set package 'soarm100_vision' build argument 'catkin_cmake_args' from command line to 'None'
[0.246s] colcon.colcon_core.verb Level 5 set package 'soarm100_vision' build argument 'catkin_skip_building_tests' from command line to 'False'
[0.246s] colcon.colcon_core.verb DEBUG Building package 'soarm100_vision' with the following arguments: {'ament_cmake_args': None, 'build_base': '/home/sophie/isaac_lab/isaac_ws/rl_code/soarm100sim/ros2/build/soarm100_vision', 'catkin_cmake_args': None, 'catkin_skip_building_tests': False, 'cmake_args': None, 'cmake_clean_cache': False, 'cmake_clean_first': False, 'cmake_force_configure': False, 'cmake_target': None, 'cmake_target_skip_unavailable': False, 'install_base': '/home/sophie/isaac_lab/isaac_ws/rl_code/soarm100sim/ros2/install/soarm100_vision', 'merge_install': False, 'path': '/home/sophie/isaac_lab/isaac_ws/rl_code/soarm100sim/ros2/soarm100_vision', 'symlink_install': True, 'test_result_base': None}
[0.246s] colcon.colcon_core.executor INFO Executing jobs using 'parallel' executor
[0.247s] colcon.colcon_parallel_executor.executor.parallel DEBUG run_until_complete
[0.247s] colcon.colcon_ros.task.ament_cmake.build INFO Building ROS package in '/home/sophie/isaac_lab/isaac_ws/rl_code/soarm100sim/ros2/soarm100_interfaces' with build type 'ament_cmake'
[0.247s] colcon.colcon_cmake.task.cmake.build INFO Building CMake package in '/home/sophie/isaac_lab/isaac_ws/rl_code/soarm100sim/ros2/soarm100_interfaces'
[0.249s] colcon.colcon_core.plugin_system INFO Skipping extension 'colcon_core.shell.bat': Not used on non-Windows systems
[0.249s] colcon.colcon_core.shell INFO Skip shell extension 'powershell' for command environment: Not usable outside of PowerShell
[0.249s] colcon.colcon_core.shell DEBUG Skip shell extension 'dsv' for command environment
[30.279s] colcon.colcon_core.event_handler.log_command DEBUG Invoking command in '/home/sophie/isaac_lab/isaac_ws/rl_code/soarm100sim/ros2/build/soarm100_interfaces': CMAKE_PREFIX_PATH=${CMAKE_PREFIX_PATH}:/opt/ros/humble CONDA_PROMPT_MODIFIER=(base) /usr/bin/cmake /home/sophie/isaac_lab/isaac_ws/rl_code/soarm100sim/ros2/soarm100_interfaces -DAMENT_CMAKE_SYMLINK_INSTALL=1 -DCMAKE_INSTALL_PREFIX=/home/sophie/isaac_lab/isaac_ws/rl_code/soarm100sim/ros2/install/soarm100_interfaces
[60.308s] colcon.colcon_core.event_handler.log_command DEBUG Invoked command in '/home/sophie/isaac_lab/isaac_ws/rl_code/soarm100sim/ros2/build/soarm100_interfaces' returned '0': CMAKE_PREFIX_PATH=${CMAKE_PREFIX_PATH}:/opt/ros/humble CONDA_PROMPT_MODIFIER=(base) /usr/bin/cmake /home/sophie/isaac_lab/isaac_ws/rl_code/soarm100sim/ros2/soarm100_interfaces -DAMENT_CMAKE_SYMLINK_INSTALL=1 -DCMAKE_INSTALL_PREFIX=/home/sophie/isaac_lab/isaac_ws/rl_code/soarm100sim/ros2/install/soarm100_interfaces
[60.311s] colcon.colcon_core.event_handler.log_command DEBUG Invoking command in '/home/sophie/isaac_lab/isaac_ws/rl_code/soarm100sim/ros2/build/soarm100_interfaces': CMAKE_PREFIX_PATH=${CMAKE_PREFIX_PATH}:/opt/ros/humble CONDA_PROMPT_MODIFIER=(base) /usr/bin/cmake --build /home/sophie/isaac_lab/isaac_ws/rl_code/soarm100sim/ros2/build/soarm100_interfaces -- -j32 -l32
[90.339s] colcon.colcon_core.event_handler.log_command DEBUG Invoked command in '/home/sophie/isaac_lab/isaac_ws/rl_code/soarm100sim/ros2/build/soarm100_interfaces' returned '2': CMAKE_PREFIX_PATH=${CMAKE_PREFIX_PATH}:/opt/ros/humble CONDA_PROMPT_MODIFIER=(base) /usr/bin/cmake --build /home/sophie/isaac_lab/isaac_ws/rl_code/soarm100sim/ros2/build/soarm100_interfaces -- -j32 -l32
[90.340s] colcon.colcon_core.environment Level 1 create_environment_scripts_only(soarm100_interfaces)
[90.343s] colcon.colcon_core.environment Level 1 checking '/home/sophie/isaac_lab/isaac_ws/rl_code/soarm100sim/ros2/install/soarm100_interfaces' for CMake module files
[90.344s] colcon.colcon_core.environment Level 1 checking '/home/sophie/isaac_lab/isaac_ws/rl_code/soarm100sim/ros2/install/soarm100_interfaces' for CMake config files
[90.345s] colcon.colcon_core.shell Level 1 create_environment_hook('soarm100_interfaces', 'cmake_prefix_path')
[90.345s] colcon.colcon_core.shell INFO Creating environment hook '/home/sophie/isaac_lab/isaac_ws/rl_code/soarm100sim/ros2/install/soarm100_interfaces/share/soarm100_interfaces/hook/cmake_prefix_path.ps1'
[90.346s] colcon.colcon_core.shell INFO Creating environment descriptor '/home/sophie/isaac_lab/isaac_ws/rl_code/soarm100sim/ros2/install/soarm100_interfaces/share/soarm100_interfaces/hook/cmake_prefix_path.dsv'
[90.346s] colcon.colcon_core.shell INFO Creating environment hook '/home/sophie/isaac_lab/isaac_ws/rl_code/soarm100sim/ros2/install/soarm100_interfaces/share/soarm100_interfaces/hook/cmake_prefix_path.sh'
[90.347s] colcon.colcon_core.environment Level 1 checking '/home/sophie/isaac_lab/isaac_ws/rl_code/soarm100sim/ros2/install/soarm100_interfaces/lib'
[90.347s] colcon.colcon_core.shell Level 1 create_environment_hook('soarm100_interfaces', 'ld_library_path_lib')
[90.348s] colcon.colcon_core.shell INFO Creating environment hook '/home/sophie/isaac_lab/isaac_ws/rl_code/soarm100sim/ros2/install/soarm100_interfaces/share/soarm100_interfaces/hook/ld_library_path_lib.ps1'
[90.348s] colcon.colcon_core.shell INFO Creating environment descriptor '/home/sophie/isaac_lab/isaac_ws/rl_code/soarm100sim/ros2/install/soarm100_interfaces/share/soarm100_interfaces/hook/ld_library_path_lib.dsv'
[90.348s] colcon.colcon_core.shell INFO Creating environment hook '/home/sophie/isaac_lab/isaac_ws/rl_code/soarm100sim/ros2/install/soarm100_interfaces/share/soarm100_interfaces/hook/ld_library_path_lib.sh'
[90.349s] colcon.colcon_core.environment Level 1 checking '/home/sophie/isaac_lab/isaac_ws/rl_code/soarm100sim/ros2/install/soarm100_interfaces/bin'
[90.349s] colcon.colcon_core.environment Level 1 checking '/home/sophie/isaac_lab/isaac_ws/rl_code/soarm100sim/ros2/install/soarm100_interfaces/lib/pkgconfig/soarm100_interfaces.pc'
[90.349s] colcon.colcon_core.environment Level 1 checking '/home/sophie/isaac_lab/isaac_ws/rl_code/soarm100sim/ros2/install/soarm100_interfaces/lib/python3.10/site-packages'
[90.350s] colcon.colcon_core.environment Level 1 checking '/home/sophie/isaac_lab/isaac_ws/rl_code/soarm100sim/ros2/install/soarm100_interfaces/bin'
[90.350s] colcon.colcon_core.shell INFO Creating package script '/home/sophie/isaac_lab/isaac_ws/rl_code/soarm100sim/ros2/install/soarm100_interfaces/share/soarm100_interfaces/package.ps1'
[90.351s] colcon.colcon_core.shell INFO Creating package descriptor '/home/sophie/isaac_lab/isaac_ws/rl_code/soarm100sim/ros2/install/soarm100_interfaces/share/soarm100_interfaces/package.dsv'
[90.352s] colcon.colcon_core.shell INFO Creating package script '/home/sophie/isaac_lab/isaac_ws/rl_code/soarm100sim/ros2/install/soarm100_interfaces/share/soarm100_interfaces/package.sh'
[90.353s] colcon.colcon_core.shell INFO Creating package script '/home/sophie/isaac_lab/isaac_ws/rl_code/soarm100sim/ros2/install/soarm100_interfaces/share/soarm100_interfaces/package.bash'
[90.353s] colcon.colcon_core.shell INFO Creating package script '/home/sophie/isaac_lab/isaac_ws/rl_code/soarm100sim/ros2/install/soarm100_interfaces/share/soarm100_interfaces/package.zsh'
[90.354s] colcon.colcon_core.environment Level 1 create_file_with_runtime_dependencies(/home/sophie/isaac_lab/isaac_ws/rl_code/soarm100sim/ros2/install/soarm100_interfaces/share/colcon-core/packages/soarm100_interfaces)
[90.364s] colcon.colcon_parallel_executor.executor.parallel DEBUG closing loop
[90.364s] colcon.colcon_parallel_executor.executor.parallel DEBUG loop closed
[90.364s] colcon.colcon_parallel_executor.executor.parallel DEBUG run_until_complete finished with '2'
[90.364s] colcon.colcon_core.event_reactor DEBUG joining thread
[90.369s] colcon.colcon_core.plugin_system INFO Skipping extension 'colcon_notification.desktop_notification.terminal_notifier': Not used on non-Darwin systems
[90.369s] colcon.colcon_core.plugin_system INFO Skipping extension 'colcon_notification.desktop_notification.win32': Not used on non-Windows systems
[90.369s] colcon.colcon_notification.desktop_notification INFO Sending desktop notification using 'notify2'
[90.369s] colcon.colcon_notification.desktop_notification.notify2 DEBUG Failed to initialize notify2: org.freedesktop.DBus.Error.AccessDenied: Failed to connect to socket /run/user/1000/bus: Operation not permitted
[90.369s] colcon.colcon_core.event_reactor DEBUG joined thread
[90.369s] colcon.colcon_core.shell INFO Creating prefix script '/home/sophie/isaac_lab/isaac_ws/rl_code/soarm100sim/ros2/install/local_setup.ps1'
[90.370s] colcon.colcon_core.shell INFO Creating prefix util module '/home/sophie/isaac_lab/isaac_ws/rl_code/soarm100sim/ros2/install/_local_setup_util_ps1.py'
[90.371s] colcon.colcon_core.shell INFO Creating prefix chain script '/home/sophie/isaac_lab/isaac_ws/rl_code/soarm100sim/ros2/install/setup.ps1'
[90.372s] colcon.colcon_core.shell INFO Creating prefix script '/home/sophie/isaac_lab/isaac_ws/rl_code/soarm100sim/ros2/install/local_setup.sh'
[90.373s] colcon.colcon_core.shell INFO Creating prefix util module '/home/sophie/isaac_lab/isaac_ws/rl_code/soarm100sim/ros2/install/_local_setup_util_sh.py'
[90.373s] colcon.colcon_core.shell INFO Creating prefix chain script '/home/sophie/isaac_lab/isaac_ws/rl_code/soarm100sim/ros2/install/setup.sh'
[90.374s] colcon.colcon_core.shell INFO Creating prefix script '/home/sophie/isaac_lab/isaac_ws/rl_code/soarm100sim/ros2/install/local_setup.bash'
[90.375s] colcon.colcon_core.shell INFO Creating prefix chain script '/home/sophie/isaac_lab/isaac_ws/rl_code/soarm100sim/ros2/install/setup.bash'
[90.375s] colcon.colcon_core.shell INFO Creating prefix script '/home/sophie/isaac_lab/isaac_ws/rl_code/soarm100sim/ros2/install/local_setup.zsh'
[90.376s] colcon.colcon_core.shell INFO Creating prefix chain script '/home/sophie/isaac_lab/isaac_ws/rl_code/soarm100sim/ros2/install/setup.zsh'
