[0.434s] Invoking command in '/home/sophie/isaac_lab/isaac_ws/rl_code/soarm100sim/ros2/build/soarm100_vision': AMENT_PREFIX_PATH=/home/sophie/isaac_lab/isaac_ws/rl_code/soarm100sim/ros2/install/soarm100_interfaces:${AMENT_PREFIX_PATH} CMAKE_PREFIX_PATH=/home/sophie/isaac_lab/isaac_ws/rl_code/soarm100sim/ros2/install/soarm100_interfaces:${CMAKE_PREFIX_PATH} CONDA_PROMPT_MODIFIER=(base) LD_LIBRARY_PATH=/home/sophie/isaac_lab/isaac_ws/rl_code/soarm100sim/ros2/install/soarm100_interfaces/lib:${LD_LIBRARY_PATH} PYTHONPATH=/home/sophie/isaac_lab/isaac_ws/rl_code/soarm100sim/ros2/build/soarm100_vision/prefix_override:/usr/lib/python3/dist-packages/colcon_core/task/python/colcon_distutils_commands:/home/sophie/isaac_lab/isaac_ws/rl_code/soarm100sim/ros2/install/soarm100_vision/lib/python3.10/site-packages:/home/sophie/isaac_lab/isaac_ws/rl_code/soarm100sim/ros2/install/soarm100_interfaces/local/lib/python3.10/dist-packages:${PYTHONPATH} /usr/bin/python3 -W ignore:setup.py install is deprecated -W ignore:easy_install command is deprecated setup.py develop --editable --build-directory /home/sophie/isaac_lab/isaac_ws/rl_code/soarm100sim/ros2/build/soarm100_vision/build --no-deps symlink_data
[0.608s] running develop
[0.730s] running egg_info
[0.730s] writing soarm100_vision.egg-info/PKG-INFO
[0.730s] writing dependency_links to soarm100_vision.egg-info/dependency_links.txt
[0.730s] writing entry points to soarm100_vision.egg-info/entry_points.txt
[0.730s] writing requirements to soarm100_vision.egg-info/requires.txt
[0.730s] writing top-level names to soarm100_vision.egg-info/top_level.txt
[0.731s] reading manifest file 'soarm100_vision.egg-info/SOURCES.txt'
[0.732s] writing manifest file 'soarm100_vision.egg-info/SOURCES.txt'
[0.733s] running build_ext
[0.733s] Creating /home/sophie/isaac_lab/isaac_ws/rl_code/soarm100sim/ros2/install/soarm100_vision/lib/python3.10/site-packages/soarm100-vision.egg-link (link to .)
[0.734s] Installing anygrasp_planner_node script to /home/sophie/isaac_lab/isaac_ws/rl_code/soarm100sim/ros2/install/soarm100_vision/lib/soarm100_vision
[0.734s] Installing debug_viewer_node script to /home/sophie/isaac_lab/isaac_ws/rl_code/soarm100sim/ros2/install/soarm100_vision/lib/soarm100_vision
[0.734s] Installing grasp_orchestrator_node script to /home/sophie/isaac_lab/isaac_ws/rl_code/soarm100sim/ros2/install/soarm100_vision/lib/soarm100_vision
[0.734s] Installing mujoco_camera_publisher_node script to /home/sophie/isaac_lab/isaac_ws/rl_code/soarm100sim/ros2/install/soarm100_vision/lib/soarm100_vision
[0.734s] Installing mujoco_policy_backend_node script to /home/sophie/isaac_lab/isaac_ws/rl_code/soarm100sim/ros2/install/soarm100_vision/lib/soarm100_vision
[0.734s] Installing obstacle_cloud_node script to /home/sophie/isaac_lab/isaac_ws/rl_code/soarm100sim/ros2/install/soarm100_vision/lib/soarm100_vision
[0.734s] Installing sdf_cbf_backend_node script to /home/sophie/isaac_lab/isaac_ws/rl_code/soarm100sim/ros2/install/soarm100_vision/lib/soarm100_vision
[0.734s] Installing send_execute_grasp script to /home/sophie/isaac_lab/isaac_ws/rl_code/soarm100sim/ros2/install/soarm100_vision/lib/soarm100_vision
[0.734s] Installing send_planned_grasp script to /home/sophie/isaac_lab/isaac_ws/rl_code/soarm100sim/ros2/install/soarm100_vision/lib/soarm100_vision
[0.734s] Installing target_segmenter_node script to /home/sophie/isaac_lab/isaac_ws/rl_code/soarm100sim/ros2/install/soarm100_vision/lib/soarm100_vision
[0.734s] Installing wrist_tracker_node script to /home/sophie/isaac_lab/isaac_ws/rl_code/soarm100sim/ros2/install/soarm100_vision/lib/soarm100_vision
[0.734s] 
[0.734s] Installed /home/sophie/isaac_lab/isaac_ws/rl_code/soarm100sim/ros2/build/soarm100_vision
[0.734s] running symlink_data
[30.011s] Invoked command in '/home/sophie/isaac_lab/isaac_ws/rl_code/soarm100sim/ros2/build/soarm100_vision' returned '0': AMENT_PREFIX_PATH=/home/sophie/isaac_lab/isaac_ws/rl_code/soarm100sim/ros2/install/soarm100_interfaces:${AMENT_PREFIX_PATH} CMAKE_PREFIX_PATH=/home/sophie/isaac_lab/isaac_ws/rl_code/soarm100sim/ros2/install/soarm100_interfaces:${CMAKE_PREFIX_PATH} CONDA_PROMPT_MODIFIER=(base) LD_LIBRARY_PATH=/home/sophie/isaac_lab/isaac_ws/rl_code/soarm100sim/ros2/install/soarm100_interfaces/lib:${LD_LIBRARY_PATH} PYTHONPATH=/home/sophie/isaac_lab/isaac_ws/rl_code/soarm100sim/ros2/build/soarm100_vision/prefix_override:/usr/lib/python3/dist-packages/colcon_core/task/python/colcon_distutils_commands:/home/sophie/isaac_lab/isaac_ws/rl_code/soarm100sim/ros2/install/soarm100_vision/lib/python3.10/site-packages:/home/sophie/isaac_lab/isaac_ws/rl_code/soarm100sim/ros2/install/soarm100_interfaces/local/lib/python3.10/dist-packages:${PYTHONPATH} /usr/bin/python3 -W ignore:setup.py install is deprecated -W ignore:easy_install command is deprecated setup.py develop --editable --build-directory /home/sophie/isaac_lab/isaac_ws/rl_code/soarm100sim/ros2/build/soarm100_vision/build --no-deps symlink_data
