Consolidate compiler generated dependencies of target soarm100_interfaces__rosidl_generator_c
[  1%] Built target soarm100_interfaces__rs
[  2%] Built target soarm100_interfaces__cpp
[ 13%] Built target soarm100_interfaces__rosidl_generator_c
[ 13%] Built target ament_cmake_python_symlink_soarm100_interfaces
[ 15%] Generating C++ introspection for ROS interfaces
[ 16%] Generating C++ type support for eProsima Fast-RTPS
[ 18%] Generating C++ type support dispatch for ROS interfaces
[ 19%] Generating C type support dispatch for ROS interfaces
[ 20%] Generating C type support for eProsima Fast-RTPS
[ 22%] Generating C introspection for ROS interfaces
running egg_info
writing soarm100_interfaces.egg-info/PKG-INFO
writing dependency_links to soarm100_interfaces.egg-info/dependency_links.txt
writing top-level names to soarm100_interfaces.egg-info/top_level.txt
reading manifest file 'soarm100_interfaces.egg-info/SOURCES.txt'
writing manifest file 'soarm100_interfaces.egg-info/SOURCES.txt'
[ 22%] Built target ament_cmake_python_build_soarm100_interfaces_egg
Consolidate compiler generated dependencies of target soarm100_interfaces__rosidl_typesupport_c
[ 23%] Building CXX object CMakeFiles/soarm100_interfaces__rosidl_typesupport_c.dir/rosidl_typesupport_c/soarm100_interfaces/srv/set_avoidance__type_support.cpp.o
[ 25%] Building CXX object CMakeFiles/soarm100_interfaces__rosidl_typesupport_c.dir/rosidl_typesupport_c/soarm100_interfaces/msg/tracked_target2_d__type_support.cpp.o
Consolidate compiler generated dependencies of target soarm100_interfaces__rosidl_typesupport_cpp
[ 27%] Building CXX object CMakeFiles/soarm100_interfaces__rosidl_typesupport_c.dir/rosidl_typesupport_c/soarm100_interfaces/action/execute_grasp__type_support.cpp.o
[ 27%] Building CXX object CMakeFiles/soarm100_interfaces__rosidl_typesupport_c.dir/rosidl_typesupport_c/soarm100_interfaces/action/execute_planned_grasp__type_support.cpp.o
[ 29%] Building CXX object CMakeFiles/soarm100_interfaces__rosidl_typesupport_c.dir/rosidl_typesupport_c/soarm100_interfaces/action/plan_grasp__type_support.cpp.o
[ 30%] Building CXX object CMakeFiles/soarm100_interfaces__rosidl_typesupport_c.dir/rosidl_typesupport_c/soarm100_interfaces/srv/segment_target__type_support.cpp.o
[ 31%] Building CXX object CMakeFiles/soarm100_interfaces__rosidl_typesupport_cpp.dir/rosidl_typesupport_cpp/soarm100_interfaces/msg/tracked_target2_d__type_support.cpp.o
[ 33%] Building CXX object CMakeFiles/soarm100_interfaces__rosidl_typesupport_cpp.dir/rosidl_typesupport_cpp/soarm100_interfaces/action/execute_grasp__type_support.cpp.o
[ 34%] Building CXX object CMakeFiles/soarm100_interfaces__rosidl_typesupport_cpp.dir/rosidl_typesupport_cpp/soarm100_interfaces/action/execute_planned_grasp__type_support.cpp.o
[ 37%] Building CXX object CMakeFiles/soarm100_interfaces__rosidl_typesupport_cpp.dir/rosidl_typesupport_cpp/soarm100_interfaces/action/plan_grasp__type_support.cpp.o
[ 37%] Building CXX object CMakeFiles/soarm100_interfaces__rosidl_typesupport_cpp.dir/rosidl_typesupport_cpp/soarm100_interfaces/srv/segment_target__type_support.cpp.o
[ 38%] Building CXX object CMakeFiles/soarm100_interfaces__rosidl_typesupport_cpp.dir/rosidl_typesupport_cpp/soarm100_interfaces/srv/set_avoidance__type_support.cpp.o
[ 40%] Linking CXX shared library libsoarm100_interfaces__rosidl_typesupport_c.so
Consolidate compiler generated dependencies of target soarm100_interfaces__rosidl_typesupport_introspection_cpp
[ 40%] Built target soarm100_interfaces__rosidl_typesupport_c
[ 41%] Building CXX object CMakeFiles/soarm100_interfaces__rosidl_typesupport_introspection_cpp.dir/rosidl_typesupport_introspection_cpp/soarm100_interfaces/action/detail/plan_grasp__type_support.cpp.o
[ 43%] Building CXX object CMakeFiles/soarm100_interfaces__rosidl_typesupport_introspection_cpp.dir/rosidl_typesupport_introspection_cpp/soarm100_interfaces/srv/detail/set_avoidance__type_support.cpp.o
[ 44%] Building CXX object CMakeFiles/soarm100_interfaces__rosidl_typesupport_introspection_cpp.dir/rosidl_typesupport_introspection_cpp/soarm100_interfaces/msg/detail/tracked_target2_d__type_support.cpp.o
[ 47%] Building CXX object CMakeFiles/soarm100_interfaces__rosidl_typesupport_introspection_cpp.dir/rosidl_typesupport_introspection_cpp/soarm100_interfaces/action/detail/execute_grasp__type_support.cpp.o
[ 47%] Building CXX object CMakeFiles/soarm100_interfaces__rosidl_typesupport_introspection_cpp.dir/rosidl_typesupport_introspection_cpp/soarm100_interfaces/action/detail/execute_planned_grasp__type_support.cpp.o
[ 48%] Building CXX object CMakeFiles/soarm100_interfaces__rosidl_typesupport_introspection_cpp.dir/rosidl_typesupport_introspection_cpp/soarm100_interfaces/srv/detail/segment_target__type_support.cpp.o
Consolidate compiler generated dependencies of target soarm100_interfaces__rosidl_typesupport_introspection_c
[ 50%] Building C object CMakeFiles/soarm100_interfaces__rosidl_typesupport_introspection_c.dir/rosidl_typesupport_introspection_c/soarm100_interfaces/msg/detail/tracked_target2_d__type_support.c.o
[ 54%] Building C object CMakeFiles/soarm100_interfaces__rosidl_typesupport_introspection_c.dir/rosidl_typesupport_introspection_c/soarm100_interfaces/action/detail/execute_planned_grasp__type_support.c.o
[ 54%] Building C object CMakeFiles/soarm100_interfaces__rosidl_typesupport_introspection_c.dir/rosidl_typesupport_introspection_c/soarm100_interfaces/action/detail/plan_grasp__type_support.c.o
[ 54%] Building C object CMakeFiles/soarm100_interfaces__rosidl_typesupport_introspection_c.dir/rosidl_typesupport_introspection_c/soarm100_interfaces/action/detail/execute_grasp__type_support.c.o
[ 55%] Building C object CMakeFiles/soarm100_interfaces__rosidl_typesupport_introspection_c.dir/rosidl_typesupport_introspection_c/soarm100_interfaces/srv/detail/segment_target__type_support.c.o
[ 56%] Building C object CMakeFiles/soarm100_interfaces__rosidl_typesupport_introspection_c.dir/rosidl_typesupport_introspection_c/soarm100_interfaces/srv/detail/set_avoidance__type_support.c.o
Consolidate compiler generated dependencies of target soarm100_interfaces__rosidl_typesupport_fastrtps_c
[ 58%] Linking C shared library libsoarm100_interfaces__rosidl_typesupport_introspection_c.so
[ 59%] Building CXX object CMakeFiles/soarm100_interfaces__rosidl_typesupport_fastrtps_c.dir/rosidl_typesupport_fastrtps_c/soarm100_interfaces/msg/detail/tracked_target2_d__type_support_c.cpp.o
[ 61%] Building CXX object CMakeFiles/soarm100_interfaces__rosidl_typesupport_fastrtps_c.dir/rosidl_typesupport_fastrtps_c/soarm100_interfaces/action/detail/execute_grasp__type_support_c.cpp.o
[ 62%] Building CXX object CMakeFiles/soarm100_interfaces__rosidl_typesupport_fastrtps_c.dir/rosidl_typesupport_fastrtps_c/soarm100_interfaces/action/detail/execute_planned_grasp__type_support_c.cpp.o
[ 63%] Building CXX object CMakeFiles/soarm100_interfaces__rosidl_typesupport_fastrtps_c.dir/rosidl_typesupport_fastrtps_c/soarm100_interfaces/action/detail/plan_grasp__type_support_c.cpp.o
[ 65%] Building CXX object CMakeFiles/soarm100_interfaces__rosidl_typesupport_fastrtps_c.dir/rosidl_typesupport_fastrtps_c/soarm100_interfaces/srv/detail/set_avoidance__type_support_c.cpp.o
[ 66%] Building CXX object CMakeFiles/soarm100_interfaces__rosidl_typesupport_fastrtps_c.dir/rosidl_typesupport_fastrtps_c/soarm100_interfaces/srv/detail/segment_target__type_support_c.cpp.o
Consolidate compiler generated dependencies of target soarm100_interfaces__rosidl_typesupport_fastrtps_cpp
[ 68%] Building CXX object CMakeFiles/soarm100_interfaces__rosidl_typesupport_fastrtps_cpp.dir/rosidl_typesupport_fastrtps_cpp/soarm100_interfaces/action/detail/dds_fastrtps/execute_planned_grasp__type_support.cpp.o
[ 69%] Building CXX object CMakeFiles/soarm100_interfaces__rosidl_typesupport_fastrtps_cpp.dir/rosidl_typesupport_fastrtps_cpp/soarm100_interfaces/msg/detail/dds_fastrtps/tracked_target2_d__type_support.cpp.o
[ 70%] Building CXX object CMakeFiles/soarm100_interfaces__rosidl_typesupport_fastrtps_cpp.dir/rosidl_typesupport_fastrtps_cpp/soarm100_interfaces/action/detail/dds_fastrtps/execute_grasp__type_support.cpp.o
[ 72%] Building CXX object CMakeFiles/soarm100_interfaces__rosidl_typesupport_fastrtps_cpp.dir/rosidl_typesupport_fastrtps_cpp/soarm100_interfaces/action/detail/dds_fastrtps/plan_grasp__type_support.cpp.o
[ 73%] Building CXX object CMakeFiles/soarm100_interfaces__rosidl_typesupport_fastrtps_cpp.dir/rosidl_typesupport_fastrtps_cpp/soarm100_interfaces/srv/detail/dds_fastrtps/set_avoidance__type_support.cpp.o
[ 75%] Building CXX object CMakeFiles/soarm100_interfaces__rosidl_typesupport_fastrtps_cpp.dir/rosidl_typesupport_fastrtps_cpp/soarm100_interfaces/srv/detail/dds_fastrtps/segment_target__type_support.cpp.o
[ 75%] Built target soarm100_interfaces__rosidl_typesupport_introspection_c
[ 76%] Linking CXX shared library libsoarm100_interfaces__rosidl_typesupport_cpp.so
[ 76%] Built target soarm100_interfaces__rosidl_typesupport_cpp
[ 77%] Linking CXX shared library libsoarm100_interfaces__rosidl_typesupport_fastrtps_cpp.so
[ 79%] Linking CXX shared library libsoarm100_interfaces__rosidl_typesupport_fastrtps_c.so
[ 79%] Built target soarm100_interfaces__rosidl_typesupport_fastrtps_cpp
[ 80%] Linking CXX shared library libsoarm100_interfaces__rosidl_typesupport_introspection_cpp.so
[ 80%] Built target soarm100_interfaces__rosidl_typesupport_fastrtps_c
[ 80%] Built target soarm100_interfaces__rosidl_typesupport_introspection_cpp
[ 80%] Built target soarm100_interfaces
[ 81%] Generating Python code for ROS interfaces
[ 81%] Built target soarm100_interfaces__py
Consolidate compiler generated dependencies of target soarm100_interfaces__rosidl_generator_py
[ 83%] Building C object CMakeFiles/soarm100_interfaces__rosidl_generator_py.dir/rosidl_generator_py/soarm100_interfaces/msg/_tracked_target2_d_s.c.o
[ 84%] Building C object CMakeFiles/soarm100_interfaces__rosidl_generator_py.dir/rosidl_generator_py/soarm100_interfaces/action/_plan_grasp_s.c.o
[ 87%] Building C object CMakeFiles/soarm100_interfaces__rosidl_generator_py.dir/rosidl_generator_py/soarm100_interfaces/action/_execute_planned_grasp_s.c.o
[ 86%] Building C object CMakeFiles/soarm100_interfaces__rosidl_generator_py.dir/rosidl_generator_py/soarm100_interfaces/action/_execute_grasp_s.c.o
[ 88%] Building C object CMakeFiles/soarm100_interfaces__rosidl_generator_py.dir/rosidl_generator_py/soarm100_interfaces/srv/_segment_target_s.c.o
[ 90%] Building C object CMakeFiles/soarm100_interfaces__rosidl_generator_py.dir/rosidl_generator_py/soarm100_interfaces/srv/_set_avoidance_s.c.o
[ 91%] Linking C shared library rosidl_generator_py/soarm100_interfaces/libsoarm100_interfaces__rosidl_generator_py.so
[ 91%] Built target soarm100_interfaces__rosidl_generator_py
Consolidate compiler generated dependencies of target soarm100_interfaces__rosidl_typesupport_c__pyext
Consolidate compiler generated dependencies of target soarm100_interfaces__rosidl_typesupport_fastrtps_c__pyext
Consolidate compiler generated dependencies of target soarm100_interfaces__rosidl_typesupport_introspection_c__pyext
[ 93%] Building C object CMakeFiles/soarm100_interfaces__rosidl_typesupport_c__pyext.dir/rosidl_generator_py/soarm100_interfaces/_soarm100_interfaces_s.ep.rosidl_typesupport_c.c.o
[ 94%] Building C object CMakeFiles/soarm100_interfaces__rosidl_typesupport_fastrtps_c__pyext.dir/rosidl_generator_py/soarm100_interfaces/_soarm100_interfaces_s.ep.rosidl_typesupport_fastrtps_c.c.o
[ 95%] Building C object CMakeFiles/soarm100_interfaces__rosidl_typesupport_introspection_c__pyext.dir/rosidl_generator_py/soarm100_interfaces/_soarm100_interfaces_s.ep.rosidl_typesupport_introspection_c.c.o
[ 97%] Linking C shared library rosidl_generator_py/soarm100_interfaces/soarm100_interfaces_s__rosidl_typesupport_c.cpython-310-x86_64-linux-gnu.so
[ 98%] Linking C shared library rosidl_generator_py/soarm100_interfaces/soarm100_interfaces_s__rosidl_typesupport_fastrtps_c.cpython-310-x86_64-linux-gnu.so
[100%] Linking C shared library rosidl_generator_py/soarm100_interfaces/soarm100_interfaces_s__rosidl_typesupport_introspection_c.cpython-310-x86_64-linux-gnu.so
[100%] Built target soarm100_interfaces__rosidl_typesupport_c__pyext
[100%] Built target soarm100_interfaces__rosidl_typesupport_fastrtps_c__pyext
[100%] Built target soarm100_interfaces__rosidl_typesupport_introspection_c__pyext
-- Install configuration: ""
-- Execute custom install script
-- Symlinking: /home/sophie/isaac_lab/isaac_ws/rl_code/soarm100sim/ros2/install/soarm100_interfaces/share/ament_index/resource_index/rosidl_interfaces/soarm100_interfaces
-- Symlinking: /home/sophie/isaac_lab/isaac_ws/rl_code/soarm100sim/ros2/install/soarm100_interfaces/include/soarm100_interfaces/soarm100_interfaces/action/detail/execute_grasp__functions.h
-- Symlinking: /home/sophie/isaac_lab/isaac_ws/rl_code/soarm100sim/ros2/install/soarm100_interfaces/include/soarm100_interfaces/soarm100_interfaces/action/detail/execute_grasp__struct.h
-- Symlinking: /home/sophie/isaac_lab/isaac_ws/rl_code/soarm100sim/ros2/install/soarm100_interfaces/include/soarm100_interfaces/soarm100_interfaces/action/detail/execute_grasp__type_support.h
-- Symlinking: /home/sophie/isaac_lab/isaac_ws/rl_code/soarm100sim/ros2/install/soarm100_interfaces/include/soarm100_interfaces/soarm100_interfaces/action/detail/execute_planned_grasp__functions.h
-- Symlinking: /home/sophie/isaac_lab/isaac_ws/rl_code/soarm100sim/ros2/install/soarm100_interfaces/include/soarm100_interfaces/soarm100_interfaces/action/detail/execute_planned_grasp__struct.h
-- Symlinking: /home/sophie/isaac_lab/isaac_ws/rl_code/soarm100sim/ros2/install/soarm100_interfaces/include/soarm100_interfaces/soarm100_interfaces/action/detail/execute_planned_grasp__type_support.h
-- Symlinking: /home/sophie/isaac_lab/isaac_ws/rl_code/soarm100sim/ros2/install/soarm100_interfaces/include/soarm100_interfaces/soarm100_interfaces/action/detail/plan_grasp__functions.h
-- Symlinking: /home/sophie/isaac_lab/isaac_ws/rl_code/soarm100sim/ros2/install/soarm100_interfaces/include/soarm100_interfaces/soarm100_interfaces/action/detail/plan_grasp__struct.h
-- Symlinking: /home/sophie/isaac_lab/isaac_ws/rl_code/soarm100sim/ros2/install/soarm100_interfaces/include/soarm100_interfaces/soarm100_interfaces/action/detail/plan_grasp__type_support.h
-- Symlinking: /home/sophie/isaac_lab/isaac_ws/rl_code/soarm100sim/ros2/install/soarm100_interfaces/include/soarm100_interfaces/soarm100_interfaces/action/execute_grasp.h
-- Symlinking: /home/sophie/isaac_lab/isaac_ws/rl_code/soarm100sim/ros2/install/soarm100_interfaces/include/soarm100_interfaces/soarm100_interfaces/action/execute_planned_grasp.h
-- Symlinking: /home/sophie/isaac_lab/isaac_ws/rl_code/soarm100sim/ros2/install/soarm100_interfaces/include/soarm100_interfaces/soarm100_interfaces/action/plan_grasp.h
-- Symlinking: /home/sophie/isaac_lab/isaac_ws/rl_code/soarm100sim/ros2/install/soarm100_interfaces/include/soarm100_interfaces/soarm100_interfaces/msg/detail/tracked_target2_d__functions.h
-- Symlinking: /home/sophie/isaac_lab/isaac_ws/rl_code/soarm100sim/ros2/install/soarm100_interfaces/include/soarm100_interfaces/soarm100_interfaces/msg/detail/tracked_target2_d__struct.h
-- Symlinking: /home/sophie/isaac_lab/isaac_ws/rl_code/soarm100sim/ros2/install/soarm100_interfaces/include/soarm100_interfaces/soarm100_interfaces/msg/detail/tracked_target2_d__type_support.h
-- Symlinking: /home/sophie/isaac_lab/isaac_ws/rl_code/soarm100sim/ros2/install/soarm100_interfaces/include/soarm100_interfaces/soarm100_interfaces/msg/rosidl_generator_c__visibility_control.h
-- Symlinking: /home/sophie/isaac_lab/isaac_ws/rl_code/soarm100sim/ros2/install/soarm100_interfaces/include/soarm100_interfaces/soarm100_interfaces/msg/tracked_target2_d.h
-- Symlinking: /home/sophie/isaac_lab/isaac_ws/rl_code/soarm100sim/ros2/install/soarm100_interfaces/include/soarm100_interfaces/soarm100_interfaces/srv/detail/segment_target__functions.h
-- Symlinking: /home/sophie/isaac_lab/isaac_ws/rl_code/soarm100sim/ros2/install/soarm100_interfaces/include/soarm100_interfaces/soarm100_interfaces/srv/detail/segment_target__struct.h
-- Symlinking: /home/sophie/isaac_lab/isaac_ws/rl_code/soarm100sim/ros2/install/soarm100_interfaces/include/soarm100_interfaces/soarm100_interfaces/srv/detail/segment_target__type_support.h
-- Symlinking: /home/sophie/isaac_lab/isaac_ws/rl_code/soarm100sim/ros2/install/soarm100_interfaces/include/soarm100_interfaces/soarm100_interfaces/srv/detail/set_avoidance__functions.h
-- Symlinking: /home/sophie/isaac_lab/isaac_ws/rl_code/soarm100sim/ros2/install/soarm100_interfaces/include/soarm100_interfaces/soarm100_interfaces/srv/detail/set_avoidance__struct.h
-- Symlinking: /home/sophie/isaac_lab/isaac_ws/rl_code/soarm100sim/ros2/install/soarm100_interfaces/include/soarm100_interfaces/soarm100_interfaces/srv/detail/set_avoidance__type_support.h
-- Symlinking: /home/sophie/isaac_lab/isaac_ws/rl_code/soarm100sim/ros2/install/soarm100_interfaces/include/soarm100_interfaces/soarm100_interfaces/srv/segment_target.h
-- Symlinking: /home/sophie/isaac_lab/isaac_ws/rl_code/soarm100sim/ros2/install/soarm100_interfaces/include/soarm100_interfaces/soarm100_interfaces/srv/set_avoidance.h
-- Symlinking: /home/sophie/isaac_lab/isaac_ws/rl_code/soarm100sim/ros2/install/soarm100_interfaces/share/soarm100_interfaces/environment/library_path.sh
-- Symlinking: /home/sophie/isaac_lab/isaac_ws/rl_code/soarm100sim/ros2/install/soarm100_interfaces/share/soarm100_interfaces/environment/library_path.dsv
-- Symlinking: /home/sophie/isaac_lab/isaac_ws/rl_code/soarm100sim/ros2/install/soarm100_interfaces/include/soarm100_interfaces/soarm100_interfaces/action/detail/execute_grasp__rosidl_typesupport_fastrtps_c.h
-- Symlinking: /home/sophie/isaac_lab/isaac_ws/rl_code/soarm100sim/ros2/install/soarm100_interfaces/include/soarm100_interfaces/soarm100_interfaces/action/detail/execute_planned_grasp__rosidl_typesupport_fastrtps_c.h
-- Symlinking: /home/sophie/isaac_lab/isaac_ws/rl_code/soarm100sim/ros2/install/soarm100_interfaces/include/soarm100_interfaces/soarm100_interfaces/action/detail/plan_grasp__rosidl_typesupport_fastrtps_c.h
-- Symlinking: /home/sophie/isaac_lab/isaac_ws/rl_code/soarm100sim/ros2/install/soarm100_interfaces/include/soarm100_interfaces/soarm100_interfaces/msg/detail/tracked_target2_d__rosidl_typesupport_fastrtps_c.h
-- Symlinking: /home/sophie/isaac_lab/isaac_ws/rl_code/soarm100sim/ros2/install/soarm100_interfaces/include/soarm100_interfaces/soarm100_interfaces/msg/rosidl_typesupport_fastrtps_c__visibility_control.h
-- Symlinking: /home/sophie/isaac_lab/isaac_ws/rl_code/soarm100sim/ros2/install/soarm100_interfaces/include/soarm100_interfaces/soarm100_interfaces/srv/detail/segment_target__rosidl_typesupport_fastrtps_c.h
-- Symlinking: /home/sophie/isaac_lab/isaac_ws/rl_code/soarm100sim/ros2/install/soarm100_interfaces/include/soarm100_interfaces/soarm100_interfaces/srv/detail/set_avoidance__rosidl_typesupport_fastrtps_c.h
-- Symlinking: /home/sophie/isaac_lab/isaac_ws/rl_code/soarm100sim/ros2/install/soarm100_interfaces/include/soarm100_interfaces/soarm100_interfaces/action/detail/execute_grasp__rosidl_typesupport_introspection_c.h
-- Symlinking: /home/sophie/isaac_lab/isaac_ws/rl_code/soarm100sim/ros2/install/soarm100_interfaces/include/soarm100_interfaces/soarm100_interfaces/action/detail/execute_planned_grasp__rosidl_typesupport_introspection_c.h
-- Symlinking: /home/sophie/isaac_lab/isaac_ws/rl_code/soarm100sim/ros2/install/soarm100_interfaces/include/soarm100_interfaces/soarm100_interfaces/action/detail/plan_grasp__rosidl_typesupport_introspection_c.h
-- Symlinking: /home/sophie/isaac_lab/isaac_ws/rl_code/soarm100sim/ros2/install/soarm100_interfaces/include/soarm100_interfaces/soarm100_interfaces/msg/detail/tracked_target2_d__rosidl_typesupport_introspection_c.h
-- Symlinking: /home/sophie/isaac_lab/isaac_ws/rl_code/soarm100sim/ros2/install/soarm100_interfaces/include/soarm100_interfaces/soarm100_interfaces/msg/rosidl_typesupport_introspection_c__visibility_control.h
-- Symlinking: /home/sophie/isaac_lab/isaac_ws/rl_code/soarm100sim/ros2/install/soarm100_interfaces/include/soarm100_interfaces/soarm100_interfaces/srv/detail/segment_target__rosidl_typesupport_introspection_c.h
-- Symlinking: /home/sophie/isaac_lab/isaac_ws/rl_code/soarm100sim/ros2/install/soarm100_interfaces/include/soarm100_interfaces/soarm100_interfaces/srv/detail/set_avoidance__rosidl_typesupport_introspection_c.h
-- Symlinking: /home/sophie/isaac_lab/isaac_ws/rl_code/soarm100sim/ros2/install/soarm100_interfaces/include/soarm100_interfaces/soarm100_interfaces/action/detail/execute_grasp__builder.hpp
-- Symlinking: /home/sophie/isaac_lab/isaac_ws/rl_code/soarm100sim/ros2/install/soarm100_interfaces/include/soarm100_interfaces/soarm100_interfaces/action/detail/execute_grasp__struct.hpp
-- Symlinking: /home/sophie/isaac_lab/isaac_ws/rl_code/soarm100sim/ros2/install/soarm100_interfaces/include/soarm100_interfaces/soarm100_interfaces/action/detail/execute_grasp__traits.hpp
-- Symlinking: /home/sophie/isaac_lab/isaac_ws/rl_code/soarm100sim/ros2/install/soarm100_interfaces/include/soarm100_interfaces/soarm100_interfaces/action/detail/execute_grasp__type_support.hpp
-- Symlinking: /home/sophie/isaac_lab/isaac_ws/rl_code/soarm100sim/ros2/install/soarm100_interfaces/include/soarm100_interfaces/soarm100_interfaces/action/detail/execute_planned_grasp__builder.hpp
-- Symlinking: /home/sophie/isaac_lab/isaac_ws/rl_code/soarm100sim/ros2/install/soarm100_interfaces/include/soarm100_interfaces/soarm100_interfaces/action/detail/execute_planned_grasp__struct.hpp
-- Symlinking: /home/sophie/isaac_lab/isaac_ws/rl_code/soarm100sim/ros2/install/soarm100_interfaces/include/soarm100_interfaces/soarm100_interfaces/action/detail/execute_planned_grasp__traits.hpp
-- Symlinking: /home/sophie/isaac_lab/isaac_ws/rl_code/soarm100sim/ros2/install/soarm100_interfaces/include/soarm100_interfaces/soarm100_interfaces/action/detail/execute_planned_grasp__type_support.hpp
-- Symlinking: /home/sophie/isaac_lab/isaac_ws/rl_code/soarm100sim/ros2/install/soarm100_interfaces/include/soarm100_interfaces/soarm100_interfaces/action/detail/plan_grasp__builder.hpp
-- Symlinking: /home/sophie/isaac_lab/isaac_ws/rl_code/soarm100sim/ros2/install/soarm100_interfaces/include/soarm100_interfaces/soarm100_interfaces/action/detail/plan_grasp__struct.hpp
-- Symlinking: /home/sophie/isaac_lab/isaac_ws/rl_code/soarm100sim/ros2/install/soarm100_interfaces/include/soarm100_interfaces/soarm100_interfaces/action/detail/plan_grasp__traits.hpp
-- Symlinking: /home/sophie/isaac_lab/isaac_ws/rl_code/soarm100sim/ros2/install/soarm100_interfaces/include/soarm100_interfaces/soarm100_interfaces/action/detail/plan_grasp__type_support.hpp
-- Symlinking: /home/sophie/isaac_lab/isaac_ws/rl_code/soarm100sim/ros2/install/soarm100_interfaces/include/soarm100_interfaces/soarm100_interfaces/action/execute_grasp.hpp
-- Symlinking: /home/sophie/isaac_lab/isaac_ws/rl_code/soarm100sim/ros2/install/soarm100_interfaces/include/soarm100_interfaces/soarm100_interfaces/action/execute_planned_grasp.hpp
-- Symlinking: /home/sophie/isaac_lab/isaac_ws/rl_code/soarm100sim/ros2/install/soarm100_interfaces/include/soarm100_interfaces/soarm100_interfaces/action/plan_grasp.hpp
-- Symlinking: /home/sophie/isaac_lab/isaac_ws/rl_code/soarm100sim/ros2/install/soarm100_interfaces/include/soarm100_interfaces/soarm100_interfaces/msg/detail/tracked_target2_d__builder.hpp
-- Symlinking: /home/sophie/isaac_lab/isaac_ws/rl_code/soarm100sim/ros2/install/soarm100_interfaces/include/soarm100_interfaces/soarm100_interfaces/msg/detail/tracked_target2_d__struct.hpp
-- Symlinking: /home/sophie/isaac_lab/isaac_ws/rl_code/soarm100sim/ros2/install/soarm100_interfaces/include/soarm100_interfaces/soarm100_interfaces/msg/detail/tracked_target2_d__traits.hpp
-- Symlinking: /home/sophie/isaac_lab/isaac_ws/rl_code/soarm100sim/ros2/install/soarm100_interfaces/include/soarm100_interfaces/soarm100_interfaces/msg/detail/tracked_target2_d__type_support.hpp
-- Symlinking: /home/sophie/isaac_lab/isaac_ws/rl_code/soarm100sim/ros2/install/soarm100_interfaces/include/soarm100_interfaces/soarm100_interfaces/msg/rosidl_generator_cpp__visibility_control.hpp
-- Symlinking: /home/sophie/isaac_lab/isaac_ws/rl_code/soarm100sim/ros2/install/soarm100_interfaces/include/soarm100_interfaces/soarm100_interfaces/msg/tracked_target2_d.hpp
-- Symlinking: /home/sophie/isaac_lab/isaac_ws/rl_code/soarm100sim/ros2/install/soarm100_interfaces/include/soarm100_interfaces/soarm100_interfaces/srv/detail/segment_target__builder.hpp
-- Symlinking: /home/sophie/isaac_lab/isaac_ws/rl_code/soarm100sim/ros2/install/soarm100_interfaces/include/soarm100_interfaces/soarm100_interfaces/srv/detail/segment_target__struct.hpp
-- Symlinking: /home/sophie/isaac_lab/isaac_ws/rl_code/soarm100sim/ros2/install/soarm100_interfaces/include/soarm100_interfaces/soarm100_interfaces/srv/detail/segment_target__traits.hpp
-- Symlinking: /home/sophie/isaac_lab/isaac_ws/rl_code/soarm100sim/ros2/install/soarm100_interfaces/include/soarm100_interfaces/soarm100_interfaces/srv/detail/segment_target__type_support.hpp
-- Symlinking: /home/sophie/isaac_lab/isaac_ws/rl_code/soarm100sim/ros2/install/soarm100_interfaces/include/soarm100_interfaces/soarm100_interfaces/srv/detail/set_avoidance__builder.hpp
-- Symlinking: /home/sophie/isaac_lab/isaac_ws/rl_code/soarm100sim/ros2/install/soarm100_interfaces/include/soarm100_interfaces/soarm100_interfaces/srv/detail/set_avoidance__struct.hpp
-- Symlinking: /home/sophie/isaac_lab/isaac_ws/rl_code/soarm100sim/ros2/install/soarm100_interfaces/include/soarm100_interfaces/soarm100_interfaces/srv/detail/set_avoidance__traits.hpp
-- Symlinking: /home/sophie/isaac_lab/isaac_ws/rl_code/soarm100sim/ros2/install/soarm100_interfaces/include/soarm100_interfaces/soarm100_interfaces/srv/detail/set_avoidance__type_support.hpp
-- Symlinking: /home/sophie/isaac_lab/isaac_ws/rl_code/soarm100sim/ros2/install/soarm100_interfaces/include/soarm100_interfaces/soarm100_interfaces/srv/segment_target.hpp
-- Symlinking: /home/sophie/isaac_lab/isaac_ws/rl_code/soarm100sim/ros2/install/soarm100_interfaces/include/soarm100_interfaces/soarm100_interfaces/srv/set_avoidance.hpp
-- Symlinking: /home/sophie/isaac_lab/isaac_ws/rl_code/soarm100sim/ros2/install/soarm100_interfaces/include/soarm100_interfaces/soarm100_interfaces/action/detail/execute_grasp__rosidl_typesupport_fastrtps_cpp.hpp
-- Symlinking: /home/sophie/isaac_lab/isaac_ws/rl_code/soarm100sim/ros2/install/soarm100_interfaces/include/soarm100_interfaces/soarm100_interfaces/action/detail/execute_planned_grasp__rosidl_typesupport_fastrtps_cpp.hpp
-- Symlinking: /home/sophie/isaac_lab/isaac_ws/rl_code/soarm100sim/ros2/install/soarm100_interfaces/include/soarm100_interfaces/soarm100_interfaces/action/detail/plan_grasp__rosidl_typesupport_fastrtps_cpp.hpp
-- Symlinking: /home/sophie/isaac_lab/isaac_ws/rl_code/soarm100sim/ros2/install/soarm100_interfaces/include/soarm100_interfaces/soarm100_interfaces/msg/detail/tracked_target2_d__rosidl_typesupport_fastrtps_cpp.hpp
-- Symlinking: /home/sophie/isaac_lab/isaac_ws/rl_code/soarm100sim/ros2/install/soarm100_interfaces/include/soarm100_interfaces/soarm100_interfaces/msg/rosidl_typesupport_fastrtps_cpp__visibility_control.h
-- Symlinking: /home/sophie/isaac_lab/isaac_ws/rl_code/soarm100sim/ros2/install/soarm100_interfaces/include/soarm100_interfaces/soarm100_interfaces/srv/detail/segment_target__rosidl_typesupport_fastrtps_cpp.hpp
-- Symlinking: /home/sophie/isaac_lab/isaac_ws/rl_code/soarm100sim/ros2/install/soarm100_interfaces/include/soarm100_interfaces/soarm100_interfaces/srv/detail/set_avoidance__rosidl_typesupport_fastrtps_cpp.hpp
-- Symlinking: /home/sophie/isaac_lab/isaac_ws/rl_code/soarm100sim/ros2/install/soarm100_interfaces/include/soarm100_interfaces/soarm100_interfaces/action/detail/execute_grasp__rosidl_typesupport_introspection_cpp.hpp
-- Symlinking: /home/sophie/isaac_lab/isaac_ws/rl_code/soarm100sim/ros2/install/soarm100_interfaces/include/soarm100_interfaces/soarm100_interfaces/action/detail/execute_planned_grasp__rosidl_typesupport_introspection_cpp.hpp
-- Symlinking: /home/sophie/isaac_lab/isaac_ws/rl_code/soarm100sim/ros2/install/soarm100_interfaces/include/soarm100_interfaces/soarm100_interfaces/action/detail/plan_grasp__rosidl_typesupport_introspection_cpp.hpp
-- Symlinking: /home/sophie/isaac_lab/isaac_ws/rl_code/soarm100sim/ros2/install/soarm100_interfaces/include/soarm100_interfaces/soarm100_interfaces/msg/detail/tracked_target2_d__rosidl_typesupport_introspection_cpp.hpp
-- Symlinking: /home/sophie/isaac_lab/isaac_ws/rl_code/soarm100sim/ros2/install/soarm100_interfaces/include/soarm100_interfaces/soarm100_interfaces/srv/detail/segment_target__rosidl_typesupport_introspection_cpp.hpp
-- Symlinking: /home/sophie/isaac_lab/isaac_ws/rl_code/soarm100sim/ros2/install/soarm100_interfaces/include/soarm100_interfaces/soarm100_interfaces/srv/detail/set_avoidance__rosidl_typesupport_introspection_cpp.hpp
-- Symlinking: /home/sophie/isaac_lab/isaac_ws/rl_code/soarm100sim/ros2/install/soarm100_interfaces/share/soarm100_interfaces/environment/pythonpath.sh
-- Symlinking: /home/sophie/isaac_lab/isaac_ws/rl_code/soarm100sim/ros2/install/soarm100_interfaces/share/soarm100_interfaces/environment/pythonpath.dsv
-- Symlinking: /home/sophie/isaac_lab/isaac_ws/rl_code/soarm100sim/ros2/install/soarm100_interfaces/local/lib/python3.10/dist-packages/soarm100_interfaces-0.1.0-py3.10.egg-info/PKG-INFO
-- Symlinking: /home/sophie/isaac_lab/isaac_ws/rl_code/soarm100sim/ros2/install/soarm100_interfaces/local/lib/python3.10/dist-packages/soarm100_interfaces-0.1.0-py3.10.egg-info/SOURCES.txt
-- Symlinking: /home/sophie/isaac_lab/isaac_ws/rl_code/soarm100sim/ros2/install/soarm100_interfaces/local/lib/python3.10/dist-packages/soarm100_interfaces-0.1.0-py3.10.egg-info/dependency_links.txt
-- Symlinking: /home/sophie/isaac_lab/isaac_ws/rl_code/soarm100sim/ros2/install/soarm100_interfaces/local/lib/python3.10/dist-packages/soarm100_interfaces-0.1.0-py3.10.egg-info/top_level.txt
-- Symlinking: /home/sophie/isaac_lab/isaac_ws/rl_code/soarm100sim/ros2/install/soarm100_interfaces/local/lib/python3.10/dist-packages/soarm100_interfaces/__init__.py
-- Symlinking: /home/sophie/isaac_lab/isaac_ws/rl_code/soarm100sim/ros2/install/soarm100_interfaces/local/lib/python3.10/dist-packages/soarm100_interfaces/_soarm100_interfaces_s.ep.rosidl_typesupport_c.c
-- Symlinking: /home/sophie/isaac_lab/isaac_ws/rl_code/soarm100sim/ros2/install/soarm100_interfaces/local/lib/python3.10/dist-packages/soarm100_interfaces/_soarm100_interfaces_s.ep.rosidl_typesupport_fastrtps_c.c
-- Symlinking: /home/sophie/isaac_lab/isaac_ws/rl_code/soarm100sim/ros2/install/soarm100_interfaces/local/lib/python3.10/dist-packages/soarm100_interfaces/_soarm100_interfaces_s.ep.rosidl_typesupport_introspection_c.c
-- Symlinking: /home/sophie/isaac_lab/isaac_ws/rl_code/soarm100sim/ros2/install/soarm100_interfaces/local/lib/python3.10/dist-packages/soarm100_interfaces/action/__init__.py
-- Symlinking: /home/sophie/isaac_lab/isaac_ws/rl_code/soarm100sim/ros2/install/soarm100_interfaces/local/lib/python3.10/dist-packages/soarm100_interfaces/action/_execute_grasp.py
-- Symlinking: /home/sophie/isaac_lab/isaac_ws/rl_code/soarm100sim/ros2/install/soarm100_interfaces/local/lib/python3.10/dist-packages/soarm100_interfaces/action/_execute_grasp_s.c
-- Symlinking: /home/sophie/isaac_lab/isaac_ws/rl_code/soarm100sim/ros2/install/soarm100_interfaces/local/lib/python3.10/dist-packages/soarm100_interfaces/action/_execute_planned_grasp.py
-- Symlinking: /home/sophie/isaac_lab/isaac_ws/rl_code/soarm100sim/ros2/install/soarm100_interfaces/local/lib/python3.10/dist-packages/soarm100_interfaces/action/_execute_planned_grasp_s.c
-- Symlinking: /home/sophie/isaac_lab/isaac_ws/rl_code/soarm100sim/ros2/install/soarm100_interfaces/local/lib/python3.10/dist-packages/soarm100_interfaces/action/_plan_grasp.py
-- Symlinking: /home/sophie/isaac_lab/isaac_ws/rl_code/soarm100sim/ros2/install/soarm100_interfaces/local/lib/python3.10/dist-packages/soarm100_interfaces/action/_plan_grasp_s.c
-- Symlinking: /home/sophie/isaac_lab/isaac_ws/rl_code/soarm100sim/ros2/install/soarm100_interfaces/local/lib/python3.10/dist-packages/soarm100_interfaces/libsoarm100_interfaces__rosidl_generator_py.so
-- Symlinking: /home/sophie/isaac_lab/isaac_ws/rl_code/soarm100sim/ros2/install/soarm100_interfaces/local/lib/python3.10/dist-packages/soarm100_interfaces/msg/__init__.py
-- Symlinking: /home/sophie/isaac_lab/isaac_ws/rl_code/soarm100sim/ros2/install/soarm100_interfaces/local/lib/python3.10/dist-packages/soarm100_interfaces/msg/_tracked_target2_d.py
-- Symlinking: /home/sophie/isaac_lab/isaac_ws/rl_code/soarm100sim/ros2/install/soarm100_interfaces/local/lib/python3.10/dist-packages/soarm100_interfaces/msg/_tracked_target2_d_s.c
-- Symlinking: /home/sophie/isaac_lab/isaac_ws/rl_code/soarm100sim/ros2/install/soarm100_interfaces/local/lib/python3.10/dist-packages/soarm100_interfaces/soarm100_interfaces_s__rosidl_typesupport_c.cpython-310-x86_64-linux-gnu.so
-- Symlinking: /home/sophie/isaac_lab/isaac_ws/rl_code/soarm100sim/ros2/install/soarm100_interfaces/local/lib/python3.10/dist-packages/soarm100_interfaces/soarm100_interfaces_s__rosidl_typesupport_fastrtps_c.cpython-310-x86_64-linux-gnu.so
-- Symlinking: /home/sophie/isaac_lab/isaac_ws/rl_code/soarm100sim/ros2/install/soarm100_interfaces/local/lib/python3.10/dist-packages/soarm100_interfaces/soarm100_interfaces_s__rosidl_typesupport_introspection_c.cpython-310-x86_64-linux-gnu.so
-- Symlinking: /home/sophie/isaac_lab/isaac_ws/rl_code/soarm100sim/ros2/install/soarm100_interfaces/local/lib/python3.10/dist-packages/soarm100_interfaces/srv/__init__.py
-- Symlinking: /home/sophie/isaac_lab/isaac_ws/rl_code/soarm100sim/ros2/install/soarm100_interfaces/local/lib/python3.10/dist-packages/soarm100_interfaces/srv/_segment_target.py
-- Symlinking: /home/sophie/isaac_lab/isaac_ws/rl_code/soarm100sim/ros2/install/soarm100_interfaces/local/lib/python3.10/dist-packages/soarm100_interfaces/srv/_segment_target_s.c
-- Symlinking: /home/sophie/isaac_lab/isaac_ws/rl_code/soarm100sim/ros2/install/soarm100_interfaces/local/lib/python3.10/dist-packages/soarm100_interfaces/srv/_set_avoidance.py
-- Symlinking: /home/sophie/isaac_lab/isaac_ws/rl_code/soarm100sim/ros2/install/soarm100_interfaces/local/lib/python3.10/dist-packages/soarm100_interfaces/srv/_set_avoidance_s.c
-- Up-to-date symlink: /home/sophie/isaac_lab/isaac_ws/rl_code/soarm100sim/ros2/install/soarm100_interfaces/local/lib/python3.10/dist-packages/soarm100_interfaces/soarm100_interfaces_s__rosidl_typesupport_fastrtps_c.cpython-310-x86_64-linux-gnu.so
-- Up-to-date symlink: /home/sophie/isaac_lab/isaac_ws/rl_code/soarm100sim/ros2/install/soarm100_interfaces/local/lib/python3.10/dist-packages/soarm100_interfaces/soarm100_interfaces_s__rosidl_typesupport_introspection_c.cpython-310-x86_64-linux-gnu.so
-- Up-to-date symlink: /home/sophie/isaac_lab/isaac_ws/rl_code/soarm100sim/ros2/install/soarm100_interfaces/local/lib/python3.10/dist-packages/soarm100_interfaces/soarm100_interfaces_s__rosidl_typesupport_c.cpython-310-x86_64-linux-gnu.so
-- Symlinking: /home/sophie/isaac_lab/isaac_ws/rl_code/soarm100sim/ros2/install/soarm100_interfaces/share/ament_index/resource_index/rust_packages/soarm100_interfaces
-- Symlinking: /home/sophie/isaac_lab/isaac_ws/rl_code/soarm100sim/ros2/install/soarm100_interfaces/share/soarm100_interfaces/rust/Cargo.toml
-- Symlinking: /home/sophie/isaac_lab/isaac_ws/rl_code/soarm100sim/ros2/install/soarm100_interfaces/share/soarm100_interfaces/rust/build.rs
-- Symlinking: /home/sophie/isaac_lab/isaac_ws/rl_code/soarm100sim/ros2/install/soarm100_interfaces/share/soarm100_interfaces/rust/src/action.rs
-- Symlinking: /home/sophie/isaac_lab/isaac_ws/rl_code/soarm100sim/ros2/install/soarm100_interfaces/share/soarm100_interfaces/rust/src/action/rmw.rs
-- Symlinking: /home/sophie/isaac_lab/isaac_ws/rl_code/soarm100sim/ros2/install/soarm100_interfaces/share/soarm100_interfaces/rust/src/lib.rs
-- Symlinking: /home/sophie/isaac_lab/isaac_ws/rl_code/soarm100sim/ros2/install/soarm100_interfaces/share/soarm100_interfaces/rust/src/msg.rs
-- Symlinking: /home/sophie/isaac_lab/isaac_ws/rl_code/soarm100sim/ros2/install/soarm100_interfaces/share/soarm100_interfaces/rust/src/msg/rmw.rs
-- Symlinking: /home/sophie/isaac_lab/isaac_ws/rl_code/soarm100sim/ros2/install/soarm100_interfaces/share/soarm100_interfaces/rust/src/srv.rs
-- Symlinking: /home/sophie/isaac_lab/isaac_ws/rl_code/soarm100sim/ros2/install/soarm100_interfaces/share/soarm100_interfaces/rust/src/srv/rmw.rs
-- Symlinking: /home/sophie/isaac_lab/isaac_ws/rl_code/soarm100sim/ros2/install/soarm100_interfaces/share/soarm100_interfaces/msg/TrackedTarget2D.idl
-- Symlinking: /home/sophie/isaac_lab/isaac_ws/rl_code/soarm100sim/ros2/install/soarm100_interfaces/share/soarm100_interfaces/action/ExecuteGrasp.idl
-- Symlinking: /home/sophie/isaac_lab/isaac_ws/rl_code/soarm100sim/ros2/install/soarm100_interfaces/share/soarm100_interfaces/action/ExecutePlannedGrasp.idl
-- Symlinking: /home/sophie/isaac_lab/isaac_ws/rl_code/soarm100sim/ros2/install/soarm100_interfaces/share/soarm100_interfaces/action/PlanGrasp.idl
-- Symlinking: /home/sophie/isaac_lab/isaac_ws/rl_code/soarm100sim/ros2/install/soarm100_interfaces/share/soarm100_interfaces/srv/SegmentTarget.idl
-- Symlinking: /home/sophie/isaac_lab/isaac_ws/rl_code/soarm100sim/ros2/install/soarm100_interfaces/share/soarm100_interfaces/srv/SetAvoidance.idl
-- Symlinking: /home/sophie/isaac_lab/isaac_ws/rl_code/soarm100sim/ros2/install/soarm100_interfaces/share/soarm100_interfaces/msg/TrackedTarget2D.msg
-- Symlinking: /home/sophie/isaac_lab/isaac_ws/rl_code/soarm100sim/ros2/install/soarm100_interfaces/share/soarm100_interfaces/action/ExecuteGrasp.action
-- Symlinking: /home/sophie/isaac_lab/isaac_ws/rl_code/soarm100sim/ros2/install/soarm100_interfaces/share/soarm100_interfaces/action/ExecutePlannedGrasp.action
-- Symlinking: /home/sophie/isaac_lab/isaac_ws/rl_code/soarm100sim/ros2/install/soarm100_interfaces/share/soarm100_interfaces/action/PlanGrasp.action
-- Symlinking: /home/sophie/isaac_lab/isaac_ws/rl_code/soarm100sim/ros2/install/soarm100_interfaces/share/soarm100_interfaces/srv/SegmentTarget.srv
-- Symlinking: /home/sophie/isaac_lab/isaac_ws/rl_code/soarm100sim/ros2/install/soarm100_interfaces/share/soarm100_interfaces/srv/SegmentTarget_Request.msg
-- Symlinking: /home/sophie/isaac_lab/isaac_ws/rl_code/soarm100sim/ros2/install/soarm100_interfaces/share/soarm100_interfaces/srv/SegmentTarget_Response.msg
-- Symlinking: /home/sophie/isaac_lab/isaac_ws/rl_code/soarm100sim/ros2/install/soarm100_interfaces/share/soarm100_interfaces/srv/SetAvoidance.srv
-- Symlinking: /home/sophie/isaac_lab/isaac_ws/rl_code/soarm100sim/ros2/install/soarm100_interfaces/share/soarm100_interfaces/srv/SetAvoidance_Request.msg
-- Symlinking: /home/sophie/isaac_lab/isaac_ws/rl_code/soarm100sim/ros2/install/soarm100_interfaces/share/soarm100_interfaces/srv/SetAvoidance_Response.msg
-- Symlinking: /home/sophie/isaac_lab/isaac_ws/rl_code/soarm100sim/ros2/install/soarm100_interfaces/share/ament_index/resource_index/package_run_dependencies/soarm100_interfaces
-- Symlinking: /home/sophie/isaac_lab/isaac_ws/rl_code/soarm100sim/ros2/install/soarm100_interfaces/share/ament_index/resource_index/parent_prefix_path/soarm100_interfaces
-- Symlinking: /home/sophie/isaac_lab/isaac_ws/rl_code/soarm100sim/ros2/install/soarm100_interfaces/share/soarm100_interfaces/environment/ament_prefix_path.sh
-- Symlinking: /home/sophie/isaac_lab/isaac_ws/rl_code/soarm100sim/ros2/install/soarm100_interfaces/share/soarm100_interfaces/environment/ament_prefix_path.dsv
-- Symlinking: /home/sophie/isaac_lab/isaac_ws/rl_code/soarm100sim/ros2/install/soarm100_interfaces/share/soarm100_interfaces/environment/path.sh
-- Symlinking: /home/sophie/isaac_lab/isaac_ws/rl_code/soarm100sim/ros2/install/soarm100_interfaces/share/soarm100_interfaces/environment/path.dsv
-- Symlinking: /home/sophie/isaac_lab/isaac_ws/rl_code/soarm100sim/ros2/install/soarm100_interfaces/share/soarm100_interfaces/local_setup.bash
-- Symlinking: /home/sophie/isaac_lab/isaac_ws/rl_code/soarm100sim/ros2/install/soarm100_interfaces/share/soarm100_interfaces/local_setup.sh
-- Symlinking: /home/sophie/isaac_lab/isaac_ws/rl_code/soarm100sim/ros2/install/soarm100_interfaces/share/soarm100_interfaces/local_setup.zsh
-- Symlinking: /home/sophie/isaac_lab/isaac_ws/rl_code/soarm100sim/ros2/install/soarm100_interfaces/share/soarm100_interfaces/local_setup.dsv
-- Symlinking: /home/sophie/isaac_lab/isaac_ws/rl_code/soarm100sim/ros2/install/soarm100_interfaces/share/soarm100_interfaces/package.dsv
-- Symlinking: /home/sophie/isaac_lab/isaac_ws/rl_code/soarm100sim/ros2/install/soarm100_interfaces/share/ament_index/resource_index/packages/soarm100_interfaces
-- Symlinking: /home/sophie/isaac_lab/isaac_ws/rl_code/soarm100sim/ros2/install/soarm100_interfaces/share/soarm100_interfaces/cmake/rosidl_cmake-extras.cmake
-- Symlinking: /home/sophie/isaac_lab/isaac_ws/rl_code/soarm100sim/ros2/install/soarm100_interfaces/share/soarm100_interfaces/cmake/ament_cmake_export_dependencies-extras.cmake
-- Symlinking: /home/sophie/isaac_lab/isaac_ws/rl_code/soarm100sim/ros2/install/soarm100_interfaces/share/soarm100_interfaces/cmake/ament_cmake_export_include_directories-extras.cmake
-- Symlinking: /home/sophie/isaac_lab/isaac_ws/rl_code/soarm100sim/ros2/install/soarm100_interfaces/share/soarm100_interfaces/cmake/ament_cmake_export_libraries-extras.cmake
-- Symlinking: /home/sophie/isaac_lab/isaac_ws/rl_code/soarm100sim/ros2/install/soarm100_interfaces/share/soarm100_interfaces/cmake/ament_cmake_export_targets-extras.cmake
-- Symlinking: /home/sophie/isaac_lab/isaac_ws/rl_code/soarm100sim/ros2/install/soarm100_interfaces/share/soarm100_interfaces/cmake/rosidl_cmake_export_typesupport_targets-extras.cmake
-- Symlinking: /home/sophie/isaac_lab/isaac_ws/rl_code/soarm100sim/ros2/install/soarm100_interfaces/share/soarm100_interfaces/cmake/rosidl_cmake_export_typesupport_libraries-extras.cmake
-- Symlinking: /home/sophie/isaac_lab/isaac_ws/rl_code/soarm100sim/ros2/install/soarm100_interfaces/share/soarm100_interfaces/cmake/soarm100_interfacesConfig.cmake
-- Symlinking: /home/sophie/isaac_lab/isaac_ws/rl_code/soarm100sim/ros2/install/soarm100_interfaces/share/soarm100_interfaces/cmake/soarm100_interfacesConfig-version.cmake
-- Symlinking: /home/sophie/isaac_lab/isaac_ws/rl_code/soarm100sim/ros2/install/soarm100_interfaces/share/soarm100_interfaces/package.xml
-- Installing: /home/sophie/isaac_lab/isaac_ws/rl_code/soarm100sim/ros2/install/soarm100_interfaces/lib/libsoarm100_interfaces__rosidl_generator_c.so
-- Set runtime path of "/home/sophie/isaac_lab/isaac_ws/rl_code/soarm100sim/ros2/install/soarm100_interfaces/lib/libsoarm100_interfaces__rosidl_generator_c.so" to ""
-- Installing: /home/sophie/isaac_lab/isaac_ws/rl_code/soarm100sim/ros2/install/soarm100_interfaces/lib/libsoarm100_interfaces__rosidl_typesupport_fastrtps_c.so
-- Set runtime path of "/home/sophie/isaac_lab/isaac_ws/rl_code/soarm100sim/ros2/install/soarm100_interfaces/lib/libsoarm100_interfaces__rosidl_typesupport_fastrtps_c.so" to ""
-- Installing: /home/sophie/isaac_lab/isaac_ws/rl_code/soarm100sim/ros2/install/soarm100_interfaces/lib/libsoarm100_interfaces__rosidl_typesupport_introspection_c.so
-- Set runtime path of "/home/sophie/isaac_lab/isaac_ws/rl_code/soarm100sim/ros2/install/soarm100_interfaces/lib/libsoarm100_interfaces__rosidl_typesupport_introspection_c.so" to ""
-- Installing: /home/sophie/isaac_lab/isaac_ws/rl_code/soarm100sim/ros2/install/soarm100_interfaces/lib/libsoarm100_interfaces__rosidl_typesupport_c.so
-- Set runtime path of "/home/sophie/isaac_lab/isaac_ws/rl_code/soarm100sim/ros2/install/soarm100_interfaces/lib/libsoarm100_interfaces__rosidl_typesupport_c.so" to ""
-- Installing: /home/sophie/isaac_lab/isaac_ws/rl_code/soarm100sim/ros2/install/soarm100_interfaces/lib/libsoarm100_interfaces__rosidl_typesupport_fastrtps_cpp.so
-- Set runtime path of "/home/sophie/isaac_lab/isaac_ws/rl_code/soarm100sim/ros2/install/soarm100_interfaces/lib/libsoarm100_interfaces__rosidl_typesupport_fastrtps_cpp.so" to ""
-- Installing: /home/sophie/isaac_lab/isaac_ws/rl_code/soarm100sim/ros2/install/soarm100_interfaces/lib/libsoarm100_interfaces__rosidl_typesupport_introspection_cpp.so
-- Set runtime path of "/home/sophie/isaac_lab/isaac_ws/rl_code/soarm100sim/ros2/install/soarm100_interfaces/lib/libsoarm100_interfaces__rosidl_typesupport_introspection_cpp.so" to ""
-- Installing: /home/sophie/isaac_lab/isaac_ws/rl_code/soarm100sim/ros2/install/soarm100_interfaces/lib/libsoarm100_interfaces__rosidl_typesupport_cpp.so
-- Set runtime path of "/home/sophie/isaac_lab/isaac_ws/rl_code/soarm100sim/ros2/install/soarm100_interfaces/lib/libsoarm100_interfaces__rosidl_typesupport_cpp.so" to ""
Listing '/home/sophie/isaac_lab/isaac_ws/rl_code/soarm100sim/ros2/install/soarm100_interfaces/local/lib/python3.10/dist-packages/soarm100_interfaces'...
Compiling '/home/sophie/isaac_lab/isaac_ws/rl_code/soarm100sim/ros2/install/soarm100_interfaces/local/lib/python3.10/dist-packages/soarm100_interfaces/__init__.py'...
Listing '/home/sophie/isaac_lab/isaac_ws/rl_code/soarm100sim/ros2/install/soarm100_interfaces/local/lib/python3.10/dist-packages/soarm100_interfaces/action'...
Compiling '/home/sophie/isaac_lab/isaac_ws/rl_code/soarm100sim/ros2/install/soarm100_interfaces/local/lib/python3.10/dist-packages/soarm100_interfaces/action/__init__.py'...
Compiling '/home/sophie/isaac_lab/isaac_ws/rl_code/soarm100sim/ros2/install/soarm100_interfaces/local/lib/python3.10/dist-packages/soarm100_interfaces/action/_execute_grasp.py'...
Compiling '/home/sophie/isaac_lab/isaac_ws/rl_code/soarm100sim/ros2/install/soarm100_interfaces/local/lib/python3.10/dist-packages/soarm100_interfaces/action/_execute_planned_grasp.py'...
Compiling '/home/sophie/isaac_lab/isaac_ws/rl_code/soarm100sim/ros2/install/soarm100_interfaces/local/lib/python3.10/dist-packages/soarm100_interfaces/action/_plan_grasp.py'...
Listing '/home/sophie/isaac_lab/isaac_ws/rl_code/soarm100sim/ros2/install/soarm100_interfaces/local/lib/python3.10/dist-packages/soarm100_interfaces/msg'...
Compiling '/home/sophie/isaac_lab/isaac_ws/rl_code/soarm100sim/ros2/install/soarm100_interfaces/local/lib/python3.10/dist-packages/soarm100_interfaces/msg/__init__.py'...
Compiling '/home/sophie/isaac_lab/isaac_ws/rl_code/soarm100sim/ros2/install/soarm100_interfaces/local/lib/python3.10/dist-packages/soarm100_interfaces/msg/_tracked_target2_d.py'...
Listing '/home/sophie/isaac_lab/isaac_ws/rl_code/soarm100sim/ros2/install/soarm100_interfaces/local/lib/python3.10/dist-packages/soarm100_interfaces/srv'...
Compiling '/home/sophie/isaac_lab/isaac_ws/rl_code/soarm100sim/ros2/install/soarm100_interfaces/local/lib/python3.10/dist-packages/soarm100_interfaces/srv/__init__.py'...
Compiling '/home/sophie/isaac_lab/isaac_ws/rl_code/soarm100sim/ros2/install/soarm100_interfaces/local/lib/python3.10/dist-packages/soarm100_interfaces/srv/_segment_target.py'...
Compiling '/home/sophie/isaac_lab/isaac_ws/rl_code/soarm100sim/ros2/install/soarm100_interfaces/local/lib/python3.10/dist-packages/soarm100_interfaces/srv/_set_avoidance.py'...
-- Installing: /home/sophie/isaac_lab/isaac_ws/rl_code/soarm100sim/ros2/install/soarm100_interfaces/lib/libsoarm100_interfaces__rosidl_generator_py.so
-- Set runtime path of "/home/sophie/isaac_lab/isaac_ws/rl_code/soarm100sim/ros2/install/soarm100_interfaces/lib/libsoarm100_interfaces__rosidl_generator_py.so" to ""
-- Up-to-date: /home/sophie/isaac_lab/isaac_ws/rl_code/soarm100sim/ros2/install/soarm100_interfaces/share/soarm100_interfaces/cmake/export_soarm100_interfaces__rosidl_generator_cExport.cmake
-- Up-to-date: /home/sophie/isaac_lab/isaac_ws/rl_code/soarm100sim/ros2/install/soarm100_interfaces/share/soarm100_interfaces/cmake/export_soarm100_interfaces__rosidl_generator_cExport-noconfig.cmake
-- Up-to-date: /home/sophie/isaac_lab/isaac_ws/rl_code/soarm100sim/ros2/install/soarm100_interfaces/share/soarm100_interfaces/cmake/export_soarm100_interfaces__rosidl_typesupport_fastrtps_cExport.cmake
-- Up-to-date: /home/sophie/isaac_lab/isaac_ws/rl_code/soarm100sim/ros2/install/soarm100_interfaces/share/soarm100_interfaces/cmake/export_soarm100_interfaces__rosidl_typesupport_fastrtps_cExport-noconfig.cmake
-- Up-to-date: /home/sophie/isaac_lab/isaac_ws/rl_code/soarm100sim/ros2/install/soarm100_interfaces/share/soarm100_interfaces/cmake/soarm100_interfaces__rosidl_typesupport_introspection_cExport.cmake
-- Up-to-date: /home/sophie/isaac_lab/isaac_ws/rl_code/soarm100sim/ros2/install/soarm100_interfaces/share/soarm100_interfaces/cmake/soarm100_interfaces__rosidl_typesupport_introspection_cExport-noconfig.cmake
-- Up-to-date: /home/sophie/isaac_lab/isaac_ws/rl_code/soarm100sim/ros2/install/soarm100_interfaces/share/soarm100_interfaces/cmake/soarm100_interfaces__rosidl_typesupport_cExport.cmake
-- Up-to-date: /home/sophie/isaac_lab/isaac_ws/rl_code/soarm100sim/ros2/install/soarm100_interfaces/share/soarm100_interfaces/cmake/soarm100_interfaces__rosidl_typesupport_cExport-noconfig.cmake
-- Up-to-date: /home/sophie/isaac_lab/isaac_ws/rl_code/soarm100sim/ros2/install/soarm100_interfaces/share/soarm100_interfaces/cmake/export_soarm100_interfaces__rosidl_generator_cppExport.cmake
-- Up-to-date: /home/sophie/isaac_lab/isaac_ws/rl_code/soarm100sim/ros2/install/soarm100_interfaces/share/soarm100_interfaces/cmake/export_soarm100_interfaces__rosidl_typesupport_fastrtps_cppExport.cmake
-- Up-to-date: /home/sophie/isaac_lab/isaac_ws/rl_code/soarm100sim/ros2/install/soarm100_interfaces/share/soarm100_interfaces/cmake/export_soarm100_interfaces__rosidl_typesupport_fastrtps_cppExport-noconfig.cmake
-- Up-to-date: /home/sophie/isaac_lab/isaac_ws/rl_code/soarm100sim/ros2/install/soarm100_interfaces/share/soarm100_interfaces/cmake/soarm100_interfaces__rosidl_typesupport_introspection_cppExport.cmake
-- Up-to-date: /home/sophie/isaac_lab/isaac_ws/rl_code/soarm100sim/ros2/install/soarm100_interfaces/share/soarm100_interfaces/cmake/soarm100_interfaces__rosidl_typesupport_introspection_cppExport-noconfig.cmake
-- Up-to-date: /home/sophie/isaac_lab/isaac_ws/rl_code/soarm100sim/ros2/install/soarm100_interfaces/share/soarm100_interfaces/cmake/soarm100_interfaces__rosidl_typesupport_cppExport.cmake
-- Up-to-date: /home/sophie/isaac_lab/isaac_ws/rl_code/soarm100sim/ros2/install/soarm100_interfaces/share/soarm100_interfaces/cmake/soarm100_interfaces__rosidl_typesupport_cppExport-noconfig.cmake
-- Up-to-date: /home/sophie/isaac_lab/isaac_ws/rl_code/soarm100sim/ros2/install/soarm100_interfaces/share/soarm100_interfaces/cmake/export_soarm100_interfaces__rosidl_generator_pyExport.cmake
-- Up-to-date: /home/sophie/isaac_lab/isaac_ws/rl_code/soarm100sim/ros2/install/soarm100_interfaces/share/soarm100_interfaces/cmake/export_soarm100_interfaces__rosidl_generator_pyExport-noconfig.cmake
