[30.034s] Invoking command in '/home/sophie/isaac_lab/isaac_ws/rl_code/soarm100sim/ros2/build/soarm100_interfaces': CMAKE_PREFIX_PATH=${CMAKE_PREFIX_PATH}:/opt/ros/humble CONDA_PROMPT_MODIFIER=(base) /usr/bin/cmake /home/sophie/isaac_lab/isaac_ws/rl_code/soarm100sim/ros2/soarm100_interfaces -DPython3_EXECUTABLE=/usr/bin/python3 -DPYTHON_EXECUTABLE=/usr/bin/python3 -DPYTHON_INCLUDE_DIR=/usr/include/python3.10 -DPYTHON_LIBRARY=/usr/lib/x86_64-linux-gnu/libpython3.10.so -DCMAKE_INSTALL_PREFIX=/home/sophie/isaac_lab/isaac_ws/rl_code/soarm100sim/ros2/install/soarm100_interfaces
[30.110s] -- The C compiler identification is GNU 14.3.0
[30.193s] -- The CXX compiler identification is GNU 14.3.0
[30.199s] -- Detecting C compiler ABI info
[30.277s] -- Detecting C compiler ABI info - done
[30.284s] -- Check for working C compiler: /home/sophie/miniconda3/bin/x86_64-conda-linux-gnu-cc - skipped
[30.284s] -- Detecting C compile features
[30.284s] -- Detecting C compile features - done
[30.286s] -- Detecting CXX compiler ABI info
[30.379s] -- Detecting CXX compiler ABI info - done
[30.385s] -- Check for working CXX compiler: /home/sophie/miniconda3/bin/x86_64-conda-linux-gnu-c++ - skipped
[30.386s] -- Detecting CXX compile features
[30.386s] -- Detecting CXX compile features - done
[30.388s] -- Found ament_cmake: 1.3.14 (/opt/ros/humble/share/ament_cmake/cmake)
[30.538s] -- Found Python3: /usr/bin/python3 (found version "3.10.12") found components: Interpreter 
[30.601s] -- Found rosidl_default_generators: 1.2.1 (/opt/ros/humble/share/rosidl_default_generators/cmake)
[30.604s] -- Using all available rosidl_typesupport_c: rosidl_typesupport_fastrtps_c;rosidl_typesupport_introspection_c
[30.609s] -- Found rosidl_adapter: 3.1.8 (/opt/ros/humble/share/rosidl_adapter/cmake)
[30.634s] -- Using all available rosidl_typesupport_cpp: rosidl_typesupport_fastrtps_cpp;rosidl_typesupport_introspection_cpp
[30.661s] -- Found builtin_interfaces: 1.2.2 (/opt/ros/humble/share/builtin_interfaces/cmake)
[30.670s] -- Found geometry_msgs: 4.9.1 (/opt/ros/humble/share/geometry_msgs/cmake)
[30.689s] -- Found sensor_msgs: 4.9.1 (/opt/ros/humble/share/sensor_msgs/cmake)
[31.014s] -- Found ament_cmake_ros: 0.10.0 (/opt/ros/humble/share/ament_cmake_ros/cmake)
[31.257s] -- Using all available rosidl_typesupport_c: rosidl_typesupport_fastrtps_c;rosidl_typesupport_introspection_c
[31.554s] -- Using all available rosidl_typesupport_cpp: rosidl_typesupport_fastrtps_cpp;rosidl_typesupport_introspection_cpp
[31.578s] -- Found PythonInterp: /usr/bin/python3 (found suitable version "3.10.12", minimum required is "3.6") 
[31.579s] -- Found python_cmake_module: 0.10.0 (/opt/ros/humble/share/python_cmake_module/cmake)
[31.613s] -- Found PythonLibs: /usr/lib/x86_64-linux-gnu/libpython3.10.so (found suitable version "3.10.12", minimum required is "3.5") 
[31.613s] -- Using PYTHON_EXECUTABLE: /usr/bin/python3
[31.613s] -- Using PYTHON_INCLUDE_DIRS: /usr/include/python3.10
[31.613s] -- Using PYTHON_LIBRARIES: /usr/lib/x86_64-linux-gnu/libpython3.10.so
[31.643s] -- Found PythonExtra: .so  
[31.778s] -- Configuring done
[31.807s] -- Generating done
[31.817s] -- Build files have been written to: /home/sophie/isaac_lab/isaac_ws/rl_code/soarm100sim/ros2/build/soarm100_interfaces
[60.048s] Invoked command in '/home/sophie/isaac_lab/isaac_ws/rl_code/soarm100sim/ros2/build/soarm100_interfaces' returned '0': CMAKE_PREFIX_PATH=${CMAKE_PREFIX_PATH}:/opt/ros/humble CONDA_PROMPT_MODIFIER=(base) /usr/bin/cmake /home/sophie/isaac_lab/isaac_ws/rl_code/soarm100sim/ros2/soarm100_interfaces -DPython3_EXECUTABLE=/usr/bin/python3 -DPYTHON_EXECUTABLE=/usr/bin/python3 -DPYTHON_INCLUDE_DIR=/usr/include/python3.10 -DPYTHON_LIBRARY=/usr/lib/x86_64-linux-gnu/libpython3.10.so -DCMAKE_INSTALL_PREFIX=/home/sophie/isaac_lab/isaac_ws/rl_code/soarm100sim/ros2/install/soarm100_interfaces
[60.051s] Invoking command in '/home/sophie/isaac_lab/isaac_ws/rl_code/soarm100sim/ros2/build/soarm100_interfaces': CMAKE_PREFIX_PATH=${CMAKE_PREFIX_PATH}:/opt/ros/humble CONDA_PROMPT_MODIFIER=(base) /usr/bin/cmake --build /home/sophie/isaac_lab/isaac_ws/rl_code/soarm100sim/ros2/build/soarm100_interfaces -- -j32 -l32
[60.103s] [  1%] Generating C code for ROS interfaces
[60.116s] [  3%] Generating Rust code for ROS interfaces
[60.118s] [  5%] Generating C++ code for ROS interfaces
[60.125s] [  5%] Built target ament_cmake_python_copy_soarm100_interfaces
[60.287s] running egg_info
[60.287s] creating soarm100_interfaces.egg-info
[60.287s] writing soarm100_interfaces.egg-info/PKG-INFO
[60.287s] writing dependency_links to soarm100_interfaces.egg-info/dependency_links.txt
[60.287s] writing top-level names to soarm100_interfaces.egg-info/top_level.txt
[60.287s] writing manifest file 'soarm100_interfaces.egg-info/SOURCES.txt'
[60.288s] reading manifest file 'soarm100_interfaces.egg-info/SOURCES.txt'
[60.289s] writing manifest file 'soarm100_interfaces.egg-info/SOURCES.txt'
[60.308s] [  5%] Built target ament_cmake_python_build_soarm100_interfaces_egg
[60.360s] [  5%] Built target soarm100_interfaces__rs
[60.615s] [  8%] Building C object CMakeFiles/soarm100_interfaces__rosidl_generator_c.dir/rosidl_generator_c/soarm100_interfaces/action/detail/plan_grasp__functions.c.o
[60.615s] [  8%] Building C object CMakeFiles/soarm100_interfaces__rosidl_generator_c.dir/rosidl_generator_c/soarm100_interfaces/srv/detail/segment_target__functions.c.o
[60.615s] [ 10%] Building C object CMakeFiles/soarm100_interfaces__rosidl_generator_c.dir/rosidl_generator_c/soarm100_interfaces/srv/detail/set_avoidance__functions.c.o
[60.617s] [ 12%] Building C object CMakeFiles/soarm100_interfaces__rosidl_generator_c.dir/rosidl_generator_c/soarm100_interfaces/action/detail/execute_grasp__functions.c.o
[60.620s] [ 12%] Built target soarm100_interfaces__cpp
[60.629s] [ 16%] Generating C++ type support for eProsima Fast-RTPS
[60.629s] [ 16%] Generating C++ type support dispatch for ROS interfaces
[60.630s] [ 17%] Generating C++ introspection for ROS interfaces
[60.919s] [ 21%] Building CXX object CMakeFiles/soarm100_interfaces__rosidl_typesupport_cpp.dir/rosidl_typesupport_cpp/soarm100_interfaces/action/plan_grasp__type_support.cpp.o
[60.919s] [ 21%] Building CXX object CMakeFiles/soarm100_interfaces__rosidl_typesupport_cpp.dir/rosidl_typesupport_cpp/soarm100_interfaces/action/execute_grasp__type_support.cpp.o
[60.919s] [ 23%] Building CXX object CMakeFiles/soarm100_interfaces__rosidl_typesupport_cpp.dir/rosidl_typesupport_cpp/soarm100_interfaces/srv/segment_target__type_support.cpp.o
[60.920s] [ 25%] Building CXX object CMakeFiles/soarm100_interfaces__rosidl_typesupport_cpp.dir/rosidl_typesupport_cpp/soarm100_interfaces/srv/set_avoidance__type_support.cpp.o
[60.987s] [ 26%] Building CXX object CMakeFiles/soarm100_interfaces__rosidl_typesupport_introspection_cpp.dir/rosidl_typesupport_introspection_cpp/soarm100_interfaces/srv/detail/segment_target__type_support.cpp.o
[60.987s] [ 30%] Building CXX object CMakeFiles/soarm100_interfaces__rosidl_typesupport_introspection_cpp.dir/rosidl_typesupport_introspection_cpp/soarm100_interfaces/action/detail/plan_grasp__type_support.cpp.o
[60.987s] [ 32%] Building CXX object CMakeFiles/soarm100_interfaces__rosidl_typesupport_introspection_cpp.dir/rosidl_typesupport_introspection_cpp/soarm100_interfaces/srv/detail/set_avoidance__type_support.cpp.o
[60.988s] [ 30%] Building CXX object CMakeFiles/soarm100_interfaces__rosidl_typesupport_introspection_cpp.dir/rosidl_typesupport_introspection_cpp/soarm100_interfaces/action/detail/execute_grasp__type_support.cpp.o
[61.004s] [ 33%] Linking C shared library libsoarm100_interfaces__rosidl_generator_c.so
[61.040s] [ 33%] Built target soarm100_interfaces__rosidl_generator_c
[61.051s] [ 35%] Generating C type support for eProsima Fast-RTPS
[61.051s] [ 39%] Generating C type support dispatch for ROS interfaces
[61.051s] [ 39%] Generating C introspection for ROS interfaces
[61.075s] [ 41%] Building CXX object CMakeFiles/soarm100_interfaces__rosidl_typesupport_fastrtps_cpp.dir/rosidl_typesupport_fastrtps_cpp/soarm100_interfaces/action/detail/dds_fastrtps/execute_grasp__type_support.cpp.o
[61.075s] [ 42%] Building CXX object CMakeFiles/soarm100_interfaces__rosidl_typesupport_fastrtps_cpp.dir/rosidl_typesupport_fastrtps_cpp/soarm100_interfaces/srv/detail/dds_fastrtps/set_avoidance__type_support.cpp.o
[61.076s] [ 44%] Building CXX object CMakeFiles/soarm100_interfaces__rosidl_typesupport_fastrtps_cpp.dir/rosidl_typesupport_fastrtps_cpp/soarm100_interfaces/action/detail/dds_fastrtps/plan_grasp__type_support.cpp.o
[61.076s] [ 46%] Building CXX object CMakeFiles/soarm100_interfaces__rosidl_typesupport_fastrtps_cpp.dir/rosidl_typesupport_fastrtps_cpp/soarm100_interfaces/srv/detail/dds_fastrtps/segment_target__type_support.cpp.o
[61.444s] [ 51%] Building CXX object CMakeFiles/soarm100_interfaces__rosidl_typesupport_c.dir/rosidl_typesupport_c/soarm100_interfaces/action/plan_grasp__type_support.cpp.o
[61.444s] [ 51%] Building CXX object CMakeFiles/soarm100_interfaces__rosidl_typesupport_c.dir/rosidl_typesupport_c/soarm100_interfaces/srv/set_avoidance__type_support.cpp.o
[61.445s] [ 51%] Building CXX object CMakeFiles/soarm100_interfaces__rosidl_typesupport_c.dir/rosidl_typesupport_c/soarm100_interfaces/action/execute_grasp__type_support.cpp.o
[61.445s] [ 53%] Building CXX object CMakeFiles/soarm100_interfaces__rosidl_typesupport_c.dir/rosidl_typesupport_c/soarm100_interfaces/srv/segment_target__type_support.cpp.o
[61.489s] [ 55%] Building CXX object CMakeFiles/soarm100_interfaces__rosidl_typesupport_fastrtps_c.dir/rosidl_typesupport_fastrtps_c/soarm100_interfaces/srv/detail/set_avoidance__type_support_c.cpp.o
[61.490s] [ 62%] Building CXX object CMakeFiles/soarm100_interfaces__rosidl_typesupport_fastrtps_c.dir/rosidl_typesupport_fastrtps_c/soarm100_interfaces/srv/detail/segment_target__type_support_c.cpp.o
[61.490s] [ 62%] Linking CXX shared library libsoarm100_interfaces__rosidl_typesupport_c.so
[61.490s] [ 62%] Building CXX object CMakeFiles/soarm100_interfaces__rosidl_typesupport_fastrtps_c.dir/rosidl_typesupport_fastrtps_c/soarm100_interfaces/action/detail/plan_grasp__type_support_c.cpp.o
[61.490s] [ 62%] Building CXX object CMakeFiles/soarm100_interfaces__rosidl_typesupport_fastrtps_c.dir/rosidl_typesupport_fastrtps_c/soarm100_interfaces/action/detail/execute_grasp__type_support_c.cpp.o
[61.505s] [ 64%] Linking CXX shared library libsoarm100_interfaces__rosidl_typesupport_cpp.so
[61.523s] [ 69%] Building C object CMakeFiles/soarm100_interfaces__rosidl_typesupport_introspection_c.dir/rosidl_typesupport_introspection_c/soarm100_interfaces/srv/detail/segment_target__type_support.c.o
[61.523s] [ 69%] Building C object CMakeFiles/soarm100_interfaces__rosidl_typesupport_introspection_c.dir/rosidl_typesupport_introspection_c/soarm100_interfaces/action/detail/execute_grasp__type_support.c.o
[61.523s] [ 69%] Building C object CMakeFiles/soarm100_interfaces__rosidl_typesupport_introspection_c.dir/rosidl_typesupport_introspection_c/soarm100_interfaces/srv/detail/set_avoidance__type_support.c.o
[61.524s] [ 71%] Building C object CMakeFiles/soarm100_interfaces__rosidl_typesupport_introspection_c.dir/rosidl_typesupport_introspection_c/soarm100_interfaces/action/detail/plan_grasp__type_support.c.o
[61.532s] [ 71%] Built target soarm100_interfaces__rosidl_typesupport_c
[61.538s] [ 71%] Built target soarm100_interfaces__rosidl_typesupport_cpp
[61.565s] [ 73%] Linking CXX shared library libsoarm100_interfaces__rosidl_typesupport_fastrtps_cpp.so
[61.606s] [ 75%] Linking C shared library libsoarm100_interfaces__rosidl_typesupport_introspection_c.so
[61.627s] [ 75%] Built target soarm100_interfaces__rosidl_typesupport_fastrtps_cpp
[61.636s] [ 75%] Built target soarm100_interfaces__rosidl_typesupport_introspection_c
[61.644s] [ 76%] Linking CXX shared library libsoarm100_interfaces__rosidl_typesupport_introspection_cpp.so
[61.700s] [ 76%] Built target soarm100_interfaces__rosidl_typesupport_introspection_cpp
[61.926s] [ 78%] Linking CXX shared library libsoarm100_interfaces__rosidl_typesupport_fastrtps_c.so
[61.993s] [ 78%] Built target soarm100_interfaces__rosidl_typesupport_fastrtps_c
[62.011s] [ 78%] Built target soarm100_interfaces
[62.028s] [ 80%] Generating Python code for ROS interfaces
[62.952s] [ 80%] Built target soarm100_interfaces__py
[62.969s] [ 82%] Building C object CMakeFiles/soarm100_interfaces__rosidl_generator_py.dir/rosidl_generator_py/soarm100_interfaces/action/_execute_grasp_s.c.o
[62.969s] [ 85%] Building C object CMakeFiles/soarm100_interfaces__rosidl_generator_py.dir/rosidl_generator_py/soarm100_interfaces/action/_plan_grasp_s.c.o
[62.969s] [ 85%] Building C object CMakeFiles/soarm100_interfaces__rosidl_generator_py.dir/rosidl_generator_py/soarm100_interfaces/srv/_set_avoidance_s.c.o
[62.969s] [ 87%] Building C object CMakeFiles/soarm100_interfaces__rosidl_generator_py.dir/rosidl_generator_py/soarm100_interfaces/srv/_segment_target_s.c.o
[62.978s] In file included from /usr/include/python3.10/Python.h:8,
[62.978s]                  from /home/sophie/isaac_lab/isaac_ws/rl_code/soarm100sim/ros2/build/soarm100_interfaces/rosidl_generator_py/soarm100_interfaces/action/_execute_grasp_s.c:5:
[62.978s] /usr/include/python3.10/pyconfig.h:3:12: fatal error: x86_64-linux-gnu/python3.10/pyconfig.h: No such file or directory
[62.978s]     3 | #  include <x86_64-linux-gnu/python3.10/pyconfig.h>
[62.978s]       |            ^~~~~~~~~~~~~~~~~~~~~~~~~~~~~~~~~~~~~~~~
[62.978s] In file included from /usr/include/python3.10/Python.h:8,
[62.978s]                  from /home/sophie/isaac_lab/isaac_ws/rl_code/soarm100sim/ros2/build/soarm100_interfaces/rosidl_generator_py/soarm100_interfaces/srv/_set_avoidance_s.c:5:
[62.978s] /usr/include/python3.10/pyconfig.h:3:12: fatal error: x86_64-linux-gnu/python3.10/pyconfig.h: No such file or directory
[62.978s]     3 | #  include <x86_64-linux-gnu/python3.10/pyconfig.h>
[62.978s]       |            ^~~~~~~~~~~~~~~~~~~~~~~~~~~~~~~~~~~~~~~~
[62.978s] compilation terminated.
[62.978s] compilation terminated.
[62.978s] In file included from /usr/include/python3.10/Python.h:8,
[62.978s]                  from /home/sophie/isaac_lab/isaac_ws/rl_code/soarm100sim/ros2/build/soarm100_interfaces/rosidl_generator_py/soarm100_interfaces/action/_plan_grasp_s.c:5:
[62.978s] /usr/include/python3.10/pyconfig.h:3:12: fatal error: x86_64-linux-gnu/python3.10/pyconfig.h: No such file or directory
[62.978s]     3 | #  include <x86_64-linux-gnu/python3.10/pyconfig.h>
[62.979s]       |            ^~~~~~~~~~~~~~~~~~~~~~~~~~~~~~~~~~~~~~~~
[62.979s] compilation terminated.
[62.979s] In file included from /usr/include/python3.10/Python.h:8,
[62.979s]                  from /home/sophie/isaac_lab/isaac_ws/rl_code/soarm100sim/ros2/build/soarm100_interfaces/rosidl_generator_py/soarm100_interfaces/srv/_segment_target_s.c:5:
[62.979s] /usr/include/python3.10/pyconfig.h:3:12: fatal error: x86_64-linux-gnu/python3.10/pyconfig.h: No such file or directory
[62.979s]     3 | #  include <x86_64-linux-gnu/python3.10/pyconfig.h>
[62.979s]       |            ^~~~~~~~~~~~~~~~~~~~~~~~~~~~~~~~~~~~~~~~
[62.979s] compilation terminated.
[62.979s] gmake[2]: *** [CMakeFiles/soarm100_interfaces__rosidl_generator_py.dir/build.make:90：CMakeFiles/soarm100_interfaces__rosidl_generator_py.dir/rosidl_generator_py/soarm100_interfaces/action/_plan_grasp_s.c.o] 错误 1
[62.979s] gmake[2]: *** 正在等待未完成的任务....
[62.979s] gmake[2]: *** [CMakeFiles/soarm100_interfaces__rosidl_generator_py.dir/build.make:76：CMakeFiles/soarm100_interfaces__rosidl_generator_py.dir/rosidl_generator_py/soarm100_interfaces/action/_execute_grasp_s.c.o] 错误 1
[62.979s] gmake[2]: *** [CMakeFiles/soarm100_interfaces__rosidl_generator_py.dir/build.make:118：CMakeFiles/soarm100_interfaces__rosidl_generator_py.dir/rosidl_generator_py/soarm100_interfaces/srv/_set_avoidance_s.c.o] 错误 1
[62.980s] gmake[2]: *** [CMakeFiles/soarm100_interfaces__rosidl_generator_py.dir/build.make:104：CMakeFiles/soarm100_interfaces__rosidl_generator_py.dir/rosidl_generator_py/soarm100_interfaces/srv/_segment_target_s.c.o] 错误 1
[62.980s] gmake[1]: *** [CMakeFiles/Makefile2:494：CMakeFiles/soarm100_interfaces__rosidl_generator_py.dir/all] 错误 2
[62.980s] gmake: *** [Makefile:146：all] 错误 2
[90.076s] Invoked command in '/home/sophie/isaac_lab/isaac_ws/rl_code/soarm100sim/ros2/build/soarm100_interfaces' returned '2': CMAKE_PREFIX_PATH=${CMAKE_PREFIX_PATH}:/opt/ros/humble CONDA_PROMPT_MODIFIER=(base) /usr/bin/cmake --build /home/sophie/isaac_lab/isaac_ws/rl_code/soarm100sim/ros2/build/soarm100_interfaces -- -j32 -l32
