[0.012s] Invoking command in '/home/sophie/isaac_lab/isaac_ws/rl_code/soarm100sim/third_party/orbbec_ws/build_287/orbbec_camera': AMENT_PREFIX_PATH=/home/sophie/isaac_lab/isaac_ws/rl_code/soarm100sim/third_party/orbbec_ws/install_287/orbbec_camera_msgs:${AMENT_PREFIX_PATH} CMAKE_PREFIX_PATH=/home/sophie/isaac_lab/isaac_ws/rl_code/soarm100sim/third_party/orbbec_ws/install_287/orbbec_camera_msgs:/opt/ros/humble LD_LIBRARY_PATH=/home/sophie/isaac_lab/isaac_ws/rl_code/soarm100sim/third_party/orbbec_ws/install_287/orbbec_camera_msgs/lib:${LD_LIBRARY_PATH} PYTHONPATH=/home/sophie/isaac_lab/isaac_ws/rl_code/soarm100sim/third_party/orbbec_ws/install_287/orbbec_camera_msgs/local/lib/python3.10/dist-packages:${PYTHONPATH} /usr/bin/cmake /home/sophie/isaac_lab/isaac_ws/rl_code/soarm100sim/third_party/orbbec_ws/src/OrbbecSDK_ROS2/orbbec_camera -DCMAKE_BUILD_TYPE=Release -DINSTALL_UDEV_RULES=OFF -DORBBEC_SDK_ROOT=/home/sophie/isaac_lab/isaac_ws/rl_code/soarm100sim/third_party/orbbec_sdk_2_8_7_root/opt/OrbbecSDK_v2.8.7 -DCMAKE_INSTALL_PREFIX=/home/sophie/isaac_lab/isaac_ws/rl_code/soarm100sim/third_party/orbbec_ws/install_287/orbbec_camera
[0.072s] -- The C compiler identification is GNU 11.4.0
[0.114s] -- The CXX compiler identification is GNU 11.4.0
[0.119s] -- Detecting C compiler ABI info
[0.199s] -- Detecting C compiler ABI info - done
[0.209s] -- Check for working C compiler: /usr/bin/cc - skipped
[0.209s] -- Detecting C compile features
[0.209s] -- Detecting C compile features - done
[0.212s] -- Detecting CXX compiler ABI info
[0.293s] -- Detecting CXX compiler ABI info - done
[0.299s] -- Check for working CXX compiler: /usr/bin/c++ - skipped
[0.299s] -- Detecting CXX compile features
[0.299s] -- Detecting CXX compile features - done
[0.301s] -- Found ament_cmake: 1.3.14 (/opt/ros/humble/share/ament_cmake/cmake)
[0.466s] -- Found Python3: /usr/bin/python3 (found version "3.10.12") found components: Interpreter 
[0.531s] -- Found ament_index_cpp: 1.4.1 (/opt/ros/humble/share/ament_index_cpp/cmake)
[0.538s] -- Found builtin_interfaces: 1.2.2 (/opt/ros/humble/share/builtin_interfaces/cmake)
[0.562s] -- Found rosidl_generator_c: 3.1.8 (/opt/ros/humble/share/rosidl_generator_c/cmake)
[0.565s] -- Found rosidl_adapter: 3.1.8 (/opt/ros/humble/share/rosidl_adapter/cmake)
[0.571s] -- Found rosidl_generator_cpp: 3.1.8 (/opt/ros/humble/share/rosidl_generator_cpp/cmake)
[0.578s] -- Using all available rosidl_typesupport_c: rosidl_typesupport_fastrtps_c;rosidl_typesupport_introspection_c
[0.589s] -- Using all available rosidl_typesupport_cpp: rosidl_typesupport_fastrtps_cpp;rosidl_typesupport_introspection_cpp
[0.598s] -- Found cv_bridge: 3.2.1 (/opt/ros/humble/share/cv_bridge/cmake)
[0.637s] -- Found camera_info_manager: 3.1.12 (/opt/ros/humble/share/camera_info_manager/cmake)
[0.663s] -- Found rmw_implementation_cmake: 6.1.2 (/opt/ros/humble/share/rmw_implementation_cmake/cmake)
[0.664s] -- Found rmw_fastrtps_cpp: 6.2.10 (/opt/ros/humble/share/rmw_fastrtps_cpp/cmake)
[0.745s] -- Found OpenSSL: /usr/lib/x86_64-linux-gnu/libcrypto.so (found version "3.0.2")  
[0.779s] -- Found FastRTPS: /opt/ros/humble/include  
[0.822s] -- Using RMW implementation 'rmw_fastrtps_cpp' as default
[0.828s] -- Looking for pthread.h
[0.918s] -- Looking for pthread.h - found
[0.918s] -- Performing Test CMAKE_HAVE_LIBC_PTHREAD
[1.015s] -- Performing Test CMAKE_HAVE_LIBC_PTHREAD - Success
[1.015s] -- Found Threads: TRUE  
[1.047s] -- Found image_transport: 3.1.12 (/opt/ros/humble/share/image_transport/cmake)
[1.067s] -- Found image_publisher: 3.0.9 (/opt/ros/humble/share/image_publisher/cmake)
[1.084s] -- Found OpenCV: /usr (found version "4.5.4") 
[1.085s] -- Found orbbec_camera_msgs: 2.8.6 (/home/sophie/isaac_lab/isaac_ws/rl_code/soarm100sim/third_party/orbbec_ws/install_287/orbbec_camera_msgs/share/orbbec_camera_msgs/cmake)
[1.096s] -- Found std_srvs: 4.9.1 (/opt/ros/humble/share/std_srvs/cmake)
[1.102s] -- Found tf2: 0.25.20 (/opt/ros/humble/share/tf2/cmake)
[1.105s] -- Found tf2_msgs: 0.25.20 (/opt/ros/humble/share/tf2_msgs/cmake)
[1.133s] -- Found tf2_ros: 0.25.20 (/opt/ros/humble/share/tf2_ros/cmake)
[1.145s] -- Found tf2_sensor_msgs: 0.25.20 (/opt/ros/humble/share/tf2_sensor_msgs/cmake)
[1.151s] -- Found diagnostic_updater: 4.0.7 (/opt/ros/humble/share/diagnostic_updater/cmake)
[1.167s] -- Found PkgConfig: /usr/bin/pkg-config (found version "0.29.2") 
[1.177s] -- ORRBEC Machine : x86_64
[1.177s] 
[1.177s] -- ORRBEC Machine Bits : 64
[1.177s] 
[1.177s] -- Using external Orbbec SDK: /home/sophie/isaac_lab/isaac_ws/rl_code/soarm100sim/third_party/orbbec_sdk_2_8_7_root/opt/OrbbecSDK_v2.8.7
[1.322s] -- Found ament_lint_auto: 0.12.15 (/opt/ros/humble/share/ament_lint_auto/cmake)
[1.386s] -- Configuring done
[1.558s] -- Generating done
[1.598s] -- Build files have been written to: /home/sophie/isaac_lab/isaac_ws/rl_code/soarm100sim/third_party/orbbec_ws/build_287/orbbec_camera
[1.608s] Invoked command in '/home/sophie/isaac_lab/isaac_ws/rl_code/soarm100sim/third_party/orbbec_ws/build_287/orbbec_camera' returned '0': AMENT_PREFIX_PATH=/home/sophie/isaac_lab/isaac_ws/rl_code/soarm100sim/third_party/orbbec_ws/install_287/orbbec_camera_msgs:${AMENT_PREFIX_PATH} CMAKE_PREFIX_PATH=/home/sophie/isaac_lab/isaac_ws/rl_code/soarm100sim/third_party/orbbec_ws/install_287/orbbec_camera_msgs:/opt/ros/humble LD_LIBRARY_PATH=/home/sophie/isaac_lab/isaac_ws/rl_code/soarm100sim/third_party/orbbec_ws/install_287/orbbec_camera_msgs/lib:${LD_LIBRARY_PATH} PYTHONPATH=/home/sophie/isaac_lab/isaac_ws/rl_code/soarm100sim/third_party/orbbec_ws/install_287/orbbec_camera_msgs/local/lib/python3.10/dist-packages:${PYTHONPATH} /usr/bin/cmake /home/sophie/isaac_lab/isaac_ws/rl_code/soarm100sim/third_party/orbbec_ws/src/OrbbecSDK_ROS2/orbbec_camera -DCMAKE_BUILD_TYPE=Release -DINSTALL_UDEV_RULES=OFF -DORBBEC_SDK_ROOT=/home/sophie/isaac_lab/isaac_ws/rl_code/soarm100sim/third_party/orbbec_sdk_2_8_7_root/opt/OrbbecSDK_v2.8.7 -DCMAKE_INSTALL_PREFIX=/home/sophie/isaac_lab/isaac_ws/rl_code/soarm100sim/third_party/orbbec_ws/install_287/orbbec_camera
[1.608s] Invoking command in '/home/sophie/isaac_lab/isaac_ws/rl_code/soarm100sim/third_party/orbbec_ws/build_287/orbbec_camera': AMENT_PREFIX_PATH=/home/sophie/isaac_lab/isaac_ws/rl_code/soarm100sim/third_party/orbbec_ws/install_287/orbbec_camera_msgs:${AMENT_PREFIX_PATH} CMAKE_PREFIX_PATH=/home/sophie/isaac_lab/isaac_ws/rl_code/soarm100sim/third_party/orbbec_ws/install_287/orbbec_camera_msgs:/opt/ros/humble LD_LIBRARY_PATH=/home/sophie/isaac_lab/isaac_ws/rl_code/soarm100sim/third_party/orbbec_ws/install_287/orbbec_camera_msgs/lib:${LD_LIBRARY_PATH} PYTHONPATH=/home/sophie/isaac_lab/isaac_ws/rl_code/soarm100sim/third_party/orbbec_ws/install_287/orbbec_camera_msgs/local/lib/python3.10/dist-packages:${PYTHONPATH} /usr/bin/cmake --build /home/sophie/isaac_lab/isaac_ws/rl_code/soarm100sim/third_party/orbbec_ws/build_287/orbbec_camera -- -j32 -l32
[1.656s] [  2%] Building CXX object CMakeFiles/start_benchmark.dir/tools/start_benchmark.cpp.o
[1.658s] [  4%] Building CXX object CMakeFiles/orbbec_camera.dir/src/dynamic_params.cpp.o
[1.658s] [  6%] Building CXX object CMakeFiles/orbbec_camera.dir/src/frame_timestamp_csv_logger.cpp.o
[1.659s] [  8%] Building CXX object CMakeFiles/multi_save_rgbir_node.dir/rclcpp_components/node_main_multi_save_rgbir_node.cpp.o
[1.659s] [ 10%] Building CXX object CMakeFiles/multi_save_rgbir.dir/src/utils.cpp.o
[1.659s] [ 16%] Building CXX object CMakeFiles/frame_latency.dir/tools/frame_latency.cpp.o
[1.659s] [ 16%] Building CXX object CMakeFiles/orbbec_camera_node.dir/rclcpp_components/node_main_orbbec_camera_node.cpp.o
[1.659s] [ 16%] Building CXX object CMakeFiles/frame_latency_node.dir/rclcpp_components/node_main_frame_latency_node.cpp.o
[1.660s] [ 18%] Building CXX object CMakeFiles/orbbec_camera.dir/src/d2c_viewer.cpp.o
[1.660s] [ 20%] Building CXX object CMakeFiles/orbbec_camera.dir/src/ob_camera_node.cpp.o
[1.661s] [ 22%] Building CXX object CMakeFiles/start_benchmark_node.dir/rclcpp_components/node_main_start_benchmark_node.cpp.o
[1.661s] [ 24%] Building CXX object CMakeFiles/orbbec_camera.dir/src/ros_service.cpp.o
[1.661s] [ 26%] Building CXX object CMakeFiles/orbbec_camera.dir/src/utils.cpp.o
[1.662s] [ 30%] Building CXX object CMakeFiles/multi_save_rgbir.dir/tools/multi_save_rgbir.cpp.o
[1.662s] [ 30%] Building CXX object CMakeFiles/orbbec_camera.dir/src/image_publisher.cpp.o
[1.662s] [ 34%] Building CXX object CMakeFiles/orbbec_camera.dir/src/ob_camera_node_driver.cpp.o
[1.662s] [ 34%] Building CXX object CMakeFiles/orbbec_camera.dir/src/ob_lidar_node.cpp.o
[1.662s] [ 36%] Building CXX object CMakeFiles/orbbec_camera.dir/src/ros_param_backend.cpp.o
[1.663s] [ 38%] Building CXX object CMakeFiles/orbbec_camera.dir/src/synced_imu_publisher.cpp.o
[1.663s] [ 40%] Building CXX object CMakeFiles/orbbec_camera.dir/src/jpeg_decoder.cpp.o
[3.958s] [ 42%] Linking CXX executable orbbec_camera_node
[4.050s] [ 42%] Built target orbbec_camera_node
[4.277s] [ 44%] Linking CXX executable multi_save_rgbir_node
[4.362s] [ 44%] Built target multi_save_rgbir_node
[5.082s] [ 46%] Linking CXX executable frame_latency_node
[5.198s] [ 46%] Built target frame_latency_node
[5.504s] [ 48%] Linking CXX executable start_benchmark_node
[5.617s] [ 48%] Built target start_benchmark_node
[18.101s] [ 50%] Linking CXX shared library libstart_benchmark.so
[18.283s] [ 50%] Built target start_benchmark
[20.351s] [ 52%] Linking CXX shared library libmulti_save_rgbir.so
[20.587s] [ 52%] Built target multi_save_rgbir
[24.692s] [ 54%] Linking CXX shared library libframe_latency.so
[24.978s] [ 54%] Built target frame_latency
[30.272s] [ 56%] Linking CXX shared library liborbbec_camera.so
[30.623s] [ 56%] Built target orbbec_camera
[30.638s] [ 58%] Building CXX object CMakeFiles/topic_statistics_node.dir/tools/topic_statistics.cpp.o
[30.639s] [ 60%] Building CXX object CMakeFiles/435le_example_node.dir/examples/Gemini_435Le_example_node/camera_example_node.cpp.o
[30.641s] [ 62%] Building CXX object CMakeFiles/firmware_update_tool.dir/tools/firmware_update_tool.cpp.o
[30.641s] [ 64%] Building CXX object CMakeFiles/set_device_ip.dir/tools/ip_config_tool.cpp.o
[30.641s] [ 66%] Building CXX object CMakeFiles/list_camera_profile_mode_node.dir/tools/list_camera_profile.cpp.o
[30.644s] [ 70%] Building CXX object CMakeFiles/list_devices_node.dir/tools/list_devices_node.cpp.o
[30.644s] [ 70%] Building CXX object CMakeFiles/list_depth_work_mode_node.dir/tools/list_depth_work_mode.cpp.o
[30.646s] [ 72%] Building CXX object CMakeFiles/ob_benchmark_node.dir/tools/ob_benchmark.cpp.o
[30.647s] [ 74%] Building CXX object CMakeFiles/ip_config_tool.dir/tools/ip_config_tool.cpp.o
[30.648s] [ 76%] Building CXX object CMakeFiles/service_benchmark_node.dir/scripts/service_benchmark_node.cpp.o
[30.649s] [ 78%] Building CXX object CMakeFiles/image_sync_example_node.dir/examples/multi_camera_time_sync/image_sync_example_node.cpp.o
[36.533s] [ 80%] Linking CXX executable set_device_ip
[36.663s] [ 82%] Linking CXX executable ip_config_tool
[36.744s] [ 84%] Linking CXX executable list_devices_node
[36.747s] [ 84%] Built target set_device_ip
[36.807s] [ 86%] Linking CXX executable list_camera_profile_mode_node
[36.813s] [ 86%] Built target ip_config_tool
[37.135s] [ 86%] Built target list_devices_node
[37.153s] [ 86%] Built target list_camera_profile_mode_node
[37.176s] [ 88%] Linking CXX executable list_depth_work_mode_node
[37.292s] [ 88%] Built target list_depth_work_mode_node
[37.506s] [ 90%] Linking CXX executable firmware_update_tool
[37.654s] [ 90%] Built target firmware_update_tool
[39.836s] [ 92%] Linking CXX executable topic_statistics_node
[40.014s] [ 92%] Built target topic_statistics_node
[40.331s] [ 94%] Linking CXX executable 435le_example_node
[40.390s] [ 96%] Linking CXX executable ob_benchmark_node
[40.500s] [ 96%] Built target 435le_example_node
[40.524s] [ 96%] Built target ob_benchmark_node
[41.348s] [ 98%] Linking CXX executable image_sync_example_node
[41.694s] [ 98%] Built target image_sync_example_node
[43.505s] [100%] Linking CXX executable service_benchmark_node
[43.659s] [100%] Built target service_benchmark_node
[60.022s] Invoked command in '/home/sophie/isaac_lab/isaac_ws/rl_code/soarm100sim/third_party/orbbec_ws/build_287/orbbec_camera' returned '0': AMENT_PREFIX_PATH=/home/sophie/isaac_lab/isaac_ws/rl_code/soarm100sim/third_party/orbbec_ws/install_287/orbbec_camera_msgs:${AMENT_PREFIX_PATH} CMAKE_PREFIX_PATH=/home/sophie/isaac_lab/isaac_ws/rl_code/soarm100sim/third_party/orbbec_ws/install_287/orbbec_camera_msgs:/opt/ros/humble LD_LIBRARY_PATH=/home/sophie/isaac_lab/isaac_ws/rl_code/soarm100sim/third_party/orbbec_ws/install_287/orbbec_camera_msgs/lib:${LD_LIBRARY_PATH} PYTHONPATH=/home/sophie/isaac_lab/isaac_ws/rl_code/soarm100sim/third_party/orbbec_ws/install_287/orbbec_camera_msgs/local/lib/python3.10/dist-packages:${PYTHONPATH} /usr/bin/cmake --build /home/sophie/isaac_lab/isaac_ws/rl_code/soarm100sim/third_party/orbbec_ws/build_287/orbbec_camera -- -j32 -l32
[60.024s] Invoking command in '/home/sophie/isaac_lab/isaac_ws/rl_code/soarm100sim/third_party/orbbec_ws/build_287/orbbec_camera': AMENT_PREFIX_PATH=/home/sophie/isaac_lab/isaac_ws/rl_code/soarm100sim/third_party/orbbec_ws/install_287/orbbec_camera_msgs:${AMENT_PREFIX_PATH} CMAKE_PREFIX_PATH=/home/sophie/isaac_lab/isaac_ws/rl_code/soarm100sim/third_party/orbbec_ws/install_287/orbbec_camera_msgs:/opt/ros/humble LD_LIBRARY_PATH=/home/sophie/isaac_lab/isaac_ws/rl_code/soarm100sim/third_party/orbbec_ws/install_287/orbbec_camera_msgs/lib:${LD_LIBRARY_PATH} PYTHONPATH=/home/sophie/isaac_lab/isaac_ws/rl_code/soarm100sim/third_party/orbbec_ws/install_287/orbbec_camera_msgs/local/lib/python3.10/dist-packages:${PYTHONPATH} /usr/bin/cmake --install /home/sophie/isaac_lab/isaac_ws/rl_code/soarm100sim/third_party/orbbec_ws/build_287/orbbec_camera
[60.036s] -- Install configuration: "Release"
[60.036s] -- Installing: /home/sophie/isaac_lab/isaac_ws/rl_code/soarm100sim/third_party/orbbec_ws/install_287/orbbec_camera/lib/orbbec_camera/orbbec_camera_node
[60.036s] -- Set runtime path of "/home/sophie/isaac_lab/isaac_ws/rl_code/soarm100sim/third_party/orbbec_ws/install_287/orbbec_camera/lib/orbbec_camera/orbbec_camera_node" to ":/home/sophie/isaac_lab/isaac_ws/rl_code/soarm100sim/third_party/orbbec_sdk_2_8_7_root/opt/OrbbecSDK_v2.8.7/lib"
[60.037s] -- Installing: /home/sophie/isaac_lab/isaac_ws/rl_code/soarm100sim/third_party/orbbec_ws/install_287/orbbec_camera/lib/orbbec_camera/common_benchmark_node.py
[60.037s] -- Installing: /home/sophie/isaac_lab/isaac_ws/rl_code/soarm100sim/third_party/orbbec_ws/install_287/orbbec_camera/lib/orbbec_camera/service_benchmark_node.py
[60.037s] -- Installing: /home/sophie/isaac_lab/isaac_ws/rl_code/soarm100sim/third_party/orbbec_ws/install_287/orbbec_camera/lib/orbbec_camera/frame_latency_node
[60.037s] -- Set runtime path of "/home/sophie/isaac_lab/isaac_ws/rl_code/soarm100sim/third_party/orbbec_ws/install_287/orbbec_camera/lib/orbbec_camera/frame_latency_node" to ":/home/sophie/isaac_lab/isaac_ws/rl_code/soarm100sim/third_party/orbbec_sdk_2_8_7_root/opt/OrbbecSDK_v2.8.7/lib"
[60.037s] -- Installing: /home/sophie/isaac_lab/isaac_ws/rl_code/soarm100sim/third_party/orbbec_ws/install_287/orbbec_camera/lib/orbbec_camera/start_benchmark_node
[60.037s] -- Set runtime path of "/home/sophie/isaac_lab/isaac_ws/rl_code/soarm100sim/third_party/orbbec_ws/install_287/orbbec_camera/lib/orbbec_camera/start_benchmark_node" to ":/home/sophie/isaac_lab/isaac_ws/rl_code/soarm100sim/third_party/orbbec_sdk_2_8_7_root/opt/OrbbecSDK_v2.8.7/lib"
[60.037s] -- Installing: /home/sophie/isaac_lab/isaac_ws/rl_code/soarm100sim/third_party/orbbec_ws/install_287/orbbec_camera/lib/orbbec_camera/multi_save_rgbir_node
[60.037s] -- Set runtime path of "/home/sophie/isaac_lab/isaac_ws/rl_code/soarm100sim/third_party/orbbec_ws/install_287/orbbec_camera/lib/orbbec_camera/multi_save_rgbir_node" to ":/home/sophie/isaac_lab/isaac_ws/rl_code/soarm100sim/third_party/orbbec_sdk_2_8_7_root/opt/OrbbecSDK_v2.8.7/lib"
[60.037s] -- Installing: /home/sophie/isaac_lab/isaac_ws/rl_code/soarm100sim/third_party/orbbec_ws/install_287/orbbec_camera/lib/liborbbec_camera.so
[60.042s] -- Set runtime path of "/home/sophie/isaac_lab/isaac_ws/rl_code/soarm100sim/third_party/orbbec_ws/install_287/orbbec_camera/lib/liborbbec_camera.so" to ":/home/sophie/isaac_lab/isaac_ws/rl_code/soarm100sim/third_party/orbbec_sdk_2_8_7_root/opt/OrbbecSDK_v2.8.7/lib"
[60.042s] -- Installing: /home/sophie/isaac_lab/isaac_ws/rl_code/soarm100sim/third_party/orbbec_ws/install_287/orbbec_camera/lib/libframe_latency.so
[60.046s] -- Set runtime path of "/home/sophie/isaac_lab/isaac_ws/rl_code/soarm100sim/third_party/orbbec_ws/install_287/orbbec_camera/lib/libframe_latency.so" to ":/home/sophie/isaac_lab/isaac_ws/rl_code/soarm100sim/third_party/orbbec_sdk_2_8_7_root/opt/OrbbecSDK_v2.8.7/lib"
[60.046s] -- Installing: /home/sophie/isaac_lab/isaac_ws/rl_code/soarm100sim/third_party/orbbec_ws/install_287/orbbec_camera/lib/libstart_benchmark.so
[60.047s] -- Set runtime path of "/home/sophie/isaac_lab/isaac_ws/rl_code/soarm100sim/third_party/orbbec_ws/install_287/orbbec_camera/lib/libstart_benchmark.so" to ":/home/sophie/isaac_lab/isaac_ws/rl_code/soarm100sim/third_party/orbbec_sdk_2_8_7_root/opt/OrbbecSDK_v2.8.7/lib"
[60.047s] -- Installing: /home/sophie/isaac_lab/isaac_ws/rl_code/soarm100sim/third_party/orbbec_ws/install_287/orbbec_camera/lib/libmulti_save_rgbir.so
[60.049s] -- Set runtime path of "/home/sophie/isaac_lab/isaac_ws/rl_code/soarm100sim/third_party/orbbec_ws/install_287/orbbec_camera/lib/libmulti_save_rgbir.so" to ":/home/sophie/isaac_lab/isaac_ws/rl_code/soarm100sim/third_party/orbbec_sdk_2_8_7_root/opt/OrbbecSDK_v2.8.7/lib"
[60.049s] -- Installing: /home/sophie/isaac_lab/isaac_ws/rl_code/soarm100sim/third_party/orbbec_ws/install_287/orbbec_camera/include
[60.049s] -- Installing: /home/sophie/isaac_lab/isaac_ws/rl_code/soarm100sim/third_party/orbbec_ws/install_287/orbbec_camera/include/orbbec_camera
[60.049s] -- Installing: /home/sophie/isaac_lab/isaac_ws/rl_code/soarm100sim/third_party/orbbec_ws/install_287/orbbec_camera/include/orbbec_camera/frame_timestamp_csv_logger.h
[60.049s] -- Installing: /home/sophie/isaac_lab/isaac_ws/rl_code/soarm100sim/third_party/orbbec_ws/install_287/orbbec_camera/include/orbbec_camera/dynamic_params.h
[60.049s] -- Installing: /home/sophie/isaac_lab/isaac_ws/rl_code/soarm100sim/third_party/orbbec_ws/install_287/orbbec_camera/include/orbbec_camera/ob_camera_node_driver.h
[60.049s] -- Installing: /home/sophie/isaac_lab/isaac_ws/rl_code/soarm100sim/third_party/orbbec_ws/install_287/orbbec_camera/include/orbbec_camera/jpeg_decoder.h
[60.049s] -- Installing: /home/sophie/isaac_lab/isaac_ws/rl_code/soarm100sim/third_party/orbbec_ws/install_287/orbbec_camera/include/orbbec_camera/ob_lidar_node.h
[60.049s] -- Installing: /home/sophie/isaac_lab/isaac_ws/rl_code/soarm100sim/third_party/orbbec_ws/install_287/orbbec_camera/include/orbbec_camera/synced_imu_publisher.h
[60.049s] -- Installing: /home/sophie/isaac_lab/isaac_ws/rl_code/soarm100sim/third_party/orbbec_ws/install_287/orbbec_camera/include/orbbec_camera/fps_counter.hpp
[60.049s] -- Installing: /home/sophie/isaac_lab/isaac_ws/rl_code/soarm100sim/third_party/orbbec_ws/install_287/orbbec_camera/include/orbbec_camera/jetson_nv_decoder.h
[60.049s] -- Installing: /home/sophie/isaac_lab/isaac_ws/rl_code/soarm100sim/third_party/orbbec_ws/install_287/orbbec_camera/include/orbbec_camera/image_publisher.h
[60.050s] -- Installing: /home/sophie/isaac_lab/isaac_ws/rl_code/soarm100sim/third_party/orbbec_ws/install_287/orbbec_camera/include/orbbec_camera/utils.h
[60.050s] -- Installing: /home/sophie/isaac_lab/isaac_ws/rl_code/soarm100sim/third_party/orbbec_ws/install_287/orbbec_camera/include/orbbec_camera/constants.h
[60.050s] -- Installing: /home/sophie/isaac_lab/isaac_ws/rl_code/soarm100sim/third_party/orbbec_ws/install_287/orbbec_camera/include/orbbec_camera/rk_mpp_decoder.h
[60.050s] -- Installing: /home/sophie/isaac_lab/isaac_ws/rl_code/soarm100sim/third_party/orbbec_ws/install_287/orbbec_camera/include/orbbec_camera/ros_param_backend.h
[60.050s] -- Installing: /home/sophie/isaac_lab/isaac_ws/rl_code/soarm100sim/third_party/orbbec_ws/install_287/orbbec_camera/include/orbbec_camera/fps_delay_status.hpp
[60.050s] -- Installing: /home/sophie/isaac_lab/isaac_ws/rl_code/soarm100sim/third_party/orbbec_ws/install_287/orbbec_camera/include/orbbec_camera/d2c_viewer.h
[60.050s] -- Installing: /home/sophie/isaac_lab/isaac_ws/rl_code/soarm100sim/third_party/orbbec_ws/install_287/orbbec_camera/include/orbbec_camera/ob_camera_node.h
[60.050s] -- Installing: /home/sophie/isaac_lab/isaac_ws/rl_code/soarm100sim/third_party/orbbec_ws/install_287/orbbec_camera/include/magic_enum
[60.050s] -- Installing: /home/sophie/isaac_lab/isaac_ws/rl_code/soarm100sim/third_party/orbbec_ws/install_287/orbbec_camera/include/magic_enum/magic_enum.hpp
[60.050s] -- Installing: /home/sophie/isaac_lab/isaac_ws/rl_code/soarm100sim/third_party/orbbec_ws/install_287/orbbec_camera/share/orbbec_camera//launch
[60.050s] -- Installing: /home/sophie/isaac_lab/isaac_ws/rl_code/soarm100sim/third_party/orbbec_ws/install_287/orbbec_camera/share/orbbec_camera//launch/gemini_intra_process_demo_launch.py
[60.050s] -- Installing: /home/sophie/isaac_lab/isaac_ws/rl_code/soarm100sim/third_party/orbbec_ws/install_287/orbbec_camera/share/orbbec_camera//launch/dabai_max_pro.launch.py
[60.050s] -- Installing: /home/sophie/isaac_lab/isaac_ws/rl_code/soarm100sim/third_party/orbbec_ws/install_287/orbbec_camera/share/orbbec_camera//launch/gemini345_lg.launch.py
[60.050s] -- Installing: /home/sophie/isaac_lab/isaac_ws/rl_code/soarm100sim/third_party/orbbec_ws/install_287/orbbec_camera/share/orbbec_camera//launch/gemini_330_series_low_cpu.launch.py
[60.050s] -- Installing: /home/sophie/isaac_lab/isaac_ws/rl_code/soarm100sim/third_party/orbbec_ws/install_287/orbbec_camera/share/orbbec_camera//launch/femto.launch.py
[60.050s] -- Installing: /home/sophie/isaac_lab/isaac_ws/rl_code/soarm100sim/third_party/orbbec_ws/install_287/orbbec_camera/share/orbbec_camera//launch/gemini435_le.launch.py
[60.050s] -- Installing: /home/sophie/isaac_lab/isaac_ws/rl_code/soarm100sim/third_party/orbbec_ws/install_287/orbbec_camera/share/orbbec_camera//launch/dabai_dcw2.launch.py
[60.050s] -- Installing: /home/sophie/isaac_lab/isaac_ws/rl_code/soarm100sim/third_party/orbbec_ws/install_287/orbbec_camera/share/orbbec_camera//launch/multi_camera.launch.py
[60.050s] -- Installing: /home/sophie/isaac_lab/isaac_ws/rl_code/soarm100sim/third_party/orbbec_ws/install_287/orbbec_camera/share/orbbec_camera//launch/gemini345.launch.py
[60.050s] -- Installing: /home/sophie/isaac_lab/isaac_ws/rl_code/soarm100sim/third_party/orbbec_ws/install_287/orbbec_camera/share/orbbec_camera//launch/orbbec_multicamera.launch.py
[60.050s] -- Installing: /home/sophie/isaac_lab/isaac_ws/rl_code/soarm100sim/third_party/orbbec_ws/install_287/orbbec_camera/share/orbbec_camera//launch/astra2.launch.py
[60.050s] -- Installing: /home/sophie/isaac_lab/isaac_ws/rl_code/soarm100sim/third_party/orbbec_ws/install_287/orbbec_camera/share/orbbec_camera//launch/femto_mega.launch.py
[60.050s] -- Installing: /home/sophie/isaac_lab/isaac_ws/rl_code/soarm100sim/third_party/orbbec_ws/install_287/orbbec_camera/share/orbbec_camera//launch/orbbec_camera.launch.py
[60.051s] -- Installing: /home/sophie/isaac_lab/isaac_ws/rl_code/soarm100sim/third_party/orbbec_ws/install_287/orbbec_camera/share/orbbec_camera//launch/gemini_330_series.launch.py
[60.051s] -- Installing: /home/sophie/isaac_lab/isaac_ws/rl_code/soarm100sim/third_party/orbbec_ws/install_287/orbbec_camera/share/orbbec_camera//launch/dabai_al.launch.py
[60.051s] -- Installing: /home/sophie/isaac_lab/isaac_ws/rl_code/soarm100sim/third_party/orbbec_ws/install_287/orbbec_camera/share/orbbec_camera//launch/astra.launch.py
[60.051s] -- Installing: /home/sophie/isaac_lab/isaac_ws/rl_code/soarm100sim/third_party/orbbec_ws/install_287/orbbec_camera/share/orbbec_camera//launch/gemini2.launch.py
[60.051s] -- Installing: /home/sophie/isaac_lab/isaac_ws/rl_code/soarm100sim/third_party/orbbec_ws/install_287/orbbec_camera/share/orbbec_camera//launch/gemini305.launch.py
[60.051s] -- Installing: /home/sophie/isaac_lab/isaac_ws/rl_code/soarm100sim/third_party/orbbec_ws/install_287/orbbec_camera/share/orbbec_camera//launch/multi_lidar.launch.py
[60.051s] -- Installing: /home/sophie/isaac_lab/isaac_ws/rl_code/soarm100sim/third_party/orbbec_ws/install_287/orbbec_camera/share/orbbec_camera//launch/gemini305_g.launch.py
[60.051s] -- Installing: /home/sophie/isaac_lab/isaac_ws/rl_code/soarm100sim/third_party/orbbec_ws/install_287/orbbec_camera/share/orbbec_camera//launch/dabai_a.launch.py
[60.051s] -- Installing: /home/sophie/isaac_lab/isaac_ws/rl_code/soarm100sim/third_party/orbbec_ws/install_287/orbbec_camera/share/orbbec_camera//launch/femto_bolt.launch.py
[60.051s] -- Installing: /home/sophie/isaac_lab/isaac_ws/rl_code/soarm100sim/third_party/orbbec_ws/install_287/orbbec_camera/share/orbbec_camera//launch/multi_camera_synced.launch.py
[60.051s] -- Installing: /home/sophie/isaac_lab/isaac_ws/rl_code/soarm100sim/third_party/orbbec_ws/install_287/orbbec_camera/share/orbbec_camera//launch/utils_yaml.py
[60.051s] -- Installing: /home/sophie/isaac_lab/isaac_ws/rl_code/soarm100sim/third_party/orbbec_ws/install_287/orbbec_camera/share/orbbec_camera//launch/gemini2L.launch.py
[60.051s] -- Installing: /home/sophie/isaac_lab/isaac_ws/rl_code/soarm100sim/third_party/orbbec_ws/install_287/orbbec_camera/share/orbbec_camera//launch/lidar.launch.py
[60.051s] -- Installing: /home/sophie/isaac_lab/isaac_ws/rl_code/soarm100sim/third_party/orbbec_ws/install_287/orbbec_camera/share/orbbec_camera//launch/gemini210.launch.py
[60.051s] -- Installing: /home/sophie/isaac_lab/isaac_ws/rl_code/soarm100sim/third_party/orbbec_ws/install_287/orbbec_camera/share/orbbec_camera//config
[60.051s] -- Installing: /home/sophie/isaac_lab/isaac_ws/rl_code/soarm100sim/third_party/orbbec_ws/install_287/orbbec_camera/share/orbbec_camera//config/gemini330_series.yaml
[60.051s] -- Installing: /home/sophie/isaac_lab/isaac_ws/rl_code/soarm100sim/third_party/orbbec_ws/install_287/orbbec_camera/share/orbbec_camera//config/camera_secondary_params.yaml
[60.051s] -- Installing: /home/sophie/isaac_lab/isaac_ws/rl_code/soarm100sim/third_party/orbbec_ws/install_287/orbbec_camera/share/orbbec_camera//config/depthfilter
[60.051s] -- Installing: /home/sophie/isaac_lab/isaac_ws/rl_code/soarm100sim/third_party/orbbec_ws/install_287/orbbec_camera/share/orbbec_camera//config/depthfilter/Gemini2_v1.7.json
[60.051s] -- Installing: /home/sophie/isaac_lab/isaac_ws/rl_code/soarm100sim/third_party/orbbec_ws/install_287/orbbec_camera/share/orbbec_camera//config/depthfilter/Openni_device.json
[60.051s] -- Installing: /home/sophie/isaac_lab/isaac_ws/rl_code/soarm100sim/third_party/orbbec_ws/install_287/orbbec_camera/share/orbbec_camera//config/gemini330Lg_series.yaml
[60.052s] -- Installing: /home/sophie/isaac_lab/isaac_ws/rl_code/soarm100sim/third_party/orbbec_ws/install_287/orbbec_camera/share/orbbec_camera//config/femto_bolt.yaml
[60.052s] -- Installing: /home/sophie/isaac_lab/isaac_ws/rl_code/soarm100sim/third_party/orbbec_ws/install_287/orbbec_camera/share/orbbec_camera//config/common.yaml
[60.052s] -- Installing: /home/sophie/isaac_lab/isaac_ws/rl_code/soarm100sim/third_party/orbbec_ws/install_287/orbbec_camera/share/orbbec_camera//config/tools
[60.052s] -- Installing: /home/sophie/isaac_lab/isaac_ws/rl_code/soarm100sim/third_party/orbbec_ws/install_287/orbbec_camera/share/orbbec_camera//config/tools/startbenchmark
[60.052s] -- Installing: /home/sophie/isaac_lab/isaac_ws/rl_code/soarm100sim/third_party/orbbec_ws/install_287/orbbec_camera/share/orbbec_camera//config/tools/startbenchmark/start_benchmark_params.json
[60.052s] -- Installing: /home/sophie/isaac_lab/isaac_ws/rl_code/soarm100sim/third_party/orbbec_ws/install_287/orbbec_camera/share/orbbec_camera//config/tools/multisavergbir
[60.052s] -- Installing: /home/sophie/isaac_lab/isaac_ws/rl_code/soarm100sim/third_party/orbbec_ws/install_287/orbbec_camera/share/orbbec_camera//config/tools/multisavergbir/multi_save_rgbir_params.json
[60.052s] -- Installing: /home/sophie/isaac_lab/isaac_ws/rl_code/soarm100sim/third_party/orbbec_ws/install_287/orbbec_camera/share/orbbec_camera//config/gemini305_dual_color.yaml
[60.052s] -- Installing: /home/sophie/isaac_lab/isaac_ws/rl_code/soarm100sim/third_party/orbbec_ws/install_287/orbbec_camera/share/orbbec_camera//config/gemini2.yaml
[60.052s] -- Installing: /home/sophie/isaac_lab/isaac_ws/rl_code/soarm100sim/third_party/orbbec_ws/install_287/orbbec_camera/share/orbbec_camera//config/.gitkeep
[60.052s] -- Installing: /home/sophie/isaac_lab/isaac_ws/rl_code/soarm100sim/third_party/orbbec_ws/install_287/orbbec_camera/share/orbbec_camera//config/astra2.yaml
[60.052s] -- Installing: /home/sophie/isaac_lab/isaac_ws/rl_code/soarm100sim/third_party/orbbec_ws/install_287/orbbec_camera/share/orbbec_camera//config/femto_mega.yaml
[60.052s] -- Installing: /home/sophie/isaac_lab/isaac_ws/rl_code/soarm100sim/third_party/orbbec_ws/install_287/orbbec_camera/share/orbbec_camera//config/femto.yaml
[60.052s] -- Installing: /home/sophie/isaac_lab/isaac_ws/rl_code/soarm100sim/third_party/orbbec_ws/install_287/orbbec_camera/share/orbbec_camera//config/gemini2L.yaml
[60.052s] -- Installing: /home/sophie/isaac_lab/isaac_ws/rl_code/soarm100sim/third_party/orbbec_ws/install_287/orbbec_camera/share/orbbec_camera//config/camera_params.yaml
[60.052s] -- Installing: /home/sophie/isaac_lab/isaac_ws/rl_code/soarm100sim/third_party/orbbec_ws/install_287/orbbec_camera/share/orbbec_camera//config/OrbbecSDKConfig_v2.0.xml
[60.052s] -- Installing: /home/sophie/isaac_lab/isaac_ws/rl_code/soarm100sim/third_party/orbbec_ws/install_287/orbbec_camera/share/orbbec_camera//config/gemini2L_dual_ir.yaml
[60.052s] -- Installing: /home/sophie/isaac_lab/isaac_ws/rl_code/soarm100sim/third_party/orbbec_ws/install_287/orbbec_camera/share/orbbec_camera//examples
[60.052s] -- Installing: /home/sophie/isaac_lab/isaac_ws/rl_code/soarm100sim/third_party/orbbec_ws/install_287/orbbec_camera/share/orbbec_camera//examples/README.MD
[60.052s] -- Installing: /home/sophie/isaac_lab/isaac_ws/rl_code/soarm100sim/third_party/orbbec_ws/install_287/orbbec_camera/share/orbbec_camera//examples/multi_camera_synced_verification_tool
[60.052s] -- Installing: /home/sophie/isaac_lab/isaac_ws/rl_code/soarm100sim/third_party/orbbec_ws/install_287/orbbec_camera/share/orbbec_camera//examples/multi_camera_synced_verification_tool/gemini_synced_verify.launch.py
[60.052s] -- Installing: /home/sophie/isaac_lab/isaac_ws/rl_code/soarm100sim/third_party/orbbec_ws/install_287/orbbec_camera/share/orbbec_camera//examples/multi_camera_synced_verification_tool/multicamera_sync
[60.052s] -- Installing: /home/sophie/isaac_lab/isaac_ws/rl_code/soarm100sim/third_party/orbbec_ws/install_287/orbbec_camera/share/orbbec_camera//examples/multi_camera_synced_verification_tool/multicamera_sync/Python
[60.053s] -- Installing: /home/sophie/isaac_lab/isaac_ws/rl_code/soarm100sim/third_party/orbbec_ws/install_287/orbbec_camera/share/orbbec_camera//examples/multi_camera_synced_verification_tool/multicamera_sync/Python/README.md
[60.053s] -- Installing: /home/sophie/isaac_lab/isaac_ws/rl_code/soarm100sim/third_party/orbbec_ws/install_287/orbbec_camera/share/orbbec_camera//examples/multi_camera_synced_verification_tool/multicamera_sync/Python/SyncFramesMain.py
[60.053s] -- Installing: /home/sophie/isaac_lab/isaac_ws/rl_code/soarm100sim/third_party/orbbec_ws/install_287/orbbec_camera/share/orbbec_camera//examples/multi_camera_synced_verification_tool/multicamera_sync/Python/Config.ini
[60.053s] -- Installing: /home/sophie/isaac_lab/isaac_ws/rl_code/soarm100sim/third_party/orbbec_ws/install_287/orbbec_camera/share/orbbec_camera//examples/multi_camera_synced_verification_tool/multicamera_sync/Python/script
[60.053s] -- Installing: /home/sophie/isaac_lab/isaac_ws/rl_code/soarm100sim/third_party/orbbec_ws/install_287/orbbec_camera/share/orbbec_camera//examples/multi_camera_synced_verification_tool/multicamera_sync/Python/script/config_frameMatch-Astra2_new.py
[60.053s] -- Installing: /home/sophie/isaac_lab/isaac_ws/rl_code/soarm100sim/third_party/orbbec_ws/install_287/orbbec_camera/share/orbbec_camera//examples/multi_camera_synced_verification_tool/multicamera_sync/Python/script/config_frameMatch.py
[60.053s] -- Installing: /home/sophie/isaac_lab/isaac_ws/rl_code/soarm100sim/third_party/orbbec_ws/install_287/orbbec_camera/share/orbbec_camera//examples/multi_camera_synced_verification_tool/multicamera_sync/Python/script/config_frameMatch_Gemini2VL.py
[60.053s] -- Installing: /home/sophie/isaac_lab/isaac_ws/rl_code/soarm100sim/third_party/orbbec_ws/install_287/orbbec_camera/share/orbbec_camera//examples/multi_camera_synced_verification_tool/multicamera_sync/Python/script/config_frameMatch-systemTimestamp.py
[60.053s] -- Installing: /home/sophie/isaac_lab/isaac_ws/rl_code/soarm100sim/third_party/orbbec_ws/install_287/orbbec_camera/share/orbbec_camera//examples/multi_camera_synced_verification_tool/multicamera_sync/Python/script/config_frameMatch_g330.py
[60.053s] -- Installing: /home/sophie/isaac_lab/isaac_ws/rl_code/soarm100sim/third_party/orbbec_ws/install_287/orbbec_camera/share/orbbec_camera//examples/multi_camera_synced_verification_tool/multicamera_sync/output
[60.053s] -- Installing: /home/sophie/isaac_lab/isaac_ws/rl_code/soarm100sim/third_party/orbbec_ws/install_287/orbbec_camera/share/orbbec_camera//examples/multi_camera_synced_verification_tool/multicamera_sync/output/20250218102900
[60.053s] -- Installing: /home/sophie/isaac_lab/isaac_ws/rl_code/soarm100sim/third_party/orbbec_ws/install_287/orbbec_camera/share/orbbec_camera//examples/multi_camera_synced_verification_tool/multicamera_sync/output/20250218102900/results-2025-02-25_163648
[60.053s] -- Installing: /home/sophie/isaac_lab/isaac_ws/rl_code/soarm100sim/third_party/orbbec_ws/install_287/orbbec_camera/share/orbbec_camera//examples/multi_camera_synced_verification_tool/multicamera_sync/output/20250218102900/results-2025-02-25_163648/frameMatchLog.txt
[60.053s] -- Installing: /home/sophie/isaac_lab/isaac_ws/rl_code/soarm100sim/third_party/orbbec_ws/install_287/orbbec_camera/share/orbbec_camera//examples/multi_camera_synced_verification_tool/multicamera_sync/output/20250218102900/results-2025-02-25_163648/matchFrames
[60.053s] -- Installing: /home/sophie/isaac_lab/isaac_ws/rl_code/soarm100sim/third_party/orbbec_ws/install_287/orbbec_camera/share/orbbec_camera//examples/multi_camera_synced_verification_tool/multicamera_sync/output/20250218102900/results-2025-02-25_163648/matchFrames/2_color_SNCP1L44P00051_Index1_1739874543460_[0].jpg
[60.053s] -- Installing: /home/sophie/isaac_lab/isaac_ws/rl_code/soarm100sim/third_party/orbbec_ws/install_287/orbbec_camera/share/orbbec_camera//examples/multi_camera_synced_verification_tool/multicamera_sync/output/20250218102900/results-2025-02-25_163648/matchFrames/4_ir_left_SNCP1E5420006D_Index0_1739874543361_[1].jpg
[60.053s] -- Installing: /home/sophie/isaac_lab/isaac_ws/rl_code/soarm100sim/third_party/orbbec_ws/install_287/orbbec_camera/share/orbbec_camera//examples/multi_camera_synced_verification_tool/multicamera_sync/output/20250218102900/results-2025-02-25_163648/matchFrames/7_ir_left_SNCP1L44P00051_Index1_1739874543427_[0].jpg
[60.053s] -- Installing: /home/sophie/isaac_lab/isaac_ws/rl_code/soarm100sim/third_party/orbbec_ws/install_287/orbbec_camera/share/orbbec_camera//examples/multi_camera_synced_verification_tool/multicamera_sync/output/20250218102900/results-2025-02-25_163648/matchFrames/7_ir_left_SNCP1E5420006D_Index0_1739874543427_[0].jpg
[60.053s] -- Installing: /home/sophie/isaac_lab/isaac_ws/rl_code/soarm100sim/third_party/orbbec_ws/install_287/orbbec_camera/share/orbbec_camera//examples/multi_camera_synced_verification_tool/multicamera_sync/output/20250218102900/results-2025-02-25_163648/matchFrames/3_ir_left_SNCP1E5420006D_Index0_1739874543260_[0].jpg
[60.053s] -- Installing: /home/sophie/isaac_lab/isaac_ws/rl_code/soarm100sim/third_party/orbbec_ws/install_287/orbbec_camera/share/orbbec_camera//examples/multi_camera_synced_verification_tool/multicamera_sync/output/20250218102900/results-2025-02-25_163648/matchFrames/1_ir_left_SNCP1E5420006D_Index0_1739874543494_[0].jpg
[60.054s] -- Installing: /home/sophie/isaac_lab/isaac_ws/rl_code/soarm100sim/third_party/orbbec_ws/install_287/orbbec_camera/share/orbbec_camera//examples/multi_camera_synced_verification_tool/multicamera_sync/output/20250218102900/results-2025-02-25_163648/matchFrames/2_ir_left_SNCP1E5420006D_Index0_1739874543461_[1].jpg
[60.054s] -- Installing: /home/sophie/isaac_lab/isaac_ws/rl_code/soarm100sim/third_party/orbbec_ws/install_287/orbbec_camera/share/orbbec_camera//examples/multi_camera_synced_verification_tool/multicamera_sync/output/20250218102900/results-2025-02-25_163648/matchFrames/2_ir_left_SNCP1L44P00051_Index1_1739874543460_[0].jpg
[60.054s] -- Installing: /home/sophie/isaac_lab/isaac_ws/rl_code/soarm100sim/third_party/orbbec_ws/install_287/orbbec_camera/share/orbbec_camera//examples/multi_camera_synced_verification_tool/multicamera_sync/output/20250218102900/results-2025-02-25_163648/matchFrames/1_color_SNCP1E5420006D_Index0_1739874543494_[0].jpg
[60.054s] -- Installing: /home/sophie/isaac_lab/isaac_ws/rl_code/soarm100sim/third_party/orbbec_ws/install_287/orbbec_camera/share/orbbec_camera//examples/multi_camera_synced_verification_tool/multicamera_sync/output/20250218102900/results-2025-02-25_163648/matchFrames/9_ir_left_SNCP1L44P00051_Index1_1739874543394_[1].jpg
[60.054s] -- Installing: /home/sophie/isaac_lab/isaac_ws/rl_code/soarm100sim/third_party/orbbec_ws/install_287/orbbec_camera/share/orbbec_camera//examples/multi_camera_synced_verification_tool/multicamera_sync/output/20250218102900/results-2025-02-25_163648/matchFrames/6_ir_left_SNCP1E5420006D_Index0_1739874543561_[1].jpg
[60.054s] -- Installing: /home/sophie/isaac_lab/isaac_ws/rl_code/soarm100sim/third_party/orbbec_ws/install_287/orbbec_camera/share/orbbec_camera//examples/multi_camera_synced_verification_tool/multicamera_sync/output/20250218102900/results-2025-02-25_163648/matchFrames/10_ir_left_SNCP1L44P00051_Index1_1739874543227_[0].jpg
[60.054s] -- Installing: /home/sophie/isaac_lab/isaac_ws/rl_code/soarm100sim/third_party/orbbec_ws/install_287/orbbec_camera/share/orbbec_camera//examples/multi_camera_synced_verification_tool/multicamera_sync/output/20250218102900/results-2025-02-25_163648/matchFrames/0_color_SNCP1L44P00051_Index1_1739874543527_[0].jpg
[60.054s] -- Installing: /home/sophie/isaac_lab/isaac_ws/rl_code/soarm100sim/third_party/orbbec_ws/install_287/orbbec_camera/share/orbbec_camera//examples/multi_camera_synced_verification_tool/multicamera_sync/output/20250218102900/results-2025-02-25_163648/matchFrames/8_color_SNCP1L44P00051_Index1_1739874543293_[0].jpg
[60.054s] -- Installing: /home/sophie/isaac_lab/isaac_ws/rl_code/soarm100sim/third_party/orbbec_ws/install_287/orbbec_camera/share/orbbec_camera//examples/multi_camera_synced_verification_tool/multicamera_sync/output/20250218102900/results-2025-02-25_163648/matchFrames/0_ir_left_SNCP1L44P00051_Index1_1739874543527_[0].jpg
[60.054s] -- Installing: /home/sophie/isaac_lab/isaac_ws/rl_code/soarm100sim/third_party/orbbec_ws/install_287/orbbec_camera/share/orbbec_camera//examples/multi_camera_synced_verification_tool/multicamera_sync/output/20250218102900/results-2025-02-25_163648/matchFrames/8_color_SNCP1E5420006D_Index0_1739874543294_[1].jpg
[60.054s] -- Installing: /home/sophie/isaac_lab/isaac_ws/rl_code/soarm100sim/third_party/orbbec_ws/install_287/orbbec_camera/share/orbbec_camera//examples/multi_camera_synced_verification_tool/multicamera_sync/output/20250218102900/results-2025-02-25_163648/matchFrames/2_color_SNCP1E5420006D_Index0_1739874543461_[1].jpg
[60.055s] -- Installing: /home/sophie/isaac_lab/isaac_ws/rl_code/soarm100sim/third_party/orbbec_ws/install_287/orbbec_camera/share/orbbec_camera//examples/multi_camera_synced_verification_tool/multicamera_sync/output/20250218102900/results-2025-02-25_163648/matchFrames/4_ir_left_SNCP1L44P00051_Index1_1739874543360_[0].jpg
[60.055s] -- Installing: /home/sophie/isaac_lab/isaac_ws/rl_code/soarm100sim/third_party/orbbec_ws/install_287/orbbec_camera/share/orbbec_camera//examples/multi_camera_synced_verification_tool/multicamera_sync/output/20250218102900/results-2025-02-25_163648/matchFrames/6_color_SNCP1L44P00051_Index1_1739874543560_[0].jpg
[60.055s] -- Installing: /home/sophie/isaac_lab/isaac_ws/rl_code/soarm100sim/third_party/orbbec_ws/install_287/orbbec_camera/share/orbbec_camera//examples/multi_camera_synced_verification_tool/multicamera_sync/output/20250218102900/results-2025-02-25_163648/matchFrames/8_ir_left_SNCP1E5420006D_Index0_1739874543294_[1].jpg
[60.055s] -- Installing: /home/sophie/isaac_lab/isaac_ws/rl_code/soarm100sim/third_party/orbbec_ws/install_287/orbbec_camera/share/orbbec_camera//examples/multi_camera_synced_verification_tool/multicamera_sync/output/20250218102900/results-2025-02-25_163648/matchFrames/10_color_SNCP1E5420006D_Index0_1739874543227_[0].jpg
[60.055s] -- Installing: /home/sophie/isaac_lab/isaac_ws/rl_code/soarm100sim/third_party/orbbec_ws/install_287/orbbec_camera/share/orbbec_camera//examples/multi_camera_synced_verification_tool/multicamera_sync/output/20250218102900/results-2025-02-25_163648/matchFrames/1_color_SNCP1L44P00051_Index1_1739874543494_[0].jpg
[60.055s] -- Installing: /home/sophie/isaac_lab/isaac_ws/rl_code/soarm100sim/third_party/orbbec_ws/install_287/orbbec_camera/share/orbbec_camera//examples/multi_camera_synced_verification_tool/multicamera_sync/output/20250218102900/results-2025-02-25_163648/matchFrames/6_ir_left_SNCP1L44P00051_Index1_1739874543560_[0].jpg
[60.055s] -- Installing: /home/sophie/isaac_lab/isaac_ws/rl_code/soarm100sim/third_party/orbbec_ws/install_287/orbbec_camera/share/orbbec_camera//examples/multi_camera_synced_verification_tool/multicamera_sync/output/20250218102900/results-2025-02-25_163648/matchFrames/6_color_SNCP1E5420006D_Index0_1739874543561_[1].jpg
[60.055s] -- Installing: /home/sophie/isaac_lab/isaac_ws/rl_code/soarm100sim/third_party/orbbec_ws/install_287/orbbec_camera/share/orbbec_camera//examples/multi_camera_synced_verification_tool/multicamera_sync/output/20250218102900/results-2025-02-25_163648/matchFrames/4_color_SNCP1L44P00051_Index1_1739874543360_[0].jpg
[60.055s] -- Installing: /home/sophie/isaac_lab/isaac_ws/rl_code/soarm100sim/third_party/orbbec_ws/install_287/orbbec_camera/share/orbbec_camera//examples/multi_camera_synced_verification_tool/multicamera_sync/output/20250218102900/results-2025-02-25_163648/matchFrames/7_color_SNCP1L44P00051_Index1_1739874543427_[0].jpg
[60.055s] -- Installing: /home/sophie/isaac_lab/isaac_ws/rl_code/soarm100sim/third_party/orbbec_ws/install_287/orbbec_camera/share/orbbec_camera//examples/multi_camera_synced_verification_tool/multicamera_sync/output/20250218102900/results-2025-02-25_163648/matchFrames/10_color_SNCP1L44P00051_Index1_1739874543227_[0].jpg
[60.056s] -- Installing: /home/sophie/isaac_lab/isaac_ws/rl_code/soarm100sim/third_party/orbbec_ws/install_287/orbbec_camera/share/orbbec_camera//examples/multi_camera_synced_verification_tool/multicamera_sync/output/20250218102900/results-2025-02-25_163648/matchFrames/7_color_SNCP1E5420006D_Index0_1739874543427_[0].jpg
[60.056s] -- Installing: /home/sophie/isaac_lab/isaac_ws/rl_code/soarm100sim/third_party/orbbec_ws/install_287/orbbec_camera/share/orbbec_camera//examples/multi_camera_synced_verification_tool/multicamera_sync/output/20250218102900/results-2025-02-25_163648/matchFrames/9_color_SNCP1L44P00051_Index1_1739874543393_[0].jpg
[60.056s] -- Installing: /home/sophie/isaac_lab/isaac_ws/rl_code/soarm100sim/third_party/orbbec_ws/install_287/orbbec_camera/share/orbbec_camera//examples/multi_camera_synced_verification_tool/multicamera_sync/output/20250218102900/results-2025-02-25_163648/matchFrames/5_ir_left_SNCP1L44P00051_Index1_1739874543327_[0].jpg
[60.056s] -- Installing: /home/sophie/isaac_lab/isaac_ws/rl_code/soarm100sim/third_party/orbbec_ws/install_287/orbbec_camera/share/orbbec_camera//examples/multi_camera_synced_verification_tool/multicamera_sync/output/20250218102900/results-2025-02-25_163648/matchFrames/5_color_SNCP1E5420006D_Index0_1739874543327_[0].jpg
[60.056s] -- Installing: /home/sophie/isaac_lab/isaac_ws/rl_code/soarm100sim/third_party/orbbec_ws/install_287/orbbec_camera/share/orbbec_camera//examples/multi_camera_synced_verification_tool/multicamera_sync/output/20250218102900/results-2025-02-25_163648/matchFrames/10_ir_left_SNCP1E5420006D_Index0_1739874543227_[0].jpg
[60.056s] -- Installing: /home/sophie/isaac_lab/isaac_ws/rl_code/soarm100sim/third_party/orbbec_ws/install_287/orbbec_camera/share/orbbec_camera//examples/multi_camera_synced_verification_tool/multicamera_sync/output/20250218102900/results-2025-02-25_163648/matchFrames/3_color_SNCP1L44P00051_Index1_1739874543260_[0].jpg
[60.056s] -- Installing: /home/sophie/isaac_lab/isaac_ws/rl_code/soarm100sim/third_party/orbbec_ws/install_287/orbbec_camera/share/orbbec_camera//examples/multi_camera_synced_verification_tool/multicamera_sync/output/20250218102900/results-2025-02-25_163648/matchFrames/3_color_SNCP1E5420006D_Index0_1739874543260_[0].jpg
[60.056s] -- Installing: /home/sophie/isaac_lab/isaac_ws/rl_code/soarm100sim/third_party/orbbec_ws/install_287/orbbec_camera/share/orbbec_camera//examples/multi_camera_synced_verification_tool/multicamera_sync/output/20250218102900/results-2025-02-25_163648/matchFrames/0_ir_left_SNCP1E5420006D_Index0_1739874543527_[0].jpg
[60.056s] -- Installing: /home/sophie/isaac_lab/isaac_ws/rl_code/soarm100sim/third_party/orbbec_ws/install_287/orbbec_camera/share/orbbec_camera//examples/multi_camera_synced_verification_tool/multicamera_sync/output/20250218102900/results-2025-02-25_163648/matchFrames/0_color_SNCP1E5420006D_Index0_1739874543527_[0].jpg
[60.057s] -- Installing: /home/sophie/isaac_lab/isaac_ws/rl_code/soarm100sim/third_party/orbbec_ws/install_287/orbbec_camera/share/orbbec_camera//examples/multi_camera_synced_verification_tool/multicamera_sync/output/20250218102900/results-2025-02-25_163648/matchFrames/8_ir_left_SNCP1L44P00051_Index1_1739874543294_[1].jpg
[60.057s] -- Installing: /home/sophie/isaac_lab/isaac_ws/rl_code/soarm100sim/third_party/orbbec_ws/install_287/orbbec_camera/share/orbbec_camera//examples/multi_camera_synced_verification_tool/multicamera_sync/output/20250218102900/results-2025-02-25_163648/matchFrames/9_ir_left_SNCP1E5420006D_Index0_1739874543394_[1].jpg
[60.057s] -- Installing: /home/sophie/isaac_lab/isaac_ws/rl_code/soarm100sim/third_party/orbbec_ws/install_287/orbbec_camera/share/orbbec_camera//examples/multi_camera_synced_verification_tool/multicamera_sync/output/20250218102900/results-2025-02-25_163648/matchFrames/5_color_SNCP1L44P00051_Index1_1739874543327_[0].jpg
[60.057s] -- Installing: /home/sophie/isaac_lab/isaac_ws/rl_code/soarm100sim/third_party/orbbec_ws/install_287/orbbec_camera/share/orbbec_camera//examples/multi_camera_synced_verification_tool/multicamera_sync/output/20250218102900/results-2025-02-25_163648/matchFrames/1_ir_left_SNCP1L44P00051_Index1_1739874543494_[0].jpg
[60.057s] -- Installing: /home/sophie/isaac_lab/isaac_ws/rl_code/soarm100sim/third_party/orbbec_ws/install_287/orbbec_camera/share/orbbec_camera//examples/multi_camera_synced_verification_tool/multicamera_sync/output/20250218102900/results-2025-02-25_163648/matchFrames/5_ir_left_SNCP1E5420006D_Index0_1739874543327_[0].jpg
[60.057s] -- Installing: /home/sophie/isaac_lab/isaac_ws/rl_code/soarm100sim/third_party/orbbec_ws/install_287/orbbec_camera/share/orbbec_camera//examples/multi_camera_synced_verification_tool/multicamera_sync/output/20250218102900/results-2025-02-25_163648/matchFrames/4_color_SNCP1E5420006D_Index0_1739874543360_[0].jpg
[60.057s] -- Installing: /home/sophie/isaac_lab/isaac_ws/rl_code/soarm100sim/third_party/orbbec_ws/install_287/orbbec_camera/share/orbbec_camera//examples/multi_camera_synced_verification_tool/multicamera_sync/output/20250218102900/results-2025-02-25_163648/matchFrames/3_ir_left_SNCP1L44P00051_Index1_1739874543260_[0].jpg
[60.057s] -- Installing: /home/sophie/isaac_lab/isaac_ws/rl_code/soarm100sim/third_party/orbbec_ws/install_287/orbbec_camera/share/orbbec_camera//examples/multi_camera_synced_verification_tool/multicamera_sync/output/20250218102900/results-2025-02-25_163648/matchFrames/9_color_SNCP1E5420006D_Index0_1739874543394_[1].jpg
[60.057s] -- Installing: /home/sophie/isaac_lab/isaac_ws/rl_code/soarm100sim/third_party/orbbec_ws/install_287/orbbec_camera/share/orbbec_camera//examples/multi_camera_synced_verification_tool/multicamera_sync/output/20250218102900/DevicesInfo.txt
[60.057s] -- Installing: /home/sophie/isaac_lab/isaac_ws/rl_code/soarm100sim/third_party/orbbec_ws/install_287/orbbec_camera/share/orbbec_camera//examples/multi_camera_synced_verification_tool/multicamera_sync/output/20250218102900/TotalModeFrames
[60.058s] -- Installing: /home/sophie/isaac_lab/isaac_ws/rl_code/soarm100sim/third_party/orbbec_ws/install_287/orbbec_camera/share/orbbec_camera//examples/multi_camera_synced_verification_tool/multicamera_sync/output/20250218102900/TotalModeFrames/SNCP1L44P00051_Index1
[60.058s] -- Installing: /home/sophie/isaac_lab/isaac_ws/rl_code/soarm100sim/third_party/orbbec_ws/install_287/orbbec_camera/share/orbbec_camera//examples/multi_camera_synced_verification_tool/multicamera_sync/output/20250218102900/TotalModeFrames/SNCP1L44P00051_Index1/ir#left_SNCP1L44P00051_Index1_g1739874543394_f5_s1739874543661_e5000_d16_.jpg
[60.058s] -- Installing: /home/sophie/isaac_lab/isaac_ws/rl_code/soarm100sim/third_party/orbbec_ws/install_287/orbbec_camera/share/orbbec_camera//examples/multi_camera_synced_verification_tool/multicamera_sync/output/20250218102900/TotalModeFrames/SNCP1L44P00051_Index1/color_SNCP1L44P00051_Index1_g1739874543360_f4_s1739874543468_e50_d16_.jpg
[60.058s] -- Installing: /home/sophie/isaac_lab/isaac_ws/rl_code/soarm100sim/third_party/orbbec_ws/install_287/orbbec_camera/share/orbbec_camera//examples/multi_camera_synced_verification_tool/multicamera_sync/output/20250218102900/TotalModeFrames/SNCP1L44P00051_Index1/ir#left_SNCP1L44P00051_Index1_g1739874543294_f2_s1739874543319_e5000_d16_.jpg
[60.058s] -- Installing: /home/sophie/isaac_lab/isaac_ws/rl_code/soarm100sim/third_party/orbbec_ws/install_287/orbbec_camera/share/orbbec_camera//examples/multi_camera_synced_verification_tool/multicamera_sync/output/20250218102900/TotalModeFrames/SNCP1L44P00051_Index1/color_SNCP1L44P00051_Index1_g1739874543227_f0_s1739874543304_e50_d16_.jpg
[60.058s] -- Installing: /home/sophie/isaac_lab/isaac_ws/rl_code/soarm100sim/third_party/orbbec_ws/install_287/orbbec_camera/share/orbbec_camera//examples/multi_camera_synced_verification_tool/multicamera_sync/output/20250218102900/TotalModeFrames/SNCP1L44P00051_Index1/color_SNCP1L44P00051_Index1_g1739874543427_f6_s1739874543485_e50_d16_.jpg
[60.058s] -- Installing: /home/sophie/isaac_lab/isaac_ws/rl_code/soarm100sim/third_party/orbbec_ws/install_287/orbbec_camera/share/orbbec_camera//examples/multi_camera_synced_verification_tool/multicamera_sync/output/20250218102900/TotalModeFrames/SNCP1L44P00051_Index1/ir#left_SNCP1L44P00051_Index1_g1739874543360_f4_s1739874543460_e5000_d16_.jpg
[60.058s] -- Installing: /home/sophie/isaac_lab/isaac_ws/rl_code/soarm100sim/third_party/orbbec_ws/install_287/orbbec_camera/share/orbbec_camera//examples/multi_camera_synced_verification_tool/multicamera_sync/output/20250218102900/TotalModeFrames/SNCP1L44P00051_Index1/ir#left_SNCP1L44P00051_Index1_g1739874543527_f10_s1739874543687_e5000_d16_.jpg
[60.058s] -- Installing: /home/sophie/isaac_lab/isaac_ws/rl_code/soarm100sim/third_party/orbbec_ws/install_287/orbbec_camera/share/orbbec_camera//examples/multi_camera_synced_verification_tool/multicamera_sync/output/20250218102900/TotalModeFrames/SNCP1L44P00051_Index1/color_SNCP1L44P00051_Index1_g1739874543460_f7_s1739874543505_e50_d16_.jpg
[60.058s] -- Installing: /home/sophie/isaac_lab/isaac_ws/rl_code/soarm100sim/third_party/orbbec_ws/install_287/orbbec_camera/share/orbbec_camera//examples/multi_camera_synced_verification_tool/multicamera_sync/output/20250218102900/TotalModeFrames/SNCP1L44P00051_Index1/ir#left_SNCP1L44P00051_Index1_g1739874543327_f3_s1739874543460_e5000_d16_.jpg
[60.058s] -- Installing: /home/sophie/isaac_lab/isaac_ws/rl_code/soarm100sim/third_party/orbbec_ws/install_287/orbbec_camera/share/orbbec_camera//examples/multi_camera_synced_verification_tool/multicamera_sync/output/20250218102900/TotalModeFrames/SNCP1L44P00051_Index1/color_SNCP1L44P00051_Index1_g1739874543393_f5_s1739874543470_e50_d16_.jpg
[60.059s] -- Installing: /home/sophie/isaac_lab/isaac_ws/rl_code/soarm100sim/third_party/orbbec_ws/install_287/orbbec_camera/share/orbbec_camera//examples/multi_camera_synced_verification_tool/multicamera_sync/output/20250218102900/TotalModeFrames/SNCP1L44P00051_Index1/ir#left_SNCP1L44P00051_Index1_g1739874543494_f8_s1739874543687_e5000_d16_.jpg
[60.059s] -- Installing: /home/sophie/isaac_lab/isaac_ws/rl_code/soarm100sim/third_party/orbbec_ws/install_287/orbbec_camera/share/orbbec_camera//examples/multi_camera_synced_verification_tool/multicamera_sync/output/20250218102900/TotalModeFrames/SNCP1L44P00051_Index1/color_SNCP1L44P00051_Index1_g1739874543527_f9_s1739874543616_e50_d16_.jpg
[60.059s] -- Installing: /home/sophie/isaac_lab/isaac_ws/rl_code/soarm100sim/third_party/orbbec_ws/install_287/orbbec_camera/share/orbbec_camera//examples/multi_camera_synced_verification_tool/multicamera_sync/output/20250218102900/TotalModeFrames/SNCP1L44P00051_Index1/ir#left_SNCP1L44P00051_Index1_g1739874543260_f1_s1739874543294_e5000_d16_.jpg
[60.059s] -- Installing: /home/sophie/isaac_lab/isaac_ws/rl_code/soarm100sim/third_party/orbbec_ws/install_287/orbbec_camera/share/orbbec_camera//examples/multi_camera_synced_verification_tool/multicamera_sync/output/20250218102900/TotalModeFrames/SNCP1L44P00051_Index1/ir#left_SNCP1L44P00051_Index1_g1739874543560_f11_s1739874543687_e5000_d16_.jpg
[60.059s] -- Installing: /home/sophie/isaac_lab/isaac_ws/rl_code/soarm100sim/third_party/orbbec_ws/install_287/orbbec_camera/share/orbbec_camera//examples/multi_camera_synced_verification_tool/multicamera_sync/output/20250218102900/TotalModeFrames/SNCP1L44P00051_Index1/ir#left_SNCP1L44P00051_Index1_g1739874543227_f0_s1739874543250_e5000_d16_.jpg
[60.059s] -- Installing: /home/sophie/isaac_lab/isaac_ws/rl_code/soarm100sim/third_party/orbbec_ws/install_287/orbbec_camera/share/orbbec_camera//examples/multi_camera_synced_verification_tool/multicamera_sync/output/20250218102900/TotalModeFrames/SNCP1L44P00051_Index1/color_SNCP1L44P00051_Index1_g1739874543293_f2_s1739874543446_e50_d16_.jpg
[60.059s] -- Installing: /home/sophie/isaac_lab/isaac_ws/rl_code/soarm100sim/third_party/orbbec_ws/install_287/orbbec_camera/share/orbbec_camera//examples/multi_camera_synced_verification_tool/multicamera_sync/output/20250218102900/TotalModeFrames/SNCP1L44P00051_Index1/color_SNCP1L44P00051_Index1_g1739874543327_f3_s1739874543458_e50_d16_.jpg
[60.059s] -- Installing: /home/sophie/isaac_lab/isaac_ws/rl_code/soarm100sim/third_party/orbbec_ws/install_287/orbbec_camera/share/orbbec_camera//examples/multi_camera_synced_verification_tool/multicamera_sync/output/20250218102900/TotalModeFrames/SNCP1L44P00051_Index1/color_SNCP1L44P00051_Index1_g1739874543494_f8_s1739874543540_e50_d16_.jpg
[60.059s] -- Installing: /home/sophie/isaac_lab/isaac_ws/rl_code/soarm100sim/third_party/orbbec_ws/install_287/orbbec_camera/share/orbbec_camera//examples/multi_camera_synced_verification_tool/multicamera_sync/output/20250218102900/TotalModeFrames/SNCP1L44P00051_Index1/ir#left_SNCP1L44P00051_Index1_g1739874543427_f6_s1739874543684_e5000_d16_.jpg
[60.059s] -- Installing: /home/sophie/isaac_lab/isaac_ws/rl_code/soarm100sim/third_party/orbbec_ws/install_287/orbbec_camera/share/orbbec_camera//examples/multi_camera_synced_verification_tool/multicamera_sync/output/20250218102900/TotalModeFrames/SNCP1L44P00051_Index1/ir#left_SNCP1L44P00051_Index1_g1739874543460_f7_s1739874543685_e5000_d16_.jpg
[60.059s] -- Installing: /home/sophie/isaac_lab/isaac_ws/rl_code/soarm100sim/third_party/orbbec_ws/install_287/orbbec_camera/share/orbbec_camera//examples/multi_camera_synced_verification_tool/multicamera_sync/output/20250218102900/TotalModeFrames/SNCP1L44P00051_Index1/color_SNCP1L44P00051_Index1_g1739874543560_f10_s1739874543618_e50_d16_.jpg
[60.060s] -- Installing: /home/sophie/isaac_lab/isaac_ws/rl_code/soarm100sim/third_party/orbbec_ws/install_287/orbbec_camera/share/orbbec_camera//examples/multi_camera_synced_verification_tool/multicamera_sync/output/20250218102900/TotalModeFrames/SNCP1L44P00051_Index1/color_SNCP1L44P00051_Index1_g1739874543260_f1_s1739874543345_e50_d16_.jpg
[60.060s] -- Installing: /home/sophie/isaac_lab/isaac_ws/rl_code/soarm100sim/third_party/orbbec_ws/install_287/orbbec_camera/share/orbbec_camera//examples/multi_camera_synced_verification_tool/multicamera_sync/output/20250218102900/TotalModeFrames/SNCP1E5420006D_Index0
[60.060s] -- Installing: /home/sophie/isaac_lab/isaac_ws/rl_code/soarm100sim/third_party/orbbec_ws/install_287/orbbec_camera/share/orbbec_camera//examples/multi_camera_synced_verification_tool/multicamera_sync/output/20250218102900/TotalModeFrames/SNCP1E5420006D_Index0/ir#left_SNCP1E5420006D_Index0_g1739874543394_f5_s1739874543473_e5000_d16_.jpg
[60.060s] -- Installing: /home/sophie/isaac_lab/isaac_ws/rl_code/soarm100sim/third_party/orbbec_ws/install_287/orbbec_camera/share/orbbec_camera//examples/multi_camera_synced_verification_tool/multicamera_sync/output/20250218102900/TotalModeFrames/SNCP1E5420006D_Index0/ir#left_SNCP1E5420006D_Index0_g1739874543561_f10_s1739874543628_e5000_d16_.jpg
[60.060s] -- Installing: /home/sophie/isaac_lab/isaac_ws/rl_code/soarm100sim/third_party/orbbec_ws/install_287/orbbec_camera/share/orbbec_camera//examples/multi_camera_synced_verification_tool/multicamera_sync/output/20250218102900/TotalModeFrames/SNCP1E5420006D_Index0/color_SNCP1E5420006D_Index0_g1739874543427_f6_s1739874543518_e50_d16_.jpg
[60.060s] -- Installing: /home/sophie/isaac_lab/isaac_ws/rl_code/soarm100sim/third_party/orbbec_ws/install_287/orbbec_camera/share/orbbec_camera//examples/multi_camera_synced_verification_tool/multicamera_sync/output/20250218102900/TotalModeFrames/SNCP1E5420006D_Index0/ir#left_SNCP1E5420006D_Index0_g1739874543494_f8_s1739874543528_e5000_d16_.jpg
[60.060s] -- Installing: /home/sophie/isaac_lab/isaac_ws/rl_code/soarm100sim/third_party/orbbec_ws/install_287/orbbec_camera/share/orbbec_camera//examples/multi_camera_synced_verification_tool/multicamera_sync/output/20250218102900/TotalModeFrames/SNCP1E5420006D_Index0/color_SNCP1E5420006D_Index0_g1739874543394_f5_s1739874543506_e50_d16_.jpg
[60.060s] -- Installing: /home/sophie/isaac_lab/isaac_ws/rl_code/soarm100sim/third_party/orbbec_ws/install_287/orbbec_camera/share/orbbec_camera//examples/multi_camera_synced_verification_tool/multicamera_sync/output/20250218102900/TotalModeFrames/SNCP1E5420006D_Index0/color_SNCP1E5420006D_Index0_g1739874543294_f2_s1739874543359_e50_d16_.jpg
[60.060s] -- Installing: /home/sophie/isaac_lab/isaac_ws/rl_code/soarm100sim/third_party/orbbec_ws/install_287/orbbec_camera/share/orbbec_camera//examples/multi_camera_synced_verification_tool/multicamera_sync/output/20250218102900/TotalModeFrames/SNCP1E5420006D_Index0/ir#left_SNCP1E5420006D_Index0_g1739874543427_f6_s1739874543474_e5000_d16_.jpg
[60.060s] -- Installing: /home/sophie/isaac_lab/isaac_ws/rl_code/soarm100sim/third_party/orbbec_ws/install_287/orbbec_camera/share/orbbec_camera//examples/multi_camera_synced_verification_tool/multicamera_sync/output/20250218102900/TotalModeFrames/SNCP1E5420006D_Index0/color_SNCP1E5420006D_Index0_g1739874543527_f9_s1739874543603_e50_d16_.jpg
[60.060s] -- Installing: /home/sophie/isaac_lab/isaac_ws/rl_code/soarm100sim/third_party/orbbec_ws/install_287/orbbec_camera/share/orbbec_camera//examples/multi_camera_synced_verification_tool/multicamera_sync/output/20250218102900/TotalModeFrames/SNCP1E5420006D_Index0/color_SNCP1E5420006D_Index0_g1739874543494_f8_s1739874543548_e50_d16_.jpg
[60.061s] -- Installing: /home/sophie/isaac_lab/isaac_ws/rl_code/soarm100sim/third_party/orbbec_ws/install_287/orbbec_camera/share/orbbec_camera//examples/multi_camera_synced_verification_tool/multicamera_sync/output/20250218102900/TotalModeFrames/SNCP1E5420006D_Index0/color_SNCP1E5420006D_Index0_g1739874543327_f3_s1739874543441_e50_d16_.jpg
[60.061s] -- Installing: /home/sophie/isaac_lab/isaac_ws/rl_code/soarm100sim/third_party/orbbec_ws/install_287/orbbec_camera/share/orbbec_camera//examples/multi_camera_synced_verification_tool/multicamera_sync/output/20250218102900/TotalModeFrames/SNCP1E5420006D_Index0/ir#left_SNCP1E5420006D_Index0_g1739874543227_f0_s1739874543250_e5000_d16_.jpg
[60.061s] -- Installing: /home/sophie/isaac_lab/isaac_ws/rl_code/soarm100sim/third_party/orbbec_ws/install_287/orbbec_camera/share/orbbec_camera//examples/multi_camera_synced_verification_tool/multicamera_sync/output/20250218102900/TotalModeFrames/SNCP1E5420006D_Index0/ir#left_SNCP1E5420006D_Index0_g1739874543260_f1_s1739874543310_e5000_d16_.jpg
[60.061s] -- Installing: /home/sophie/isaac_lab/isaac_ws/rl_code/soarm100sim/third_party/orbbec_ws/install_287/orbbec_camera/share/orbbec_camera//examples/multi_camera_synced_verification_tool/multicamera_sync/output/20250218102900/TotalModeFrames/SNCP1E5420006D_Index0/ir#left_SNCP1E5420006D_Index0_g1739874543294_f2_s1739874543329_e5000_d16_.jpg
[60.061s] -- Installing: /home/sophie/isaac_lab/isaac_ws/rl_code/soarm100sim/third_party/orbbec_ws/install_287/orbbec_camera/share/orbbec_camera//examples/multi_camera_synced_verification_tool/multicamera_sync/output/20250218102900/TotalModeFrames/SNCP1E5420006D_Index0/color_SNCP1E5420006D_Index0_g1739874543461_f7_s1739874543520_e50_d16_.jpg
[60.061s] -- Installing: /home/sophie/isaac_lab/isaac_ws/rl_code/soarm100sim/third_party/orbbec_ws/install_287/orbbec_camera/share/orbbec_camera//examples/multi_camera_synced_verification_tool/multicamera_sync/output/20250218102900/TotalModeFrames/SNCP1E5420006D_Index0/ir#left_SNCP1E5420006D_Index0_g1739874543527_f9_s1739874543627_e5000_d16_.jpg
[60.061s] -- Installing: /home/sophie/isaac_lab/isaac_ws/rl_code/soarm100sim/third_party/orbbec_ws/install_287/orbbec_camera/share/orbbec_camera//examples/multi_camera_synced_verification_tool/multicamera_sync/output/20250218102900/TotalModeFrames/SNCP1E5420006D_Index0/ir#left_SNCP1E5420006D_Index0_g1739874543327_f3_s1739874543393_e5000_d16_.jpg
[60.061s] -- Installing: /home/sophie/isaac_lab/isaac_ws/rl_code/soarm100sim/third_party/orbbec_ws/install_287/orbbec_camera/share/orbbec_camera//examples/multi_camera_synced_verification_tool/multicamera_sync/output/20250218102900/TotalModeFrames/SNCP1E5420006D_Index0/color_SNCP1E5420006D_Index0_g1739874543360_f4_s1739874543442_e50_d16_.jpg
[60.061s] -- Installing: /home/sophie/isaac_lab/isaac_ws/rl_code/soarm100sim/third_party/orbbec_ws/install_287/orbbec_camera/share/orbbec_camera//examples/multi_camera_synced_verification_tool/multicamera_sync/output/20250218102900/TotalModeFrames/SNCP1E5420006D_Index0/ir#left_SNCP1E5420006D_Index0_g1739874543361_f4_s1739874543405_e5000_d16_.jpg
[60.061s] -- Installing: /home/sophie/isaac_lab/isaac_ws/rl_code/soarm100sim/third_party/orbbec_ws/install_287/orbbec_camera/share/orbbec_camera//examples/multi_camera_synced_verification_tool/multicamera_sync/output/20250218102900/TotalModeFrames/SNCP1E5420006D_Index0/color_SNCP1E5420006D_Index0_g1739874543227_f0_s1739874543327_e50_d16_.jpg
[60.061s] -- Installing: /home/sophie/isaac_lab/isaac_ws/rl_code/soarm100sim/third_party/orbbec_ws/install_287/orbbec_camera/share/orbbec_camera//examples/multi_camera_synced_verification_tool/multicamera_sync/output/20250218102900/TotalModeFrames/SNCP1E5420006D_Index0/color_SNCP1E5420006D_Index0_g1739874543561_f10_s1739874543648_e50_d16_.jpg
[60.062s] -- Installing: /home/sophie/isaac_lab/isaac_ws/rl_code/soarm100sim/third_party/orbbec_ws/install_287/orbbec_camera/share/orbbec_camera//examples/multi_camera_synced_verification_tool/multicamera_sync/output/20250218102900/TotalModeFrames/SNCP1E5420006D_Index0/color_SNCP1E5420006D_Index0_g1739874543260_f1_s1739874543351_e50_d16_.jpg
[60.062s] -- Installing: /home/sophie/isaac_lab/isaac_ws/rl_code/soarm100sim/third_party/orbbec_ws/install_287/orbbec_camera/share/orbbec_camera//examples/multi_camera_synced_verification_tool/multicamera_sync/output/20250218102900/TotalModeFrames/SNCP1E5420006D_Index0/ir#left_SNCP1E5420006D_Index0_g1739874543461_f7_s1739874543493_e5000_d16_.jpg
[60.062s] -- Installing: /home/sophie/isaac_lab/isaac_ws/rl_code/soarm100sim/third_party/orbbec_ws/install_287/orbbec_camera/share/orbbec_camera//examples/multi_camera_synced_verification_tool/multicamera_sync/output/20250218102900/StreamProfileInfo.txt
[60.062s] -- Installing: /home/sophie/isaac_lab/isaac_ws/rl_code/soarm100sim/third_party/orbbec_ws/install_287/orbbec_camera/share/orbbec_camera//examples/multi_camera_synced_verification_tool/gemini_330_series_synced_verify.launch.py
[60.062s] -- Installing: /home/sophie/isaac_lab/isaac_ws/rl_code/soarm100sim/third_party/orbbec_ws/install_287/orbbec_camera/share/orbbec_camera//examples/multi_camera_synced_verification_tool/multi_camera_synced_verify.launch.py
[60.062s] -- Installing: /home/sophie/isaac_lab/isaac_ws/rl_code/soarm100sim/third_party/orbbec_ws/install_287/orbbec_camera/share/orbbec_camera//examples/benchmark
[60.062s] -- Installing: /home/sophie/isaac_lab/isaac_ws/rl_code/soarm100sim/third_party/orbbec_ws/install_287/orbbec_camera/share/orbbec_camera//examples/benchmark/gemini_330_series_benchmark.launch.py
[60.062s] -- Installing: /home/sophie/isaac_lab/isaac_ws/rl_code/soarm100sim/third_party/orbbec_ws/install_287/orbbec_camera/share/orbbec_camera//examples/benchmark/ob_benchmark_0.launch.py
[60.062s] -- Installing: /home/sophie/isaac_lab/isaac_ws/rl_code/soarm100sim/third_party/orbbec_ws/install_287/orbbec_camera/share/orbbec_camera//examples/benchmark/ob_benchmark_1.launch.py
[60.062s] -- Installing: /home/sophie/isaac_lab/isaac_ws/rl_code/soarm100sim/third_party/orbbec_ws/install_287/orbbec_camera/share/orbbec_camera//examples/lower_cpu_usage
[60.062s] -- Installing: /home/sophie/isaac_lab/isaac_ws/rl_code/soarm100sim/third_party/orbbec_ws/install_287/orbbec_camera/share/orbbec_camera//examples/lower_cpu_usage/gemini_330_series_lower_cpu_usage.launch.py
[60.062s] -- Installing: /home/sophie/isaac_lab/isaac_ws/rl_code/soarm100sim/third_party/orbbec_ws/install_287/orbbec_camera/share/orbbec_camera//examples/lower_cpu_usage/multi_camera_lower_cpu_usage.launch.py
[60.062s] -- Installing: /home/sophie/isaac_lab/isaac_ws/rl_code/soarm100sim/third_party/orbbec_ws/install_287/orbbec_camera/share/orbbec_camera//examples/net_camera
[60.062s] -- Installing: /home/sophie/isaac_lab/isaac_ws/rl_code/soarm100sim/third_party/orbbec_ws/install_287/orbbec_camera/share/orbbec_camera//examples/net_camera/multi_net_camera.launch.py
[60.062s] -- Installing: /home/sophie/isaac_lab/isaac_ws/rl_code/soarm100sim/third_party/orbbec_ws/install_287/orbbec_camera/share/orbbec_camera//examples/multi_camera_time_sync
[60.062s] -- Installing: /home/sophie/isaac_lab/isaac_ws/rl_code/soarm100sim/third_party/orbbec_ws/install_287/orbbec_camera/share/orbbec_camera//examples/multi_camera_time_sync/image_sync_example_node.cpp
[60.062s] -- Installing: /home/sophie/isaac_lab/isaac_ws/rl_code/soarm100sim/third_party/orbbec_ws/install_287/orbbec_camera/share/orbbec_camera//examples/gmsl_camera
[60.062s] -- Installing: /home/sophie/isaac_lab/isaac_ws/rl_code/soarm100sim/third_party/orbbec_ws/install_287/orbbec_camera/share/orbbec_camera//examples/gmsl_camera/multi_gmsl_camera.launch.py
[60.062s] -- Installing: /home/sophie/isaac_lab/isaac_ws/rl_code/soarm100sim/third_party/orbbec_ws/install_287/orbbec_camera/share/orbbec_camera//examples/gmsl_camera/gemini_330_gmsl.launch.py
[60.062s] -- Installing: /home/sophie/isaac_lab/isaac_ws/rl_code/soarm100sim/third_party/orbbec_ws/install_287/orbbec_camera/share/orbbec_camera//examples/gmsl_camera/multi_gmsl_camera_synced.launch.py
[60.063s] -- Installing: /home/sophie/isaac_lab/isaac_ws/rl_code/soarm100sim/third_party/orbbec_ws/install_287/orbbec_camera/share/orbbec_camera//examples/Gemini_435Le_example_node
[60.063s] -- Installing: /home/sophie/isaac_lab/isaac_ws/rl_code/soarm100sim/third_party/orbbec_ws/install_287/orbbec_camera/share/orbbec_camera//examples/Gemini_435Le_example_node/README.MD
[60.063s] -- Installing: /home/sophie/isaac_lab/isaac_ws/rl_code/soarm100sim/third_party/orbbec_ws/install_287/orbbec_camera/share/orbbec_camera//examples/Gemini_435Le_example_node/camera_example_node.cpp
[60.063s] -- Installing: /home/sophie/isaac_lab/isaac_ws/rl_code/soarm100sim/third_party/orbbec_ws/install_287/orbbec_camera/include/include
[60.063s] -- Installing: /home/sophie/isaac_lab/isaac_ws/rl_code/soarm100sim/third_party/orbbec_ws/install_287/orbbec_camera/include/include/libobsensor
[60.063s] -- Installing: /home/sophie/isaac_lab/isaac_ws/rl_code/soarm100sim/third_party/orbbec_ws/install_287/orbbec_camera/include/include/libobsensor/ObSensor.h
[60.063s] -- Installing: /home/sophie/isaac_lab/isaac_ws/rl_code/soarm100sim/third_party/orbbec_ws/install_287/orbbec_camera/include/include/libobsensor/h
[60.063s] -- Installing: /home/sophie/isaac_lab/isaac_ws/rl_code/soarm100sim/third_party/orbbec_ws/install_287/orbbec_camera/include/include/libobsensor/h/Advanced.h
[60.063s] -- Installing: /home/sophie/isaac_lab/isaac_ws/rl_code/soarm100sim/third_party/orbbec_ws/install_287/orbbec_camera/include/include/libobsensor/h/Frame.h
[60.063s] -- Installing: /home/sophie/isaac_lab/isaac_ws/rl_code/soarm100sim/third_party/orbbec_ws/install_287/orbbec_camera/include/include/libobsensor/h/Device.h
[60.063s] -- Installing: /home/sophie/isaac_lab/isaac_ws/rl_code/soarm100sim/third_party/orbbec_ws/install_287/orbbec_camera/include/include/libobsensor/h/Pipeline.h
[60.063s] -- Installing: /home/sophie/isaac_lab/isaac_ws/rl_code/soarm100sim/third_party/orbbec_ws/install_287/orbbec_camera/include/include/libobsensor/h/Export.h
[60.063s] -- Installing: /home/sophie/isaac_lab/isaac_ws/rl_code/soarm100sim/third_party/orbbec_ws/install_287/orbbec_camera/include/include/libobsensor/h/MultipleDevices.h
[60.063s] -- Installing: /home/sophie/isaac_lab/isaac_ws/rl_code/soarm100sim/third_party/orbbec_ws/install_287/orbbec_camera/include/include/libobsensor/h/TypeHelper.h
[60.063s] -- Installing: /home/sophie/isaac_lab/isaac_ws/rl_code/soarm100sim/third_party/orbbec_ws/install_287/orbbec_camera/include/include/libobsensor/h/Context.h
[60.063s] -- Installing: /home/sophie/isaac_lab/isaac_ws/rl_code/soarm100sim/third_party/orbbec_ws/install_287/orbbec_camera/include/include/libobsensor/h/Sensor.h
[60.063s] -- Installing: /home/sophie/isaac_lab/isaac_ws/rl_code/soarm100sim/third_party/orbbec_ws/install_287/orbbec_camera/include/include/libobsensor/h/Version.h
[60.063s] -- Installing: /home/sophie/isaac_lab/isaac_ws/rl_code/soarm100sim/third_party/orbbec_ws/install_287/orbbec_camera/include/include/libobsensor/h/Filter.h
[60.063s] -- Installing: /home/sophie/isaac_lab/isaac_ws/rl_code/soarm100sim/third_party/orbbec_ws/install_287/orbbec_camera/include/include/libobsensor/h/StreamProfile.h
[60.063s] -- Installing: /home/sophie/isaac_lab/isaac_ws/rl_code/soarm100sim/third_party/orbbec_ws/install_287/orbbec_camera/include/include/libobsensor/h/RecordPlayback.h
[60.063s] -- Installing: /home/sophie/isaac_lab/isaac_ws/rl_code/soarm100sim/third_party/orbbec_ws/install_287/orbbec_camera/include/include/libobsensor/h/ObTypes.h
[60.063s] -- Installing: /home/sophie/isaac_lab/isaac_ws/rl_code/soarm100sim/third_party/orbbec_ws/install_287/orbbec_camera/include/include/libobsensor/h/Error.h
[60.063s] -- Installing: /home/sophie/isaac_lab/isaac_ws/rl_code/soarm100sim/third_party/orbbec_ws/install_287/orbbec_camera/include/include/libobsensor/h/Property.h
[60.064s] -- Installing: /home/sophie/isaac_lab/isaac_ws/rl_code/soarm100sim/third_party/orbbec_ws/install_287/orbbec_camera/include/include/libobsensor/h/Utils.h
[60.064s] -- Installing: /home/sophie/isaac_lab/isaac_ws/rl_code/soarm100sim/third_party/orbbec_ws/install_287/orbbec_camera/include/include/libobsensor/hpp
[60.064s] -- Installing: /home/sophie/isaac_lab/isaac_ws/rl_code/soarm100sim/third_party/orbbec_ws/install_287/orbbec_camera/include/include/libobsensor/hpp/Sensor.hpp
[60.064s] -- Installing: /home/sophie/isaac_lab/isaac_ws/rl_code/soarm100sim/third_party/orbbec_ws/install_287/orbbec_camera/include/include/libobsensor/hpp/Frame.hpp
[60.064s] -- Installing: /home/sophie/isaac_lab/isaac_ws/rl_code/soarm100sim/third_party/orbbec_ws/install_287/orbbec_camera/include/include/libobsensor/hpp/Utils.hpp
[60.064s] -- Installing: /home/sophie/isaac_lab/isaac_ws/rl_code/soarm100sim/third_party/orbbec_ws/install_287/orbbec_camera/include/include/libobsensor/hpp/Device.hpp
[60.064s] -- Installing: /home/sophie/isaac_lab/isaac_ws/rl_code/soarm100sim/third_party/orbbec_ws/install_287/orbbec_camera/include/include/libobsensor/hpp/Filter.hpp
[60.064s] -- Installing: /home/sophie/isaac_lab/isaac_ws/rl_code/soarm100sim/third_party/orbbec_ws/install_287/orbbec_camera/include/include/libobsensor/hpp/StreamProfile.hpp
[60.064s] -- Installing: /home/sophie/isaac_lab/isaac_ws/rl_code/soarm100sim/third_party/orbbec_ws/install_287/orbbec_camera/include/include/libobsensor/hpp/Version.hpp
[60.064s] -- Installing: /home/sophie/isaac_lab/isaac_ws/rl_code/soarm100sim/third_party/orbbec_ws/install_287/orbbec_camera/include/include/libobsensor/hpp/RecordPlayback.hpp
[60.064s] -- Installing: /home/sophie/isaac_lab/isaac_ws/rl_code/soarm100sim/third_party/orbbec_ws/install_287/orbbec_camera/include/include/libobsensor/hpp/Context.hpp
[60.064s] -- Installing: /home/sophie/isaac_lab/isaac_ws/rl_code/soarm100sim/third_party/orbbec_ws/install_287/orbbec_camera/include/include/libobsensor/hpp/Pipeline.hpp
[60.064s] -- Installing: /home/sophie/isaac_lab/isaac_ws/rl_code/soarm100sim/third_party/orbbec_ws/install_287/orbbec_camera/include/include/libobsensor/hpp/TypeHelper.hpp
[60.064s] -- Installing: /home/sophie/isaac_lab/isaac_ws/rl_code/soarm100sim/third_party/orbbec_ws/install_287/orbbec_camera/include/include/libobsensor/hpp/Error.hpp
[60.064s] -- Installing: /home/sophie/isaac_lab/isaac_ws/rl_code/soarm100sim/third_party/orbbec_ws/install_287/orbbec_camera/include/include/libobsensor/hpp/Types.hpp
[60.064s] -- Installing: /home/sophie/isaac_lab/isaac_ws/rl_code/soarm100sim/third_party/orbbec_ws/install_287/orbbec_camera/include/include/libobsensor/ObSensor.hpp
[60.065s] -- Up-to-date: /home/sophie/isaac_lab/isaac_ws/rl_code/soarm100sim/third_party/orbbec_ws/install_287/orbbec_camera/lib/
[60.065s] -- Installing: /home/sophie/isaac_lab/isaac_ws/rl_code/soarm100sim/third_party/orbbec_ws/install_287/orbbec_camera/lib//libOrbbecSDK.so
[60.065s] -- Installing: /home/sophie/isaac_lab/isaac_ws/rl_code/soarm100sim/third_party/orbbec_ws/install_287/orbbec_camera/lib//libOrbbecSDK.so.2
[60.065s] -- Installing: /home/sophie/isaac_lab/isaac_ws/rl_code/soarm100sim/third_party/orbbec_ws/install_287/orbbec_camera/lib//libOrbbecSDK.so.2.8.7
[60.071s] -- Installing: /home/sophie/isaac_lab/isaac_ws/rl_code/soarm100sim/third_party/orbbec_ws/install_287/orbbec_camera/lib//extensions
[60.071s] -- Installing: /home/sophie/isaac_lab/isaac_ws/rl_code/soarm100sim/third_party/orbbec_ws/install_287/orbbec_camera/lib//extensions/frameprocessor
[60.071s] -- Installing: /home/sophie/isaac_lab/isaac_ws/rl_code/soarm100sim/third_party/orbbec_ws/install_287/orbbec_camera/lib//extensions/frameprocessor/libob_frame_processor.so
[60.072s] -- Installing: /home/sophie/isaac_lab/isaac_ws/rl_code/soarm100sim/third_party/orbbec_ws/install_287/orbbec_camera/lib//extensions/depthengine
[60.072s] -- Installing: /home/sophie/isaac_lab/isaac_ws/rl_code/soarm100sim/third_party/orbbec_ws/install_287/orbbec_camera/lib//extensions/depthengine/libdepthengine.so.2.0
[60.072s] -- Installing: /home/sophie/isaac_lab/isaac_ws/rl_code/soarm100sim/third_party/orbbec_ws/install_287/orbbec_camera/lib//extensions/depthengine/libdepthengine.so
[60.072s] -- Installing: /home/sophie/isaac_lab/isaac_ws/rl_code/soarm100sim/third_party/orbbec_ws/install_287/orbbec_camera/lib//extensions/filters
[60.072s] -- Installing: /home/sophie/isaac_lab/isaac_ws/rl_code/soarm100sim/third_party/orbbec_ws/install_287/orbbec_camera/lib//extensions/filters/libFilterProcessor.so
[60.072s] -- Installing: /home/sophie/isaac_lab/isaac_ws/rl_code/soarm100sim/third_party/orbbec_ws/install_287/orbbec_camera/lib//extensions/filters/libob_priv_filter.so
[60.072s] -- Installing: /home/sophie/isaac_lab/isaac_ws/rl_code/soarm100sim/third_party/orbbec_ws/install_287/orbbec_camera/lib//extensions/firmwareupdater
[60.072s] -- Installing: /home/sophie/isaac_lab/isaac_ws/rl_code/soarm100sim/third_party/orbbec_ws/install_287/orbbec_camera/lib//extensions/firmwareupdater/libfirmwareupdater.so
[60.073s] -- Installing: /home/sophie/isaac_lab/isaac_ws/rl_code/soarm100sim/third_party/orbbec_ws/install_287/orbbec_camera/lib/extensions/libdepthengine.so
[60.073s] -- Installing: /home/sophie/isaac_lab/isaac_ws/rl_code/soarm100sim/third_party/orbbec_ws/install_287/orbbec_camera/lib/extensions/libdepthengine.so.2.0
[60.073s] -- Installing: /home/sophie/isaac_lab/isaac_ws/rl_code/soarm100sim/third_party/orbbec_ws/install_287/orbbec_camera/lib/extensions/libFilterProcessor.so
[60.073s] -- Installing: /home/sophie/isaac_lab/isaac_ws/rl_code/soarm100sim/third_party/orbbec_ws/install_287/orbbec_camera/lib/extensions/libob_priv_filter.so
[60.073s] -- Installing: /home/sophie/isaac_lab/isaac_ws/rl_code/soarm100sim/third_party/orbbec_ws/install_287/orbbec_camera/lib/extensions/libfirmwareupdater.so
[60.074s] -- Installing: /home/sophie/isaac_lab/isaac_ws/rl_code/soarm100sim/third_party/orbbec_ws/install_287/orbbec_camera/lib/extensions/libob_frame_processor.so
[60.074s] -- Installing: /home/sophie/isaac_lab/isaac_ws/rl_code/soarm100sim/third_party/orbbec_ws/install_287/orbbec_camera/lib/orbbec_camera/list_devices_node
[60.074s] -- Set runtime path of "/home/sophie/isaac_lab/isaac_ws/rl_code/soarm100sim/third_party/orbbec_ws/install_287/orbbec_camera/lib/orbbec_camera/list_devices_node" to ":/home/sophie/isaac_lab/isaac_ws/rl_code/soarm100sim/third_party/orbbec_sdk_2_8_7_root/opt/OrbbecSDK_v2.8.7/lib"
[60.074s] -- Installing: /home/sophie/isaac_lab/isaac_ws/rl_code/soarm100sim/third_party/orbbec_ws/install_287/orbbec_camera/lib/orbbec_camera/list_depth_work_mode_node
[60.074s] -- Set runtime path of "/home/sophie/isaac_lab/isaac_ws/rl_code/soarm100sim/third_party/orbbec_ws/install_287/orbbec_camera/lib/orbbec_camera/list_depth_work_mode_node" to ":/home/sophie/isaac_lab/isaac_ws/rl_code/soarm100sim/third_party/orbbec_sdk_2_8_7_root/opt/OrbbecSDK_v2.8.7/lib"
[60.074s] -- Installing: /home/sophie/isaac_lab/isaac_ws/rl_code/soarm100sim/third_party/orbbec_ws/install_287/orbbec_camera/lib/orbbec_camera/list_camera_profile_mode_node
[60.074s] -- Set runtime path of "/home/sophie/isaac_lab/isaac_ws/rl_code/soarm100sim/third_party/orbbec_ws/install_287/orbbec_camera/lib/orbbec_camera/list_camera_profile_mode_node" to ":/home/sophie/isaac_lab/isaac_ws/rl_code/soarm100sim/third_party/orbbec_sdk_2_8_7_root/opt/OrbbecSDK_v2.8.7/lib"
[60.075s] -- Installing: /home/sophie/isaac_lab/isaac_ws/rl_code/soarm100sim/third_party/orbbec_ws/install_287/orbbec_camera/lib/orbbec_camera/firmware_update_tool
[60.075s] -- Set runtime path of "/home/sophie/isaac_lab/isaac_ws/rl_code/soarm100sim/third_party/orbbec_ws/install_287/orbbec_camera/lib/orbbec_camera/firmware_update_tool" to ":/home/sophie/isaac_lab/isaac_ws/rl_code/soarm100sim/third_party/orbbec_sdk_2_8_7_root/opt/OrbbecSDK_v2.8.7/lib"
[60.075s] -- Installing: /home/sophie/isaac_lab/isaac_ws/rl_code/soarm100sim/third_party/orbbec_ws/install_287/orbbec_camera/lib/orbbec_camera/topic_statistics_node
[60.075s] -- Set runtime path of "/home/sophie/isaac_lab/isaac_ws/rl_code/soarm100sim/third_party/orbbec_ws/install_287/orbbec_camera/lib/orbbec_camera/topic_statistics_node" to ":/home/sophie/isaac_lab/isaac_ws/rl_code/soarm100sim/third_party/orbbec_sdk_2_8_7_root/opt/OrbbecSDK_v2.8.7/lib"
[60.075s] -- Installing: /home/sophie/isaac_lab/isaac_ws/rl_code/soarm100sim/third_party/orbbec_ws/install_287/orbbec_camera/lib/orbbec_camera/service_benchmark_node
[60.076s] -- Set runtime path of "/home/sophie/isaac_lab/isaac_ws/rl_code/soarm100sim/third_party/orbbec_ws/install_287/orbbec_camera/lib/orbbec_camera/service_benchmark_node" to ":/home/sophie/isaac_lab/isaac_ws/rl_code/soarm100sim/third_party/orbbec_sdk_2_8_7_root/opt/OrbbecSDK_v2.8.7/lib"
[60.076s] -- Installing: /home/sophie/isaac_lab/isaac_ws/rl_code/soarm100sim/third_party/orbbec_ws/install_287/orbbec_camera/lib/orbbec_camera/ob_benchmark_node
[60.076s] -- Set runtime path of "/home/sophie/isaac_lab/isaac_ws/rl_code/soarm100sim/third_party/orbbec_ws/install_287/orbbec_camera/lib/orbbec_camera/ob_benchmark_node" to ":/home/sophie/isaac_lab/isaac_ws/rl_code/soarm100sim/third_party/orbbec_sdk_2_8_7_root/opt/OrbbecSDK_v2.8.7/lib"
[60.076s] -- Installing: /home/sophie/isaac_lab/isaac_ws/rl_code/soarm100sim/third_party/orbbec_ws/install_287/orbbec_camera/lib/orbbec_camera/435le_example_node
[60.077s] -- Set runtime path of "/home/sophie/isaac_lab/isaac_ws/rl_code/soarm100sim/third_party/orbbec_ws/install_287/orbbec_camera/lib/orbbec_camera/435le_example_node" to ":/home/sophie/isaac_lab/isaac_ws/rl_code/soarm100sim/third_party/orbbec_sdk_2_8_7_root/opt/OrbbecSDK_v2.8.7/lib"
[60.077s] -- Installing: /home/sophie/isaac_lab/isaac_ws/rl_code/soarm100sim/third_party/orbbec_ws/install_287/orbbec_camera/lib/orbbec_camera/ip_config_tool
[60.077s] -- Set runtime path of "/home/sophie/isaac_lab/isaac_ws/rl_code/soarm100sim/third_party/orbbec_ws/install_287/orbbec_camera/lib/orbbec_camera/ip_config_tool" to ":/home/sophie/isaac_lab/isaac_ws/rl_code/soarm100sim/third_party/orbbec_sdk_2_8_7_root/opt/OrbbecSDK_v2.8.7/lib"
[60.077s] -- Installing: /home/sophie/isaac_lab/isaac_ws/rl_code/soarm100sim/third_party/orbbec_ws/install_287/orbbec_camera/lib/orbbec_camera/set_device_ip
[60.077s] -- Set runtime path of "/home/sophie/isaac_lab/isaac_ws/rl_code/soarm100sim/third_party/orbbec_ws/install_287/orbbec_camera/lib/orbbec_camera/set_device_ip" to ":/home/sophie/isaac_lab/isaac_ws/rl_code/soarm100sim/third_party/orbbec_sdk_2_8_7_root/opt/OrbbecSDK_v2.8.7/lib"
[60.077s] -- Installing: /home/sophie/isaac_lab/isaac_ws/rl_code/soarm100sim/third_party/orbbec_ws/install_287/orbbec_camera/lib/orbbec_camera/image_sync_example_node
[60.078s] -- Set runtime path of "/home/sophie/isaac_lab/isaac_ws/rl_code/soarm100sim/third_party/orbbec_ws/install_287/orbbec_camera/lib/orbbec_camera/image_sync_example_node" to ":/home/sophie/isaac_lab/isaac_ws/rl_code/soarm100sim/third_party/orbbec_sdk_2_8_7_root/opt/OrbbecSDK_v2.8.7/lib"
[60.078s] -- Installing: /home/sophie/isaac_lab/isaac_ws/rl_code/soarm100sim/third_party/orbbec_ws/install_287/orbbec_camera/share/orbbec_camera/environment/library_path.sh
[60.078s] -- Installing: /home/sophie/isaac_lab/isaac_ws/rl_code/soarm100sim/third_party/orbbec_ws/install_287/orbbec_camera/share/orbbec_camera/environment/library_path.dsv
[60.078s] -- Installing: /home/sophie/isaac_lab/isaac_ws/rl_code/soarm100sim/third_party/orbbec_ws/install_287/orbbec_camera/share/ament_index/resource_index/package_run_dependencies/orbbec_camera
[60.078s] -- Installing: /home/sophie/isaac_lab/isaac_ws/rl_code/soarm100sim/third_party/orbbec_ws/install_287/orbbec_camera/share/ament_index/resource_index/parent_prefix_path/orbbec_camera
[60.078s] -- Installing: /home/sophie/isaac_lab/isaac_ws/rl_code/soarm100sim/third_party/orbbec_ws/install_287/orbbec_camera/share/orbbec_camera/environment/ament_prefix_path.sh
[60.078s] -- Installing: /home/sophie/isaac_lab/isaac_ws/rl_code/soarm100sim/third_party/orbbec_ws/install_287/orbbec_camera/share/orbbec_camera/environment/ament_prefix_path.dsv
[60.078s] -- Installing: /home/sophie/isaac_lab/isaac_ws/rl_code/soarm100sim/third_party/orbbec_ws/install_287/orbbec_camera/share/orbbec_camera/environment/path.sh
[60.078s] -- Installing: /home/sophie/isaac_lab/isaac_ws/rl_code/soarm100sim/third_party/orbbec_ws/install_287/orbbec_camera/share/orbbec_camera/environment/path.dsv
[60.078s] -- Installing: /home/sophie/isaac_lab/isaac_ws/rl_code/soarm100sim/third_party/orbbec_ws/install_287/orbbec_camera/share/orbbec_camera/local_setup.bash
[60.078s] -- Installing: /home/sophie/isaac_lab/isaac_ws/rl_code/soarm100sim/third_party/orbbec_ws/install_287/orbbec_camera/share/orbbec_camera/local_setup.sh
[60.078s] -- Installing: /home/sophie/isaac_lab/isaac_ws/rl_code/soarm100sim/third_party/orbbec_ws/install_287/orbbec_camera/share/orbbec_camera/local_setup.zsh
[60.078s] -- Installing: /home/sophie/isaac_lab/isaac_ws/rl_code/soarm100sim/third_party/orbbec_ws/install_287/orbbec_camera/share/orbbec_camera/local_setup.dsv
[60.079s] -- Installing: /home/sophie/isaac_lab/isaac_ws/rl_code/soarm100sim/third_party/orbbec_ws/install_287/orbbec_camera/share/orbbec_camera/package.dsv
[60.079s] -- Installing: /home/sophie/isaac_lab/isaac_ws/rl_code/soarm100sim/third_party/orbbec_ws/install_287/orbbec_camera/share/ament_index/resource_index/packages/orbbec_camera
[60.079s] -- Installing: /home/sophie/isaac_lab/isaac_ws/rl_code/soarm100sim/third_party/orbbec_ws/install_287/orbbec_camera/share/ament_index/resource_index/rclcpp_components/orbbec_camera
[60.079s] -- Installing: /home/sophie/isaac_lab/isaac_ws/rl_code/soarm100sim/third_party/orbbec_ws/install_287/orbbec_camera/share/orbbec_camera/cmake/ament_cmake_export_include_directories-extras.cmake
[60.079s] -- Installing: /home/sophie/isaac_lab/isaac_ws/rl_code/soarm100sim/third_party/orbbec_ws/install_287/orbbec_camera/share/orbbec_camera/cmake/ament_cmake_export_libraries-extras.cmake
[60.079s] -- Installing: /home/sophie/isaac_lab/isaac_ws/rl_code/soarm100sim/third_party/orbbec_ws/install_287/orbbec_camera/share/orbbec_camera/cmake/ament_cmake_export_dependencies-extras.cmake
[60.079s] -- Installing: /home/sophie/isaac_lab/isaac_ws/rl_code/soarm100sim/third_party/orbbec_ws/install_287/orbbec_camera/share/orbbec_camera/cmake/orbbec_cameraConfig.cmake
[60.079s] -- Installing: /home/sophie/isaac_lab/isaac_ws/rl_code/soarm100sim/third_party/orbbec_ws/install_287/orbbec_camera/share/orbbec_camera/cmake/orbbec_cameraConfig-version.cmake
[60.079s] -- Installing: /home/sophie/isaac_lab/isaac_ws/rl_code/soarm100sim/third_party/orbbec_ws/install_287/orbbec_camera/share/orbbec_camera/package.xml
[90.052s] Invoked command in '/home/sophie/isaac_lab/isaac_ws/rl_code/soarm100sim/third_party/orbbec_ws/build_287/orbbec_camera' returned '0': AMENT_PREFIX_PATH=/home/sophie/isaac_lab/isaac_ws/rl_code/soarm100sim/third_party/orbbec_ws/install_287/orbbec_camera_msgs:${AMENT_PREFIX_PATH} CMAKE_PREFIX_PATH=/home/sophie/isaac_lab/isaac_ws/rl_code/soarm100sim/third_party/orbbec_ws/install_287/orbbec_camera_msgs:/opt/ros/humble LD_LIBRARY_PATH=/home/sophie/isaac_lab/isaac_ws/rl_code/soarm100sim/third_party/orbbec_ws/install_287/orbbec_camera_msgs/lib:${LD_LIBRARY_PATH} PYTHONPATH=/home/sophie/isaac_lab/isaac_ws/rl_code/soarm100sim/third_party/orbbec_ws/install_287/orbbec_camera_msgs/local/lib/python3.10/dist-packages:${PYTHONPATH} /usr/bin/cmake --install /home/sophie/isaac_lab/isaac_ws/rl_code/soarm100sim/third_party/orbbec_ws/build_287/orbbec_camera
