[0.091s] Invoking command in '/home/sophie/isaac_lab/isaac_ws/rl_code/soarm100sim/third_party/orbbec_ws/build_system/orbbec_description': CMAKE_PREFIX_PATH=${CMAKE_PREFIX_PATH}:/opt/ros/humble CONDA_PROMPT_MODIFIER=(base) /usr/bin/cmake /home/sophie/isaac_lab/isaac_ws/rl_code/soarm100sim/third_party/orbbec_ws/src/OrbbecSDK_ROS2/orbbec_description -DCMAKE_BUILD_TYPE=Release -DINSTALL_UDEV_RULES=OFF -DPython3_EXECUTABLE=/usr/bin/python3 -DCMAKE_INSTALL_PREFIX=/home/sophie/isaac_lab/isaac_ws/rl_code/soarm100sim/third_party/orbbec_ws/install_system/orbbec_description
[0.145s] -- The C compiler identification is GNU 11.4.0
[0.188s] -- The CXX compiler identification is GNU 11.4.0
[0.193s] -- Detecting C compiler ABI info
[0.257s] -- Detecting C compiler ABI info - done
[0.263s] -- Check for working C compiler: /usr/bin/cc - skipped
[0.263s] -- Detecting C compile features
[0.263s] -- Detecting C compile features - done
[0.265s] -- Detecting CXX compiler ABI info
[0.331s] -- Detecting CXX compiler ABI info - done
[0.337s] -- Check for working CXX compiler: /usr/bin/c++ - skipped
[0.337s] -- Detecting CXX compile features
[0.337s] -- Detecting CXX compile features - done
[0.339s] -- Found ament_cmake: 1.3.14 (/opt/ros/humble/share/ament_cmake/cmake)
[0.479s] -- Found Python3: /usr/bin/python3 (found version "3.10.12") found components: Interpreter 
[0.609s] -- Configuring done
[0.611s] -- Generating done
[0.611s] CMake Warning:
[0.611s]   Manually-specified variables were not used by the project:
[0.611s] 
[0.611s]     INSTALL_UDEV_RULES
[0.611s] 
[0.612s] 
[0.612s] -- Build files have been written to: /home/sophie/isaac_lab/isaac_ws/rl_code/soarm100sim/third_party/orbbec_ws/build_system/orbbec_description
[0.949s] Invoked command in '/home/sophie/isaac_lab/isaac_ws/rl_code/soarm100sim/third_party/orbbec_ws/build_system/orbbec_description' returned '0': CMAKE_PREFIX_PATH=${CMAKE_PREFIX_PATH}:/opt/ros/humble CONDA_PROMPT_MODIFIER=(base) /usr/bin/cmake /home/sophie/isaac_lab/isaac_ws/rl_code/soarm100sim/third_party/orbbec_ws/src/OrbbecSDK_ROS2/orbbec_description -DCMAKE_BUILD_TYPE=Release -DINSTALL_UDEV_RULES=OFF -DPython3_EXECUTABLE=/usr/bin/python3 -DCMAKE_INSTALL_PREFIX=/home/sophie/isaac_lab/isaac_ws/rl_code/soarm100sim/third_party/orbbec_ws/install_system/orbbec_description
[0.949s] Invoking command in '/home/sophie/isaac_lab/isaac_ws/rl_code/soarm100sim/third_party/orbbec_ws/build_system/orbbec_description': CMAKE_PREFIX_PATH=${CMAKE_PREFIX_PATH}:/opt/ros/humble CONDA_PROMPT_MODIFIER=(base) /usr/bin/cmake --build /home/sophie/isaac_lab/isaac_ws/rl_code/soarm100sim/third_party/orbbec_ws/build_system/orbbec_description -- -j32 -l32
[0.986s] Invoked command in '/home/sophie/isaac_lab/isaac_ws/rl_code/soarm100sim/third_party/orbbec_ws/build_system/orbbec_description' returned '0': CMAKE_PREFIX_PATH=${CMAKE_PREFIX_PATH}:/opt/ros/humble CONDA_PROMPT_MODIFIER=(base) /usr/bin/cmake --build /home/sophie/isaac_lab/isaac_ws/rl_code/soarm100sim/third_party/orbbec_ws/build_system/orbbec_description -- -j32 -l32
[0.993s] Invoking command in '/home/sophie/isaac_lab/isaac_ws/rl_code/soarm100sim/third_party/orbbec_ws/build_system/orbbec_description': CMAKE_PREFIX_PATH=${CMAKE_PREFIX_PATH}:/opt/ros/humble CONDA_PROMPT_MODIFIER=(base) /usr/bin/cmake --install /home/sophie/isaac_lab/isaac_ws/rl_code/soarm100sim/third_party/orbbec_ws/build_system/orbbec_description
[0.999s] -- Install configuration: "Release"
[0.999s] -- Installing: /home/sophie/isaac_lab/isaac_ws/rl_code/soarm100sim/third_party/orbbec_ws/install_system/orbbec_description/share/orbbec_description/launch
[0.999s] -- Installing: /home/sophie/isaac_lab/isaac_ws/rl_code/soarm100sim/third_party/orbbec_ws/install_system/orbbec_description/share/orbbec_description/launch/launch_utils.py
[0.999s] -- Installing: /home/sophie/isaac_lab/isaac_ws/rl_code/soarm100sim/third_party/orbbec_ws/install_system/orbbec_description/share/orbbec_description/launch/view_model.launch.py
[0.999s] -- Installing: /home/sophie/isaac_lab/isaac_ws/rl_code/soarm100sim/third_party/orbbec_ws/install_system/orbbec_description/share/orbbec_description/meshes
[0.999s] -- Installing: /home/sophie/isaac_lab/isaac_ws/rl_code/soarm100sim/third_party/orbbec_ws/install_system/orbbec_description/share/orbbec_description/meshes/astra2
[0.999s] -- Installing: /home/sophie/isaac_lab/isaac_ws/rl_code/soarm100sim/third_party/orbbec_ws/install_system/orbbec_description/share/orbbec_description/meshes/astra2/camera_bottom_screw_frame.STL
[0.999s] -- Installing: /home/sophie/isaac_lab/isaac_ws/rl_code/soarm100sim/third_party/orbbec_ws/install_system/orbbec_description/share/orbbec_description/meshes/astra2/camera_depth_optical_frame.STL
[0.999s] -- Installing: /home/sophie/isaac_lab/isaac_ws/rl_code/soarm100sim/third_party/orbbec_ws/install_system/orbbec_description/share/orbbec_description/meshes/astra2/camera_color_optical_frame.STL
[0.999s] -- Installing: /home/sophie/isaac_lab/isaac_ws/rl_code/soarm100sim/third_party/orbbec_ws/install_system/orbbec_description/share/orbbec_description/meshes/astra2/base_link.STL
[1.001s] -- Installing: /home/sophie/isaac_lab/isaac_ws/rl_code/soarm100sim/third_party/orbbec_ws/install_system/orbbec_description/share/orbbec_description/meshes/astra2/camera_colorl_frame.STL
[1.001s] -- Installing: /home/sophie/isaac_lab/isaac_ws/rl_code/soarm100sim/third_party/orbbec_ws/install_system/orbbec_description/share/orbbec_description/meshes/astra2/camera_infra1_frame.STL
[1.001s] -- Installing: /home/sophie/isaac_lab/isaac_ws/rl_code/soarm100sim/third_party/orbbec_ws/install_system/orbbec_description/share/orbbec_description/meshes/astra2/camera_depth_frame.STL
[1.001s] -- Installing: /home/sophie/isaac_lab/isaac_ws/rl_code/soarm100sim/third_party/orbbec_ws/install_system/orbbec_description/share/orbbec_description/meshes/astra2/camera_infra1_optical_frame.STL
[1.002s] -- Installing: /home/sophie/isaac_lab/isaac_ws/rl_code/soarm100sim/third_party/orbbec_ws/install_system/orbbec_description/share/orbbec_description/meshes/gemini335L_336L
[1.002s] -- Installing: /home/sophie/isaac_lab/isaac_ws/rl_code/soarm100sim/third_party/orbbec_ws/install_system/orbbec_description/share/orbbec_description/meshes/gemini335L_336L/camera_IMU_frame.STL
[1.002s] -- Installing: /home/sophie/isaac_lab/isaac_ws/rl_code/soarm100sim/third_party/orbbec_ws/install_system/orbbec_description/share/orbbec_description/meshes/gemini335L_336L/camera_color_screw_frame.STL
[1.003s] -- Installing: /home/sophie/isaac_lab/isaac_ws/rl_code/soarm100sim/third_party/orbbec_ws/install_system/orbbec_description/share/orbbec_description/meshes/gemini335L_336L/camera_color_optical_frame.STL
[1.003s] -- Installing: /home/sophie/isaac_lab/isaac_ws/rl_code/soarm100sim/third_party/orbbec_ws/install_system/orbbec_description/share/orbbec_description/meshes/gemini335L_336L/base_link.STL
[1.006s] -- Installing: /home/sophie/isaac_lab/isaac_ws/rl_code/soarm100sim/third_party/orbbec_ws/install_system/orbbec_description/share/orbbec_description/meshes/gemini335L_336L/camera_infra2_optical_frame.STL
[1.006s] -- Installing: /home/sophie/isaac_lab/isaac_ws/rl_code/soarm100sim/third_party/orbbec_ws/install_system/orbbec_description/share/orbbec_description/meshes/gemini335L_336L/camera_color_frame.STL
[1.006s] -- Installing: /home/sophie/isaac_lab/isaac_ws/rl_code/soarm100sim/third_party/orbbec_ws/install_system/orbbec_description/share/orbbec_description/meshes/gemini335L_336L/camera_infra1_frame.STL
[1.006s] -- Installing: /home/sophie/isaac_lab/isaac_ws/rl_code/soarm100sim/third_party/orbbec_ws/install_system/orbbec_description/share/orbbec_description/meshes/gemini335L_336L/camera_depth_frame.STL
[1.007s] -- Installing: /home/sophie/isaac_lab/isaac_ws/rl_code/soarm100sim/third_party/orbbec_ws/install_system/orbbec_description/share/orbbec_description/meshes/gemini335L_336L/camera_infra2_frame.STL
[1.007s] -- Installing: /home/sophie/isaac_lab/isaac_ws/rl_code/soarm100sim/third_party/orbbec_ws/install_system/orbbec_description/share/orbbec_description/meshes/gemini335L_336L/camera_infra1_optical_frame.STL
[1.007s] -- Installing: /home/sophie/isaac_lab/isaac_ws/rl_code/soarm100sim/third_party/orbbec_ws/install_system/orbbec_description/share/orbbec_description/meshes/femto_bolt
[1.007s] -- Installing: /home/sophie/isaac_lab/isaac_ws/rl_code/soarm100sim/third_party/orbbec_ws/install_system/orbbec_description/share/orbbec_description/meshes/femto_bolt/femto_bolt.stl
[1.007s] -- Installing: /home/sophie/isaac_lab/isaac_ws/rl_code/soarm100sim/third_party/orbbec_ws/install_system/orbbec_description/share/orbbec_description/meshes/gemini2l
[1.007s] -- Installing: /home/sophie/isaac_lab/isaac_ws/rl_code/soarm100sim/third_party/orbbec_ws/install_system/orbbec_description/share/orbbec_description/meshes/gemini2l/camera_imu_frame.STL
[1.008s] -- Installing: /home/sophie/isaac_lab/isaac_ws/rl_code/soarm100sim/third_party/orbbec_ws/install_system/orbbec_description/share/orbbec_description/meshes/gemini2l/camera_IR1_optical_frame.STL
[1.008s] -- Installing: /home/sophie/isaac_lab/isaac_ws/rl_code/soarm100sim/third_party/orbbec_ws/install_system/orbbec_description/share/orbbec_description/meshes/gemini2l/camera_bottom_screw_frame.STL
[1.009s] -- Installing: /home/sophie/isaac_lab/isaac_ws/rl_code/soarm100sim/third_party/orbbec_ws/install_system/orbbec_description/share/orbbec_description/meshes/gemini2l/base_link.STL
[1.009s] -- Installing: /home/sophie/isaac_lab/isaac_ws/rl_code/soarm100sim/third_party/orbbec_ws/install_system/orbbec_description/share/orbbec_description/meshes/gemini2l/camera_IR2_optical_frame.STL
[1.009s] -- Installing: /home/sophie/isaac_lab/isaac_ws/rl_code/soarm100sim/third_party/orbbec_ws/install_system/orbbec_description/share/orbbec_description/meshes/gemini2l/camera_IR1_frame.STL
[1.009s] -- Installing: /home/sophie/isaac_lab/isaac_ws/rl_code/soarm100sim/third_party/orbbec_ws/install_system/orbbec_description/share/orbbec_description/meshes/gemini2l/camera_color_frame.STL
[1.009s] -- Installing: /home/sophie/isaac_lab/isaac_ws/rl_code/soarm100sim/third_party/orbbec_ws/install_system/orbbec_description/share/orbbec_description/meshes/gemini2l/camera_rgb_optical_frame.STL
[1.009s] -- Installing: /home/sophie/isaac_lab/isaac_ws/rl_code/soarm100sim/third_party/orbbec_ws/install_system/orbbec_description/share/orbbec_description/meshes/gemini2l/camera_depth_frame.STL
[1.010s] -- Installing: /home/sophie/isaac_lab/isaac_ws/rl_code/soarm100sim/third_party/orbbec_ws/install_system/orbbec_description/share/orbbec_description/meshes/gemini2l/camera_IR2_frame.STL
[1.010s] -- Installing: /home/sophie/isaac_lab/isaac_ws/rl_code/soarm100sim/third_party/orbbec_ws/install_system/orbbec_description/share/orbbec_description/meshes/gemini335_336
[1.010s] -- Installing: /home/sophie/isaac_lab/isaac_ws/rl_code/soarm100sim/third_party/orbbec_ws/install_system/orbbec_description/share/orbbec_description/meshes/gemini335_336/camera_left_ir_optical_frame.STL
[1.010s] -- Installing: /home/sophie/isaac_lab/isaac_ws/rl_code/soarm100sim/third_party/orbbec_ws/install_system/orbbec_description/share/orbbec_description/meshes/gemini335_336/camera_bottom_screw_frame.STL
[1.011s] -- Installing: /home/sophie/isaac_lab/isaac_ws/rl_code/soarm100sim/third_party/orbbec_ws/install_system/orbbec_description/share/orbbec_description/meshes/gemini335_336/camera_right_ir_optical_frame.STL
[1.011s] -- Installing: /home/sophie/isaac_lab/isaac_ws/rl_code/soarm100sim/third_party/orbbec_ws/install_system/orbbec_description/share/orbbec_description/meshes/gemini335_336/camera_depth_optical_frame.STL
[1.011s] -- Installing: /home/sophie/isaac_lab/isaac_ws/rl_code/soarm100sim/third_party/orbbec_ws/install_system/orbbec_description/share/orbbec_description/meshes/gemini335_336/camera_left_ir_frame.STL
[1.011s] -- Installing: /home/sophie/isaac_lab/isaac_ws/rl_code/soarm100sim/third_party/orbbec_ws/install_system/orbbec_description/share/orbbec_description/meshes/gemini335_336/camera_color_optical_frame.STL
[1.012s] -- Installing: /home/sophie/isaac_lab/isaac_ws/rl_code/soarm100sim/third_party/orbbec_ws/install_system/orbbec_description/share/orbbec_description/meshes/gemini335_336/camera_link.STL
[1.013s] -- Installing: /home/sophie/isaac_lab/isaac_ws/rl_code/soarm100sim/third_party/orbbec_ws/install_system/orbbec_description/share/orbbec_description/meshes/gemini335_336/camera_color_frame.STL
[1.013s] -- Installing: /home/sophie/isaac_lab/isaac_ws/rl_code/soarm100sim/third_party/orbbec_ws/install_system/orbbec_description/share/orbbec_description/meshes/gemini335_336/camera_right_ir_frame.STL
[1.013s] -- Installing: /home/sophie/isaac_lab/isaac_ws/rl_code/soarm100sim/third_party/orbbec_ws/install_system/orbbec_description/share/orbbec_description/meshes/gemini335_336/camera_depth_frame.STL
[1.013s] -- Installing: /home/sophie/isaac_lab/isaac_ws/rl_code/soarm100sim/third_party/orbbec_ws/install_system/orbbec_description/share/orbbec_description/meshes/AstraPlus.stl
[1.030s] -- Installing: /home/sophie/isaac_lab/isaac_ws/rl_code/soarm100sim/third_party/orbbec_ws/install_system/orbbec_description/share/orbbec_description/meshes/gemini2
[1.030s] -- Installing: /home/sophie/isaac_lab/isaac_ws/rl_code/soarm100sim/third_party/orbbec_ws/install_system/orbbec_description/share/orbbec_description/meshes/gemini2/camera_botter_screw_frame.STL
[1.030s] -- Installing: /home/sophie/isaac_lab/isaac_ws/rl_code/soarm100sim/third_party/orbbec_ws/install_system/orbbec_description/share/orbbec_description/meshes/gemini2/camera_color_optical_frame.STL
[1.030s] -- Installing: /home/sophie/isaac_lab/isaac_ws/rl_code/soarm100sim/third_party/orbbec_ws/install_system/orbbec_description/share/orbbec_description/meshes/gemini2/base_link.STL
[1.032s] -- Installing: /home/sophie/isaac_lab/isaac_ws/rl_code/soarm100sim/third_party/orbbec_ws/install_system/orbbec_description/share/orbbec_description/meshes/gemini2/camera_infra2_optical_frame.STL
[1.032s] -- Installing: /home/sophie/isaac_lab/isaac_ws/rl_code/soarm100sim/third_party/orbbec_ws/install_system/orbbec_description/share/orbbec_description/meshes/gemini2/camera_color_frame.STL
[1.032s] -- Installing: /home/sophie/isaac_lab/isaac_ws/rl_code/soarm100sim/third_party/orbbec_ws/install_system/orbbec_description/share/orbbec_description/meshes/gemini2/camera_infra1_frame.STL
[1.032s] -- Installing: /home/sophie/isaac_lab/isaac_ws/rl_code/soarm100sim/third_party/orbbec_ws/install_system/orbbec_description/share/orbbec_description/meshes/gemini2/camera_depth_frame.STL
[1.032s] -- Installing: /home/sophie/isaac_lab/isaac_ws/rl_code/soarm100sim/third_party/orbbec_ws/install_system/orbbec_description/share/orbbec_description/meshes/gemini2/camera_infra2_frame.STL
[1.033s] -- Installing: /home/sophie/isaac_lab/isaac_ws/rl_code/soarm100sim/third_party/orbbec_ws/install_system/orbbec_description/share/orbbec_description/meshes/gemini2/camera_infra1_optical_frame.STL
[1.033s] -- Installing: /home/sophie/isaac_lab/isaac_ws/rl_code/soarm100sim/third_party/orbbec_ws/install_system/orbbec_description/share/orbbec_description/meshes/gemini335Le
[1.033s] -- Installing: /home/sophie/isaac_lab/isaac_ws/rl_code/soarm100sim/third_party/orbbec_ws/install_system/orbbec_description/share/orbbec_description/meshes/gemini335Le/base_Link.STL
[1.034s] -- Installing: /home/sophie/isaac_lab/isaac_ws/rl_code/soarm100sim/third_party/orbbec_ws/install_system/orbbec_description/share/orbbec_description/meshes/gemini335Le/canera_left_IR_ROS_frame.STL
[1.034s] -- Installing: /home/sophie/isaac_lab/isaac_ws/rl_code/soarm100sim/third_party/orbbec_ws/install_system/orbbec_description/share/orbbec_description/meshes/gemini335Le/camera_botton_screw_frame.STL
[1.037s] -- Installing: /home/sophie/isaac_lab/isaac_ws/rl_code/soarm100sim/third_party/orbbec_ws/install_system/orbbec_description/share/orbbec_description/meshes/gemini335Le/canera_IMU_ROS_frame.STL
[1.037s] -- Installing: /home/sophie/isaac_lab/isaac_ws/rl_code/soarm100sim/third_party/orbbec_ws/install_system/orbbec_description/share/orbbec_description/meshes/gemini335Le/canera_right_IR_ROS_frame.STL
[1.037s] -- Installing: /home/sophie/isaac_lab/isaac_ws/rl_code/soarm100sim/third_party/orbbec_ws/install_system/orbbec_description/share/orbbec_description/meshes/gemini335Le/canera_RGB_ROS_frame.STL
[1.037s] -- Installing: /home/sophie/isaac_lab/isaac_ws/rl_code/soarm100sim/third_party/orbbec_ws/install_system/orbbec_description/share/orbbec_description/meshes/gemini335Lg
[1.038s] -- Installing: /home/sophie/isaac_lab/isaac_ws/rl_code/soarm100sim/third_party/orbbec_ws/install_system/orbbec_description/share/orbbec_description/meshes/gemini335Lg/camera_bottom_screw_frame.STL
[1.038s] -- Installing: /home/sophie/isaac_lab/isaac_ws/rl_code/soarm100sim/third_party/orbbec_ws/install_system/orbbec_description/share/orbbec_description/meshes/gemini335Lg/camera_IMU_frame.STL
[1.038s] -- Installing: /home/sophie/isaac_lab/isaac_ws/rl_code/soarm100sim/third_party/orbbec_ws/install_system/orbbec_description/share/orbbec_description/meshes/gemini335Lg/camera_color_optical_frame.STL
[1.039s] -- Installing: /home/sophie/isaac_lab/isaac_ws/rl_code/soarm100sim/third_party/orbbec_ws/install_system/orbbec_description/share/orbbec_description/meshes/gemini335Lg/base_link.STL
[1.041s] -- Installing: /home/sophie/isaac_lab/isaac_ws/rl_code/soarm100sim/third_party/orbbec_ws/install_system/orbbec_description/share/orbbec_description/meshes/gemini335Lg/camera_infra2_optical_frame.STL
[1.041s] -- Installing: /home/sophie/isaac_lab/isaac_ws/rl_code/soarm100sim/third_party/orbbec_ws/install_system/orbbec_description/share/orbbec_description/meshes/gemini335Lg/camera_color_frame.STL
[1.041s] -- Installing: /home/sophie/isaac_lab/isaac_ws/rl_code/soarm100sim/third_party/orbbec_ws/install_system/orbbec_description/share/orbbec_description/meshes/gemini335Lg/camera_infra1_frame.STL
[1.041s] -- Installing: /home/sophie/isaac_lab/isaac_ws/rl_code/soarm100sim/third_party/orbbec_ws/install_system/orbbec_description/share/orbbec_description/meshes/gemini335Lg/camera_depth_frame.STL
[1.042s] -- Installing: /home/sophie/isaac_lab/isaac_ws/rl_code/soarm100sim/third_party/orbbec_ws/install_system/orbbec_description/share/orbbec_description/meshes/gemini335Lg/camera_infra2_frame.STL
[1.042s] -- Installing: /home/sophie/isaac_lab/isaac_ws/rl_code/soarm100sim/third_party/orbbec_ws/install_system/orbbec_description/share/orbbec_description/meshes/gemini335Lg/camera_infra1_optical_frame.STL
[1.042s] -- Installing: /home/sophie/isaac_lab/isaac_ws/rl_code/soarm100sim/third_party/orbbec_ws/install_system/orbbec_description/share/orbbec_description/urdf
[1.042s] -- Installing: /home/sophie/isaac_lab/isaac_ws/rl_code/soarm100sim/third_party/orbbec_ws/install_system/orbbec_description/share/orbbec_description/urdf/test_femto_bolt.urdf.xacro
[1.042s] -- Installing: /home/sophie/isaac_lab/isaac_ws/rl_code/soarm100sim/third_party/orbbec_ws/install_system/orbbec_description/share/orbbec_description/urdf/test_gemini_335.urdf.xacro
[1.042s] -- Installing: /home/sophie/isaac_lab/isaac_ws/rl_code/soarm100sim/third_party/orbbec_ws/install_system/orbbec_description/share/orbbec_description/urdf/gemini335Lg.urdf.xacro
[1.043s] -- Installing: /home/sophie/isaac_lab/isaac_ws/rl_code/soarm100sim/third_party/orbbec_ws/install_system/orbbec_description/share/orbbec_description/urdf/test_gemini335L.urdf.xacro
[1.043s] -- Installing: /home/sophie/isaac_lab/isaac_ws/rl_code/soarm100sim/third_party/orbbec_ws/install_system/orbbec_description/share/orbbec_description/urdf/test_gemini2.urdf.xacro
[1.043s] -- Installing: /home/sophie/isaac_lab/isaac_ws/rl_code/soarm100sim/third_party/orbbec_ws/install_system/orbbec_description/share/orbbec_description/urdf/gemini335L_336L.urdf.xacro
[1.044s] -- Installing: /home/sophie/isaac_lab/isaac_ws/rl_code/soarm100sim/third_party/orbbec_ws/install_system/orbbec_description/share/orbbec_description/urdf/test_gemini335Lg.urdf.xacro
[1.044s] -- Installing: /home/sophie/isaac_lab/isaac_ws/rl_code/soarm100sim/third_party/orbbec_ws/install_system/orbbec_description/share/orbbec_description/urdf/test_gemini2L.urdf.xacro
[1.044s] -- Installing: /home/sophie/isaac_lab/isaac_ws/rl_code/soarm100sim/third_party/orbbec_ws/install_system/orbbec_description/share/orbbec_description/urdf/gemini_335_336.urdf.xacro
[1.044s] -- Installing: /home/sophie/isaac_lab/isaac_ws/rl_code/soarm100sim/third_party/orbbec_ws/install_system/orbbec_description/share/orbbec_description/urdf/gemini335Le.urdf.xacro
[1.044s] -- Installing: /home/sophie/isaac_lab/isaac_ws/rl_code/soarm100sim/third_party/orbbec_ws/install_system/orbbec_description/share/orbbec_description/urdf/test_gemini336L.urdf.xacro
[1.044s] -- Installing: /home/sophie/isaac_lab/isaac_ws/rl_code/soarm100sim/third_party/orbbec_ws/install_system/orbbec_description/share/orbbec_description/urdf/gemini2L.urdf.xacro
[1.044s] -- Installing: /home/sophie/isaac_lab/isaac_ws/rl_code/soarm100sim/third_party/orbbec_ws/install_system/orbbec_description/share/orbbec_description/urdf/test_gemini_336.urdf.xacro
[1.044s] -- Installing: /home/sophie/isaac_lab/isaac_ws/rl_code/soarm100sim/third_party/orbbec_ws/install_system/orbbec_description/share/orbbec_description/urdf/gemini2.urdf.xacro
[1.044s] -- Installing: /home/sophie/isaac_lab/isaac_ws/rl_code/soarm100sim/third_party/orbbec_ws/install_system/orbbec_description/share/orbbec_description/urdf/femto_bolt.urdf.xacro
[1.044s] -- Installing: /home/sophie/isaac_lab/isaac_ws/rl_code/soarm100sim/third_party/orbbec_ws/install_system/orbbec_description/share/orbbec_description/urdf/astra2.urdf.xacro
[1.044s] -- Installing: /home/sophie/isaac_lab/isaac_ws/rl_code/soarm100sim/third_party/orbbec_ws/install_system/orbbec_description/share/orbbec_description/urdf/test_gemini335Le.urdf.xacro
[1.044s] -- Installing: /home/sophie/isaac_lab/isaac_ws/rl_code/soarm100sim/third_party/orbbec_ws/install_system/orbbec_description/share/orbbec_description/urdf/test_astra2.urdf.xacro
[1.044s] -- Installing: /home/sophie/isaac_lab/isaac_ws/rl_code/soarm100sim/third_party/orbbec_ws/install_system/orbbec_description/share/orbbec_description/rviz
[1.044s] -- Installing: /home/sophie/isaac_lab/isaac_ws/rl_code/soarm100sim/third_party/orbbec_ws/install_system/orbbec_description/share/orbbec_description/rviz/urdf.rviz
[1.045s] -- Installing: /home/sophie/isaac_lab/isaac_ws/rl_code/soarm100sim/third_party/orbbec_ws/install_system/orbbec_description/share/ament_index/resource_index/package_run_dependencies/orbbec_description
[1.045s] -- Installing: /home/sophie/isaac_lab/isaac_ws/rl_code/soarm100sim/third_party/orbbec_ws/install_system/orbbec_description/share/ament_index/resource_index/parent_prefix_path/orbbec_description
[1.045s] -- Installing: /home/sophie/isaac_lab/isaac_ws/rl_code/soarm100sim/third_party/orbbec_ws/install_system/orbbec_description/share/orbbec_description/environment/ament_prefix_path.sh
[1.045s] -- Installing: /home/sophie/isaac_lab/isaac_ws/rl_code/soarm100sim/third_party/orbbec_ws/install_system/orbbec_description/share/orbbec_description/environment/ament_prefix_path.dsv
[1.045s] -- Installing: /home/sophie/isaac_lab/isaac_ws/rl_code/soarm100sim/third_party/orbbec_ws/install_system/orbbec_description/share/orbbec_description/environment/path.sh
[1.045s] -- Installing: /home/sophie/isaac_lab/isaac_ws/rl_code/soarm100sim/third_party/orbbec_ws/install_system/orbbec_description/share/orbbec_description/environment/path.dsv
[1.045s] -- Installing: /home/sophie/isaac_lab/isaac_ws/rl_code/soarm100sim/third_party/orbbec_ws/install_system/orbbec_description/share/orbbec_description/local_setup.bash
[1.045s] -- Installing: /home/sophie/isaac_lab/isaac_ws/rl_code/soarm100sim/third_party/orbbec_ws/install_system/orbbec_description/share/orbbec_description/local_setup.sh
[1.045s] -- Installing: /home/sophie/isaac_lab/isaac_ws/rl_code/soarm100sim/third_party/orbbec_ws/install_system/orbbec_description/share/orbbec_description/local_setup.zsh
[1.045s] -- Installing: /home/sophie/isaac_lab/isaac_ws/rl_code/soarm100sim/third_party/orbbec_ws/install_system/orbbec_description/share/orbbec_description/local_setup.dsv
[1.045s] -- Installing: /home/sophie/isaac_lab/isaac_ws/rl_code/soarm100sim/third_party/orbbec_ws/install_system/orbbec_description/share/orbbec_description/package.dsv
[1.045s] -- Installing: /home/sophie/isaac_lab/isaac_ws/rl_code/soarm100sim/third_party/orbbec_ws/install_system/orbbec_description/share/ament_index/resource_index/packages/orbbec_description
[1.045s] -- Installing: /home/sophie/isaac_lab/isaac_ws/rl_code/soarm100sim/third_party/orbbec_ws/install_system/orbbec_description/share/orbbec_description/cmake/orbbec_descriptionConfig.cmake
[1.045s] -- Installing: /home/sophie/isaac_lab/isaac_ws/rl_code/soarm100sim/third_party/orbbec_ws/install_system/orbbec_description/share/orbbec_description/cmake/orbbec_descriptionConfig-version.cmake
[1.046s] -- Installing: /home/sophie/isaac_lab/isaac_ws/rl_code/soarm100sim/third_party/orbbec_ws/install_system/orbbec_description/share/orbbec_description/package.xml
[1.181s] Invoked command in '/home/sophie/isaac_lab/isaac_ws/rl_code/soarm100sim/third_party/orbbec_ws/build_system/orbbec_description' returned '0': CMAKE_PREFIX_PATH=${CMAKE_PREFIX_PATH}:/opt/ros/humble CONDA_PROMPT_MODIFIER=(base) /usr/bin/cmake --install /home/sophie/isaac_lab/isaac_ws/rl_code/soarm100sim/third_party/orbbec_ws/build_system/orbbec_description
