[0.086s] colcon DEBUG Command line arguments: ['/usr/bin/colcon', 'build', '--packages-select', 'soarm100_vision', '--symlink-install']
[0.086s] colcon DEBUG Parsed command line arguments: Namespace(log_base=None, log_level=None, verb_name='build', build_base='build', install_base='install', merge_install=False, symlink_install=True, test_result_base=None, continue_on_error=False, executor='parallel', parallel_workers=32, event_handlers=None, ignore_user_meta=False, metas=['./colcon.meta'], base_paths=['.'], packages_ignore=None, packages_ignore_regex=None, paths=None, packages_up_to=None, packages_up_to_regex=None, packages_above=None, packages_above_and_dependencies=None, packages_above_depth=None, packages_select_by_dep=None, packages_skip_by_dep=None, packages_skip_up_to=None, packages_select_build_failed=False, packages_skip_build_finished=False, packages_select_test_failures=False, packages_skip_test_passed=False, packages_select=['soarm100_vision'], packages_skip=None, packages_select_regex=None, packages_skip_regex=None, packages_start=None, packages_end=None, allow_overriding=[], cmake_args=None, cmake_target=None, cmake_target_skip_unavailable=False, cmake_clean_cache=False, cmake_clean_first=False, cmake_force_configure=False, ament_cmake_args=None, catkin_cmake_args=None, catkin_skip_building_tests=False, verb_parser=<colcon_defaults.argument_parser.defaults.DefaultArgumentsDecorator object at 0x7a8f25d22380>, verb_extension=<colcon_core.verb.build.BuildVerb object at 0x7a8f25d21f00>, main=<bound method BuildVerb.main of <colcon_core.verb.build.BuildVerb object at 0x7a8f25d21f00>>)
[0.219s] colcon.colcon_core.package_discovery Level 1 discover_packages(colcon_meta) check parameters
[0.220s] colcon.colcon_core.package_discovery Level 1 discover_packages(recursive) check parameters
[0.220s] colcon.colcon_core.package_discovery Level 1 discover_packages(ignore) check parameters
[0.220s] colcon.colcon_core.package_discovery Level 1 discover_packages(path) check parameters
[0.220s] colcon.colcon_core.package_discovery Level 1 discover_packages(colcon_meta) discover
[0.220s] colcon.colcon_core.package_discovery Level 1 discover_packages(recursive) discover
[0.220s] colcon.colcon_core.package_discovery INFO Crawling recursively for packages in '/home/sophie/isaac_lab/isaac_ws/rl_code/soarm100sim/ros2'
[0.220s] colcon.colcon_core.package_identification Level 1 _identify(.) by extensions ['ignore', 'ignore_ament_install']
[0.220s] colcon.colcon_core.package_identification Level 1 _identify(.) by extension 'ignore'
[0.220s] colcon.colcon_core.package_identification Level 1 _identify(.) by extension 'ignore_ament_install'
[0.220s] colcon.colcon_core.package_identification Level 1 _identify(.) by extensions ['colcon_pkg']
[0.220s] colcon.colcon_core.package_identification Level 1 _identify(.) by extension 'colcon_pkg'
[0.220s] colcon.colcon_core.package_identification Level 1 _identify(.) by extensions ['colcon_meta']
[0.220s] colcon.colcon_core.package_identification Level 1 _identify(.) by extension 'colcon_meta'
[0.220s] colcon.colcon_core.package_identification Level 1 _identify(.) by extensions ['ros']
[0.220s] colcon.colcon_core.package_identification Level 1 _identify(.) by extension 'ros'
[0.243s] colcon.colcon_core.package_identification Level 1 _identify(.) by extensions ['cmake', 'python']
[0.243s] colcon.colcon_core.package_identification Level 1 _identify(.) by extension 'cmake'
[0.243s] colcon.colcon_core.package_identification Level 1 _identify(.) by extension 'python'
[0.243s] colcon.colcon_core.package_identification Level 1 _identify(.) by extensions ['python_setup_py']
[0.243s] colcon.colcon_core.package_identification Level 1 _identify(.) by extension 'python_setup_py'
[0.243s] colcon.colcon_core.package_identification Level 1 _identify(build) by extensions ['ignore', 'ignore_ament_install']
[0.243s] colcon.colcon_core.package_identification Level 1 _identify(build) by extension 'ignore'
[0.243s] colcon.colcon_core.package_identification Level 1 _identify(build) ignored
[0.243s] colcon.colcon_core.package_identification Level 1 _identify(install) by extensions ['ignore', 'ignore_ament_install']
[0.243s] colcon.colcon_core.package_identification Level 1 _identify(install) by extension 'ignore'
[0.243s] colcon.colcon_core.package_identification Level 1 _identify(install) ignored
[0.243s] colcon.colcon_core.package_identification Level 1 _identify(log) by extensions ['ignore', 'ignore_ament_install']
[0.243s] colcon.colcon_core.package_identification Level 1 _identify(log) by extension 'ignore'
[0.243s] colcon.colcon_core.package_identification Level 1 _identify(log) ignored
[0.243s] colcon.colcon_core.package_identification Level 1 _identify(logs) by extensions ['ignore', 'ignore_ament_install']
[0.244s] colcon.colcon_core.package_identification Level 1 _identify(logs) by extension 'ignore'
[0.244s] colcon.colcon_core.package_identification Level 1 _identify(logs) by extension 'ignore_ament_install'
[0.244s] colcon.colcon_core.package_identification Level 1 _identify(logs) by extensions ['colcon_pkg']
[0.244s] colcon.colcon_core.package_identification Level 1 _identify(logs) by extension 'colcon_pkg'
[0.244s] colcon.colcon_core.package_identification Level 1 _identify(logs) by extensions ['colcon_meta']
[0.244s] colcon.colcon_core.package_identification Level 1 _identify(logs) by extension 'colcon_meta'
[0.244s] colcon.colcon_core.package_identification Level 1 _identify(logs) by extensions ['ros']
[0.244s] colcon.colcon_core.package_identification Level 1 _identify(logs) by extension 'ros'
[0.244s] colcon.colcon_core.package_identification Level 1 _identify(logs) by extensions ['cmake', 'python']
[0.244s] colcon.colcon_core.package_identification Level 1 _identify(logs) by extension 'cmake'
[0.244s] colcon.colcon_core.package_identification Level 1 _identify(logs) by extension 'python'
[0.244s] colcon.colcon_core.package_identification Level 1 _identify(logs) by extensions ['python_setup_py']
[0.244s] colcon.colcon_core.package_identification Level 1 _identify(logs) by extension 'python_setup_py'
[0.244s] colcon.colcon_core.package_identification Level 1 _identify(logs/ros2_tracking_failures) by extensions ['ignore', 'ignore_ament_install']
[0.244s] colcon.colcon_core.package_identification Level 1 _identify(logs/ros2_tracking_failures) by extension 'ignore'
[0.244s] colcon.colcon_core.package_identification Level 1 _identify(logs/ros2_tracking_failures) by extension 'ignore_ament_install'
[0.244s] colcon.colcon_core.package_identification Level 1 _identify(logs/ros2_tracking_failures) by extensions ['colcon_pkg']
[0.244s] colcon.colcon_core.package_identification Level 1 _identify(logs/ros2_tracking_failures) by extension 'colcon_pkg'
[0.244s] colcon.colcon_core.package_identification Level 1 _identify(logs/ros2_tracking_failures) by extensions ['colcon_meta']
[0.244s] colcon.colcon_core.package_identification Level 1 _identify(logs/ros2_tracking_failures) by extension 'colcon_meta'
[0.244s] colcon.colcon_core.package_identification Level 1 _identify(logs/ros2_tracking_failures) by extensions ['ros']
[0.244s] colcon.colcon_core.package_identification Level 1 _identify(logs/ros2_tracking_failures) by extension 'ros'
[0.244s] colcon.colcon_core.package_identification Level 1 _identify(logs/ros2_tracking_failures) by extensions ['cmake', 'python']
[0.244s] colcon.colcon_core.package_identification Level 1 _identify(logs/ros2_tracking_failures) by extension 'cmake'
[0.244s] colcon.colcon_core.package_identification Level 1 _identify(logs/ros2_tracking_failures) by extension 'python'
[0.244s] colcon.colcon_core.package_identification Level 1 _identify(logs/ros2_tracking_failures) by extensions ['python_setup_py']
[0.244s] colcon.colcon_core.package_identification Level 1 _identify(logs/ros2_tracking_failures) by extension 'python_setup_py'
[0.244s] colcon.colcon_core.package_identification Level 1 _identify(logs/ros2_vision) by extensions ['ignore', 'ignore_ament_install']
[0.244s] colcon.colcon_core.package_identification Level 1 _identify(logs/ros2_vision) by extension 'ignore'
[0.245s] colcon.colcon_core.package_identification Level 1 _identify(logs/ros2_vision) by extension 'ignore_ament_install'
[0.245s] colcon.colcon_core.package_identification Level 1 _identify(logs/ros2_vision) by extensions ['colcon_pkg']
[0.245s] colcon.colcon_core.package_identification Level 1 _identify(logs/ros2_vision) by extension 'colcon_pkg'
[0.245s] colcon.colcon_core.package_identification Level 1 _identify(logs/ros2_vision) by extensions ['colcon_meta']
[0.245s] colcon.colcon_core.package_identification Level 1 _identify(logs/ros2_vision) by extension 'colcon_meta'
[0.245s] colcon.colcon_core.package_identification Level 1 _identify(logs/ros2_vision) by extensions ['ros']
[0.245s] colcon.colcon_core.package_identification Level 1 _identify(logs/ros2_vision) by extension 'ros'
[0.245s] colcon.colcon_core.package_identification Level 1 _identify(logs/ros2_vision) by extensions ['cmake', 'python']
[0.245s] colcon.colcon_core.package_identification Level 1 _identify(logs/ros2_vision) by extension 'cmake'
[0.245s] colcon.colcon_core.package_identification Level 1 _identify(logs/ros2_vision) by extension 'python'
[0.245s] colcon.colcon_core.package_identification Level 1 _identify(logs/ros2_vision) by extensions ['python_setup_py']
[0.245s] colcon.colcon_core.package_identification Level 1 _identify(logs/ros2_vision) by extension 'python_setup_py'
[0.245s] colcon.colcon_core.package_identification Level 1 _identify(so100_plus_description) by extensions ['ignore', 'ignore_ament_install']
[0.245s] colcon.colcon_core.package_identification Level 1 _identify(so100_plus_description) by extension 'ignore'
[0.245s] colcon.colcon_core.package_identification Level 1 _identify(so100_plus_description) by extension 'ignore_ament_install'
[0.245s] colcon.colcon_core.package_identification Level 1 _identify(so100_plus_description) by extensions ['colcon_pkg']
[0.245s] colcon.colcon_core.package_identification Level 1 _identify(so100_plus_description) by extension 'colcon_pkg'
[0.245s] colcon.colcon_core.package_identification Level 1 _identify(so100_plus_description) by extensions ['colcon_meta']
[0.245s] colcon.colcon_core.package_identification Level 1 _identify(so100_plus_description) by extension 'colcon_meta'
[0.245s] colcon.colcon_core.package_identification Level 1 _identify(so100_plus_description) by extensions ['ros']
[0.245s] colcon.colcon_core.package_identification Level 1 _identify(so100_plus_description) by extension 'ros'
[0.247s] colcon.colcon_core.package_identification DEBUG Package 'so100_plus_description' with type 'ros.ament_cmake' and name 'so100_plus_description'
[0.247s] colcon.colcon_core.package_identification Level 1 _identify(soarm100_interfaces) by extensions ['ignore', 'ignore_ament_install']
[0.247s] colcon.colcon_core.package_identification Level 1 _identify(soarm100_interfaces) by extension 'ignore'
[0.247s] colcon.colcon_core.package_identification Level 1 _identify(soarm100_interfaces) by extension 'ignore_ament_install'
[0.247s] colcon.colcon_core.package_identification Level 1 _identify(soarm100_interfaces) by extensions ['colcon_pkg']
[0.247s] colcon.colcon_core.package_identification Level 1 _identify(soarm100_interfaces) by extension 'colcon_pkg'
[0.247s] colcon.colcon_core.package_identification Level 1 _identify(soarm100_interfaces) by extensions ['colcon_meta']
[0.247s] colcon.colcon_core.package_identification Level 1 _identify(soarm100_interfaces) by extension 'colcon_meta'
[0.247s] colcon.colcon_core.package_identification Level 1 _identify(soarm100_interfaces) by extensions ['ros']
[0.247s] colcon.colcon_core.package_identification Level 1 _identify(soarm100_interfaces) by extension 'ros'
[0.248s] colcon.colcon_core.package_identification DEBUG Package 'soarm100_interfaces' with type 'ros.ament_cmake' and name 'soarm100_interfaces'
[0.248s] colcon.colcon_core.package_identification Level 1 _identify(soarm100_vision) by extensions ['ignore', 'ignore_ament_install']
[0.248s] colcon.colcon_core.package_identification Level 1 _identify(soarm100_vision) by extension 'ignore'
[0.248s] colcon.colcon_core.package_identification Level 1 _identify(soarm100_vision) by extension 'ignore_ament_install'
[0.248s] colcon.colcon_core.package_identification Level 1 _identify(soarm100_vision) by extensions ['colcon_pkg']
[0.248s] colcon.colcon_core.package_identification Level 1 _identify(soarm100_vision) by extension 'colcon_pkg'
[0.248s] colcon.colcon_core.package_identification Level 1 _identify(soarm100_vision) by extensions ['colcon_meta']
[0.248s] colcon.colcon_core.package_identification Level 1 _identify(soarm100_vision) by extension 'colcon_meta'
[0.248s] colcon.colcon_core.package_identification Level 1 _identify(soarm100_vision) by extensions ['ros']
[0.248s] colcon.colcon_core.package_identification Level 1 _identify(soarm100_vision) by extension 'ros'
[0.248s] colcon.colcon_core.package_identification DEBUG Package 'soarm100_vision' with type 'ros.ament_python' and name 'soarm100_vision'
[0.248s] colcon.colcon_core.package_discovery Level 1 discover_packages(recursive) using defaults
[0.249s] colcon.colcon_core.package_discovery Level 1 discover_packages(ignore) discover
[0.249s] colcon.colcon_core.package_discovery Level 1 discover_packages(ignore) using defaults
[0.249s] colcon.colcon_core.package_discovery Level 1 discover_packages(path) discover
[0.249s] colcon.colcon_core.package_discovery Level 1 discover_packages(path) using defaults
[0.260s] colcon.colcon_core.package_selection INFO Skipping not selected package 'so100_plus_description' in 'so100_plus_description'
[0.260s] colcon.colcon_core.package_selection INFO Skipping not selected package 'soarm100_interfaces' in 'soarm100_interfaces'
[0.260s] colcon.colcon_core.package_discovery Level 1 discover_packages(prefix_path) check parameters
[0.260s] colcon.colcon_core.package_discovery Level 1 discover_packages(prefix_path) discover
[0.262s] colcon.colcon_installed_package_information.package_discovery DEBUG Found 382 installed packages in /opt/ros/humble
[0.263s] colcon.colcon_core.package_discovery Level 1 discover_packages(prefix_path) using defaults
[0.289s] colcon.colcon_core.verb Level 5 set package 'soarm100_vision' build argument 'cmake_args' from command line to 'None'
[0.289s] colcon.colcon_core.verb Level 5 set package 'soarm100_vision' build argument 'cmake_target' from command line to 'None'
[0.289s] colcon.colcon_core.verb Level 5 set package 'soarm100_vision' build argument 'cmake_target_skip_unavailable' from command line to 'False'
[0.289s] colcon.colcon_core.verb Level 5 set package 'soarm100_vision' build argument 'cmake_clean_cache' from command line to 'False'
[0.289s] colcon.colcon_core.verb Level 5 set package 'soarm100_vision' build argument 'cmake_clean_first' from command line to 'False'
[0.289s] colcon.colcon_core.verb Level 5 set package 'soarm100_vision' build argument 'cmake_force_configure' from command line to 'False'
[0.289s] colcon.colcon_core.verb Level 5 set package 'soarm100_vision' build argument 'ament_cmake_args' from command line to 'None'
[0.289s] colcon.colcon_core.verb Level 5 set package 'soarm100_vision' build argument 'catkin_cmake_args' from command line to 'None'
[0.289s] colcon.colcon_core.verb Level 5 set package 'soarm100_vision' build argument 'catkin_skip_building_tests' from command line to 'False'
[0.289s] colcon.colcon_core.verb DEBUG Building package 'soarm100_vision' with the following arguments: {'ament_cmake_args': None, 'build_base': '/home/sophie/isaac_lab/isaac_ws/rl_code/soarm100sim/ros2/build/soarm100_vision', 'catkin_cmake_args': None, 'catkin_skip_building_tests': False, 'cmake_args': None, 'cmake_clean_cache': False, 'cmake_clean_first': False, 'cmake_force_configure': False, 'cmake_target': None, 'cmake_target_skip_unavailable': False, 'install_base': '/home/sophie/isaac_lab/isaac_ws/rl_code/soarm100sim/ros2/install/soarm100_vision', 'merge_install': False, 'path': '/home/sophie/isaac_lab/isaac_ws/rl_code/soarm100sim/ros2/soarm100_vision', 'symlink_install': True, 'test_result_base': None}
[0.289s] colcon.colcon_core.executor INFO Executing jobs using 'parallel' executor
[0.290s] colcon.colcon_parallel_executor.executor.parallel DEBUG run_until_complete
[0.290s] colcon.colcon_ros.task.ament_python.build INFO Building ROS package in '/home/sophie/isaac_lab/isaac_ws/rl_code/soarm100sim/ros2/soarm100_vision' with build type 'ament_python'
[0.290s] colcon.colcon_core.shell Level 1 create_environment_hook('soarm100_vision', 'ament_prefix_path')
[0.292s] colcon.colcon_core.plugin_system INFO Skipping extension 'colcon_core.shell.bat': Not used on non-Windows systems
[0.292s] colcon.colcon_core.shell INFO Creating environment hook '/home/sophie/isaac_lab/isaac_ws/rl_code/soarm100sim/ros2/install/soarm100_vision/share/soarm100_vision/hook/ament_prefix_path.ps1'
[0.293s] colcon.colcon_core.shell INFO Creating environment descriptor '/home/sophie/isaac_lab/isaac_ws/rl_code/soarm100sim/ros2/install/soarm100_vision/share/soarm100_vision/hook/ament_prefix_path.dsv'
[0.293s] colcon.colcon_core.shell INFO Creating environment hook '/home/sophie/isaac_lab/isaac_ws/rl_code/soarm100sim/ros2/install/soarm100_vision/share/soarm100_vision/hook/ament_prefix_path.sh'
[0.293s] colcon.colcon_core.shell INFO Skip shell extension 'powershell' for command environment: Not usable outside of PowerShell
[0.293s] colcon.colcon_core.shell DEBUG Skip shell extension 'dsv' for command environment
[30.478s] colcon.colcon_core.task.python.build INFO Building Python package in '/home/sophie/isaac_lab/isaac_ws/rl_code/soarm100sim/ros2/soarm100_vision'
[30.478s] colcon.colcon_core.shell INFO Skip shell extension 'powershell' for command environment: Not usable outside of PowerShell
[30.478s] colcon.colcon_core.shell DEBUG Skip shell extension 'dsv' for command environment
[30.762s] colcon.colcon_core.task.python.build DEBUG While undoing a previous installation files outside the Python library path are being ignored: /home/sophie/isaac_lab/isaac_ws/rl_code/soarm100sim/ros2/install/soarm100_vision/share/ament_index/resource_index/packages/soarm100_vision
[30.762s] colcon.colcon_core.task.python.build DEBUG While undoing a previous installation files outside the Python library path are being ignored: /home/sophie/isaac_lab/isaac_ws/rl_code/soarm100sim/ros2/install/soarm100_vision/share/soarm100_vision/package.xml
[30.762s] colcon.colcon_core.task.python.build DEBUG While undoing a previous installation files outside the Python library path are being ignored: /home/sophie/isaac_lab/isaac_ws/rl_code/soarm100sim/ros2/install/soarm100_vision/share/soarm100_vision/launch/vision_grasp.launch.py
[30.762s] colcon.colcon_core.task.python.build DEBUG While undoing a previous installation files outside the Python library path are being ignored: /home/sophie/isaac_lab/isaac_ws/rl_code/soarm100sim/ros2/install/soarm100_vision/share/soarm100_vision/launch/hardware_state.launch.py
[30.762s] colcon.colcon_core.task.python.build DEBUG While undoing a previous installation files outside the Python library path are being ignored: /home/sophie/isaac_lab/isaac_ws/rl_code/soarm100sim/ros2/install/soarm100_vision/share/soarm100_vision/launch/hardware_single_joint.launch.py
[30.762s] colcon.colcon_core.task.python.build DEBUG While undoing a previous installation files outside the Python library path are being ignored: /home/sophie/isaac_lab/isaac_ws/rl_code/soarm100sim/ros2/install/soarm100_vision/share/soarm100_vision/launch/hardware_controller.launch.py
[30.762s] colcon.colcon_core.task.python.build DEBUG While undoing a previous installation files outside the Python library path are being ignored: /home/sophie/isaac_lab/isaac_ws/rl_code/soarm100sim/ros2/install/soarm100_vision/lib/soarm100_vision/anygrasp_planner_node
[30.762s] colcon.colcon_core.task.python.build DEBUG While undoing a previous installation files outside the Python library path are being ignored: /home/sophie/isaac_lab/isaac_ws/rl_code/soarm100sim/ros2/install/soarm100_vision/lib/soarm100_vision/debug_viewer_node
[30.762s] colcon.colcon_core.task.python.build DEBUG While undoing a previous installation files outside the Python library path are being ignored: /home/sophie/isaac_lab/isaac_ws/rl_code/soarm100sim/ros2/install/soarm100_vision/lib/soarm100_vision/grasp_orchestrator_node
[30.762s] colcon.colcon_core.task.python.build DEBUG While undoing a previous installation files outside the Python library path are being ignored: /home/sophie/isaac_lab/isaac_ws/rl_code/soarm100sim/ros2/install/soarm100_vision/lib/soarm100_vision/hardware_controller_node
[30.762s] colcon.colcon_core.task.python.build DEBUG While undoing a previous installation files outside the Python library path are being ignored: /home/sophie/isaac_lab/isaac_ws/rl_code/soarm100sim/ros2/install/soarm100_vision/lib/soarm100_vision/hardware_joint_state_node
[30.762s] colcon.colcon_core.task.python.build DEBUG While undoing a previous installation files outside the Python library path are being ignored: /home/sophie/isaac_lab/isaac_ws/rl_code/soarm100sim/ros2/install/soarm100_vision/lib/soarm100_vision/hardware_single_joint_service_node
[30.762s] colcon.colcon_core.task.python.build DEBUG While undoing a previous installation files outside the Python library path are being ignored: /home/sophie/isaac_lab/isaac_ws/rl_code/soarm100sim/ros2/install/soarm100_vision/lib/soarm100_vision/mujoco_camera_publisher_node
[30.762s] colcon.colcon_core.task.python.build DEBUG While undoing a previous installation files outside the Python library path are being ignored: /home/sophie/isaac_lab/isaac_ws/rl_code/soarm100sim/ros2/install/soarm100_vision/lib/soarm100_vision/mujoco_mirror_viewer_node
[30.762s] colcon.colcon_core.task.python.build DEBUG While undoing a previous installation files outside the Python library path are being ignored: /home/sophie/isaac_lab/isaac_ws/rl_code/soarm100sim/ros2/install/soarm100_vision/lib/soarm100_vision/mujoco_policy_backend_node
[30.762s] colcon.colcon_core.task.python.build DEBUG While undoing a previous installation files outside the Python library path are being ignored: /home/sophie/isaac_lab/isaac_ws/rl_code/soarm100sim/ros2/install/soarm100_vision/lib/soarm100_vision/obstacle_cloud_node
[30.762s] colcon.colcon_core.task.python.build DEBUG While undoing a previous installation files outside the Python library path are being ignored: /home/sophie/isaac_lab/isaac_ws/rl_code/soarm100sim/ros2/install/soarm100_vision/lib/soarm100_vision/sdf_cbf_backend_node
[30.762s] colcon.colcon_core.task.python.build DEBUG While undoing a previous installation files outside the Python library path are being ignored: /home/sophie/isaac_lab/isaac_ws/rl_code/soarm100sim/ros2/install/soarm100_vision/lib/soarm100_vision/send_execute_grasp
[30.762s] colcon.colcon_core.task.python.build DEBUG While undoing a previous installation files outside the Python library path are being ignored: /home/sophie/isaac_lab/isaac_ws/rl_code/soarm100sim/ros2/install/soarm100_vision/lib/soarm100_vision/send_planned_grasp
[30.762s] colcon.colcon_core.task.python.build DEBUG While undoing a previous installation files outside the Python library path are being ignored: /home/sophie/isaac_lab/isaac_ws/rl_code/soarm100sim/ros2/install/soarm100_vision/lib/soarm100_vision/target_segmenter_node
[30.763s] colcon.colcon_core.task.python.build DEBUG While undoing a previous installation files outside the Python library path are being ignored: /home/sophie/isaac_lab/isaac_ws/rl_code/soarm100sim/ros2/install/soarm100_vision/lib/soarm100_vision/wrist_tracker_node
[30.764s] colcon.colcon_core.event_handler.log_command DEBUG Invoking command in '/home/sophie/isaac_lab/isaac_ws/rl_code/soarm100sim/ros2/build/soarm100_vision': AMENT_PREFIX_PATH=/home/sophie/isaac_lab/isaac_ws/rl_code/soarm100sim/ros2/install/soarm100_interfaces:/home/sophie/isaac_lab/isaac_ws/rl_code/soarm100sim/ros2/install/so100_plus_description:${AMENT_PREFIX_PATH} CMAKE_PREFIX_PATH=/home/sophie/isaac_lab/isaac_ws/rl_code/soarm100sim/ros2/install/soarm100_interfaces:/home/sophie/isaac_lab/isaac_ws/rl_code/soarm100sim/ros2/install/so100_plus_description:${CMAKE_PREFIX_PATH} CONDA_PROMPT_MODIFIER=(base) LD_LIBRARY_PATH=/home/sophie/isaac_lab/isaac_ws/rl_code/soarm100sim/ros2/install/soarm100_interfaces/lib:${LD_LIBRARY_PATH} PYTHONPATH=/home/sophie/isaac_lab/isaac_ws/rl_code/soarm100sim/ros2/build/soarm100_vision/prefix_override:/usr/lib/python3/dist-packages/colcon_core/task/python/colcon_distutils_commands:/home/sophie/isaac_lab/isaac_ws/rl_code/soarm100sim/ros2/install/soarm100_vision/lib/python3.10/site-packages:/home/sophie/isaac_lab/isaac_ws/rl_code/soarm100sim/ros2/install/soarm100_interfaces/local/lib/python3.10/dist-packages:${PYTHONPATH} /usr/bin/python3 -W ignore:setup.py install is deprecated -W ignore:easy_install command is deprecated setup.py develop --editable --build-directory /home/sophie/isaac_lab/isaac_ws/rl_code/soarm100sim/ros2/build/soarm100_vision/build --no-deps symlink_data --force
[31.074s] colcon.colcon_core.shell Level 1 create_environment_hook('soarm100_vision', 'pythonpath_develop')
[31.074s] colcon.colcon_core.shell INFO Creating environment hook '/home/sophie/isaac_lab/isaac_ws/rl_code/soarm100sim/ros2/build/soarm100_vision/share/soarm100_vision/hook/pythonpath_develop.ps1'
[31.075s] colcon.colcon_core.event_handler.log_command DEBUG Invoked command in '/home/sophie/isaac_lab/isaac_ws/rl_code/soarm100sim/ros2/build/soarm100_vision' returned '0': AMENT_PREFIX_PATH=/home/sophie/isaac_lab/isaac_ws/rl_code/soarm100sim/ros2/install/soarm100_interfaces:/home/sophie/isaac_lab/isaac_ws/rl_code/soarm100sim/ros2/install/so100_plus_description:${AMENT_PREFIX_PATH} CMAKE_PREFIX_PATH=/home/sophie/isaac_lab/isaac_ws/rl_code/soarm100sim/ros2/install/soarm100_interfaces:/home/sophie/isaac_lab/isaac_ws/rl_code/soarm100sim/ros2/install/so100_plus_description:${CMAKE_PREFIX_PATH} CONDA_PROMPT_MODIFIER=(base) LD_LIBRARY_PATH=/home/sophie/isaac_lab/isaac_ws/rl_code/soarm100sim/ros2/install/soarm100_interfaces/lib:${LD_LIBRARY_PATH} PYTHONPATH=/home/sophie/isaac_lab/isaac_ws/rl_code/soarm100sim/ros2/build/soarm100_vision/prefix_override:/usr/lib/python3/dist-packages/colcon_core/task/python/colcon_distutils_commands:/home/sophie/isaac_lab/isaac_ws/rl_code/soarm100sim/ros2/install/soarm100_vision/lib/python3.10/site-packages:/home/sophie/isaac_lab/isaac_ws/rl_code/soarm100sim/ros2/install/soarm100_interfaces/local/lib/python3.10/dist-packages:${PYTHONPATH} /usr/bin/python3 -W ignore:setup.py install is deprecated -W ignore:easy_install command is deprecated setup.py develop --editable --build-directory /home/sophie/isaac_lab/isaac_ws/rl_code/soarm100sim/ros2/build/soarm100_vision/build --no-deps symlink_data --force
[31.075s] colcon.colcon_core.shell INFO Creating environment descriptor '/home/sophie/isaac_lab/isaac_ws/rl_code/soarm100sim/ros2/build/soarm100_vision/share/soarm100_vision/hook/pythonpath_develop.dsv'
[31.075s] colcon.colcon_core.shell INFO Creating environment hook '/home/sophie/isaac_lab/isaac_ws/rl_code/soarm100sim/ros2/build/soarm100_vision/share/soarm100_vision/hook/pythonpath_develop.sh'
[31.078s] colcon.colcon_core.environment Level 1 checking '/home/sophie/isaac_lab/isaac_ws/rl_code/soarm100sim/ros2/install/soarm100_vision' for CMake module files
[31.078s] colcon.colcon_core.environment Level 1 checking '/home/sophie/isaac_lab/isaac_ws/rl_code/soarm100sim/ros2/install/soarm100_vision' for CMake config files
[31.079s] colcon.colcon_core.environment Level 1 checking '/home/sophie/isaac_lab/isaac_ws/rl_code/soarm100sim/ros2/install/soarm100_vision/lib'
[31.079s] colcon.colcon_core.environment Level 1 checking '/home/sophie/isaac_lab/isaac_ws/rl_code/soarm100sim/ros2/install/soarm100_vision/bin'
[31.079s] colcon.colcon_core.environment Level 1 checking '/home/sophie/isaac_lab/isaac_ws/rl_code/soarm100sim/ros2/install/soarm100_vision/lib/pkgconfig/soarm100_vision.pc'
[31.079s] colcon.colcon_core.environment Level 1 checking '/home/sophie/isaac_lab/isaac_ws/rl_code/soarm100sim/ros2/install/soarm100_vision/lib/python3.10/site-packages'
[31.079s] colcon.colcon_core.shell Level 1 create_environment_hook('soarm100_vision', 'pythonpath')
[31.079s] colcon.colcon_core.shell INFO Creating environment hook '/home/sophie/isaac_lab/isaac_ws/rl_code/soarm100sim/ros2/install/soarm100_vision/share/soarm100_vision/hook/pythonpath.ps1'
[31.079s] colcon.colcon_core.shell INFO Creating environment descriptor '/home/sophie/isaac_lab/isaac_ws/rl_code/soarm100sim/ros2/install/soarm100_vision/share/soarm100_vision/hook/pythonpath.dsv'
[31.080s] colcon.colcon_core.shell INFO Creating environment hook '/home/sophie/isaac_lab/isaac_ws/rl_code/soarm100sim/ros2/install/soarm100_vision/share/soarm100_vision/hook/pythonpath.sh'
[31.080s] colcon.colcon_core.environment Level 1 checking '/home/sophie/isaac_lab/isaac_ws/rl_code/soarm100sim/ros2/install/soarm100_vision/bin'
[31.080s] colcon.colcon_core.environment Level 1 create_environment_scripts_only(soarm100_vision)
[31.080s] colcon.colcon_core.shell INFO Creating package script '/home/sophie/isaac_lab/isaac_ws/rl_code/soarm100sim/ros2/install/soarm100_vision/share/soarm100_vision/package.ps1'
[31.081s] colcon.colcon_core.shell INFO Creating package descriptor '/home/sophie/isaac_lab/isaac_ws/rl_code/soarm100sim/ros2/install/soarm100_vision/share/soarm100_vision/package.dsv'
[31.081s] colcon.colcon_core.shell INFO Creating package script '/home/sophie/isaac_lab/isaac_ws/rl_code/soarm100sim/ros2/install/soarm100_vision/share/soarm100_vision/package.sh'
[31.082s] colcon.colcon_core.shell INFO Creating package script '/home/sophie/isaac_lab/isaac_ws/rl_code/soarm100sim/ros2/install/soarm100_vision/share/soarm100_vision/package.bash'
[31.082s] colcon.colcon_core.shell INFO Creating package script '/home/sophie/isaac_lab/isaac_ws/rl_code/soarm100sim/ros2/install/soarm100_vision/share/soarm100_vision/package.zsh'
[31.083s] colcon.colcon_core.environment Level 1 create_file_with_runtime_dependencies(/home/sophie/isaac_lab/isaac_ws/rl_code/soarm100sim/ros2/install/soarm100_vision/share/colcon-core/packages/soarm100_vision)
[31.083s] colcon.colcon_parallel_executor.executor.parallel DEBUG closing loop
[31.083s] colcon.colcon_parallel_executor.executor.parallel DEBUG loop closed
[31.083s] colcon.colcon_parallel_executor.executor.parallel DEBUG run_until_complete finished with '0'
[31.083s] colcon.colcon_core.event_reactor DEBUG joining thread
[31.086s] colcon.colcon_core.plugin_system INFO Skipping extension 'colcon_notification.desktop_notification.terminal_notifier': Not used on non-Darwin systems
[31.086s] colcon.colcon_core.plugin_system INFO Skipping extension 'colcon_notification.desktop_notification.win32': Not used on non-Windows systems
[31.086s] colcon.colcon_notification.desktop_notification INFO Sending desktop notification using 'notify2'
[31.086s] colcon.colcon_notification.desktop_notification.notify2 DEBUG Failed to initialize notify2: org.freedesktop.DBus.Error.AccessDenied: Failed to connect to socket /run/user/1000/bus: Operation not permitted
[31.086s] colcon.colcon_core.event_reactor DEBUG joined thread
[31.086s] colcon.colcon_core.shell INFO Creating prefix script '/home/sophie/isaac_lab/isaac_ws/rl_code/soarm100sim/ros2/install/local_setup.ps1'
[31.087s] colcon.colcon_core.shell INFO Creating prefix util module '/home/sophie/isaac_lab/isaac_ws/rl_code/soarm100sim/ros2/install/_local_setup_util_ps1.py'
[31.088s] colcon.colcon_core.shell INFO Creating prefix chain script '/home/sophie/isaac_lab/isaac_ws/rl_code/soarm100sim/ros2/install/setup.ps1'
[31.088s] colcon.colcon_core.shell INFO Creating prefix script '/home/sophie/isaac_lab/isaac_ws/rl_code/soarm100sim/ros2/install/local_setup.sh'
[31.089s] colcon.colcon_core.shell INFO Creating prefix util module '/home/sophie/isaac_lab/isaac_ws/rl_code/soarm100sim/ros2/install/_local_setup_util_sh.py'
[31.089s] colcon.colcon_core.shell INFO Creating prefix chain script '/home/sophie/isaac_lab/isaac_ws/rl_code/soarm100sim/ros2/install/setup.sh'
[31.090s] colcon.colcon_core.shell INFO Creating prefix script '/home/sophie/isaac_lab/isaac_ws/rl_code/soarm100sim/ros2/install/local_setup.bash'
[31.090s] colcon.colcon_core.shell INFO Creating prefix chain script '/home/sophie/isaac_lab/isaac_ws/rl_code/soarm100sim/ros2/install/setup.bash'
[31.090s] colcon.colcon_core.shell INFO Creating prefix script '/home/sophie/isaac_lab/isaac_ws/rl_code/soarm100sim/ros2/install/local_setup.zsh'
[31.091s] colcon.colcon_core.shell INFO Creating prefix chain script '/home/sophie/isaac_lab/isaac_ws/rl_code/soarm100sim/ros2/install/setup.zsh'
