[0.008s] Invoking command in '/home/sophie/isaac_lab/isaac_ws/rl_code/soarm100sim/ros2/build/soarm100_interfaces': CMAKE_PREFIX_PATH=/opt/ros/humble /usr/bin/cmake /home/sophie/isaac_lab/isaac_ws/rl_code/soarm100sim/ros2/soarm100_interfaces -DPython3_EXECUTABLE=/usr/bin/python3 -DPYTHON_EXECUTABLE=/usr/bin/python3 -DPYTHON_INCLUDE_DIR=/usr/include/python3.10;/usr/include/x86_64-linux-gnu/python3.10 -DPYTHON_LIBRARY=/usr/lib/x86_64-linux-gnu/libpython3.10.so -DCMAKE_INSTALL_PREFIX=/home/sophie/isaac_lab/isaac_ws/rl_code/soarm100sim/ros2/install/soarm100_interfaces
[0.058s] -- The C compiler identification is GNU 11.4.0
[0.115s] -- The CXX compiler identification is GNU 11.4.0
[0.121s] -- Detecting C compiler ABI info
[0.190s] -- Detecting C compiler ABI info - done
[0.196s] -- Check for working C compiler: /usr/bin/cc - skipped
[0.196s] -- Detecting C compile features
[0.196s] -- Detecting C compile features - done
[0.199s] -- Detecting CXX compiler ABI info
[0.279s] -- Detecting CXX compiler ABI info - done
[0.285s] -- Check for working CXX compiler: /usr/bin/c++ - skipped
[0.285s] -- Detecting CXX compile features
[0.285s] -- Detecting CXX compile features - done
[0.287s] -- Found ament_cmake: 1.3.14 (/opt/ros/humble/share/ament_cmake/cmake)
[0.435s] -- Found Python3: /usr/bin/python3 (found version "3.10.12") found components: Interpreter 
[0.500s] -- Found rosidl_default_generators: 1.2.1 (/opt/ros/humble/share/rosidl_default_generators/cmake)
[0.502s] -- Using all available rosidl_typesupport_c: rosidl_typesupport_fastrtps_c;rosidl_typesupport_introspection_c
[0.506s] -- Found rosidl_adapter: 3.1.8 (/opt/ros/humble/share/rosidl_adapter/cmake)
[0.532s] -- Using all available rosidl_typesupport_cpp: rosidl_typesupport_fastrtps_cpp;rosidl_typesupport_introspection_cpp
[0.556s] -- Found builtin_interfaces: 1.2.2 (/opt/ros/humble/share/builtin_interfaces/cmake)
[0.564s] -- Found geometry_msgs: 4.9.1 (/opt/ros/humble/share/geometry_msgs/cmake)
[0.582s] -- Found sensor_msgs: 4.9.1 (/opt/ros/humble/share/sensor_msgs/cmake)
[0.896s] -- Found ament_cmake_ros: 0.10.0 (/opt/ros/humble/share/ament_cmake_ros/cmake)
[1.119s] -- Using all available rosidl_typesupport_c: rosidl_typesupport_fastrtps_c;rosidl_typesupport_introspection_c
[1.419s] -- Using all available rosidl_typesupport_cpp: rosidl_typesupport_fastrtps_cpp;rosidl_typesupport_introspection_cpp
[1.447s] -- Found PythonInterp: /usr/bin/python3 (found suitable version "3.10.12", minimum required is "3.6") 
[1.448s] -- Found python_cmake_module: 0.10.0 (/opt/ros/humble/share/python_cmake_module/cmake)
[1.472s] -- Found PythonLibs: /usr/lib/x86_64-linux-gnu/libpython3.10.so (Required is at least version "3.5") 
[1.472s] -- Using PYTHON_EXECUTABLE: /usr/bin/python3
[1.472s] -- Using PYTHON_INCLUDE_DIRS: /usr/include/python3.10;/usr/include/x86_64-linux-gnu/python3.10
[1.472s] -- Using PYTHON_LIBRARIES: /usr/lib/x86_64-linux-gnu/libpython3.10.so
[1.503s] -- Found PythonExtra: .so  
[1.639s] -- Configuring done
[1.668s] -- Generating done
[1.678s] -- Build files have been written to: /home/sophie/isaac_lab/isaac_ws/rl_code/soarm100sim/ros2/build/soarm100_interfaces
[1.684s] Invoked command in '/home/sophie/isaac_lab/isaac_ws/rl_code/soarm100sim/ros2/build/soarm100_interfaces' returned '0': CMAKE_PREFIX_PATH=/opt/ros/humble /usr/bin/cmake /home/sophie/isaac_lab/isaac_ws/rl_code/soarm100sim/ros2/soarm100_interfaces -DPython3_EXECUTABLE=/usr/bin/python3 -DPYTHON_EXECUTABLE=/usr/bin/python3 -DPYTHON_INCLUDE_DIR=/usr/include/python3.10;/usr/include/x86_64-linux-gnu/python3.10 -DPYTHON_LIBRARY=/usr/lib/x86_64-linux-gnu/libpython3.10.so -DCMAKE_INSTALL_PREFIX=/home/sophie/isaac_lab/isaac_ws/rl_code/soarm100sim/ros2/install/soarm100_interfaces
[1.686s] Invoking command in '/home/sophie/isaac_lab/isaac_ws/rl_code/soarm100sim/ros2/build/soarm100_interfaces': CMAKE_PREFIX_PATH=/opt/ros/humble /usr/bin/cmake --build /home/sophie/isaac_lab/isaac_ws/rl_code/soarm100sim/ros2/build/soarm100_interfaces -- -j32 -l32
[1.720s] [35m[1mConsolidate compiler generated dependencies of target soarm100_interfaces__rosidl_generator_c[0m
[1.730s] [  1%] Built target soarm100_interfaces__rs
[1.730s] [ 10%] Built target soarm100_interfaces__cpp
[1.730s] [ 14%] Built target soarm100_interfaces__rosidl_generator_c
[1.733s] [ 14%] Built target ament_cmake_python_copy_soarm100_interfaces
[1.741s] [35m[1mConsolidate compiler generated dependencies of target soarm100_interfaces__rosidl_typesupport_fastrtps_c[0m
[1.741s] [35m[1mConsolidate compiler generated dependencies of target soarm100_interfaces__rosidl_typesupport_introspection_c[0m
[1.741s] [35m[1mConsolidate compiler generated dependencies of target soarm100_interfaces__rosidl_typesupport_c[0m
[1.741s] [35m[1mConsolidate compiler generated dependencies of target soarm100_interfaces__rosidl_typesupport_introspection_cpp[0m
[1.741s] [35m[1mConsolidate compiler generated dependencies of target soarm100_interfaces__rosidl_typesupport_fastrtps_cpp[0m
[1.742s] [35m[1mConsolidate compiler generated dependencies of target soarm100_interfaces__rosidl_typesupport_cpp[0m
[1.751s] [ 25%] Built target soarm100_interfaces__rosidl_typesupport_c
[1.751s] [ 35%] Built target soarm100_interfaces__rosidl_typesupport_introspection_c
[1.753s] [ 46%] Built target soarm100_interfaces__rosidl_typesupport_fastrtps_c
[1.755s] [ 58%] Built target soarm100_interfaces__rosidl_typesupport_cpp
[1.755s] [ 67%] Built target soarm100_interfaces__rosidl_typesupport_introspection_cpp
[1.756s] [ 78%] Built target soarm100_interfaces__rosidl_typesupport_fastrtps_cpp
[1.774s] [ 78%] Built target soarm100_interfaces
[1.792s] [ 80%] Built target soarm100_interfaces__py
[1.802s] [35m[1mConsolidate compiler generated dependencies of target soarm100_interfaces__rosidl_generator_py[0m
[1.815s] [ 89%] Built target soarm100_interfaces__rosidl_generator_py
[1.825s] [35m[1mConsolidate compiler generated dependencies of target soarm100_interfaces__rosidl_typesupport_fastrtps_c__pyext[0m
[1.825s] [35m[1mConsolidate compiler generated dependencies of target soarm100_interfaces__rosidl_typesupport_introspection_c__pyext[0m
[1.825s] [35m[1mConsolidate compiler generated dependencies of target soarm100_interfaces__rosidl_typesupport_c__pyext[0m
[1.836s] [ 92%] Built target soarm100_interfaces__rosidl_typesupport_fastrtps_c__pyext
[1.837s] [ 96%] Built target soarm100_interfaces__rosidl_typesupport_introspection_c__pyext
[1.837s] [100%] Built target soarm100_interfaces__rosidl_typesupport_c__pyext
[1.894s] running egg_info
[1.894s] writing soarm100_interfaces.egg-info/PKG-INFO
[1.894s] writing dependency_links to soarm100_interfaces.egg-info/dependency_links.txt
[1.894s] writing top-level names to soarm100_interfaces.egg-info/top_level.txt
[1.896s] reading manifest file 'soarm100_interfaces.egg-info/SOURCES.txt'
[1.896s] writing manifest file 'soarm100_interfaces.egg-info/SOURCES.txt'
[1.916s] [100%] Built target ament_cmake_python_build_soarm100_interfaces_egg
[1.927s] Invoked command in '/home/sophie/isaac_lab/isaac_ws/rl_code/soarm100sim/ros2/build/soarm100_interfaces' returned '0': CMAKE_PREFIX_PATH=/opt/ros/humble /usr/bin/cmake --build /home/sophie/isaac_lab/isaac_ws/rl_code/soarm100sim/ros2/build/soarm100_interfaces -- -j32 -l32
[1.936s] Invoking command in '/home/sophie/isaac_lab/isaac_ws/rl_code/soarm100sim/ros2/build/soarm100_interfaces': CMAKE_PREFIX_PATH=/opt/ros/humble /usr/bin/cmake --install /home/sophie/isaac_lab/isaac_ws/rl_code/soarm100sim/ros2/build/soarm100_interfaces
[1.942s] -- Install configuration: ""
[1.942s] -- Up-to-date: /home/sophie/isaac_lab/isaac_ws/rl_code/soarm100sim/ros2/install/soarm100_interfaces/share/ament_index/resource_index/rosidl_interfaces/soarm100_interfaces
[1.942s] -- Up-to-date: /home/sophie/isaac_lab/isaac_ws/rl_code/soarm100sim/ros2/install/soarm100_interfaces/include/soarm100_interfaces/soarm100_interfaces
[1.942s] -- Up-to-date: /home/sophie/isaac_lab/isaac_ws/rl_code/soarm100sim/ros2/install/soarm100_interfaces/include/soarm100_interfaces/soarm100_interfaces/action
[1.943s] -- Up-to-date: /home/sophie/isaac_lab/isaac_ws/rl_code/soarm100sim/ros2/install/soarm100_interfaces/include/soarm100_interfaces/soarm100_interfaces/action/detail
[1.943s] -- Up-to-date: /home/sophie/isaac_lab/isaac_ws/rl_code/soarm100sim/ros2/install/soarm100_interfaces/include/soarm100_interfaces/soarm100_interfaces/action/detail/plan_grasp__functions.c
[1.943s] -- Up-to-date: /home/sophie/isaac_lab/isaac_ws/rl_code/soarm100sim/ros2/install/soarm100_interfaces/include/soarm100_interfaces/soarm100_interfaces/action/detail/execute_grasp__functions.c
[1.943s] -- Up-to-date: /home/sophie/isaac_lab/isaac_ws/rl_code/soarm100sim/ros2/install/soarm100_interfaces/include/soarm100_interfaces/soarm100_interfaces/action/detail/plan_grasp__struct.h
[1.943s] -- Up-to-date: /home/sophie/isaac_lab/isaac_ws/rl_code/soarm100sim/ros2/install/soarm100_interfaces/include/soarm100_interfaces/soarm100_interfaces/action/detail/execute_grasp__type_support.h
[1.943s] -- Up-to-date: /home/sophie/isaac_lab/isaac_ws/rl_code/soarm100sim/ros2/install/soarm100_interfaces/include/soarm100_interfaces/soarm100_interfaces/action/detail/plan_grasp__functions.h
[1.943s] -- Up-to-date: /home/sophie/isaac_lab/isaac_ws/rl_code/soarm100sim/ros2/install/soarm100_interfaces/include/soarm100_interfaces/soarm100_interfaces/action/detail/execute_grasp__struct.h
[1.943s] -- Up-to-date: /home/sophie/isaac_lab/isaac_ws/rl_code/soarm100sim/ros2/install/soarm100_interfaces/include/soarm100_interfaces/soarm100_interfaces/action/detail/execute_grasp__functions.h
[1.943s] -- Up-to-date: /home/sophie/isaac_lab/isaac_ws/rl_code/soarm100sim/ros2/install/soarm100_interfaces/include/soarm100_interfaces/soarm100_interfaces/action/detail/plan_grasp__type_support.h
[1.943s] -- Up-to-date: /home/sophie/isaac_lab/isaac_ws/rl_code/soarm100sim/ros2/install/soarm100_interfaces/include/soarm100_interfaces/soarm100_interfaces/action/plan_grasp.h
[1.943s] -- Up-to-date: /home/sophie/isaac_lab/isaac_ws/rl_code/soarm100sim/ros2/install/soarm100_interfaces/include/soarm100_interfaces/soarm100_interfaces/action/execute_grasp.h
[1.943s] -- Up-to-date: /home/sophie/isaac_lab/isaac_ws/rl_code/soarm100sim/ros2/install/soarm100_interfaces/include/soarm100_interfaces/soarm100_interfaces/srv
[1.943s] -- Up-to-date: /home/sophie/isaac_lab/isaac_ws/rl_code/soarm100sim/ros2/install/soarm100_interfaces/include/soarm100_interfaces/soarm100_interfaces/srv/detail
[1.943s] -- Up-to-date: /home/sophie/isaac_lab/isaac_ws/rl_code/soarm100sim/ros2/install/soarm100_interfaces/include/soarm100_interfaces/soarm100_interfaces/srv/detail/segment_target__type_support.h
[1.943s] -- Up-to-date: /home/sophie/isaac_lab/isaac_ws/rl_code/soarm100sim/ros2/install/soarm100_interfaces/include/soarm100_interfaces/soarm100_interfaces/srv/detail/set_avoidance__struct.h
[1.943s] -- Up-to-date: /home/sophie/isaac_lab/isaac_ws/rl_code/soarm100sim/ros2/install/soarm100_interfaces/include/soarm100_interfaces/soarm100_interfaces/srv/detail/segment_target__functions.c
[1.943s] -- Up-to-date: /home/sophie/isaac_lab/isaac_ws/rl_code/soarm100sim/ros2/install/soarm100_interfaces/include/soarm100_interfaces/soarm100_interfaces/srv/detail/segment_target__struct.h
[1.943s] -- Up-to-date: /home/sophie/isaac_lab/isaac_ws/rl_code/soarm100sim/ros2/install/soarm100_interfaces/include/soarm100_interfaces/soarm100_interfaces/srv/detail/segment_target__functions.h
[1.943s] -- Up-to-date: /home/sophie/isaac_lab/isaac_ws/rl_code/soarm100sim/ros2/install/soarm100_interfaces/include/soarm100_interfaces/soarm100_interfaces/srv/detail/set_avoidance__functions.c
[1.943s] -- Up-to-date: /home/sophie/isaac_lab/isaac_ws/rl_code/soarm100sim/ros2/install/soarm100_interfaces/include/soarm100_interfaces/soarm100_interfaces/srv/detail/set_avoidance__type_support.h
[1.943s] -- Up-to-date: /home/sophie/isaac_lab/isaac_ws/rl_code/soarm100sim/ros2/install/soarm100_interfaces/include/soarm100_interfaces/soarm100_interfaces/srv/detail/set_avoidance__functions.h
[1.943s] -- Up-to-date: /home/sophie/isaac_lab/isaac_ws/rl_code/soarm100sim/ros2/install/soarm100_interfaces/include/soarm100_interfaces/soarm100_interfaces/srv/segment_target.h
[1.943s] -- Up-to-date: /home/sophie/isaac_lab/isaac_ws/rl_code/soarm100sim/ros2/install/soarm100_interfaces/include/soarm100_interfaces/soarm100_interfaces/srv/set_avoidance.h
[1.943s] -- Up-to-date: /home/sophie/isaac_lab/isaac_ws/rl_code/soarm100sim/ros2/install/soarm100_interfaces/include/soarm100_interfaces/soarm100_interfaces/msg
[1.944s] -- Up-to-date: /home/sophie/isaac_lab/isaac_ws/rl_code/soarm100sim/ros2/install/soarm100_interfaces/include/soarm100_interfaces/soarm100_interfaces/msg/rosidl_generator_c__visibility_control.h
[1.944s] -- Up-to-date: /home/sophie/isaac_lab/isaac_ws/rl_code/soarm100sim/ros2/install/soarm100_interfaces/share/soarm100_interfaces/environment/library_path.sh
[1.944s] -- Installing: /home/sophie/isaac_lab/isaac_ws/rl_code/soarm100sim/ros2/install/soarm100_interfaces/share/soarm100_interfaces/environment/library_path.dsv
[1.944s] -- Installing: /home/sophie/isaac_lab/isaac_ws/rl_code/soarm100sim/ros2/install/soarm100_interfaces/lib/libsoarm100_interfaces__rosidl_generator_c.so
[1.944s] -- Set runtime path of "/home/sophie/isaac_lab/isaac_ws/rl_code/soarm100sim/ros2/install/soarm100_interfaces/lib/libsoarm100_interfaces__rosidl_generator_c.so" to ""
[1.944s] -- Up-to-date: /home/sophie/isaac_lab/isaac_ws/rl_code/soarm100sim/ros2/install/soarm100_interfaces/include/soarm100_interfaces/soarm100_interfaces
[1.944s] -- Up-to-date: /home/sophie/isaac_lab/isaac_ws/rl_code/soarm100sim/ros2/install/soarm100_interfaces/include/soarm100_interfaces/soarm100_interfaces/action
[1.944s] -- Up-to-date: /home/sophie/isaac_lab/isaac_ws/rl_code/soarm100sim/ros2/install/soarm100_interfaces/include/soarm100_interfaces/soarm100_interfaces/action/detail
[1.944s] -- Up-to-date: /home/sophie/isaac_lab/isaac_ws/rl_code/soarm100sim/ros2/install/soarm100_interfaces/include/soarm100_interfaces/soarm100_interfaces/action/detail/execute_grasp__rosidl_typesupport_fastrtps_c.h
[1.944s] -- Up-to-date: /home/sophie/isaac_lab/isaac_ws/rl_code/soarm100sim/ros2/install/soarm100_interfaces/include/soarm100_interfaces/soarm100_interfaces/action/detail/plan_grasp__rosidl_typesupport_fastrtps_c.h
[1.944s] -- Up-to-date: /home/sophie/isaac_lab/isaac_ws/rl_code/soarm100sim/ros2/install/soarm100_interfaces/include/soarm100_interfaces/soarm100_interfaces/srv
[1.944s] -- Up-to-date: /home/sophie/isaac_lab/isaac_ws/rl_code/soarm100sim/ros2/install/soarm100_interfaces/include/soarm100_interfaces/soarm100_interfaces/srv/detail
[1.944s] -- Up-to-date: /home/sophie/isaac_lab/isaac_ws/rl_code/soarm100sim/ros2/install/soarm100_interfaces/include/soarm100_interfaces/soarm100_interfaces/srv/detail/set_avoidance__rosidl_typesupport_fastrtps_c.h
[1.944s] -- Up-to-date: /home/sophie/isaac_lab/isaac_ws/rl_code/soarm100sim/ros2/install/soarm100_interfaces/include/soarm100_interfaces/soarm100_interfaces/srv/detail/segment_target__rosidl_typesupport_fastrtps_c.h
[1.944s] -- Up-to-date: /home/sophie/isaac_lab/isaac_ws/rl_code/soarm100sim/ros2/install/soarm100_interfaces/include/soarm100_interfaces/soarm100_interfaces/msg
[1.944s] -- Up-to-date: /home/sophie/isaac_lab/isaac_ws/rl_code/soarm100sim/ros2/install/soarm100_interfaces/include/soarm100_interfaces/soarm100_interfaces/msg/rosidl_typesupport_fastrtps_c__visibility_control.h
[1.944s] -- Installing: /home/sophie/isaac_lab/isaac_ws/rl_code/soarm100sim/ros2/install/soarm100_interfaces/lib/libsoarm100_interfaces__rosidl_typesupport_fastrtps_c.so
[1.944s] -- Set runtime path of "/home/sophie/isaac_lab/isaac_ws/rl_code/soarm100sim/ros2/install/soarm100_interfaces/lib/libsoarm100_interfaces__rosidl_typesupport_fastrtps_c.so" to ""
[1.944s] -- Up-to-date: /home/sophie/isaac_lab/isaac_ws/rl_code/soarm100sim/ros2/install/soarm100_interfaces/include/soarm100_interfaces/soarm100_interfaces
[1.944s] -- Up-to-date: /home/sophie/isaac_lab/isaac_ws/rl_code/soarm100sim/ros2/install/soarm100_interfaces/include/soarm100_interfaces/soarm100_interfaces/action
[1.944s] -- Up-to-date: /home/sophie/isaac_lab/isaac_ws/rl_code/soarm100sim/ros2/install/soarm100_interfaces/include/soarm100_interfaces/soarm100_interfaces/action/detail
[1.944s] -- Up-to-date: /home/sophie/isaac_lab/isaac_ws/rl_code/soarm100sim/ros2/install/soarm100_interfaces/include/soarm100_interfaces/soarm100_interfaces/action/detail/execute_grasp__type_support.c
[1.944s] -- Up-to-date: /home/sophie/isaac_lab/isaac_ws/rl_code/soarm100sim/ros2/install/soarm100_interfaces/include/soarm100_interfaces/soarm100_interfaces/action/detail/plan_grasp__rosidl_typesupport_introspection_c.h
[1.944s] -- Up-to-date: /home/sophie/isaac_lab/isaac_ws/rl_code/soarm100sim/ros2/install/soarm100_interfaces/include/soarm100_interfaces/soarm100_interfaces/action/detail/plan_grasp__type_support.c
[1.944s] -- Up-to-date: /home/sophie/isaac_lab/isaac_ws/rl_code/soarm100sim/ros2/install/soarm100_interfaces/include/soarm100_interfaces/soarm100_interfaces/action/detail/execute_grasp__rosidl_typesupport_introspection_c.h
[1.944s] -- Up-to-date: /home/sophie/isaac_lab/isaac_ws/rl_code/soarm100sim/ros2/install/soarm100_interfaces/include/soarm100_interfaces/soarm100_interfaces/srv
[1.944s] -- Up-to-date: /home/sophie/isaac_lab/isaac_ws/rl_code/soarm100sim/ros2/install/soarm100_interfaces/include/soarm100_interfaces/soarm100_interfaces/srv/detail
[1.945s] -- Up-to-date: /home/sophie/isaac_lab/isaac_ws/rl_code/soarm100sim/ros2/install/soarm100_interfaces/include/soarm100_interfaces/soarm100_interfaces/srv/detail/segment_target__rosidl_typesupport_introspection_c.h
[1.945s] -- Up-to-date: /home/sophie/isaac_lab/isaac_ws/rl_code/soarm100sim/ros2/install/soarm100_interfaces/include/soarm100_interfaces/soarm100_interfaces/srv/detail/segment_target__type_support.c
[1.945s] -- Up-to-date: /home/sophie/isaac_lab/isaac_ws/rl_code/soarm100sim/ros2/install/soarm100_interfaces/include/soarm100_interfaces/soarm100_interfaces/srv/detail/set_avoidance__rosidl_typesupport_introspection_c.h
[1.945s] -- Up-to-date: /home/sophie/isaac_lab/isaac_ws/rl_code/soarm100sim/ros2/install/soarm100_interfaces/include/soarm100_interfaces/soarm100_interfaces/srv/detail/set_avoidance__type_support.c
[1.945s] -- Up-to-date: /home/sophie/isaac_lab/isaac_ws/rl_code/soarm100sim/ros2/install/soarm100_interfaces/include/soarm100_interfaces/soarm100_interfaces/msg
[1.945s] -- Up-to-date: /home/sophie/isaac_lab/isaac_ws/rl_code/soarm100sim/ros2/install/soarm100_interfaces/include/soarm100_interfaces/soarm100_interfaces/msg/rosidl_typesupport_introspection_c__visibility_control.h
[1.945s] -- Installing: /home/sophie/isaac_lab/isaac_ws/rl_code/soarm100sim/ros2/install/soarm100_interfaces/lib/libsoarm100_interfaces__rosidl_typesupport_introspection_c.so
[1.945s] -- Set runtime path of "/home/sophie/isaac_lab/isaac_ws/rl_code/soarm100sim/ros2/install/soarm100_interfaces/lib/libsoarm100_interfaces__rosidl_typesupport_introspection_c.so" to ""
[1.945s] -- Installing: /home/sophie/isaac_lab/isaac_ws/rl_code/soarm100sim/ros2/install/soarm100_interfaces/lib/libsoarm100_interfaces__rosidl_typesupport_c.so
[1.945s] -- Set runtime path of "/home/sophie/isaac_lab/isaac_ws/rl_code/soarm100sim/ros2/install/soarm100_interfaces/lib/libsoarm100_interfaces__rosidl_typesupport_c.so" to ""
[1.945s] -- Up-to-date: /home/sophie/isaac_lab/isaac_ws/rl_code/soarm100sim/ros2/install/soarm100_interfaces/include/soarm100_interfaces/soarm100_interfaces
[1.945s] -- Up-to-date: /home/sophie/isaac_lab/isaac_ws/rl_code/soarm100sim/ros2/install/soarm100_interfaces/include/soarm100_interfaces/soarm100_interfaces/action
[1.945s] -- Up-to-date: /home/sophie/isaac_lab/isaac_ws/rl_code/soarm100sim/ros2/install/soarm100_interfaces/include/soarm100_interfaces/soarm100_interfaces/action/detail
[1.945s] -- Up-to-date: /home/sophie/isaac_lab/isaac_ws/rl_code/soarm100sim/ros2/install/soarm100_interfaces/include/soarm100_interfaces/soarm100_interfaces/action/detail/execute_grasp__type_support.hpp
[1.945s] -- Up-to-date: /home/sophie/isaac_lab/isaac_ws/rl_code/soarm100sim/ros2/install/soarm100_interfaces/include/soarm100_interfaces/soarm100_interfaces/action/detail/plan_grasp__builder.hpp
[1.945s] -- Up-to-date: /home/sophie/isaac_lab/isaac_ws/rl_code/soarm100sim/ros2/install/soarm100_interfaces/include/soarm100_interfaces/soarm100_interfaces/action/detail/plan_grasp__traits.hpp
[1.945s] -- Up-to-date: /home/sophie/isaac_lab/isaac_ws/rl_code/soarm100sim/ros2/install/soarm100_interfaces/include/soarm100_interfaces/soarm100_interfaces/action/detail/execute_grasp__builder.hpp
[1.945s] -- Up-to-date: /home/sophie/isaac_lab/isaac_ws/rl_code/soarm100sim/ros2/install/soarm100_interfaces/include/soarm100_interfaces/soarm100_interfaces/action/detail/plan_grasp__struct.hpp
[1.945s] -- Up-to-date: /home/sophie/isaac_lab/isaac_ws/rl_code/soarm100sim/ros2/install/soarm100_interfaces/include/soarm100_interfaces/soarm100_interfaces/action/detail/execute_grasp__struct.hpp
[1.945s] -- Up-to-date: /home/sophie/isaac_lab/isaac_ws/rl_code/soarm100sim/ros2/install/soarm100_interfaces/include/soarm100_interfaces/soarm100_interfaces/action/detail/plan_grasp__type_support.hpp
[1.945s] -- Up-to-date: /home/sophie/isaac_lab/isaac_ws/rl_code/soarm100sim/ros2/install/soarm100_interfaces/include/soarm100_interfaces/soarm100_interfaces/action/detail/execute_grasp__traits.hpp
[1.945s] -- Up-to-date: /home/sophie/isaac_lab/isaac_ws/rl_code/soarm100sim/ros2/install/soarm100_interfaces/include/soarm100_interfaces/soarm100_interfaces/action/execute_grasp.hpp
[1.945s] -- Up-to-date: /home/sophie/isaac_lab/isaac_ws/rl_code/soarm100sim/ros2/install/soarm100_interfaces/include/soarm100_interfaces/soarm100_interfaces/action/plan_grasp.hpp
[1.945s] -- Up-to-date: /home/sophie/isaac_lab/isaac_ws/rl_code/soarm100sim/ros2/install/soarm100_interfaces/include/soarm100_interfaces/soarm100_interfaces/srv
[1.945s] -- Up-to-date: /home/sophie/isaac_lab/isaac_ws/rl_code/soarm100sim/ros2/install/soarm100_interfaces/include/soarm100_interfaces/soarm100_interfaces/srv/detail
[1.945s] -- Up-to-date: /home/sophie/isaac_lab/isaac_ws/rl_code/soarm100sim/ros2/install/soarm100_interfaces/include/soarm100_interfaces/soarm100_interfaces/srv/detail/set_avoidance__builder.hpp
[1.945s] -- Up-to-date: /home/sophie/isaac_lab/isaac_ws/rl_code/soarm100sim/ros2/install/soarm100_interfaces/include/soarm100_interfaces/soarm100_interfaces/srv/detail/segment_target__builder.hpp
[1.945s] -- Up-to-date: /home/sophie/isaac_lab/isaac_ws/rl_code/soarm100sim/ros2/install/soarm100_interfaces/include/soarm100_interfaces/soarm100_interfaces/srv/detail/segment_target__traits.hpp
[1.946s] -- Up-to-date: /home/sophie/isaac_lab/isaac_ws/rl_code/soarm100sim/ros2/install/soarm100_interfaces/include/soarm100_interfaces/soarm100_interfaces/srv/detail/segment_target__struct.hpp
[1.946s] -- Up-to-date: /home/sophie/isaac_lab/isaac_ws/rl_code/soarm100sim/ros2/install/soarm100_interfaces/include/soarm100_interfaces/soarm100_interfaces/srv/detail/set_avoidance__struct.hpp
[1.946s] -- Up-to-date: /home/sophie/isaac_lab/isaac_ws/rl_code/soarm100sim/ros2/install/soarm100_interfaces/include/soarm100_interfaces/soarm100_interfaces/srv/detail/set_avoidance__traits.hpp
[1.946s] -- Up-to-date: /home/sophie/isaac_lab/isaac_ws/rl_code/soarm100sim/ros2/install/soarm100_interfaces/include/soarm100_interfaces/soarm100_interfaces/srv/detail/segment_target__type_support.hpp
[1.946s] -- Up-to-date: /home/sophie/isaac_lab/isaac_ws/rl_code/soarm100sim/ros2/install/soarm100_interfaces/include/soarm100_interfaces/soarm100_interfaces/srv/detail/set_avoidance__type_support.hpp
[1.946s] -- Up-to-date: /home/sophie/isaac_lab/isaac_ws/rl_code/soarm100sim/ros2/install/soarm100_interfaces/include/soarm100_interfaces/soarm100_interfaces/srv/segment_target.hpp
[1.946s] -- Up-to-date: /home/sophie/isaac_lab/isaac_ws/rl_code/soarm100sim/ros2/install/soarm100_interfaces/include/soarm100_interfaces/soarm100_interfaces/srv/set_avoidance.hpp
[1.946s] -- Up-to-date: /home/sophie/isaac_lab/isaac_ws/rl_code/soarm100sim/ros2/install/soarm100_interfaces/include/soarm100_interfaces/soarm100_interfaces/msg
[1.946s] -- Up-to-date: /home/sophie/isaac_lab/isaac_ws/rl_code/soarm100sim/ros2/install/soarm100_interfaces/include/soarm100_interfaces/soarm100_interfaces/msg/rosidl_generator_cpp__visibility_control.hpp
[1.946s] -- Up-to-date: /home/sophie/isaac_lab/isaac_ws/rl_code/soarm100sim/ros2/install/soarm100_interfaces/include/soarm100_interfaces/soarm100_interfaces
[1.946s] -- Up-to-date: /home/sophie/isaac_lab/isaac_ws/rl_code/soarm100sim/ros2/install/soarm100_interfaces/include/soarm100_interfaces/soarm100_interfaces/action
[1.946s] -- Up-to-date: /home/sophie/isaac_lab/isaac_ws/rl_code/soarm100sim/ros2/install/soarm100_interfaces/include/soarm100_interfaces/soarm100_interfaces/action/detail
[1.946s] -- Up-to-date: /home/sophie/isaac_lab/isaac_ws/rl_code/soarm100sim/ros2/install/soarm100_interfaces/include/soarm100_interfaces/soarm100_interfaces/action/detail/plan_grasp__rosidl_typesupport_fastrtps_cpp.hpp
[1.946s] -- Up-to-date: /home/sophie/isaac_lab/isaac_ws/rl_code/soarm100sim/ros2/install/soarm100_interfaces/include/soarm100_interfaces/soarm100_interfaces/action/detail/execute_grasp__rosidl_typesupport_fastrtps_cpp.hpp
[1.946s] -- Up-to-date: /home/sophie/isaac_lab/isaac_ws/rl_code/soarm100sim/ros2/install/soarm100_interfaces/include/soarm100_interfaces/soarm100_interfaces/action/detail/dds_fastrtps
[1.946s] -- Up-to-date: /home/sophie/isaac_lab/isaac_ws/rl_code/soarm100sim/ros2/install/soarm100_interfaces/include/soarm100_interfaces/soarm100_interfaces/srv
[1.946s] -- Up-to-date: /home/sophie/isaac_lab/isaac_ws/rl_code/soarm100sim/ros2/install/soarm100_interfaces/include/soarm100_interfaces/soarm100_interfaces/srv/detail
[1.946s] -- Up-to-date: /home/sophie/isaac_lab/isaac_ws/rl_code/soarm100sim/ros2/install/soarm100_interfaces/include/soarm100_interfaces/soarm100_interfaces/srv/detail/segment_target__rosidl_typesupport_fastrtps_cpp.hpp
[1.946s] -- Up-to-date: /home/sophie/isaac_lab/isaac_ws/rl_code/soarm100sim/ros2/install/soarm100_interfaces/include/soarm100_interfaces/soarm100_interfaces/srv/detail/set_avoidance__rosidl_typesupport_fastrtps_cpp.hpp
[1.946s] -- Up-to-date: /home/sophie/isaac_lab/isaac_ws/rl_code/soarm100sim/ros2/install/soarm100_interfaces/include/soarm100_interfaces/soarm100_interfaces/srv/detail/dds_fastrtps
[1.946s] -- Up-to-date: /home/sophie/isaac_lab/isaac_ws/rl_code/soarm100sim/ros2/install/soarm100_interfaces/include/soarm100_interfaces/soarm100_interfaces/msg
[1.946s] -- Up-to-date: /home/sophie/isaac_lab/isaac_ws/rl_code/soarm100sim/ros2/install/soarm100_interfaces/include/soarm100_interfaces/soarm100_interfaces/msg/rosidl_typesupport_fastrtps_cpp__visibility_control.h
[1.946s] -- Installing: /home/sophie/isaac_lab/isaac_ws/rl_code/soarm100sim/ros2/install/soarm100_interfaces/lib/libsoarm100_interfaces__rosidl_typesupport_fastrtps_cpp.so
[1.946s] -- Set runtime path of "/home/sophie/isaac_lab/isaac_ws/rl_code/soarm100sim/ros2/install/soarm100_interfaces/lib/libsoarm100_interfaces__rosidl_typesupport_fastrtps_cpp.so" to ""
[1.946s] -- Up-to-date: /home/sophie/isaac_lab/isaac_ws/rl_code/soarm100sim/ros2/install/soarm100_interfaces/include/soarm100_interfaces/soarm100_interfaces
[1.946s] -- Up-to-date: /home/sophie/isaac_lab/isaac_ws/rl_code/soarm100sim/ros2/install/soarm100_interfaces/include/soarm100_interfaces/soarm100_interfaces/action
[1.946s] -- Up-to-date: /home/sophie/isaac_lab/isaac_ws/rl_code/soarm100sim/ros2/install/soarm100_interfaces/include/soarm100_interfaces/soarm100_interfaces/action/detail
[1.946s] -- Up-to-date: /home/sophie/isaac_lab/isaac_ws/rl_code/soarm100sim/ros2/install/soarm100_interfaces/include/soarm100_interfaces/soarm100_interfaces/action/detail/execute_grasp__type_support.cpp
[1.946s] -- Up-to-date: /home/sophie/isaac_lab/isaac_ws/rl_code/soarm100sim/ros2/install/soarm100_interfaces/include/soarm100_interfaces/soarm100_interfaces/action/detail/execute_grasp__rosidl_typesupport_introspection_cpp.hpp
[1.946s] -- Up-to-date: /home/sophie/isaac_lab/isaac_ws/rl_code/soarm100sim/ros2/install/soarm100_interfaces/include/soarm100_interfaces/soarm100_interfaces/action/detail/plan_grasp__rosidl_typesupport_introspection_cpp.hpp
[1.947s] -- Up-to-date: /home/sophie/isaac_lab/isaac_ws/rl_code/soarm100sim/ros2/install/soarm100_interfaces/include/soarm100_interfaces/soarm100_interfaces/action/detail/plan_grasp__type_support.cpp
[1.947s] -- Up-to-date: /home/sophie/isaac_lab/isaac_ws/rl_code/soarm100sim/ros2/install/soarm100_interfaces/include/soarm100_interfaces/soarm100_interfaces/srv
[1.947s] -- Up-to-date: /home/sophie/isaac_lab/isaac_ws/rl_code/soarm100sim/ros2/install/soarm100_interfaces/include/soarm100_interfaces/soarm100_interfaces/srv/detail
[1.947s] -- Up-to-date: /home/sophie/isaac_lab/isaac_ws/rl_code/soarm100sim/ros2/install/soarm100_interfaces/include/soarm100_interfaces/soarm100_interfaces/srv/detail/segment_target__type_support.cpp
[1.947s] -- Up-to-date: /home/sophie/isaac_lab/isaac_ws/rl_code/soarm100sim/ros2/install/soarm100_interfaces/include/soarm100_interfaces/soarm100_interfaces/srv/detail/segment_target__rosidl_typesupport_introspection_cpp.hpp
[1.947s] -- Up-to-date: /home/sophie/isaac_lab/isaac_ws/rl_code/soarm100sim/ros2/install/soarm100_interfaces/include/soarm100_interfaces/soarm100_interfaces/srv/detail/set_avoidance__rosidl_typesupport_introspection_cpp.hpp
[1.947s] -- Up-to-date: /home/sophie/isaac_lab/isaac_ws/rl_code/soarm100sim/ros2/install/soarm100_interfaces/include/soarm100_interfaces/soarm100_interfaces/srv/detail/set_avoidance__type_support.cpp
[1.947s] -- Installing: /home/sophie/isaac_lab/isaac_ws/rl_code/soarm100sim/ros2/install/soarm100_interfaces/lib/libsoarm100_interfaces__rosidl_typesupport_introspection_cpp.so
[1.947s] -- Set runtime path of "/home/sophie/isaac_lab/isaac_ws/rl_code/soarm100sim/ros2/install/soarm100_interfaces/lib/libsoarm100_interfaces__rosidl_typesupport_introspection_cpp.so" to ""
[1.947s] -- Installing: /home/sophie/isaac_lab/isaac_ws/rl_code/soarm100sim/ros2/install/soarm100_interfaces/lib/libsoarm100_interfaces__rosidl_typesupport_cpp.so
[1.947s] -- Set runtime path of "/home/sophie/isaac_lab/isaac_ws/rl_code/soarm100sim/ros2/install/soarm100_interfaces/lib/libsoarm100_interfaces__rosidl_typesupport_cpp.so" to ""
[1.947s] -- Up-to-date: /home/sophie/isaac_lab/isaac_ws/rl_code/soarm100sim/ros2/install/soarm100_interfaces/share/soarm100_interfaces/environment/pythonpath.sh
[1.947s] -- Installing: /home/sophie/isaac_lab/isaac_ws/rl_code/soarm100sim/ros2/install/soarm100_interfaces/share/soarm100_interfaces/environment/pythonpath.dsv
[1.947s] -- Up-to-date: /home/sophie/isaac_lab/isaac_ws/rl_code/soarm100sim/ros2/install/soarm100_interfaces/local/lib/python3.10/dist-packages/soarm100_interfaces-0.1.0-py3.10.egg-info
[1.947s] -- Installing: /home/sophie/isaac_lab/isaac_ws/rl_code/soarm100sim/ros2/install/soarm100_interfaces/local/lib/python3.10/dist-packages/soarm100_interfaces-0.1.0-py3.10.egg-info/top_level.txt
[1.947s] -- Installing: /home/sophie/isaac_lab/isaac_ws/rl_code/soarm100sim/ros2/install/soarm100_interfaces/local/lib/python3.10/dist-packages/soarm100_interfaces-0.1.0-py3.10.egg-info/dependency_links.txt
[1.947s] -- Installing: /home/sophie/isaac_lab/isaac_ws/rl_code/soarm100sim/ros2/install/soarm100_interfaces/local/lib/python3.10/dist-packages/soarm100_interfaces-0.1.0-py3.10.egg-info/SOURCES.txt
[1.947s] -- Installing: /home/sophie/isaac_lab/isaac_ws/rl_code/soarm100sim/ros2/install/soarm100_interfaces/local/lib/python3.10/dist-packages/soarm100_interfaces-0.1.0-py3.10.egg-info/PKG-INFO
[1.947s] -- Up-to-date: /home/sophie/isaac_lab/isaac_ws/rl_code/soarm100sim/ros2/install/soarm100_interfaces/local/lib/python3.10/dist-packages/soarm100_interfaces
[1.947s] -- Up-to-date: /home/sophie/isaac_lab/isaac_ws/rl_code/soarm100sim/ros2/install/soarm100_interfaces/local/lib/python3.10/dist-packages/soarm100_interfaces/action
[1.947s] -- Up-to-date: /home/sophie/isaac_lab/isaac_ws/rl_code/soarm100sim/ros2/install/soarm100_interfaces/local/lib/python3.10/dist-packages/soarm100_interfaces/action/_plan_grasp.py
[1.947s] -- Up-to-date: /home/sophie/isaac_lab/isaac_ws/rl_code/soarm100sim/ros2/install/soarm100_interfaces/local/lib/python3.10/dist-packages/soarm100_interfaces/action/__init__.py
[1.947s] -- Up-to-date: /home/sophie/isaac_lab/isaac_ws/rl_code/soarm100sim/ros2/install/soarm100_interfaces/local/lib/python3.10/dist-packages/soarm100_interfaces/action/_plan_grasp_s.c
[1.947s] -- Up-to-date: /home/sophie/isaac_lab/isaac_ws/rl_code/soarm100sim/ros2/install/soarm100_interfaces/local/lib/python3.10/dist-packages/soarm100_interfaces/action/_execute_grasp_s.c
[1.947s] -- Up-to-date: /home/sophie/isaac_lab/isaac_ws/rl_code/soarm100sim/ros2/install/soarm100_interfaces/local/lib/python3.10/dist-packages/soarm100_interfaces/action/_execute_grasp.py
[1.947s] -- Up-to-date: /home/sophie/isaac_lab/isaac_ws/rl_code/soarm100sim/ros2/install/soarm100_interfaces/local/lib/python3.10/dist-packages/soarm100_interfaces/_soarm100_interfaces_s.ep.rosidl_typesupport_introspection_c.c
[1.947s] -- Installing: /home/sophie/isaac_lab/isaac_ws/rl_code/soarm100sim/ros2/install/soarm100_interfaces/local/lib/python3.10/dist-packages/soarm100_interfaces/__init__.py
[1.947s] -- Up-to-date: /home/sophie/isaac_lab/isaac_ws/rl_code/soarm100sim/ros2/install/soarm100_interfaces/local/lib/python3.10/dist-packages/soarm100_interfaces/soarm100_interfaces_s__rosidl_typesupport_introspection_c.cpython-310-x86_64-linux-gnu.so
[1.947s] -- Up-to-date: /home/sophie/isaac_lab/isaac_ws/rl_code/soarm100sim/ros2/install/soarm100_interfaces/local/lib/python3.10/dist-packages/soarm100_interfaces/soarm100_interfaces_s__rosidl_typesupport_fastrtps_c.cpython-310-x86_64-linux-gnu.so
[1.947s] -- Up-to-date: /home/sophie/isaac_lab/isaac_ws/rl_code/soarm100sim/ros2/install/soarm100_interfaces/local/lib/python3.10/dist-packages/soarm100_interfaces/_soarm100_interfaces_s.ep.rosidl_typesupport_c.c
[1.947s] -- Up-to-date: /home/sophie/isaac_lab/isaac_ws/rl_code/soarm100sim/ros2/install/soarm100_interfaces/local/lib/python3.10/dist-packages/soarm100_interfaces/srv
[1.947s] -- Up-to-date: /home/sophie/isaac_lab/isaac_ws/rl_code/soarm100sim/ros2/install/soarm100_interfaces/local/lib/python3.10/dist-packages/soarm100_interfaces/srv/_set_avoidance_s.c
[1.947s] -- Up-to-date: /home/sophie/isaac_lab/isaac_ws/rl_code/soarm100sim/ros2/install/soarm100_interfaces/local/lib/python3.10/dist-packages/soarm100_interfaces/srv/__init__.py
[1.947s] -- Up-to-date: /home/sophie/isaac_lab/isaac_ws/rl_code/soarm100sim/ros2/install/soarm100_interfaces/local/lib/python3.10/dist-packages/soarm100_interfaces/srv/_segment_target_s.c
[1.947s] -- Up-to-date: /home/sophie/isaac_lab/isaac_ws/rl_code/soarm100sim/ros2/install/soarm100_interfaces/local/lib/python3.10/dist-packages/soarm100_interfaces/srv/_set_avoidance.py
[1.947s] -- Up-to-date: /home/sophie/isaac_lab/isaac_ws/rl_code/soarm100sim/ros2/install/soarm100_interfaces/local/lib/python3.10/dist-packages/soarm100_interfaces/srv/_segment_target.py
[1.948s] -- Up-to-date: /home/sophie/isaac_lab/isaac_ws/rl_code/soarm100sim/ros2/install/soarm100_interfaces/local/lib/python3.10/dist-packages/soarm100_interfaces/libsoarm100_interfaces__rosidl_generator_py.so
[1.948s] -- Up-to-date: /home/sophie/isaac_lab/isaac_ws/rl_code/soarm100sim/ros2/install/soarm100_interfaces/local/lib/python3.10/dist-packages/soarm100_interfaces/soarm100_interfaces_s__rosidl_typesupport_c.cpython-310-x86_64-linux-gnu.so
[1.948s] -- Up-to-date: /home/sophie/isaac_lab/isaac_ws/rl_code/soarm100sim/ros2/install/soarm100_interfaces/local/lib/python3.10/dist-packages/soarm100_interfaces/_soarm100_interfaces_s.ep.rosidl_typesupport_fastrtps_c.c
[1.968s] Listing '/home/sophie/isaac_lab/isaac_ws/rl_code/soarm100sim/ros2/install/soarm100_interfaces/local/lib/python3.10/dist-packages/soarm100_interfaces'...
[1.968s] Compiling '/home/sophie/isaac_lab/isaac_ws/rl_code/soarm100sim/ros2/install/soarm100_interfaces/local/lib/python3.10/dist-packages/soarm100_interfaces/__init__.py'...
[1.968s] Listing '/home/sophie/isaac_lab/isaac_ws/rl_code/soarm100sim/ros2/install/soarm100_interfaces/local/lib/python3.10/dist-packages/soarm100_interfaces/action'...
[1.968s] Listing '/home/sophie/isaac_lab/isaac_ws/rl_code/soarm100sim/ros2/install/soarm100_interfaces/local/lib/python3.10/dist-packages/soarm100_interfaces/srv'...
[1.972s] -- Installing: /home/sophie/isaac_lab/isaac_ws/rl_code/soarm100sim/ros2/install/soarm100_interfaces/local/lib/python3.10/dist-packages/soarm100_interfaces/soarm100_interfaces_s__rosidl_typesupport_fastrtps_c.cpython-310-x86_64-linux-gnu.so
[1.972s] -- Set runtime path of "/home/sophie/isaac_lab/isaac_ws/rl_code/soarm100sim/ros2/install/soarm100_interfaces/local/lib/python3.10/dist-packages/soarm100_interfaces/soarm100_interfaces_s__rosidl_typesupport_fastrtps_c.cpython-310-x86_64-linux-gnu.so" to ""
[1.972s] -- Installing: /home/sophie/isaac_lab/isaac_ws/rl_code/soarm100sim/ros2/install/soarm100_interfaces/local/lib/python3.10/dist-packages/soarm100_interfaces/soarm100_interfaces_s__rosidl_typesupport_introspection_c.cpython-310-x86_64-linux-gnu.so
[1.972s] -- Set runtime path of "/home/sophie/isaac_lab/isaac_ws/rl_code/soarm100sim/ros2/install/soarm100_interfaces/local/lib/python3.10/dist-packages/soarm100_interfaces/soarm100_interfaces_s__rosidl_typesupport_introspection_c.cpython-310-x86_64-linux-gnu.so" to ""
[1.972s] -- Installing: /home/sophie/isaac_lab/isaac_ws/rl_code/soarm100sim/ros2/install/soarm100_interfaces/local/lib/python3.10/dist-packages/soarm100_interfaces/soarm100_interfaces_s__rosidl_typesupport_c.cpython-310-x86_64-linux-gnu.so
[1.972s] -- Set runtime path of "/home/sophie/isaac_lab/isaac_ws/rl_code/soarm100sim/ros2/install/soarm100_interfaces/local/lib/python3.10/dist-packages/soarm100_interfaces/soarm100_interfaces_s__rosidl_typesupport_c.cpython-310-x86_64-linux-gnu.so" to ""
[1.972s] -- Installing: /home/sophie/isaac_lab/isaac_ws/rl_code/soarm100sim/ros2/install/soarm100_interfaces/lib/libsoarm100_interfaces__rosidl_generator_py.so
[1.972s] -- Set runtime path of "/home/sophie/isaac_lab/isaac_ws/rl_code/soarm100sim/ros2/install/soarm100_interfaces/lib/libsoarm100_interfaces__rosidl_generator_py.so" to ""
[1.973s] -- Up-to-date: /home/sophie/isaac_lab/isaac_ws/rl_code/soarm100sim/ros2/install/soarm100_interfaces/share/ament_index/resource_index/rust_packages/soarm100_interfaces
[1.973s] -- Up-to-date: /home/sophie/isaac_lab/isaac_ws/rl_code/soarm100sim/ros2/install/soarm100_interfaces/share/soarm100_interfaces/rust
[1.973s] -- Up-to-date: /home/sophie/isaac_lab/isaac_ws/rl_code/soarm100sim/ros2/install/soarm100_interfaces/share/soarm100_interfaces/rust/Cargo.toml
[1.973s] -- Up-to-date: /home/sophie/isaac_lab/isaac_ws/rl_code/soarm100sim/ros2/install/soarm100_interfaces/share/soarm100_interfaces/rust/src
[1.973s] -- Up-to-date: /home/sophie/isaac_lab/isaac_ws/rl_code/soarm100sim/ros2/install/soarm100_interfaces/share/soarm100_interfaces/rust/src/action
[1.973s] -- Up-to-date: /home/sophie/isaac_lab/isaac_ws/rl_code/soarm100sim/ros2/install/soarm100_interfaces/share/soarm100_interfaces/rust/src/action/rmw.rs
[1.973s] -- Up-to-date: /home/sophie/isaac_lab/isaac_ws/rl_code/soarm100sim/ros2/install/soarm100_interfaces/share/soarm100_interfaces/rust/src/action.rs
[1.973s] -- Up-to-date: /home/sophie/isaac_lab/isaac_ws/rl_code/soarm100sim/ros2/install/soarm100_interfaces/share/soarm100_interfaces/rust/src/srv
[1.973s] -- Up-to-date: /home/sophie/isaac_lab/isaac_ws/rl_code/soarm100sim/ros2/install/soarm100_interfaces/share/soarm100_interfaces/rust/src/srv/rmw.rs
[1.973s] -- Up-to-date: /home/sophie/isaac_lab/isaac_ws/rl_code/soarm100sim/ros2/install/soarm100_interfaces/share/soarm100_interfaces/rust/src/lib.rs
[1.973s] -- Up-to-date: /home/sophie/isaac_lab/isaac_ws/rl_code/soarm100sim/ros2/install/soarm100_interfaces/share/soarm100_interfaces/rust/src/srv.rs
[1.973s] -- Up-to-date: /home/sophie/isaac_lab/isaac_ws/rl_code/soarm100sim/ros2/install/soarm100_interfaces/share/soarm100_interfaces/rust/build.rs
[1.973s] -- Up-to-date: /home/sophie/isaac_lab/isaac_ws/rl_code/soarm100sim/ros2/install/soarm100_interfaces/share/soarm100_interfaces/action/ExecuteGrasp.idl
[1.973s] -- Up-to-date: /home/sophie/isaac_lab/isaac_ws/rl_code/soarm100sim/ros2/install/soarm100_interfaces/share/soarm100_interfaces/action/PlanGrasp.idl
[1.973s] -- Up-to-date: /home/sophie/isaac_lab/isaac_ws/rl_code/soarm100sim/ros2/install/soarm100_interfaces/share/soarm100_interfaces/srv/SegmentTarget.idl
[1.973s] -- Up-to-date: /home/sophie/isaac_lab/isaac_ws/rl_code/soarm100sim/ros2/install/soarm100_interfaces/share/soarm100_interfaces/srv/SetAvoidance.idl
[1.973s] -- Up-to-date: /home/sophie/isaac_lab/isaac_ws/rl_code/soarm100sim/ros2/install/soarm100_interfaces/share/soarm100_interfaces/action/ExecuteGrasp.action
[1.973s] -- Up-to-date: /home/sophie/isaac_lab/isaac_ws/rl_code/soarm100sim/ros2/install/soarm100_interfaces/share/soarm100_interfaces/action/PlanGrasp.action
[1.973s] -- Up-to-date: /home/sophie/isaac_lab/isaac_ws/rl_code/soarm100sim/ros2/install/soarm100_interfaces/share/soarm100_interfaces/srv/SegmentTarget.srv
[1.973s] -- Up-to-date: /home/sophie/isaac_lab/isaac_ws/rl_code/soarm100sim/ros2/install/soarm100_interfaces/share/soarm100_interfaces/srv/SegmentTarget_Request.msg
[1.973s] -- Up-to-date: /home/sophie/isaac_lab/isaac_ws/rl_code/soarm100sim/ros2/install/soarm100_interfaces/share/soarm100_interfaces/srv/SegmentTarget_Response.msg
[1.973s] -- Up-to-date: /home/sophie/isaac_lab/isaac_ws/rl_code/soarm100sim/ros2/install/soarm100_interfaces/share/soarm100_interfaces/srv/SetAvoidance.srv
[1.973s] -- Up-to-date: /home/sophie/isaac_lab/isaac_ws/rl_code/soarm100sim/ros2/install/soarm100_interfaces/share/soarm100_interfaces/srv/SetAvoidance_Request.msg
[1.973s] -- Up-to-date: /home/sophie/isaac_lab/isaac_ws/rl_code/soarm100sim/ros2/install/soarm100_interfaces/share/soarm100_interfaces/srv/SetAvoidance_Response.msg
[1.973s] -- Up-to-date: /home/sophie/isaac_lab/isaac_ws/rl_code/soarm100sim/ros2/install/soarm100_interfaces/share/ament_index/resource_index/package_run_dependencies/soarm100_interfaces
[1.974s] -- Up-to-date: /home/sophie/isaac_lab/isaac_ws/rl_code/soarm100sim/ros2/install/soarm100_interfaces/share/ament_index/resource_index/parent_prefix_path/soarm100_interfaces
[1.974s] -- Up-to-date: /home/sophie/isaac_lab/isaac_ws/rl_code/soarm100sim/ros2/install/soarm100_interfaces/share/soarm100_interfaces/environment/ament_prefix_path.sh
[1.974s] -- Installing: /home/sophie/isaac_lab/isaac_ws/rl_code/soarm100sim/ros2/install/soarm100_interfaces/share/soarm100_interfaces/environment/ament_prefix_path.dsv
[1.974s] -- Up-to-date: /home/sophie/isaac_lab/isaac_ws/rl_code/soarm100sim/ros2/install/soarm100_interfaces/share/soarm100_interfaces/environment/path.sh
[1.974s] -- Installing: /home/sophie/isaac_lab/isaac_ws/rl_code/soarm100sim/ros2/install/soarm100_interfaces/share/soarm100_interfaces/environment/path.dsv
[1.974s] -- Up-to-date: /home/sophie/isaac_lab/isaac_ws/rl_code/soarm100sim/ros2/install/soarm100_interfaces/share/soarm100_interfaces/local_setup.bash
[1.974s] -- Up-to-date: /home/sophie/isaac_lab/isaac_ws/rl_code/soarm100sim/ros2/install/soarm100_interfaces/share/soarm100_interfaces/local_setup.sh
[1.974s] -- Up-to-date: /home/sophie/isaac_lab/isaac_ws/rl_code/soarm100sim/ros2/install/soarm100_interfaces/share/soarm100_interfaces/local_setup.zsh
[1.974s] -- Installing: /home/sophie/isaac_lab/isaac_ws/rl_code/soarm100sim/ros2/install/soarm100_interfaces/share/soarm100_interfaces/local_setup.dsv
[1.974s] -- Installing: /home/sophie/isaac_lab/isaac_ws/rl_code/soarm100sim/ros2/install/soarm100_interfaces/share/soarm100_interfaces/package.dsv
[1.974s] -- Up-to-date: /home/sophie/isaac_lab/isaac_ws/rl_code/soarm100sim/ros2/install/soarm100_interfaces/share/ament_index/resource_index/packages/soarm100_interfaces
[1.974s] -- Up-to-date: /home/sophie/isaac_lab/isaac_ws/rl_code/soarm100sim/ros2/install/soarm100_interfaces/share/soarm100_interfaces/cmake/export_soarm100_interfaces__rosidl_generator_cExport.cmake
[1.974s] -- Up-to-date: /home/sophie/isaac_lab/isaac_ws/rl_code/soarm100sim/ros2/install/soarm100_interfaces/share/soarm100_interfaces/cmake/export_soarm100_interfaces__rosidl_generator_cExport-noconfig.cmake
[1.974s] -- Up-to-date: /home/sophie/isaac_lab/isaac_ws/rl_code/soarm100sim/ros2/install/soarm100_interfaces/share/soarm100_interfaces/cmake/export_soarm100_interfaces__rosidl_typesupport_fastrtps_cExport.cmake
[1.974s] -- Up-to-date: /home/sophie/isaac_lab/isaac_ws/rl_code/soarm100sim/ros2/install/soarm100_interfaces/share/soarm100_interfaces/cmake/export_soarm100_interfaces__rosidl_typesupport_fastrtps_cExport-noconfig.cmake
[1.974s] -- Up-to-date: /home/sophie/isaac_lab/isaac_ws/rl_code/soarm100sim/ros2/install/soarm100_interfaces/share/soarm100_interfaces/cmake/soarm100_interfaces__rosidl_typesupport_introspection_cExport.cmake
[1.974s] -- Up-to-date: /home/sophie/isaac_lab/isaac_ws/rl_code/soarm100sim/ros2/install/soarm100_interfaces/share/soarm100_interfaces/cmake/soarm100_interfaces__rosidl_typesupport_introspection_cExport-noconfig.cmake
[1.974s] -- Up-to-date: /home/sophie/isaac_lab/isaac_ws/rl_code/soarm100sim/ros2/install/soarm100_interfaces/share/soarm100_interfaces/cmake/soarm100_interfaces__rosidl_typesupport_cExport.cmake
[1.974s] -- Up-to-date: /home/sophie/isaac_lab/isaac_ws/rl_code/soarm100sim/ros2/install/soarm100_interfaces/share/soarm100_interfaces/cmake/soarm100_interfaces__rosidl_typesupport_cExport-noconfig.cmake
[1.974s] -- Up-to-date: /home/sophie/isaac_lab/isaac_ws/rl_code/soarm100sim/ros2/install/soarm100_interfaces/share/soarm100_interfaces/cmake/export_soarm100_interfaces__rosidl_generator_cppExport.cmake
[1.974s] -- Up-to-date: /home/sophie/isaac_lab/isaac_ws/rl_code/soarm100sim/ros2/install/soarm100_interfaces/share/soarm100_interfaces/cmake/export_soarm100_interfaces__rosidl_typesupport_fastrtps_cppExport.cmake
[1.974s] -- Up-to-date: /home/sophie/isaac_lab/isaac_ws/rl_code/soarm100sim/ros2/install/soarm100_interfaces/share/soarm100_interfaces/cmake/export_soarm100_interfaces__rosidl_typesupport_fastrtps_cppExport-noconfig.cmake
[1.974s] -- Up-to-date: /home/sophie/isaac_lab/isaac_ws/rl_code/soarm100sim/ros2/install/soarm100_interfaces/share/soarm100_interfaces/cmake/soarm100_interfaces__rosidl_typesupport_introspection_cppExport.cmake
[1.974s] -- Up-to-date: /home/sophie/isaac_lab/isaac_ws/rl_code/soarm100sim/ros2/install/soarm100_interfaces/share/soarm100_interfaces/cmake/soarm100_interfaces__rosidl_typesupport_introspection_cppExport-noconfig.cmake
[1.974s] -- Up-to-date: /home/sophie/isaac_lab/isaac_ws/rl_code/soarm100sim/ros2/install/soarm100_interfaces/share/soarm100_interfaces/cmake/soarm100_interfaces__rosidl_typesupport_cppExport.cmake
[1.974s] -- Up-to-date: /home/sophie/isaac_lab/isaac_ws/rl_code/soarm100sim/ros2/install/soarm100_interfaces/share/soarm100_interfaces/cmake/soarm100_interfaces__rosidl_typesupport_cppExport-noconfig.cmake
[1.974s] -- Up-to-date: /home/sophie/isaac_lab/isaac_ws/rl_code/soarm100sim/ros2/install/soarm100_interfaces/share/soarm100_interfaces/cmake/export_soarm100_interfaces__rosidl_generator_pyExport.cmake
[1.974s] -- Up-to-date: /home/sophie/isaac_lab/isaac_ws/rl_code/soarm100sim/ros2/install/soarm100_interfaces/share/soarm100_interfaces/cmake/export_soarm100_interfaces__rosidl_generator_pyExport-noconfig.cmake
[1.974s] -- Up-to-date: /home/sophie/isaac_lab/isaac_ws/rl_code/soarm100sim/ros2/install/soarm100_interfaces/share/soarm100_interfaces/cmake/rosidl_cmake-extras.cmake
[1.974s] -- Up-to-date: /home/sophie/isaac_lab/isaac_ws/rl_code/soarm100sim/ros2/install/soarm100_interfaces/share/soarm100_interfaces/cmake/ament_cmake_export_dependencies-extras.cmake
[1.974s] -- Up-to-date: /home/sophie/isaac_lab/isaac_ws/rl_code/soarm100sim/ros2/install/soarm100_interfaces/share/soarm100_interfaces/cmake/ament_cmake_export_include_directories-extras.cmake
[1.974s] -- Up-to-date: /home/sophie/isaac_lab/isaac_ws/rl_code/soarm100sim/ros2/install/soarm100_interfaces/share/soarm100_interfaces/cmake/ament_cmake_export_libraries-extras.cmake
[1.975s] -- Up-to-date: /home/sophie/isaac_lab/isaac_ws/rl_code/soarm100sim/ros2/install/soarm100_interfaces/share/soarm100_interfaces/cmake/ament_cmake_export_targets-extras.cmake
[1.975s] -- Up-to-date: /home/sophie/isaac_lab/isaac_ws/rl_code/soarm100sim/ros2/install/soarm100_interfaces/share/soarm100_interfaces/cmake/rosidl_cmake_export_typesupport_targets-extras.cmake
[1.975s] -- Up-to-date: /home/sophie/isaac_lab/isaac_ws/rl_code/soarm100sim/ros2/install/soarm100_interfaces/share/soarm100_interfaces/cmake/rosidl_cmake_export_typesupport_libraries-extras.cmake
[1.975s] -- Up-to-date: /home/sophie/isaac_lab/isaac_ws/rl_code/soarm100sim/ros2/install/soarm100_interfaces/share/soarm100_interfaces/cmake/soarm100_interfacesConfig.cmake
[1.975s] -- Up-to-date: /home/sophie/isaac_lab/isaac_ws/rl_code/soarm100sim/ros2/install/soarm100_interfaces/share/soarm100_interfaces/cmake/soarm100_interfacesConfig-version.cmake
[1.975s] -- Up-to-date: /home/sophie/isaac_lab/isaac_ws/rl_code/soarm100sim/ros2/install/soarm100_interfaces/share/soarm100_interfaces/package.xml
[1.976s] Invoked command in '/home/sophie/isaac_lab/isaac_ws/rl_code/soarm100sim/ros2/build/soarm100_interfaces' returned '0': CMAKE_PREFIX_PATH=/opt/ros/humble /usr/bin/cmake --install /home/sophie/isaac_lab/isaac_ws/rl_code/soarm100sim/ros2/build/soarm100_interfaces
