[0.457s] Invoking command in '/home/sophie/isaac_lab/isaac_ws/rl_code/soarm100sim/ros2/build/soarm100_vision': CONDA_PROMPT_MODIFIER=(base) PYTHONPATH=/home/sophie/isaac_lab/isaac_ws/rl_code/soarm100sim/ros2/build/soarm100_vision/prefix_override:/usr/lib/python3/dist-packages/colcon_core/task/python/colcon_distutils_commands:/home/sophie/isaac_lab/isaac_ws/rl_code/soarm100sim/ros2/install/soarm100_vision/lib/python3.10/site-packages:${PYTHONPATH} /usr/bin/python3 -W ignore:setup.py install is deprecated -W ignore:easy_install command is deprecated setup.py develop --editable --build-directory /home/sophie/isaac_lab/isaac_ws/rl_code/soarm100sim/ros2/build/soarm100_vision/build --no-deps symlink_data --force
[0.635s] running develop
[0.760s] running egg_info
[0.760s] writing soarm100_vision.egg-info/PKG-INFO
[0.760s] writing dependency_links to soarm100_vision.egg-info/dependency_links.txt
[0.760s] writing entry points to soarm100_vision.egg-info/entry_points.txt
[0.760s] writing requirements to soarm100_vision.egg-info/requires.txt
[0.760s] writing top-level names to soarm100_vision.egg-info/top_level.txt
[0.762s] reading manifest file 'soarm100_vision.egg-info/SOURCES.txt'
[0.763s] writing manifest file 'soarm100_vision.egg-info/SOURCES.txt'
[0.764s] running build_ext
[0.764s] Creating /home/sophie/isaac_lab/isaac_ws/rl_code/soarm100sim/ros2/install/soarm100_vision/lib/python3.10/site-packages/soarm100-vision.egg-link (link to .)
[0.764s] Installing anygrasp_planner_node script to /home/sophie/isaac_lab/isaac_ws/rl_code/soarm100sim/ros2/install/soarm100_vision/lib/soarm100_vision
[0.764s] Installing debug_viewer_node script to /home/sophie/isaac_lab/isaac_ws/rl_code/soarm100sim/ros2/install/soarm100_vision/lib/soarm100_vision
[0.764s] Installing grasp_orchestrator_node script to /home/sophie/isaac_lab/isaac_ws/rl_code/soarm100sim/ros2/install/soarm100_vision/lib/soarm100_vision
[0.764s] Installing hardware_controller_node script to /home/sophie/isaac_lab/isaac_ws/rl_code/soarm100sim/ros2/install/soarm100_vision/lib/soarm100_vision
[0.764s] Installing hardware_joint_state_node script to /home/sophie/isaac_lab/isaac_ws/rl_code/soarm100sim/ros2/install/soarm100_vision/lib/soarm100_vision
[0.765s] Installing hardware_single_joint_service_node script to /home/sophie/isaac_lab/isaac_ws/rl_code/soarm100sim/ros2/install/soarm100_vision/lib/soarm100_vision
[0.765s] Installing mujoco_camera_publisher_node script to /home/sophie/isaac_lab/isaac_ws/rl_code/soarm100sim/ros2/install/soarm100_vision/lib/soarm100_vision
[0.765s] Installing mujoco_mirror_viewer_node script to /home/sophie/isaac_lab/isaac_ws/rl_code/soarm100sim/ros2/install/soarm100_vision/lib/soarm100_vision
[0.765s] Installing mujoco_policy_backend_node script to /home/sophie/isaac_lab/isaac_ws/rl_code/soarm100sim/ros2/install/soarm100_vision/lib/soarm100_vision
[0.765s] Installing obstacle_cloud_node script to /home/sophie/isaac_lab/isaac_ws/rl_code/soarm100sim/ros2/install/soarm100_vision/lib/soarm100_vision
[0.765s] Installing orbbec_eye_to_hand_calibrator_node script to /home/sophie/isaac_lab/isaac_ws/rl_code/soarm100sim/ros2/install/soarm100_vision/lib/soarm100_vision
[0.765s] Installing policy_reach_node script to /home/sophie/isaac_lab/isaac_ws/rl_code/soarm100sim/ros2/install/soarm100_vision/lib/soarm100_vision
[0.765s] Installing sdf_cbf_backend_node script to /home/sophie/isaac_lab/isaac_ws/rl_code/soarm100sim/ros2/install/soarm100_vision/lib/soarm100_vision
[0.765s] Installing send_execute_grasp script to /home/sophie/isaac_lab/isaac_ws/rl_code/soarm100sim/ros2/install/soarm100_vision/lib/soarm100_vision
[0.765s] Installing send_planned_grasp script to /home/sophie/isaac_lab/isaac_ws/rl_code/soarm100sim/ros2/install/soarm100_vision/lib/soarm100_vision
[0.765s] Installing target_segmenter_node script to /home/sophie/isaac_lab/isaac_ws/rl_code/soarm100sim/ros2/install/soarm100_vision/lib/soarm100_vision
[0.765s] Installing wrist_handeye_calibrator_node script to /home/sophie/isaac_lab/isaac_ws/rl_code/soarm100sim/ros2/install/soarm100_vision/lib/soarm100_vision
[0.765s] Installing wrist_handeye_pose_sequence_node script to /home/sophie/isaac_lab/isaac_ws/rl_code/soarm100sim/ros2/install/soarm100_vision/lib/soarm100_vision
[0.765s] Installing wrist_tracker_node script to /home/sophie/isaac_lab/isaac_ws/rl_code/soarm100sim/ros2/install/soarm100_vision/lib/soarm100_vision
[0.765s] Installing wrist_tracking_roi_node script to /home/sophie/isaac_lab/isaac_ws/rl_code/soarm100sim/ros2/install/soarm100_vision/lib/soarm100_vision
[0.765s] 
[0.765s] Installed /home/sophie/isaac_lab/isaac_ws/rl_code/soarm100sim/ros2/build/soarm100_vision
[0.765s] running symlink_data
[0.765s] symbolically linking /home/sophie/isaac_lab/isaac_ws/rl_code/soarm100sim/ros2/build/soarm100_vision/resource/soarm100_vision -> /home/sophie/isaac_lab/isaac_ws/rl_code/soarm100sim/ros2/install/soarm100_vision/share/ament_index/resource_index/packages
[0.766s] symbolically linking /home/sophie/isaac_lab/isaac_ws/rl_code/soarm100sim/ros2/build/soarm100_vision/package.xml -> /home/sophie/isaac_lab/isaac_ws/rl_code/soarm100sim/ros2/install/soarm100_vision/share/soarm100_vision
[0.766s] symbolically linking /home/sophie/isaac_lab/isaac_ws/rl_code/soarm100sim/ros2/build/soarm100_vision/launch/vision_grasp.launch.py -> /home/sophie/isaac_lab/isaac_ws/rl_code/soarm100sim/ros2/install/soarm100_vision/share/soarm100_vision/launch
[0.766s] symbolically linking /home/sophie/isaac_lab/isaac_ws/rl_code/soarm100sim/ros2/build/soarm100_vision/launch/hardware_state.launch.py -> /home/sophie/isaac_lab/isaac_ws/rl_code/soarm100sim/ros2/install/soarm100_vision/share/soarm100_vision/launch
[0.766s] symbolically linking /home/sophie/isaac_lab/isaac_ws/rl_code/soarm100sim/ros2/build/soarm100_vision/launch/hardware_single_joint.launch.py -> /home/sophie/isaac_lab/isaac_ws/rl_code/soarm100sim/ros2/install/soarm100_vision/share/soarm100_vision/launch
[0.766s] symbolically linking /home/sophie/isaac_lab/isaac_ws/rl_code/soarm100sim/ros2/build/soarm100_vision/launch/hardware_controller.launch.py -> /home/sophie/isaac_lab/isaac_ws/rl_code/soarm100sim/ros2/install/soarm100_vision/share/soarm100_vision/launch
[0.782s] Invoked command in '/home/sophie/isaac_lab/isaac_ws/rl_code/soarm100sim/ros2/build/soarm100_vision' returned '0': CONDA_PROMPT_MODIFIER=(base) PYTHONPATH=/home/sophie/isaac_lab/isaac_ws/rl_code/soarm100sim/ros2/build/soarm100_vision/prefix_override:/usr/lib/python3/dist-packages/colcon_core/task/python/colcon_distutils_commands:/home/sophie/isaac_lab/isaac_ws/rl_code/soarm100sim/ros2/install/soarm100_vision/lib/python3.10/site-packages:${PYTHONPATH} /usr/bin/python3 -W ignore:setup.py install is deprecated -W ignore:easy_install command is deprecated setup.py develop --editable --build-directory /home/sophie/isaac_lab/isaac_ws/rl_code/soarm100sim/ros2/build/soarm100_vision/build --no-deps symlink_data --force
