-- The C compiler identification is GNU 11.4.0
-- The CXX compiler identification is GNU 11.4.0
-- Detecting C compiler ABI info
-- Detecting C compiler ABI info - done
-- Check for working C compiler: /usr/bin/cc - skipped
-- Detecting C compile features
-- Detecting C compile features - done
-- Detecting CXX compiler ABI info
-- Detecting CXX compiler ABI info - done
-- Check for working CXX compiler: /usr/bin/c++ - skipped
-- Detecting CXX compile features
-- Detecting CXX compile features - done
-- Found ament_cmake: 1.3.14 (/opt/ros/humble/share/ament_cmake/cmake)
-- Found Python3: /usr/bin/python3 (found version "3.10.12") found components: Interpreter 
-- Configuring done
-- Generating done
-- Build files have been written to: /home/sophie/isaac_lab/isaac_ws/rl_code/soarm100sim/ros2/build/so100_plus_description
-- Install configuration: ""
-- Installing: /home/sophie/isaac_lab/isaac_ws/rl_code/soarm100sim/ros2/install/so100_plus_description/lib/so100_plus_description/static_joint_publisher.py
-- Installing: /home/sophie/isaac_lab/isaac_ws/rl_code/soarm100sim/ros2/install/so100_plus_description/lib/so100_plus_description/compare_fk_mujoco_urdf.py
-- Installing: /home/sophie/isaac_lab/isaac_ws/rl_code/soarm100sim/ros2/install/so100_plus_description/share/so100_plus_description/urdf
-- Installing: /home/sophie/isaac_lab/isaac_ws/rl_code/soarm100sim/ros2/install/so100_plus_description/share/so100_plus_description/urdf/so100_plus.urdf
-- Installing: /home/sophie/isaac_lab/isaac_ws/rl_code/soarm100sim/ros2/install/so100_plus_description/share/so100_plus_description/launch
-- Installing: /home/sophie/isaac_lab/isaac_ws/rl_code/soarm100sim/ros2/install/so100_plus_description/share/so100_plus_description/launch/display.launch.py
-- Installing: /home/sophie/isaac_lab/isaac_ws/rl_code/soarm100sim/ros2/install/so100_plus_description/share/so100_plus_description/rviz
-- Installing: /home/sophie/isaac_lab/isaac_ws/rl_code/soarm100sim/ros2/install/so100_plus_description/share/so100_plus_description/rviz/so100_plus.rviz
-- Installing: /home/sophie/isaac_lab/isaac_ws/rl_code/soarm100sim/ros2/install/so100_plus_description/share/so100_plus_description/meshes
-- Installing: /home/sophie/isaac_lab/isaac_ws/rl_code/soarm100sim/ros2/install/so100_plus_description/share/so100_plus_description/meshes/shoulder_pitch.STL
-- Installing: /home/sophie/isaac_lab/isaac_ws/rl_code/soarm100sim/ros2/install/so100_plus_description/share/so100_plus_description/meshes/gripper.STL
-- Installing: /home/sophie/isaac_lab/isaac_ws/rl_code/soarm100sim/ros2/install/so100_plus_description/share/so100_plus_description/meshes/table
-- Installing: /home/sophie/isaac_lab/isaac_ws/rl_code/soarm100sim/ros2/install/so100_plus_description/share/so100_plus_description/meshes/shoulder_rotation.STL
-- Installing: /home/sophie/isaac_lab/isaac_ws/rl_code/soarm100sim/ros2/install/so100_plus_description/share/so100_plus_description/meshes/base_link.STL
-- Installing: /home/sophie/isaac_lab/isaac_ws/rl_code/soarm100sim/ros2/install/so100_plus_description/share/so100_plus_description/meshes/wrist_jaw.STL
-- Installing: /home/sophie/isaac_lab/isaac_ws/rl_code/soarm100sim/ros2/install/so100_plus_description/share/so100_plus_description/meshes/wrist_roll.STL
-- Installing: /home/sophie/isaac_lab/isaac_ws/rl_code/soarm100sim/ros2/install/so100_plus_description/share/so100_plus_description/meshes/ellbow.STL
-- Installing: /home/sophie/isaac_lab/isaac_ws/rl_code/soarm100sim/ros2/install/so100_plus_description/share/so100_plus_description/meshes/wrist_pitch.STL
-- Installing: /home/sophie/isaac_lab/isaac_ws/rl_code/soarm100sim/ros2/install/so100_plus_description/share/ament_index/resource_index/package_run_dependencies/so100_plus_description
-- Installing: /home/sophie/isaac_lab/isaac_ws/rl_code/soarm100sim/ros2/install/so100_plus_description/share/ament_index/resource_index/parent_prefix_path/so100_plus_description
-- Installing: /home/sophie/isaac_lab/isaac_ws/rl_code/soarm100sim/ros2/install/so100_plus_description/share/so100_plus_description/environment/ament_prefix_path.sh
-- Installing: /home/sophie/isaac_lab/isaac_ws/rl_code/soarm100sim/ros2/install/so100_plus_description/share/so100_plus_description/environment/ament_prefix_path.dsv
-- Installing: /home/sophie/isaac_lab/isaac_ws/rl_code/soarm100sim/ros2/install/so100_plus_description/share/so100_plus_description/environment/path.sh
-- Installing: /home/sophie/isaac_lab/isaac_ws/rl_code/soarm100sim/ros2/install/so100_plus_description/share/so100_plus_description/environment/path.dsv
-- Installing: /home/sophie/isaac_lab/isaac_ws/rl_code/soarm100sim/ros2/install/so100_plus_description/share/so100_plus_description/local_setup.bash
-- Installing: /home/sophie/isaac_lab/isaac_ws/rl_code/soarm100sim/ros2/install/so100_plus_description/share/so100_plus_description/local_setup.sh
-- Installing: /home/sophie/isaac_lab/isaac_ws/rl_code/soarm100sim/ros2/install/so100_plus_description/share/so100_plus_description/local_setup.zsh
-- Installing: /home/sophie/isaac_lab/isaac_ws/rl_code/soarm100sim/ros2/install/so100_plus_description/share/so100_plus_description/local_setup.dsv
-- Installing: /home/sophie/isaac_lab/isaac_ws/rl_code/soarm100sim/ros2/install/so100_plus_description/share/so100_plus_description/package.dsv
-- Installing: /home/sophie/isaac_lab/isaac_ws/rl_code/soarm100sim/ros2/install/so100_plus_description/share/ament_index/resource_index/packages/so100_plus_description
-- Installing: /home/sophie/isaac_lab/isaac_ws/rl_code/soarm100sim/ros2/install/so100_plus_description/share/so100_plus_description/cmake/so100_plus_descriptionConfig.cmake
-- Installing: /home/sophie/isaac_lab/isaac_ws/rl_code/soarm100sim/ros2/install/so100_plus_description/share/so100_plus_description/cmake/so100_plus_descriptionConfig-version.cmake
-- Installing: /home/sophie/isaac_lab/isaac_ws/rl_code/soarm100sim/ros2/install/so100_plus_description/share/so100_plus_description/package.xml
