[0.008s] Invoking command in '/home/sophie/isaac_lab/isaac_ws/rl_code/soarm100sim/ros2/build/so100_plus_description': CMAKE_PREFIX_PATH=/opt/ros/humble /usr/bin/cmake /home/sophie/isaac_lab/isaac_ws/rl_code/soarm100sim/ros2/so100_plus_description -DCMAKE_INSTALL_PREFIX=/home/sophie/isaac_lab/isaac_ws/rl_code/soarm100sim/ros2/install/so100_plus_description
[0.124s] -- The C compiler identification is GNU 11.4.0
[0.222s] -- The CXX compiler identification is GNU 11.4.0
[0.230s] -- Detecting C compiler ABI info
[0.327s] -- Detecting C compiler ABI info - done
[0.333s] -- Check for working C compiler: /usr/bin/cc - skipped
[0.334s] -- Detecting C compile features
[0.334s] -- Detecting C compile features - done
[0.336s] -- Detecting CXX compiler ABI info
[0.429s] -- Detecting CXX compiler ABI info - done
[0.434s] -- Check for working CXX compiler: /usr/bin/c++ - skipped
[0.435s] -- Detecting CXX compile features
[0.435s] -- Detecting CXX compile features - done
[0.440s] -- Found ament_cmake: 1.3.14 (/opt/ros/humble/share/ament_cmake/cmake)
[0.599s] -- Found Python3: /usr/bin/python3 (found version "3.10.12") found components: Interpreter 
[0.748s] -- Configuring done
[0.750s] -- Generating done
[0.751s] -- Build files have been written to: /home/sophie/isaac_lab/isaac_ws/rl_code/soarm100sim/ros2/build/so100_plus_description
[0.753s] Invoked command in '/home/sophie/isaac_lab/isaac_ws/rl_code/soarm100sim/ros2/build/so100_plus_description' returned '0': CMAKE_PREFIX_PATH=/opt/ros/humble /usr/bin/cmake /home/sophie/isaac_lab/isaac_ws/rl_code/soarm100sim/ros2/so100_plus_description -DCMAKE_INSTALL_PREFIX=/home/sophie/isaac_lab/isaac_ws/rl_code/soarm100sim/ros2/install/so100_plus_description
[0.755s] Invoking command in '/home/sophie/isaac_lab/isaac_ws/rl_code/soarm100sim/ros2/build/so100_plus_description': CMAKE_PREFIX_PATH=/opt/ros/humble /usr/bin/cmake --build /home/sophie/isaac_lab/isaac_ws/rl_code/soarm100sim/ros2/build/so100_plus_description -- -j32 -l32
[0.795s] Invoked command in '/home/sophie/isaac_lab/isaac_ws/rl_code/soarm100sim/ros2/build/so100_plus_description' returned '0': CMAKE_PREFIX_PATH=/opt/ros/humble /usr/bin/cmake --build /home/sophie/isaac_lab/isaac_ws/rl_code/soarm100sim/ros2/build/so100_plus_description -- -j32 -l32
[0.809s] Invoking command in '/home/sophie/isaac_lab/isaac_ws/rl_code/soarm100sim/ros2/build/so100_plus_description': CMAKE_PREFIX_PATH=/opt/ros/humble /usr/bin/cmake --install /home/sophie/isaac_lab/isaac_ws/rl_code/soarm100sim/ros2/build/so100_plus_description
[0.817s] -- Install configuration: ""
[0.818s] -- Installing: /home/sophie/isaac_lab/isaac_ws/rl_code/soarm100sim/ros2/install/so100_plus_description/lib/so100_plus_description/static_joint_publisher.py
[0.818s] -- Installing: /home/sophie/isaac_lab/isaac_ws/rl_code/soarm100sim/ros2/install/so100_plus_description/lib/so100_plus_description/compare_fk_mujoco_urdf.py
[0.818s] -- Installing: /home/sophie/isaac_lab/isaac_ws/rl_code/soarm100sim/ros2/install/so100_plus_description/share/so100_plus_description/urdf
[0.818s] -- Installing: /home/sophie/isaac_lab/isaac_ws/rl_code/soarm100sim/ros2/install/so100_plus_description/share/so100_plus_description/urdf/so100_plus.urdf
[0.819s] -- Installing: /home/sophie/isaac_lab/isaac_ws/rl_code/soarm100sim/ros2/install/so100_plus_description/share/so100_plus_description/launch
[0.819s] -- Installing: /home/sophie/isaac_lab/isaac_ws/rl_code/soarm100sim/ros2/install/so100_plus_description/share/so100_plus_description/launch/display.launch.py
[0.819s] -- Installing: /home/sophie/isaac_lab/isaac_ws/rl_code/soarm100sim/ros2/install/so100_plus_description/share/so100_plus_description/rviz
[0.819s] -- Installing: /home/sophie/isaac_lab/isaac_ws/rl_code/soarm100sim/ros2/install/so100_plus_description/share/so100_plus_description/rviz/so100_plus.rviz
[0.819s] -- Installing: /home/sophie/isaac_lab/isaac_ws/rl_code/soarm100sim/ros2/install/so100_plus_description/share/so100_plus_description/meshes
[0.819s] -- Installing: /home/sophie/isaac_lab/isaac_ws/rl_code/soarm100sim/ros2/install/so100_plus_description/share/so100_plus_description/meshes/shoulder_pitch.STL
[0.819s] -- Installing: /home/sophie/isaac_lab/isaac_ws/rl_code/soarm100sim/ros2/install/so100_plus_description/share/so100_plus_description/meshes/gripper.STL
[0.819s] -- Installing: /home/sophie/isaac_lab/isaac_ws/rl_code/soarm100sim/ros2/install/so100_plus_description/share/so100_plus_description/meshes/table
[0.819s] -- Installing: /home/sophie/isaac_lab/isaac_ws/rl_code/soarm100sim/ros2/install/so100_plus_description/share/so100_plus_description/meshes/shoulder_rotation.STL
[0.820s] -- Installing: /home/sophie/isaac_lab/isaac_ws/rl_code/soarm100sim/ros2/install/so100_plus_description/share/so100_plus_description/meshes/base_link.STL
[0.820s] -- Installing: /home/sophie/isaac_lab/isaac_ws/rl_code/soarm100sim/ros2/install/so100_plus_description/share/so100_plus_description/meshes/wrist_jaw.STL
[0.822s] -- Installing: /home/sophie/isaac_lab/isaac_ws/rl_code/soarm100sim/ros2/install/so100_plus_description/share/so100_plus_description/meshes/wrist_roll.STL
[0.822s] -- Installing: /home/sophie/isaac_lab/isaac_ws/rl_code/soarm100sim/ros2/install/so100_plus_description/share/so100_plus_description/meshes/ellbow.STL
[0.823s] -- Installing: /home/sophie/isaac_lab/isaac_ws/rl_code/soarm100sim/ros2/install/so100_plus_description/share/so100_plus_description/meshes/wrist_pitch.STL
[0.824s] -- Installing: /home/sophie/isaac_lab/isaac_ws/rl_code/soarm100sim/ros2/install/so100_plus_description/share/ament_index/resource_index/package_run_dependencies/so100_plus_description
[0.824s] -- Installing: /home/sophie/isaac_lab/isaac_ws/rl_code/soarm100sim/ros2/install/so100_plus_description/share/ament_index/resource_index/parent_prefix_path/so100_plus_description
[0.824s] -- Installing: /home/sophie/isaac_lab/isaac_ws/rl_code/soarm100sim/ros2/install/so100_plus_description/share/so100_plus_description/environment/ament_prefix_path.sh
[0.824s] -- Installing: /home/sophie/isaac_lab/isaac_ws/rl_code/soarm100sim/ros2/install/so100_plus_description/share/so100_plus_description/environment/ament_prefix_path.dsv
[0.824s] -- Installing: /home/sophie/isaac_lab/isaac_ws/rl_code/soarm100sim/ros2/install/so100_plus_description/share/so100_plus_description/environment/path.sh
[0.824s] -- Installing: /home/sophie/isaac_lab/isaac_ws/rl_code/soarm100sim/ros2/install/so100_plus_description/share/so100_plus_description/environment/path.dsv
[0.825s] -- Installing: /home/sophie/isaac_lab/isaac_ws/rl_code/soarm100sim/ros2/install/so100_plus_description/share/so100_plus_description/local_setup.bash
[0.825s] -- Installing: /home/sophie/isaac_lab/isaac_ws/rl_code/soarm100sim/ros2/install/so100_plus_description/share/so100_plus_description/local_setup.sh
[0.825s] -- Installing: /home/sophie/isaac_lab/isaac_ws/rl_code/soarm100sim/ros2/install/so100_plus_description/share/so100_plus_description/local_setup.zsh
[0.825s] -- Installing: /home/sophie/isaac_lab/isaac_ws/rl_code/soarm100sim/ros2/install/so100_plus_description/share/so100_plus_description/local_setup.dsv
[0.825s] -- Installing: /home/sophie/isaac_lab/isaac_ws/rl_code/soarm100sim/ros2/install/so100_plus_description/share/so100_plus_description/package.dsv
[0.825s] -- Installing: /home/sophie/isaac_lab/isaac_ws/rl_code/soarm100sim/ros2/install/so100_plus_description/share/ament_index/resource_index/packages/so100_plus_description
[0.825s] -- Installing: /home/sophie/isaac_lab/isaac_ws/rl_code/soarm100sim/ros2/install/so100_plus_description/share/so100_plus_description/cmake/so100_plus_descriptionConfig.cmake
[0.825s] -- Installing: /home/sophie/isaac_lab/isaac_ws/rl_code/soarm100sim/ros2/install/so100_plus_description/share/so100_plus_description/cmake/so100_plus_descriptionConfig-version.cmake
[0.825s] -- Installing: /home/sophie/isaac_lab/isaac_ws/rl_code/soarm100sim/ros2/install/so100_plus_description/share/so100_plus_description/package.xml
[0.826s] Invoked command in '/home/sophie/isaac_lab/isaac_ws/rl_code/soarm100sim/ros2/build/so100_plus_description' returned '0': CMAKE_PREFIX_PATH=/opt/ros/humble /usr/bin/cmake --install /home/sophie/isaac_lab/isaac_ws/rl_code/soarm100sim/ros2/build/so100_plus_description
