In file included from /usr/include/python3.10/Python.h:8,
                 from /home/sophie/isaac_lab/isaac_ws/rl_code/soarm100sim/ros2/build/soarm100_interfaces/rosidl_generator_py/soarm100_interfaces/srv/_segment_target_s.c:5:
/usr/include/python3.10/pyconfig.h:3:12: fatal error: x86_64-linux-gnu/python3.10/pyconfig.h: No such file or directory
    3 | #  include <x86_64-linux-gnu/python3.10/pyconfig.h>
      |            ^~~~~~~~~~~~~~~~~~~~~~~~~~~~~~~~~~~~~~~~
compilation terminated.
In file included from /usr/include/python3.10/Python.h:8,
                 from /home/sophie/isaac_lab/isaac_ws/rl_code/soarm100sim/ros2/build/soarm100_interfaces/rosidl_generator_py/soarm100_interfaces/action/_plan_grasp_s.c:5:
/usr/include/python3.10/pyconfig.h:3:12: fatal error: x86_64-linux-gnu/python3.10/pyconfig.h: No such file or directory
    3 | #  include <x86_64-linux-gnu/python3.10/pyconfig.h>
      |            ^~~~~~~~~~~~~~~~~~~~~~~~~~~~~~~~~~~~~~~~
compilation terminated.
gmake[2]: *** [CMakeFiles/soarm100_interfaces__rosidl_generator_py.dir/build.make:104：CMakeFiles/soarm100_interfaces__rosidl_generator_py.dir/rosidl_generator_py/soarm100_interfaces/srv/_segment_target_s.c.o] 错误 1
gmake[2]: *** 正在等待未完成的任务....
In file included from /usr/include/python3.10/Python.h:8,
                 from /home/sophie/isaac_lab/isaac_ws/rl_code/soarm100sim/ros2/build/soarm100_interfaces/rosidl_generator_py/soarm100_interfaces/srv/_set_avoidance_s.c:5:
/usr/include/python3.10/pyconfig.h:3:12: fatal error: x86_64-linux-gnu/python3.10/pyconfig.h: No such file or directory
    3 | #  include <x86_64-linux-gnu/python3.10/pyconfig.h>
      |            ^~~~~~~~~~~~~~~~~~~~~~~~~~~~~~~~~~~~~~~~
compilation terminated.
In file included from /usr/include/python3.10/Python.h:8,
                 from /home/sophie/isaac_lab/isaac_ws/rl_code/soarm100sim/ros2/build/soarm100_interfaces/rosidl_generator_py/soarm100_interfaces/action/_execute_grasp_s.c:5:
/usr/include/python3.10/pyconfig.h:3:12: fatal error: x86_64-linux-gnu/python3.10/pyconfig.h: No such file or directory
    3 | #  include <x86_64-linux-gnu/python3.10/pyconfig.h>
      |            ^~~~~~~~~~~~~~~~~~~~~~~~~~~~~~~~~~~~~~~~
compilation terminated.
gmake[2]: *** [CMakeFiles/soarm100_interfaces__rosidl_generator_py.dir/build.make:90：CMakeFiles/soarm100_interfaces__rosidl_generator_py.dir/rosidl_generator_py/soarm100_interfaces/action/_plan_grasp_s.c.o] 错误 1
gmake[2]: *** [CMakeFiles/soarm100_interfaces__rosidl_generator_py.dir/build.make:118：CMakeFiles/soarm100_interfaces__rosidl_generator_py.dir/rosidl_generator_py/soarm100_interfaces/srv/_set_avoidance_s.c.o] 错误 1
gmake[2]: *** [CMakeFiles/soarm100_interfaces__rosidl_generator_py.dir/build.make:76：CMakeFiles/soarm100_interfaces__rosidl_generator_py.dir/rosidl_generator_py/soarm100_interfaces/action/_execute_grasp_s.c.o] 错误 1
gmake[1]: *** [CMakeFiles/Makefile2:494：CMakeFiles/soarm100_interfaces__rosidl_generator_py.dir/all] 错误 2
gmake: *** [Makefile:146：all] 错误 2
