[hardware_controller] Starting persistent seven-axis hold controller.
[hardware_controller] shoulder_lift_p=16 (baseline restore=16)
[hardware_controller] calibration=hardware/calibration/lerobot/so100_plus_new_arm.json
[hardware_controller] feedback/driver rate=20.000000Hz
[hardware_controller] stream command delta limit=0.250000rad
[hardware_controller] raw safety margin=0 counts (calibrated hard limits remain active)
[hardware_controller] Ctrl+C performs verified all-axis torque-off.
[INFO] [launch]: All log files can be found below /home/sophie/.ros/log/2026-08-11-18-44-33-108964-sophie-Legion-Y7000P-IRX10-1759390
[INFO] [launch]: Default logging verbosity is set to INFO
[INFO] [hardware_controller_node-1]: process started with pid [1759397]
[INFO] [robot_state_publisher-2]: process started with pid [1759399]
[robot_state_publisher-2] [INFO] [1786445073.172023508] [hardware_robot_state_publisher]: got segment base
[robot_state_publisher-2] [INFO] [1786445073.172082819] [hardware_robot_state_publisher]: got segment ellbow
[robot_state_publisher-2] [INFO] [1786445073.172087899] [hardware_robot_state_publisher]: got segment gripper
[robot_state_publisher-2] [INFO] [1786445073.172090848] [hardware_robot_state_publisher]: got segment shoulder_pitch
[robot_state_publisher-2] [INFO] [1786445073.172093675] [hardware_robot_state_publisher]: got segment shoulder_rotation
[robot_state_publisher-2] [INFO] [1786445073.172096207] [hardware_robot_state_publisher]: got segment wrist_jaw
[robot_state_publisher-2] [INFO] [1786445073.172098799] [hardware_robot_state_publisher]: got segment wrist_pitch
[robot_state_publisher-2] [INFO] [1786445073.172101324] [hardware_robot_state_publisher]: got segment wrist_roll
[hardware_controller_node-1] [INFO] [1786445077.092611673] [hardware_controller]: hardware controller ready; current seven-axis position is powered and held; services=/hardware/move_joint_target,/hardware/set_torque stream_topic=/hardware/joint_target
[hardware_controller_node-1] [ERROR] [1786445128.350295920] [hardware_controller]: stream target rejected: wrist_roll stream target raw 3163 outside safe interval [1018, 3160]
[hardware_controller_node-1] [ERROR] [1786445129.399059257] [hardware_controller]: stream target rejected: wrist_roll stream target raw 3300 outside safe interval [1018, 3160]
[hardware_controller_node-1] [ERROR] [1786445130.450221523] [hardware_controller]: stream target rejected: wrist_roll stream target raw 3315 outside safe interval [1018, 3160]
[hardware_controller_node-1] [ERROR] [1786445131.497978031] [hardware_controller]: stream target rejected: wrist_roll stream target raw 3315 outside safe interval [1018, 3160]
[hardware_controller_node-1] [ERROR] [1786445132.499134925] [hardware_controller]: stream target rejected: wrist_roll stream target raw 3315 outside safe interval [1018, 3160]
[hardware_controller_node-1] [ERROR] [1786445133.499605093] [hardware_controller]: stream target rejected: wrist_roll stream target raw 3315 outside safe interval [1018, 3160]
[hardware_controller_node-1] [ERROR] [1786445134.544388458] [hardware_controller]: stream target rejected: wrist_roll stream target raw 3315 outside safe interval [1018, 3160]
[hardware_controller_node-1] [ERROR] [1786445135.596114958] [hardware_controller]: stream target rejected: wrist_roll stream target raw 3315 outside safe interval [1018, 3160]
[hardware_controller_node-1] [ERROR] [1786445136.598396867] [hardware_controller]: stream target rejected: wrist_roll stream target raw 3315 outside safe interval [1018, 3160]
[hardware_controller_node-1] [ERROR] [1786445137.598739120] [hardware_controller]: stream target rejected: wrist_roll stream target raw 3315 outside safe interval [1018, 3160]
[hardware_controller_node-1] [ERROR] [1786445138.650240854] [hardware_controller]: stream target rejected: wrist_roll stream target raw 3315 outside safe interval [1018, 3160]
[hardware_controller_node-1] [ERROR] [1786445139.699947099] [hardware_controller]: stream target rejected: wrist_roll stream target raw 3315 outside safe interval [1018, 3160]
[hardware_controller_node-1] [ERROR] [1786445140.748312605] [hardware_controller]: stream target rejected: wrist_roll stream target raw 3315 outside safe interval [1018, 3160]
[hardware_controller_node-1] [ERROR] [1786445141.797899445] [hardware_controller]: stream target rejected: wrist_roll stream target raw 3315 outside safe interval [1018, 3160]
[hardware_controller_node-1] [ERROR] [1786445142.799252787] [hardware_controller]: stream target rejected: wrist_roll stream target raw 3315 outside safe interval [1018, 3160]
[hardware_controller_node-1] [ERROR] [1786445143.847875523] [hardware_controller]: stream target rejected: wrist_roll stream target raw 3315 outside safe interval [1018, 3160]
[hardware_controller_node-1] [ERROR] [1786445144.848220749] [hardware_controller]: stream target rejected: wrist_roll stream target raw 3315 outside safe interval [1018, 3160]
[hardware_controller_node-1] [ERROR] [1786445145.852246985] [hardware_controller]: stream target rejected: wrist_roll stream target raw 3315 outside safe interval [1018, 3160]
[hardware_controller_node-1] [ERROR] [1786445146.900285229] [hardware_controller]: stream target rejected: wrist_roll stream target raw 3315 outside safe interval [1018, 3160]
