[INFO] [1784884233.273347694] [mujoco_policy_backend]: MuJoCo policy backend ready: action=execute_planned_grasp
[INFO] [1784884235.426542137] [mujoco_policy_backend]: obstacle_init stamp=1784884235.050092887 depth=296770 robot_mask_received=True self_rm=10430 workspace=1817 table_rm=0 raw_obstacle=1817 persistent=118 voxels=118 mode=dynamic frame=1/5 bbox_min=(+0.152,+0.079,+0.056) bbox_max=(+0.172,+0.101,+0.320)
[INFO] [1784884235.522359447] [mujoco_policy_backend]: obstacle_init stamp=1784884235.199710925 depth=296770 robot_mask_received=True self_rm=10430 workspace=1817 table_rm=0 raw_obstacle=1817 persistent=118 voxels=118 mode=dynamic frame=2/5 bbox_min=(+0.152,+0.079,+0.056) bbox_max=(+0.172,+0.101,+0.320)
[INFO] [1784884235.619776476] [mujoco_policy_backend]: obstacle_init stamp=1784884235.342596915 depth=296770 robot_mask_received=True self_rm=10430 workspace=1817 table_rm=0 raw_obstacle=1817 persistent=118 voxels=118 mode=dynamic frame=3/5 bbox_min=(+0.152,+0.079,+0.056) bbox_max=(+0.172,+0.101,+0.320)
[INFO] [1784884235.914595593] [mujoco_policy_backend]: obstacle_init stamp=1784884235.542699903 depth=296770 robot_mask_received=True self_rm=10430 workspace=1817 table_rm=0 raw_obstacle=1817 persistent=118 voxels=118 mode=dynamic frame=4/5 bbox_min=(+0.152,+0.079,+0.056) bbox_max=(+0.172,+0.101,+0.320)
[INFO] [1784884236.030653341] [mujoco_policy_backend]: obstacle_init stamp=1784884235.751111093 depth=296770 robot_mask_received=True self_rm=10430 workspace=1817 table_rm=0 raw_obstacle=1817 persistent=118 voxels=118 mode=dynamic frame=5/5 bbox_min=(+0.152,+0.079,+0.056) bbox_max=(+0.172,+0.101,+0.320)
[INFO] [1784884249.182349899] [mujoco_policy_backend]: planned grasp pose conversion: source=sim_mjcf raw_pregrasp[frame=scene_depth_optical pos=(+0.076,+0.022,+0.506) quat=(+0.459,+0.117,+0.037,+0.880)] raw_grasp[frame=scene_depth_optical pos=(+0.093,+0.020,+0.574) quat=(+0.459,+0.117,+0.037,+0.880)] base_pregrasp[frame=base pos=(+0.396,+0.078,+0.114) quat=(+0.117,-0.459,+0.880,-0.037)] base_grasp[frame=base pos=(+0.413,+0.080,+0.046) quat=(+0.117,-0.459,+0.880,-0.037)] tracking_reference[frame=base pos=(+0.398,+0.087,+0.044) quat=(+0.000,+1.000,+0.000,+0.000)] width=89.9mm target=cube@0.42,0.08,0.021 traj_log=logs/ros2_grasp_dynamic_lateral.jsonl
[INFO] [1784884250.504237300] [mujoco_policy_backend]: wrist_roi_diag frame=1 projected_uv=(-19173.9,-6871.3) red_uv=not_visible depth=0.004m
[INFO] [1784884250.635441590] [mujoco_policy_backend]: obstacle_init stamp=1784884250.370381937 depth=292367 robot_mask_received=True self_rm=14833 workspace=1837 table_rm=0 raw_obstacle=1837 persistent=99 voxels=99 mode=dynamic frame=6/5 bbox_min=(+0.152,+0.117,+0.058) bbox_max=(+0.171,+0.138,+0.320)
[INFO] [1784884250.962190622] [mujoco_policy_backend]: obstacle_init stamp=1784884250.711194026 depth=292619 robot_mask_received=True self_rm=14581 workspace=1828 table_rm=0 raw_obstacle=1828 persistent=111 voxels=111 mode=dynamic frame=7/5 bbox_min=(+0.152,+0.117,+0.058) bbox_max=(+0.171,+0.138,+0.320)
[INFO] [1784884251.123699468] [mujoco_policy_backend]: obstacle_init stamp=1784884250.878091669 depth=293204 robot_mask_received=True self_rm=13996 workspace=1835 table_rm=0 raw_obstacle=1835 persistent=113 voxels=113 mode=dynamic frame=8/5 bbox_min=(+0.152,+0.117,+0.058) bbox_max=(+0.172,+0.137,+0.325)
[INFO] [1784884251.305866931] [mujoco_policy_backend]: obstacle_init stamp=1784884251.125064882 depth=293865 robot_mask_received=True self_rm=13335 workspace=1831 table_rm=0 raw_obstacle=1831 persistent=114 voxels=114 mode=dynamic frame=9/5 bbox_min=(+0.152,+0.116,+0.058) bbox_max=(+0.172,+0.137,+0.320)
[INFO] [1784884251.659193248] [mujoco_policy_backend]: obstacle_init stamp=1784884251.400492289 depth=294510 robot_mask_received=True self_rm=12690 workspace=1830 table_rm=0 raw_obstacle=1830 persistent=111 voxels=111 mode=dynamic frame=10/5 bbox_min=(+0.152,+0.115,+0.058) bbox_max=(+0.172,+0.136,+0.320)
[INFO] [1784884251.814029339] [mujoco_policy_backend]: obstacle_init stamp=1784884251.594493697 depth=294994 robot_mask_received=True self_rm=12206 workspace=1829 table_rm=0 raw_obstacle=1829 persistent=114 voxels=114 mode=dynamic frame=11/5 bbox_min=(+0.152,+0.115,+0.058) bbox_max=(+0.172,+0.135,+0.325)
[INFO] [1784884252.034753851] [mujoco_policy_backend]: obstacle_init stamp=1784884251.829545716 depth=295266 robot_mask_received=True self_rm=11934 workspace=1832 table_rm=0 raw_obstacle=1832 persistent=107 voxels=107 mode=dynamic frame=12/5 bbox_min=(+0.152,+0.114,+0.058) bbox_max=(+0.172,+0.134,+0.320)
[INFO] [1784884252.338486235] [mujoco_policy_backend]: obstacle_init stamp=1784884252.114769255 depth=295334 robot_mask_received=True self_rm=11866 workspace=1830 table_rm=0 raw_obstacle=1830 persistent=97 voxels=97 mode=dynamic frame=13/5 bbox_min=(+0.152,+0.112,+0.056) bbox_max=(+0.171,+0.134,+0.320)
[INFO] [1784884252.518827619] [mujoco_policy_backend]: obstacle_init stamp=1784884252.294130581 depth=295545 robot_mask_received=True self_rm=11655 workspace=1824 table_rm=0 raw_obstacle=1824 persistent=93 voxels=93 mode=dynamic frame=14/5 bbox_min=(+0.153,+0.111,+0.058) bbox_max=(+0.171,+0.133,+0.320)
[INFO] [1784884252.863345060] [mujoco_policy_backend]: obstacle_init stamp=1784884252.569544436 depth=295790 robot_mask_received=True self_rm=11410 workspace=1828 table_rm=0 raw_obstacle=1828 persistent=113 voxels=113 mode=dynamic frame=15/5 bbox_min=(+0.153,+0.107,+0.057) bbox_max=(+0.171,+0.130,+0.320)
[INFO] [1784884252.887778787] [mujoco_policy_backend]: wrist_roi_diag frame=11 projected_uv=(104.7,328.1) red_uv=(47.9,271.6) offset=80.1px depth=0.098m
[INFO] [1784884253.040430738] [mujoco_policy_backend]: obstacle_init stamp=1784884252.757732346 depth=296009 robot_mask_received=True self_rm=11191 workspace=1825 table_rm=0 raw_obstacle=1825 persistent=107 voxels=107 mode=dynamic frame=16/5 bbox_min=(+0.153,+0.106,+0.058) bbox_max=(+0.171,+0.129,+0.320)
[INFO] [1784884253.212787509] [mujoco_policy_backend]: obstacle_init stamp=1784884252.985227042 depth=296198 robot_mask_received=True self_rm=11002 workspace=1820 table_rm=0 raw_obstacle=1820 persistent=111 voxels=111 mode=dynamic frame=17/5 bbox_min=(+0.153,+0.104,+0.058) bbox_max=(+0.171,+0.128,+0.320)
[INFO] [1784884253.548652576] [mujoco_policy_backend]: obstacle_init stamp=1784884253.305551176 depth=296345 robot_mask_received=True self_rm=10855 workspace=1821 table_rm=0 raw_obstacle=1821 persistent=117 voxels=117 mode=dynamic frame=18/5 bbox_min=(+0.152,+0.103,+0.057) bbox_max=(+0.171,+0.127,+0.320)
[INFO] [1784884253.708084812] [mujoco_policy_backend]: obstacle_init stamp=1784884253.486270306 depth=296417 robot_mask_received=True self_rm=10783 workspace=1809 table_rm=0 raw_obstacle=1809 persistent=123 voxels=123 mode=dynamic frame=19/5 bbox_min=(+0.152,+0.101,+0.057) bbox_max=(+0.171,+0.126,+0.320)
[INFO] [1784884254.112210460] [mujoco_policy_backend]: obstacle_init stamp=1784884253.808515402 depth=296475 robot_mask_received=True self_rm=10725 workspace=1831 table_rm=0 raw_obstacle=1831 persistent=115 voxels=115 mode=dynamic frame=20/5 bbox_min=(+0.152,+0.099,+0.056) bbox_max=(+0.172,+0.124,+0.320)
[INFO] [1784884254.211766871] [mujoco_policy_backend]: obstacle_init stamp=1784884253.985457909 depth=296511 robot_mask_received=True self_rm=10689 workspace=1821 table_rm=0 raw_obstacle=1821 persistent=104 voxels=104 mode=dynamic frame=21/5 bbox_min=(+0.152,+0.097,+0.058) bbox_max=(+0.171,+0.122,+0.320)
[INFO] [1784884254.678692499] [mujoco_policy_backend]: obstacle_init stamp=1784884254.310271100 depth=296564 robot_mask_received=True self_rm=10636 workspace=1812 table_rm=0 raw_obstacle=1812 persistent=106 voxels=106 mode=dynamic frame=22/5 bbox_min=(+0.153,+0.095,+0.058) bbox_max=(+0.171,+0.119,+0.320)
[INFO] [1784884254.709221504] [mujoco_policy_backend]: obstacle_init stamp=1784884254.497265919 depth=296582 robot_mask_received=True self_rm=10618 workspace=1808 table_rm=0 raw_obstacle=1808 persistent=115 voxels=115 mode=dynamic frame=23/5 bbox_min=(+0.153,+0.093,+0.058) bbox_max=(+0.171,+0.118,+0.320)
[INFO] [1784884255.068483158] [mujoco_policy_backend]: obstacle_init stamp=1784884254.789820391 depth=296605 robot_mask_received=True self_rm=10595 workspace=1808 table_rm=0 raw_obstacle=1808 persistent=117 voxels=117 mode=dynamic frame=24/5 bbox_min=(+0.151,+0.091,+0.058) bbox_max=(+0.197,+0.117,+0.320)
[INFO] [1784884255.255257849] [mujoco_policy_backend]: obstacle_init stamp=1784884254.963230962 depth=296585 robot_mask_received=True self_rm=10615 workspace=1809 table_rm=0 raw_obstacle=1809 persistent=125 voxels=125 mode=dynamic frame=25/5 bbox_min=(+0.150,+0.089,+0.056) bbox_max=(+0.185,+0.115,+0.320)
[INFO] [1784884255.329161070] [mujoco_policy_backend]: wrist_roi_diag frame=21 projected_uv=(44.6,128.2) red_uv=(79.8,151.6) offset=42.2px depth=0.066m
[INFO] [1784884255.422591537] [mujoco_policy_backend]: obstacle_init stamp=1784884255.197356732 depth=296561 robot_mask_received=True self_rm=10639 workspace=1809 table_rm=0 raw_obstacle=1809 persistent=123 voxels=123 mode=dynamic frame=26/5 bbox_min=(+0.148,+0.087,+0.057) bbox_max=(+0.171,+0.114,+0.320)
[INFO] [1784884255.763993601] [mujoco_policy_backend]: obstacle_init stamp=1784884255.502995965 depth=296527 robot_mask_received=True self_rm=10673 workspace=1810 table_rm=0 raw_obstacle=1810 persistent=116 voxels=116 mode=dynamic frame=27/5 bbox_min=(+0.134,+0.084,+0.057) bbox_max=(+0.171,+0.112,+0.320)
[INFO] [1784884255.998285562] [mujoco_policy_backend]: obstacle_init stamp=1784884255.674444370 depth=296462 robot_mask_received=True self_rm=10738 workspace=1810 table_rm=0 raw_obstacle=1810 persistent=93 voxels=93 mode=dynamic frame=28/5 bbox_min=(+0.153,+0.088,+0.058) bbox_max=(+0.171,+0.107,+0.320)
[INFO] [1784884256.126948524] [mujoco_policy_backend]: obstacle_init stamp=1784884255.910944108 depth=296402 robot_mask_received=True self_rm=10798 workspace=1811 table_rm=0 raw_obstacle=1811 persistent=116 voxels=116 mode=dynamic frame=29/5 bbox_min=(+0.153,+0.083,+0.058) bbox_max=(+0.171,+0.106,+0.320)
[INFO] [1784884256.457923257] [mujoco_policy_backend]: obstacle_init stamp=1784884256.208770696 depth=296325 robot_mask_received=True self_rm=10875 workspace=1815 table_rm=0 raw_obstacle=1815 persistent=110 voxels=110 mode=dynamic frame=30/5 bbox_min=(+0.153,+0.082,+0.057) bbox_max=(+0.171,+0.105,+0.320)
[INFO] [1784884256.627136071] [mujoco_policy_backend]: obstacle_init stamp=1784884256.381486416 depth=296244 robot_mask_received=True self_rm=10956 workspace=1817 table_rm=0 raw_obstacle=1817 persistent=118 voxels=118 mode=dynamic frame=31/5 bbox_min=(+0.153,+0.081,+0.056) bbox_max=(+0.171,+0.103,+0.320)
[INFO] [1784884256.818891045] [mujoco_policy_backend]: obstacle_init stamp=1784884256.646817797 depth=296146 robot_mask_received=True self_rm=11054 workspace=1820 table_rm=0 raw_obstacle=1820 persistent=119 voxels=119 mode=dynamic frame=32/5 bbox_min=(+0.152,+0.080,+0.056) bbox_max=(+0.171,+0.102,+0.320)
[INFO] [1784884257.125681474] [mujoco_policy_backend]: obstacle_init stamp=1784884256.895267641 depth=296034 robot_mask_received=True self_rm=11166 workspace=1822 table_rm=0 raw_obstacle=1822 persistent=104 voxels=104 mode=dynamic frame=33/5 bbox_min=(+0.152,+0.078,+0.056) bbox_max=(+0.171,+0.100,+0.320)
[INFO] [1784884257.307616674] [mujoco_policy_backend]: obstacle_init stamp=1784884257.068263298 depth=295929 robot_mask_received=True self_rm=11271 workspace=1825 table_rm=0 raw_obstacle=1825 persistent=98 voxels=98 mode=dynamic frame=34/5 bbox_min=(+0.153,+0.072,+0.057) bbox_max=(+0.171,+0.098,+0.320)
[INFO] [1784884257.719367546] [mujoco_policy_backend]: obstacle_init stamp=1784884257.405566703 depth=295868 robot_mask_received=True self_rm=11332 workspace=1826 table_rm=0 raw_obstacle=1826 persistent=118 voxels=118 mode=dynamic frame=35/5 bbox_min=(+0.153,+0.070,+0.055) bbox_max=(+0.171,+0.095,+0.325)
[INFO] [1784884257.723052895] [mujoco_policy_backend]: wrist_roi_diag frame=31 projected_uv=(434.9,-234.1) red_uv=(262.8,14.6) offset=302.4px depth=0.049m
[INFO] [1784884257.835026748] [mujoco_policy_backend]: obstacle_init stamp=1784884257.589154639 depth=295811 robot_mask_received=True self_rm=11389 workspace=1825 table_rm=0 raw_obstacle=1825 persistent=112 voxels=112 mode=dynamic frame=36/5 bbox_min=(+0.153,+0.070,+0.057) bbox_max=(+0.171,+0.093,+0.320)
[INFO] [1784884258.150090234] [mujoco_policy_backend]: obstacle_init stamp=1784884257.844434714 depth=295777 robot_mask_received=True self_rm=11423 workspace=1830 table_rm=0 raw_obstacle=1830 persistent=117 voxels=117 mode=dynamic frame=37/5 bbox_min=(+0.153,+0.069,+0.057) bbox_max=(+0.171,+0.092,+0.320)
[INFO] [1784884258.399408263] [mujoco_policy_backend]: obstacle_init stamp=1784884258.056300498 depth=295732 robot_mask_received=True self_rm=11468 workspace=1833 table_rm=0 raw_obstacle=1833 persistent=118 voxels=118 mode=dynamic frame=38/5 bbox_min=(+0.152,+0.068,+0.056) bbox_max=(+0.171,+0.090,+0.320)
[INFO] [1784884258.518342920] [mujoco_policy_backend]: obstacle_init stamp=1784884258.285819610 depth=295686 robot_mask_received=True self_rm=11514 workspace=1832 table_rm=0 raw_obstacle=1832 persistent=98 voxels=98 mode=dynamic frame=39/5 bbox_min=(+0.152,+0.066,+0.057) bbox_max=(+0.171,+0.088,+0.320)
[INFO] [1784884258.850764453] [mujoco_policy_backend]: obstacle_init stamp=1784884258.574128025 depth=295641 robot_mask_received=True self_rm=11559 workspace=1838 table_rm=0 raw_obstacle=1838 persistent=121 voxels=121 mode=dynamic frame=40/5 bbox_min=(+0.153,+0.060,+0.057) bbox_max=(+0.171,+0.087,+0.320)
[INFO] [1784884259.036939743] [mujoco_policy_backend]: obstacle_init stamp=1784884258.755802206 depth=295613 robot_mask_received=True self_rm=11587 workspace=1837 table_rm=0 raw_obstacle=1837 persistent=111 voxels=111 mode=dynamic frame=41/5 bbox_min=(+0.153,+0.058,+0.058) bbox_max=(+0.171,+0.083,+0.320)
[INFO] [1784884259.219788985] [mujoco_policy_backend]: obstacle_init stamp=1784884258.981992147 depth=295589 robot_mask_received=True self_rm=11611 workspace=1843 table_rm=0 raw_obstacle=1843 persistent=114 voxels=114 mode=dynamic frame=42/5 bbox_min=(+0.153,+0.057,+0.057) bbox_max=(+0.220,+0.088,+0.380)
[INFO] [1784884259.429260881] [mujoco_policy_backend]: obstacle_init stamp=1784884259.250494504 depth=295589 robot_mask_received=True self_rm=11611 workspace=2361 table_rm=0 raw_obstacle=2361 persistent=200 voxels=200 mode=dynamic frame=43/5 bbox_min=(+0.104,-0.040,+0.057) bbox_max=(+0.357,+0.087,+0.354)
[INFO] [1784884259.717407409] [mujoco_policy_backend]: obstacle_init stamp=1784884259.576924442 depth=295532 robot_mask_received=True self_rm=11668 workspace=2349 table_rm=0 raw_obstacle=2349 persistent=196 voxels=196 mode=dynamic frame=44/5 bbox_min=(+0.105,-0.040,+0.056) bbox_max=(+0.355,+0.079,+0.333)
[INFO] [1784884260.121531423] [mujoco_policy_backend]: obstacle_init stamp=1784884259.971929049 depth=295574 robot_mask_received=True self_rm=11626 workspace=1849 table_rm=0 raw_obstacle=1849 persistent=122 voxels=122 mode=dynamic frame=45/5 bbox_min=(+0.152,+0.049,+0.057) bbox_max=(+0.172,+0.078,+0.330)
[INFO] [1784884260.375733639] [mujoco_policy_backend]: wrist_roi_diag frame=41 projected_uv=(1018.5,-179.7) red_uv=not_visible depth=0.053m
[INFO] [1784884260.560289722] [mujoco_policy_backend]: obstacle_init stamp=1784884260.289548865 depth=295635 robot_mask_received=True self_rm=11565 workspace=1855 table_rm=0 raw_obstacle=1855 persistent=119 voxels=119 mode=dynamic frame=46/5 bbox_min=(+0.151,+0.047,+0.057) bbox_max=(+0.172,+0.077,+0.331)
[INFO] [1784884260.728803710] [mujoco_policy_backend]: obstacle_init stamp=1784884260.463190627 depth=295604 robot_mask_received=True self_rm=11596 workspace=1856 table_rm=0 raw_obstacle=1856 persistent=122 voxels=122 mode=dynamic frame=47/5 bbox_min=(+0.145,+0.044,+0.058) bbox_max=(+0.171,+0.076,+0.329)
[INFO] [1784884260.926970243] [mujoco_policy_backend]: obstacle_init stamp=1784884260.689680554 depth=295535 robot_mask_received=True self_rm=11665 workspace=1855 table_rm=0 raw_obstacle=1855 persistent=114 voxels=114 mode=dynamic frame=48/5 bbox_min=(+0.153,+0.050,+0.058) bbox_max=(+0.171,+0.074,+0.329)
[INFO] [1784884261.245638455] [mujoco_policy_backend]: obstacle_init stamp=1784884261.009718881 depth=295378 robot_mask_received=True self_rm=11822 workspace=1865 table_rm=0 raw_obstacle=1865 persistent=117 voxels=117 mode=dynamic frame=49/5 bbox_min=(+0.123,+0.034,+0.055) bbox_max=(+0.171,+0.073,+0.325)
[INFO] [1784884261.425568037] [mujoco_policy_backend]: obstacle_init stamp=1784884261.191575553 depth=295276 robot_mask_received=True self_rm=11924 workspace=1864 table_rm=0 raw_obstacle=1864 persistent=114 voxels=114 mode=dynamic frame=50/5 bbox_min=(+0.153,+0.047,+0.056) bbox_max=(+0.171,+0.070,+0.320)
[INFO] [1784884261.809567138] [mujoco_policy_backend]: obstacle_init stamp=1784884261.484645115 depth=295198 robot_mask_received=True self_rm=12002 workspace=1868 table_rm=0 raw_obstacle=1868 persistent=105 voxels=105 mode=dynamic frame=51/5 bbox_min=(+0.153,+0.046,+0.057) bbox_max=(+0.171,+0.069,+0.320)
[INFO] [1784884262.039957661] [mujoco_policy_backend]: obstacle_init stamp=1784884261.663380746 depth=295129 robot_mask_received=True self_rm=12071 workspace=1876 table_rm=0 raw_obstacle=1876 persistent=117 voxels=117 mode=dynamic frame=52/5 bbox_min=(+0.152,+0.045,+0.057) bbox_max=(+0.171,+0.068,+0.327)
[INFO] [1784884262.109369782] [mujoco_policy_backend]: obstacle_init stamp=1784884261.927214593 depth=295002 robot_mask_received=True self_rm=12198 workspace=1873 table_rm=0 raw_obstacle=1873 persistent=118 voxels=118 mode=dynamic frame=53/5 bbox_min=(+0.152,+0.043,+0.056) bbox_max=(+0.172,+0.067,+0.320)
[INFO] [1784884262.462841271] [mujoco_policy_backend]: obstacle_init stamp=1784884262.222844143 depth=294896 robot_mask_received=True self_rm=12304 workspace=1876 table_rm=0 raw_obstacle=1876 persistent=118 voxels=118 mode=dynamic frame=54/5 bbox_min=(+0.152,+0.044,+0.058) bbox_max=(+0.172,+0.066,+0.320)
[INFO] [1784884262.628139107] [mujoco_policy_backend]: obstacle_init stamp=1784884262.401701321 depth=294801 robot_mask_received=True self_rm=12399 workspace=1881 table_rm=0 raw_obstacle=1881 persistent=118 voxels=118 mode=dynamic frame=55/5 bbox_min=(+0.152,+0.043,+0.057) bbox_max=(+0.172,+0.066,+0.320)
[INFO] [1784884262.818639187] [mujoco_policy_backend]: wrist_roi_diag frame=51 projected_uv=(831.7,198.8) red_uv=(624.8,110.4) offset=224.9px depth=0.105m
[INFO] [1784884262.933396098] [mujoco_policy_backend]: obstacle_init stamp=1784884262.732983554 depth=294694 robot_mask_received=True self_rm=12506 workspace=1880 table_rm=0 raw_obstacle=1880 persistent=119 voxels=119 mode=dynamic frame=56/5 bbox_min=(+0.152,+0.043,+0.056) bbox_max=(+0.172,+0.065,+0.325)
[INFO] [1784884263.127447174] [mujoco_policy_backend]: obstacle_init stamp=1784884262.959032747 depth=294694 robot_mask_received=True self_rm=12506 workspace=2215 table_rm=0 raw_obstacle=2215 persistent=198 voxels=198 mode=dynamic frame=57/5 bbox_min=(+0.089,-0.080,+0.058) bbox_max=(+0.359,+0.064,+0.320)
[INFO] [1784884263.525183719] [mujoco_policy_backend]: obstacle_init stamp=1784884263.290239095 depth=294550 robot_mask_received=True self_rm=12650 workspace=1885 table_rm=0 raw_obstacle=1885 persistent=114 voxels=114 mode=dynamic frame=58/5 bbox_min=(+0.152,+0.041,+0.058) bbox_max=(+0.171,+0.063,+0.320)
[INFO] [1784884263.851248675] [mujoco_policy_backend]: obstacle_init stamp=1784884263.616546424 depth=294543 robot_mask_received=True self_rm=12657 workspace=1885 table_rm=0 raw_obstacle=1885 persistent=107 voxels=107 mode=dynamic frame=59/5 bbox_min=(+0.152,+0.040,+0.057) bbox_max=(+0.171,+0.063,+0.320)
[INFO] [1784884264.016446045] [mujoco_policy_backend]: obstacle_init stamp=1784884263.798114786 depth=294455 robot_mask_received=True self_rm=12745 workspace=1885 table_rm=0 raw_obstacle=1885 persistent=106 voxels=106 mode=dynamic frame=60/5 bbox_min=(+0.152,+0.040,+0.057) bbox_max=(+0.171,+0.063,+0.325)
[INFO] [1784884264.395359068] [mujoco_policy_backend]: obstacle_init stamp=1784884264.114521445 depth=294323 robot_mask_received=True self_rm=12877 workspace=1887 table_rm=0 raw_obstacle=1887 persistent=110 voxels=110 mode=dynamic frame=61/5 bbox_min=(+0.152,+0.040,+0.057) bbox_max=(+0.171,+0.062,+0.320)
[INFO] [1784884264.517379059] [mujoco_policy_backend]: obstacle_init stamp=1784884264.291136368 depth=294187 robot_mask_received=True self_rm=13013 workspace=1888 table_rm=0 raw_obstacle=1888 persistent=113 voxels=113 mode=dynamic frame=62/5 bbox_min=(+0.153,+0.040,+0.057) bbox_max=(+0.171,+0.063,+0.324)
[INFO] [1784884264.856212052] [mujoco_policy_backend]: obstacle_init stamp=1784884264.569629453 depth=294083 robot_mask_received=True self_rm=13117 workspace=1886 table_rm=0 raw_obstacle=1886 persistent=112 voxels=112 mode=dynamic frame=63/5 bbox_min=(+0.153,+0.039,+0.057) bbox_max=(+0.171,+0.063,+0.324)
[INFO] [1784884265.182824188] [mujoco_policy_backend]: obstacle_init stamp=1784884264.763954553 depth=294019 robot_mask_received=True self_rm=13181 workspace=1884 table_rm=0 raw_obstacle=1884 persistent=108 voxels=108 mode=dynamic frame=64/5 bbox_min=(+0.153,+0.040,+0.057) bbox_max=(+0.171,+0.063,+0.324)
[INFO] [1784884265.216191914] [mujoco_policy_backend]: obstacle_init stamp=1784884265.018236901 depth=293958 robot_mask_received=True self_rm=13242 workspace=1887 table_rm=0 raw_obstacle=1887 persistent=105 voxels=105 mode=dynamic frame=65/5 bbox_min=(+0.153,+0.040,+0.057) bbox_max=(+0.171,+0.062,+0.320)
[INFO] [1784884265.404188476] [mujoco_policy_backend]: wrist_roi_diag frame=61 projected_uv=(657.0,360.7) red_uv=(598.8,266.5) offset=110.8px depth=0.147m
[INFO] [1784884265.590721550] [mujoco_policy_backend]: obstacle_init stamp=1784884265.318706614 depth=293885 robot_mask_received=True self_rm=13315 workspace=1886 table_rm=0 raw_obstacle=1886 persistent=110 voxels=110 mode=dynamic frame=66/5 bbox_min=(+0.152,+0.040,+0.056) bbox_max=(+0.171,+0.062,+0.320)
[INFO] [1784884265.705844222] [mujoco_policy_backend]: obstacle_init stamp=1784884265.495832721 depth=293856 robot_mask_received=True self_rm=13344 workspace=1882 table_rm=0 raw_obstacle=1882 persistent=116 voxels=116 mode=dynamic frame=67/5 bbox_min=(+0.152,+0.041,+0.057) bbox_max=(+0.171,+0.064,+0.325)
[INFO] [1784884266.147186909] [mujoco_policy_backend]: obstacle_init stamp=1784884265.805081291 depth=293850 robot_mask_received=True self_rm=13350 workspace=1881 table_rm=0 raw_obstacle=1881 persistent=118 voxels=118 mode=dynamic frame=68/5 bbox_min=(+0.152,+0.041,+0.057) bbox_max=(+0.171,+0.063,+0.320)
[INFO] [1784884266.240900152] [mujoco_policy_backend]: obstacle_init stamp=1784884265.977992393 depth=293843 robot_mask_received=True self_rm=13357 workspace=1880 table_rm=0 raw_obstacle=1880 persistent=117 voxels=117 mode=dynamic frame=69/5 bbox_min=(+0.152,+0.041,+0.056) bbox_max=(+0.172,+0.063,+0.320)
[INFO] [1784884266.567565425] [mujoco_policy_backend]: obstacle_init stamp=1784884266.290239576 depth=293820 robot_mask_received=True self_rm=13380 workspace=1876 table_rm=0 raw_obstacle=1876 persistent=119 voxels=119 mode=dynamic frame=70/5 bbox_min=(+0.152,+0.042,+0.057) bbox_max=(+0.172,+0.066,+0.325)
[INFO] [1784884266.734445407] [mujoco_policy_backend]: obstacle_init stamp=1784884266.460684230 depth=293787 robot_mask_received=True self_rm=13413 workspace=1875 table_rm=0 raw_obstacle=1875 persistent=120 voxels=120 mode=dynamic frame=71/5 bbox_min=(+0.152,+0.043,+0.056) bbox_max=(+0.172,+0.066,+0.325)
[INFO] [1784884266.926933496] [mujoco_policy_backend]: obstacle_init stamp=1784884266.702034147 depth=293773 robot_mask_received=True self_rm=13427 workspace=1874 table_rm=0 raw_obstacle=1874 persistent=117 voxels=117 mode=dynamic frame=72/5 bbox_min=(+0.152,+0.043,+0.057) bbox_max=(+0.172,+0.065,+0.320)
[INFO] [1784884267.275471599] [mujoco_policy_backend]: obstacle_init stamp=1784884267.015744364 depth=293736 robot_mask_received=True self_rm=13464 workspace=1867 table_rm=0 raw_obstacle=1867 persistent=117 voxels=117 mode=dynamic frame=73/5 bbox_min=(+0.152,+0.044,+0.055) bbox_max=(+0.172,+0.068,+0.324)
[INFO] [1784884267.419127566] [mujoco_policy_backend]: obstacle_init stamp=1784884267.196882669 depth=293711 robot_mask_received=True self_rm=13489 workspace=1864 table_rm=0 raw_obstacle=1864 persistent=102 voxels=102 mode=dynamic frame=74/5 bbox_min=(+0.152,+0.045,+0.057) bbox_max=(+0.172,+0.069,+0.325)
[INFO] [1784884267.758820895] [mujoco_policy_backend]: obstacle_init stamp=1784884267.509086269 depth=293730 robot_mask_received=True self_rm=13470 workspace=1861 table_rm=0 raw_obstacle=1861 persistent=115 voxels=115 mode=dynamic frame=75/5 bbox_min=(+0.112,+0.029,+0.057) bbox_max=(+0.172,+0.069,+0.326)
[INFO] [1784884267.821911547] [mujoco_policy_backend]: wrist_roi_diag frame=71 projected_uv=(513.7,427.7) red_uv=(519.0,345.9) offset=82.1px depth=0.164m
[INFO] [1784884267.910117028] [mujoco_policy_backend]: obstacle_init stamp=1784884267.681996587 depth=293763 robot_mask_received=True self_rm=13437 workspace=1870 table_rm=0 raw_obstacle=1870 persistent=116 voxels=116 mode=dynamic frame=76/5 bbox_min=(+0.153,+0.047,+0.056) bbox_max=(+0.171,+0.073,+0.320)
[INFO] [1784884268.218522028] [mujoco_policy_backend]: obstacle_init stamp=1784884268.043599344 depth=293743 robot_mask_received=True self_rm=13457 workspace=1859 table_rm=0 raw_obstacle=1859 persistent=119 voxels=119 mode=dynamic frame=77/5 bbox_min=(+0.145,+0.043,+0.058) bbox_max=(+0.171,+0.074,+0.327)
[INFO] [1784884268.596873030] [mujoco_policy_backend]: obstacle_init stamp=1784884268.319366576 depth=293716 robot_mask_received=True self_rm=13484 workspace=1856 table_rm=0 raw_obstacle=1856 persistent=119 voxels=119 mode=dynamic frame=78/5 bbox_min=(+0.147,+0.044,+0.058) bbox_max=(+0.171,+0.075,+0.326)
[INFO] [1784884268.717410013] [mujoco_policy_backend]: obstacle_init stamp=1784884268.493515947 depth=293594 robot_mask_received=True self_rm=13606 workspace=1850 table_rm=0 raw_obstacle=1850 persistent=120 voxels=120 mode=dynamic frame=79/5 bbox_min=(+0.153,+0.049,+0.058) bbox_max=(+0.171,+0.075,+0.320)
[INFO] [1784884269.100121559] [mujoco_policy_backend]: obstacle_init stamp=1784884268.795904629 depth=293498 robot_mask_received=True self_rm=13702 workspace=1847 table_rm=0 raw_obstacle=1847 persistent=123 voxels=123 mode=dynamic frame=80/5 bbox_min=(+0.152,+0.050,+0.057) bbox_max=(+0.171,+0.075,+0.320)
[INFO] [1784884269.208630530] [mujoco_policy_backend]: obstacle_init stamp=1784884269.017932218 depth=293444 robot_mask_received=True self_rm=13756 workspace=1843 table_rm=0 raw_obstacle=1843 persistent=121 voxels=121 mode=dynamic frame=81/5 bbox_min=(+0.152,+0.053,+0.057) bbox_max=(+0.183,+0.082,+0.348)
[INFO] [1784884269.580625079] [mujoco_policy_backend]: obstacle_init stamp=1784884269.310831543 depth=293420 robot_mask_received=True self_rm=13780 workspace=1841 table_rm=0 raw_obstacle=1841 persistent=109 voxels=109 mode=dynamic frame=82/5 bbox_min=(+0.152,+0.055,+0.057) bbox_max=(+0.172,+0.077,+0.320)
[INFO] [1784884269.708523090] [mujoco_policy_backend]: obstacle_init stamp=1784884269.485090706 depth=293407 robot_mask_received=True self_rm=13793 workspace=1837 table_rm=0 raw_obstacle=1837 persistent=115 voxels=115 mode=dynamic frame=83/5 bbox_min=(+0.152,+0.057,+0.057) bbox_max=(+0.171,+0.079,+0.320)
[INFO] [1784884270.042175706] [mujoco_policy_backend]: obstacle_init stamp=1784884269.791453785 depth=293411 robot_mask_received=True self_rm=13789 workspace=1837 table_rm=0 raw_obstacle=1837 persistent=108 voxels=108 mode=dynamic frame=84/5 bbox_min=(+0.153,+0.058,+0.057) bbox_max=(+0.171,+0.081,+0.320)
[INFO] [1784884270.295101494] [mujoco_policy_backend]: obstacle_init stamp=1784884269.962700340 depth=293464 robot_mask_received=True self_rm=13736 workspace=1836 table_rm=0 raw_obstacle=1836 persistent=114 voxels=114 mode=dynamic frame=85/5 bbox_min=(+0.153,+0.062,+0.057) bbox_max=(+0.171,+0.085,+0.320)
[INFO] [1784884270.320088820] [mujoco_policy_backend]: wrist_roi_diag frame=81 projected_uv=(467.4,419.9) red_uv=(470.2,335.3) offset=84.7px depth=0.155m
[INFO] [1784884270.419839017] [mujoco_policy_backend]: obstacle_init stamp=1784884270.183779855 depth=293502 robot_mask_received=True self_rm=13698 workspace=1834 table_rm=0 raw_obstacle=1834 persistent=116 voxels=116 mode=dynamic frame=86/5 bbox_min=(+0.153,+0.063,+0.057) bbox_max=(+0.171,+0.086,+0.320)
[INFO] [1784884270.883990342] [mujoco_policy_backend]: obstacle_init stamp=1784884270.512864334 depth=293528 robot_mask_received=True self_rm=13672 workspace=1832 table_rm=0 raw_obstacle=1832 persistent=119 voxels=119 mode=dynamic frame=87/5 bbox_min=(+0.153,+0.064,+0.057) bbox_max=(+0.171,+0.087,+0.320)
[INFO] [1784884270.920824045] [mujoco_policy_backend]: obstacle_init stamp=1784884270.705509829 depth=293617 robot_mask_received=True self_rm=13583 workspace=1830 table_rm=0 raw_obstacle=1830 persistent=118 voxels=118 mode=dynamic frame=88/5 bbox_min=(+0.152,+0.066,+0.057) bbox_max=(+0.171,+0.088,+0.320)
[INFO] [1784884271.215023162] [mujoco_policy_backend]: obstacle_init stamp=1784884271.023479774 depth=293697 robot_mask_received=True self_rm=13503 workspace=1827 table_rm=0 raw_obstacle=1827 persistent=112 voxels=112 mode=dynamic frame=89/5 bbox_min=(+0.152,+0.068,+0.055) bbox_max=(+0.171,+0.093,+0.324)
[INFO] [1784884271.417022284] [mujoco_policy_backend]: obstacle_init stamp=1784884271.226587744 depth=293755 robot_mask_received=True self_rm=13445 workspace=1826 table_rm=0 raw_obstacle=1826 persistent=113 voxels=113 mode=dynamic frame=90/5 bbox_min=(+0.153,+0.069,+0.056) bbox_max=(+0.171,+0.094,+0.320)
[INFO] [1784884271.768107762] [mujoco_policy_backend]: obstacle_init stamp=1784884271.494385276 depth=293869 robot_mask_received=True self_rm=13331 workspace=1820 table_rm=0 raw_obstacle=1820 persistent=106 voxels=106 mode=dynamic frame=91/5 bbox_min=(+0.153,+0.073,+0.058) bbox_max=(+0.171,+0.097,+0.320)
[INFO] [1784884271.964735709] [mujoco_policy_backend]: obstacle_init stamp=1784884271.670124403 depth=293995 robot_mask_received=True self_rm=13205 workspace=1802 table_rm=0 raw_obstacle=1802 persistent=105 voxels=105 mode=dynamic frame=92/5 bbox_min=(+0.153,+0.075,+0.058) bbox_max=(+0.171,+0.098,+0.320)
[INFO] [1784884272.128038305] [mujoco_policy_backend]: obstacle_init stamp=1784884271.894908589 depth=294142 robot_mask_received=True self_rm=13058 workspace=1837 table_rm=0 raw_obstacle=1837 persistent=119 voxels=119 mode=dynamic frame=93/5 bbox_min=(+0.153,+0.076,+0.056) bbox_max=(+0.171,+0.099,+0.320)
[INFO] [1784884272.473949867] [mujoco_policy_backend]: obstacle_init stamp=1784884272.169735544 depth=294306 robot_mask_received=True self_rm=12894 workspace=1824 table_rm=0 raw_obstacle=1824 persistent=119 voxels=119 mode=dynamic frame=94/5 bbox_min=(+0.152,+0.078,+0.056) bbox_max=(+0.171,+0.100,+0.320)
[INFO] [1784884272.629556601] [mujoco_policy_backend]: obstacle_init stamp=1784884272.356531251 depth=294460 robot_mask_received=True self_rm=12740 workspace=1815 table_rm=0 raw_obstacle=1815 persistent=107 voxels=107 mode=dynamic frame=95/5 bbox_min=(+0.152,+0.080,+0.056) bbox_max=(+0.171,+0.102,+0.320)
[INFO] [1784884272.717195118] [mujoco_policy_backend]: wrist_roi_diag frame=91 projected_uv=(487.1,434.5) red_uv=(486.1,335.4) offset=99.1px depth=0.125m
[INFO] [1784884272.814634083] [mujoco_policy_backend]: obstacle_init stamp=1784884272.579958952 depth=294654 robot_mask_received=True self_rm=12546 workspace=1813 table_rm=0 raw_obstacle=1813 persistent=114 voxels=114 mode=dynamic frame=96/5 bbox_min=(+0.086,+0.075,+0.057) bbox_max=(+0.171,+0.106,+0.320)
[INFO] [1784884273.157491083] [mujoco_policy_backend]: obstacle_init stamp=1784884272.871986875 depth=294770 robot_mask_received=True self_rm=12430 workspace=1809 table_rm=0 raw_obstacle=1809 persistent=112 voxels=112 mode=dynamic frame=97/5 bbox_min=(+0.136,+0.083,+0.057) bbox_max=(+0.171,+0.109,+0.320)
[INFO] [1784884273.322992048] [mujoco_policy_backend]: obstacle_init stamp=1784884273.080428226 depth=294929 robot_mask_received=True self_rm=12271 workspace=1808 table_rm=0 raw_obstacle=1808 persistent=114 voxels=114 mode=dynamic frame=98/5 bbox_min=(+0.141,+0.085,+0.057) bbox_max=(+0.172,+0.110,+0.320)
[INFO] [1784884273.667654656] [mujoco_policy_backend]: obstacle_init stamp=1784884273.347096064 depth=295074 robot_mask_received=True self_rm=12126 workspace=1807 table_rm=0 raw_obstacle=1807 persistent=125 voxels=125 mode=dynamic frame=99/5 bbox_min=(+0.148,+0.087,+0.057) bbox_max=(+0.180,+0.112,+0.324)
[INFO] [1784884273.865641226] [mujoco_policy_backend]: obstacle_init stamp=1784884273.560452313 depth=295253 robot_mask_received=True self_rm=11947 workspace=1807 table_rm=0 raw_obstacle=1807 persistent=127 voxels=127 mode=dynamic frame=100/5 bbox_min=(+0.149,+0.089,+0.057) bbox_max=(+0.187,+0.113,+0.338)
[INFO] [1784884274.029283974] [mujoco_policy_backend]: obstacle_init stamp=1784884273.800503672 depth=295409 robot_mask_received=True self_rm=11791 workspace=1808 table_rm=0 raw_obstacle=1808 persistent=109 voxels=109 mode=dynamic frame=101/5 bbox_min=(+0.152,+0.091,+0.058) bbox_max=(+0.216,+0.113,+0.320)
[INFO] [1784884274.374720943] [mujoco_policy_backend]: obstacle_init stamp=1784884274.116724715 depth=295556 robot_mask_received=True self_rm=11644 workspace=1811 table_rm=0 raw_obstacle=1811 persistent=119 voxels=119 mode=dynamic frame=102/5 bbox_min=(+0.153,+0.093,+0.058) bbox_max=(+0.171,+0.115,+0.320)
[INFO] [1784884274.519139335] [mujoco_policy_backend]: obstacle_init stamp=1784884274.288139596 depth=295692 robot_mask_received=True self_rm=11508 workspace=1814 table_rm=0 raw_obstacle=1814 persistent=97 voxels=97 mode=dynamic frame=103/5 bbox_min=(+0.153,+0.096,+0.058) bbox_max=(+0.171,+0.117,+0.320)
[INFO] [1784884274.864687832] [mujoco_policy_backend]: obstacle_init stamp=1784884274.565248683 depth=295836 robot_mask_received=True self_rm=11364 workspace=1817 table_rm=0 raw_obstacle=1817 persistent=104 voxels=104 mode=dynamic frame=104/5 bbox_min=(+0.153,+0.098,+0.057) bbox_max=(+0.171,+0.121,+0.320)
[INFO] [1784884275.035327251] [mujoco_policy_backend]: obstacle_init stamp=1784884274.750802370 depth=295972 robot_mask_received=True self_rm=11228 workspace=1810 table_rm=0 raw_obstacle=1810 persistent=117 voxels=117 mode=dynamic frame=105/5 bbox_min=(+0.153,+0.099,+0.057) bbox_max=(+0.171,+0.123,+0.320)
[INFO] [1784884275.130385109] [mujoco_policy_backend]: wrist_roi_diag frame=101 projected_uv=(573.7,435.6) red_uv=(539.9,329.5) offset=111.4px depth=0.099m
[INFO] [1784884275.204591146] [mujoco_policy_backend]: obstacle_init stamp=1784884274.994797997 depth=296102 robot_mask_received=True self_rm=11098 workspace=1826 table_rm=0 raw_obstacle=1826 persistent=117 voxels=117 mode=dynamic frame=106/5 bbox_min=(+0.153,+0.101,+0.057) bbox_max=(+0.171,+0.123,+0.320)
[INFO] [1784884275.558065226] [mujoco_policy_backend]: obstacle_init stamp=1784884275.307201403 depth=296220 robot_mask_received=True self_rm=10980 workspace=1822 table_rm=0 raw_obstacle=1822 persistent=116 voxels=116 mode=dynamic frame=107/5 bbox_min=(+0.152,+0.102,+0.057) bbox_max=(+0.171,+0.124,+0.320)
[INFO] [1784884275.818904906] [mujoco_policy_backend]: obstacle_init stamp=1784884275.474609030 depth=296344 robot_mask_received=True self_rm=10856 workspace=1823 table_rm=0 raw_obstacle=1823 persistent=98 voxels=98 mode=dynamic frame=108/5 bbox_min=(+0.152,+0.104,+0.057) bbox_max=(+0.171,+0.125,+0.320)
[INFO] [1784884275.921686143] [mujoco_policy_backend]: obstacle_init stamp=1784884275.695036201 depth=296428 robot_mask_received=True self_rm=10772 workspace=1821 table_rm=0 raw_obstacle=1821 persistent=115 voxels=115 mode=dynamic frame=109/5 bbox_min=(+0.153,+0.105,+0.056) bbox_max=(+0.171,+0.129,+0.320)
[INFO] [1784884276.308257759] [mujoco_policy_backend]: obstacle_init stamp=1784884275.993285597 depth=296535 robot_mask_received=True self_rm=10665 workspace=1827 table_rm=0 raw_obstacle=1827 persistent=103 voxels=103 mode=dynamic frame=110/5 bbox_min=(+0.153,+0.106,+0.057) bbox_max=(+0.171,+0.130,+0.320)
[INFO] [1784884276.570398935] [mujoco_policy_backend]: obstacle_init stamp=1784884276.164855556 depth=296647 robot_mask_received=True self_rm=10553 workspace=1829 table_rm=0 raw_obstacle=1829 persistent=93 voxels=93 mode=dynamic frame=111/5 bbox_min=(+0.153,+0.109,+0.058) bbox_max=(+0.171,+0.132,+0.320)
[INFO] [1784884276.614679997] [mujoco_policy_backend]: obstacle_init stamp=1784884276.383895026 depth=296737 robot_mask_received=True self_rm=10463 workspace=1825 table_rm=0 raw_obstacle=1825 persistent=106 voxels=106 mode=dynamic frame=112/5 bbox_min=(+0.153,+0.110,+0.058) bbox_max=(+0.171,+0.133,+0.320)
[INFO] [1784884276.957284239] [mujoco_policy_backend]: obstacle_init stamp=1784884276.650480648 depth=296818 robot_mask_received=True self_rm=10382 workspace=1834 table_rm=0 raw_obstacle=1834 persistent=115 voxels=115 mode=dynamic frame=113/5 bbox_min=(+0.153,+0.111,+0.055) bbox_max=(+0.171,+0.133,+0.320)
[INFO] [1784884277.045018097] [mujoco_policy_backend]: obstacle_init stamp=1784884276.835726642 depth=296818 robot_mask_received=True self_rm=10382 workspace=2083 table_rm=0 raw_obstacle=2083 persistent=180 voxels=180 mode=dynamic frame=114/5 bbox_min=(+0.147,-0.006,+0.055) bbox_max=(+0.354,+0.134,+0.320)
[INFO] [1784884277.408274813] [mujoco_policy_backend]: obstacle_init stamp=1784884277.176791631 depth=296921 robot_mask_received=True self_rm=10279 workspace=1832 table_rm=0 raw_obstacle=1832 persistent=113 voxels=113 mode=dynamic frame=115/5 bbox_min=(+0.152,+0.113,+0.056) bbox_max=(+0.172,+0.135,+0.320)
[INFO] [1784884277.549514454] [mujoco_policy_backend]: wrist_roi_diag frame=111 projected_uv=(655.7,478.1) red_uv=(564.4,358.2) offset=150.7px depth=0.089m
[INFO] [1784884277.610739738] [mujoco_policy_backend]: obstacle_init stamp=1784884277.442251636 depth=296932 robot_mask_received=True self_rm=10268 workspace=1837 table_rm=0 raw_obstacle=1837 persistent=113 voxels=113 mode=dynamic frame=116/5 bbox_min=(+0.152,+0.114,+0.057) bbox_max=(+0.172,+0.136,+0.320)
[INFO] [1784884277.943797835] [mujoco_policy_backend]: obstacle_init stamp=1784884277.725173983 depth=296980 robot_mask_received=True self_rm=10220 workspace=1833 table_rm=0 raw_obstacle=1833 persistent=115 voxels=115 mode=dynamic frame=117/5 bbox_min=(+0.152,+0.115,+0.057) bbox_max=(+0.172,+0.137,+0.327)
[INFO] [1784884278.127913870] [mujoco_policy_backend]: obstacle_init stamp=1784884277.892568287 depth=296984 robot_mask_received=True self_rm=10216 workspace=1828 table_rm=0 raw_obstacle=1828 persistent=110 voxels=110 mode=dynamic frame=118/5 bbox_min=(+0.152,+0.116,+0.057) bbox_max=(+0.172,+0.138,+0.320)
[INFO] [1784884278.451042940] [mujoco_policy_backend]: obstacle_init stamp=1784884278.160379071 depth=296971 robot_mask_received=True self_rm=10229 workspace=1837 table_rm=0 raw_obstacle=1837 persistent=101 voxels=101 mode=dynamic frame=119/5 bbox_min=(+0.152,+0.117,+0.057) bbox_max=(+0.171,+0.138,+0.320)
[INFO] [1784884278.667114431] [mujoco_policy_backend]: obstacle_init stamp=1784884278.347794701 depth=297071 robot_mask_received=True self_rm=10129 workspace=1835 table_rm=0 raw_obstacle=1835 persistent=99 voxels=99 mode=dynamic frame=120/5 bbox_min=(+0.152,+0.117,+0.057) bbox_max=(+0.171,+0.139,+0.326)
[INFO] [1784884278.865121763] [mujoco_policy_backend]: obstacle_init stamp=1784884278.576423716 depth=297286 robot_mask_received=True self_rm=9914 workspace=1835 table_rm=0 raw_obstacle=1835 persistent=105 voxels=105 mode=dynamic frame=121/5 bbox_min=(+0.152,+0.118,+0.057) bbox_max=(+0.171,+0.139,+0.320)
[INFO] [1784884279.021818761] [mujoco_policy_backend]: obstacle_init stamp=1784884278.805849623 depth=297435 robot_mask_received=True self_rm=9765 workspace=1836 table_rm=0 raw_obstacle=1836 persistent=110 voxels=110 mode=dynamic frame=122/5 bbox_min=(+0.152,+0.118,+0.056) bbox_max=(+0.171,+0.140,+0.320)
[INFO] [1784884279.362776690] [mujoco_policy_backend]: obstacle_init stamp=1784884279.106563357 depth=297483 robot_mask_received=True self_rm=9717 workspace=1836 table_rm=0 raw_obstacle=1836 persistent=112 voxels=112 mode=dynamic frame=123/5 bbox_min=(+0.153,+0.118,+0.058) bbox_max=(+0.171,+0.140,+0.327)
[INFO] [1784884279.071366365] [mujoco_policy_backend]: wrist_roi_diag frame=121 projected_uv=(447.7,643.4) red_uv=(421.4,392.5) offset=252.3px depth=0.058m
[INFO] [1784884279.574593747] [mujoco_policy_backend]: obstacle_init stamp=1784884279.321427297 depth=297377 robot_mask_received=True self_rm=9823 workspace=1839 table_rm=0 raw_obstacle=1839 persistent=113 voxels=113 mode=dynamic frame=124/5 bbox_min=(+0.152,+0.118,+0.056) bbox_max=(+0.171,+0.140,+0.326)
[INFO] [1784884279.735809847] [mujoco_policy_backend]: obstacle_init stamp=1784884279.496704276 depth=297342 robot_mask_received=True self_rm=9858 workspace=1836 table_rm=0 raw_obstacle=1836 persistent=104 voxels=104 mode=dynamic frame=125/5 bbox_min=(+0.152,+0.118,+0.058) bbox_max=(+0.171,+0.139,+0.324)
[INFO] [1784884279.933389583] [mujoco_policy_backend]: obstacle_init stamp=1784884279.753419561 depth=297342 robot_mask_received=True self_rm=9858 workspace=1941 table_rm=0 raw_obstacle=1941 persistent=145 voxels=145 mode=dynamic frame=126/5 bbox_min=(+0.152,+0.009,+0.056) bbox_max=(+0.359,+0.139,+0.326)
[INFO] [1784884280.328897526] [mujoco_policy_backend]: obstacle_init stamp=1784884280.110325317 depth=297257 robot_mask_received=True self_rm=9943 workspace=1837 table_rm=0 raw_obstacle=1837 persistent=99 voxels=99 mode=dynamic frame=127/5 bbox_min=(+0.152,+0.117,+0.057) bbox_max=(+0.171,+0.139,+0.320)
[INFO] [1784884280.630610450] [mujoco_policy_backend]: obstacle_init stamp=1784884280.391005345 depth=297243 robot_mask_received=True self_rm=9957 workspace=1828 table_rm=0 raw_obstacle=1828 persistent=111 voxels=111 mode=dynamic frame=128/5 bbox_min=(+0.152,+0.118,+0.058) bbox_max=(+0.171,+0.138,+0.320)
[INFO] [1784884280.833236017] [mujoco_policy_backend]: obstacle_init stamp=1784884280.565651625 depth=297224 robot_mask_received=True self_rm=9976 workspace=1835 table_rm=0 raw_obstacle=1835 persistent=113 voxels=113 mode=dynamic frame=129/5 bbox_min=(+0.152,+0.117,+0.058) bbox_max=(+0.171,+0.138,+0.325)
[INFO] [1784884281.097286432] [mujoco_policy_backend]: obstacle_init stamp=1784884280.786954718 depth=297195 robot_mask_received=True self_rm=10005 workspace=1831 table_rm=0 raw_obstacle=1831 persistent=114 voxels=114 mode=dynamic frame=130/5 bbox_min=(+0.152,+0.116,+0.058) bbox_max=(+0.172,+0.137,+0.320)
[INFO] [1784884281.205766275] [mujoco_policy_backend]: obstacle_init stamp=1784884281.023249619 depth=297165 robot_mask_received=True self_rm=10035 workspace=1830 table_rm=0 raw_obstacle=1830 persistent=111 voxels=111 mode=dynamic frame=131/5 bbox_min=(+0.152,+0.115,+0.057) bbox_max=(+0.172,+0.136,+0.320)
[INFO] [1784884281.386010320] [mujoco_policy_backend]: wrist_roi_diag frame=131 projected_uv=(531.0,780.9) red_uv=(378.6,437.3) offset=375.9px depth=0.049m
[INFO] [1784884281.517665758] [mujoco_policy_backend]: obstacle_init stamp=1784884281.215999828 depth=297165 robot_mask_received=True self_rm=10035 workspace=1830 table_rm=0 raw_obstacle=1830 persistent=111 voxels=111 mode=dynamic frame=132/5 bbox_min=(+0.152,+0.115,+0.057) bbox_max=(+0.172,+0.136,+0.320)
[INFO] [1784884281.586900433] [mujoco_policy_backend]: replan[1] start prompt='red cube' cloud_seq_before=1
[INFO] [1784884295.822587864] [mujoco_policy_backend]: obstacle_init stamp=1784884295.664924113 depth=297144 robot_mask_received=True self_rm=10056 workspace=1828 table_rm=0 raw_obstacle=1828 persistent=111 voxels=111 mode=dynamic frame=133/5 bbox_min=(+0.152,+0.114,+0.057) bbox_max=(+0.172,+0.135,+0.320)
[INFO] [1784884296.184232978] [mujoco_policy_backend]: obstacle_init stamp=1784884295.919187806 depth=297077 robot_mask_received=True self_rm=10123 workspace=1829 table_rm=0 raw_obstacle=1829 persistent=112 voxels=112 mode=dynamic frame=134/5 bbox_min=(+0.152,+0.114,+0.058) bbox_max=(+0.172,+0.134,+0.320)
[INFO] [1784884296.339487890] [mujoco_policy_backend]: obstacle_init stamp=1784884296.090398451 depth=296984 robot_mask_received=True self_rm=10216 workspace=1826 table_rm=0 raw_obstacle=1826 persistent=99 voxels=99 mode=dynamic frame=135/5 bbox_min=(+0.152,+0.113,+0.057) bbox_max=(+0.171,+0.134,+0.320)
[INFO] [1784884296.623987071] [mujoco_policy_backend]: obstacle_init stamp=1784884296.383446067 depth=296885 robot_mask_received=True self_rm=10315 workspace=1829 table_rm=0 raw_obstacle=1829 persistent=91 voxels=91 mode=dynamic frame=136/5 bbox_min=(+0.153,+0.112,+0.057) bbox_max=(+0.171,+0.133,+0.320)
[INFO] [1784884296.850464071] [mujoco_policy_backend]: obstacle_init stamp=1784884296.560609019 depth=296784 robot_mask_received=True self_rm=10416 workspace=1825 table_rm=0 raw_obstacle=1825 persistent=107 voxels=107 mode=dynamic frame=137/5 bbox_min=(+0.153,+0.107,+0.058) bbox_max=(+0.171,+0.131,+0.320)
[INFO] [1784884297.022532296] [mujoco_policy_backend]: obstacle_init stamp=1784884296.790969138 depth=296700 robot_mask_received=True self_rm=10500 workspace=1824 table_rm=0 raw_obstacle=1824 persistent=113 voxels=113 mode=dynamic frame=138/5 bbox_min=(+0.153,+0.106,+0.055) bbox_max=(+0.171,+0.130,+0.320)
[INFO] [1784884297.371382463] [mujoco_policy_backend]: obstacle_init stamp=1784884297.110107011 depth=296628 robot_mask_received=True self_rm=10572 workspace=1819 table_rm=0 raw_obstacle=1819 persistent=106 voxels=106 mode=dynamic frame=139/5 bbox_min=(+0.153,+0.104,+0.056) bbox_max=(+0.171,+0.128,+0.320)
[INFO] [1784884297.611843741] [mujoco_policy_backend]: obstacle_init stamp=1784884297.281707332 depth=296585 robot_mask_received=True self_rm=10615 workspace=1825 table_rm=0 raw_obstacle=1825 persistent=116 voxels=116 mode=dynamic frame=140/5 bbox_min=(+0.153,+0.106,+0.056) bbox_max=(+0.171,+0.127,+0.320)
[INFO] [1784884297.670819261] [mujoco_policy_backend]: replan[2] start prompt='red cube' cloud_seq_before=2
[INFO] [1784884308.831182208] [mujoco_policy_backend]: obstacle_init stamp=1784884308.642829624 depth=296585 robot_mask_received=True self_rm=10615 workspace=1825 table_rm=0 raw_obstacle=1825 persistent=116 voxels=116 mode=dynamic frame=141/5 bbox_min=(+0.152,+0.105,+0.056) bbox_max=(+0.171,+0.127,+0.320)
[INFO] [1784884309.036661418] [mujoco_policy_backend]: obstacle_init stamp=1784884308.760073677 depth=296543 robot_mask_received=True self_rm=10657 workspace=1825 table_rm=0 raw_obstacle=1825 persistent=118 voxels=118 mode=dynamic frame=142/5 bbox_min=(+0.152,+0.104,+0.055) bbox_max=(+0.172,+0.126,+0.320)
[INFO] [1784884309.160704756] [mujoco_policy_backend]: obstacle_init stamp=1784884308.930972356 depth=296485 robot_mask_received=True self_rm=10715 workspace=1820 table_rm=0 raw_obstacle=1820 persistent=117 voxels=117 mode=dynamic frame=143/5 bbox_min=(+0.152,+0.103,+0.057) bbox_max=(+0.172,+0.125,+0.320)
[INFO] [1784884309.423002332] [mujoco_policy_backend]: obstacle_init stamp=1784884309.204694040 depth=296332 robot_mask_received=True self_rm=10868 workspace=1813 table_rm=0 raw_obstacle=1813 persistent=100 voxels=100 mode=dynamic frame=144/5 bbox_min=(+0.152,+0.102,+0.057) bbox_max=(+0.172,+0.123,+0.320)
[INFO] [1784884309.553494603] [mujoco_policy_backend]: obstacle_init stamp=1784884309.323263411 depth=296148 robot_mask_received=True self_rm=11052 workspace=1809 table_rm=0 raw_obstacle=1809 persistent=96 voxels=96 mode=dynamic frame=145/5 bbox_min=(+0.153,+0.096,+0.057) bbox_max=(+0.172,+0.120,+0.320)
[INFO] [1784884309.737556287] [mujoco_policy_backend]: obstacle_init stamp=1784884309.526221494 depth=295727 robot_mask_received=True self_rm=11473 workspace=1805 table_rm=0 raw_obstacle=1805 persistent=114 voxels=114 mode=dynamic frame=146/5 bbox_min=(+0.153,+0.095,+0.056) bbox_max=(+0.171,+0.119,+0.320)
[INFO] [1784884309.920602742] [mujoco_policy_backend]: obstacle_init stamp=1784884309.688999913 depth=295027 robot_mask_received=True self_rm=12173 workspace=1806 table_rm=0 raw_obstacle=1806 persistent=109 voxels=109 mode=dynamic frame=147/5 bbox_min=(+0.153,+0.093,+0.056) bbox_max=(+0.171,+0.118,+0.320)
[INFO] [1784884310.136963483] [mujoco_policy_backend]: obstacle_init stamp=1784884309.856640261 depth=294189 robot_mask_received=True self_rm=13011 workspace=1808 table_rm=0 raw_obstacle=1808 persistent=124 voxels=124 mode=dynamic frame=148/5 bbox_min=(+0.150,+0.090,+0.057) bbox_max=(+0.185,+0.116,+0.334)
[INFO] [1784884310.244298374] [mujoco_policy_backend]: obstacle_init stamp=1784884310.040124302 depth=294189 robot_mask_received=True self_rm=13011 workspace=3333 table_rm=0 raw_obstacle=3333 persistent=201 voxels=201 mode=dynamic frame=149/5 bbox_min=(+0.127,-0.033,+0.057) bbox_max=(+0.357,+0.115,+0.320)
[INFO] [1784884310.550469929] [mujoco_policy_backend]: obstacle_init stamp=1784884310.267435187 depth=292762 robot_mask_received=True self_rm=14438 workspace=1812 table_rm=0 raw_obstacle=1812 persistent=119 voxels=119 mode=dynamic frame=150/5 bbox_min=(+0.143,+0.086,+0.057) bbox_max=(+0.180,+0.113,+0.335)
[INFO] [1784884310.749318302] [mujoco_policy_backend]: obstacle_init stamp=1784884310.488530131 depth=292471 robot_mask_received=True self_rm=14729 workspace=1810 table_rm=0 raw_obstacle=1810 persistent=118 voxels=118 mode=dynamic frame=151/5 bbox_min=(+0.131,+0.083,+0.057) bbox_max=(+0.171,+0.111,+0.330)
[INFO] [1784884310.924298879] [mujoco_policy_backend]: obstacle_init stamp=1784884310.659632665 depth=292427 robot_mask_received=True self_rm=14773 workspace=1807 table_rm=0 raw_obstacle=1807 persistent=112 voxels=112 mode=dynamic frame=152/5 bbox_min=(+0.153,+0.083,+0.057) bbox_max=(+0.171,+0.107,+0.330)
[INFO] [1784884311.070090368] [mujoco_policy_backend]: obstacle_init stamp=1784884310.840116603 depth=292025 robot_mask_received=True self_rm=15175 workspace=1812 table_rm=0 raw_obstacle=1812 persistent=110 voxels=110 mode=dynamic frame=153/5 bbox_min=(+0.153,+0.082,+0.057) bbox_max=(+0.171,+0.106,+0.320)
[INFO] [1784884311.233575827] [mujoco_policy_backend]: obstacle_init stamp=1784884311.022998144 depth=292025 robot_mask_received=True self_rm=15175 workspace=2490 table_rm=0 raw_obstacle=2490 persistent=182 voxels=182 mode=dynamic frame=154/5 bbox_min=(+0.124,-0.037,+0.055) bbox_max=(+0.357,+0.105,+0.321)
[INFO] [1784884311.512433803] [mujoco_policy_backend]: obstacle_init stamp=1784884311.277030022 depth=291408 robot_mask_received=True self_rm=15792 workspace=1830 table_rm=0 raw_obstacle=1830 persistent=119 voxels=119 mode=dynamic frame=155/5 bbox_min=(+0.152,+0.079,+0.056) bbox_max=(+0.171,+0.103,+0.320)
[INFO] [1784884311.813874729] [mujoco_policy_backend]: obstacle_init stamp=1784884311.569229572 depth=291553 robot_mask_received=True self_rm=15647 workspace=1806 table_rm=0 raw_obstacle=1806 persistent=112 voxels=112 mode=dynamic frame=156/5 bbox_min=(+0.152,+0.078,+0.056) bbox_max=(+0.171,+0.101,+0.320)
[INFO] [1784884311.957322628] [mujoco_policy_backend]: obstacle_init stamp=1784884311.697477208 depth=291771 robot_mask_received=True self_rm=15429 workspace=1813 table_rm=0 raw_obstacle=1813 persistent=106 voxels=106 mode=dynamic frame=157/5 bbox_min=(+0.153,+0.077,+0.058) bbox_max=(+0.171,+0.099,+0.320)
[INFO] [1784884312.122321162] [mujoco_policy_backend]: obstacle_init stamp=1784884311.894441512 depth=291623 robot_mask_received=True self_rm=15577 workspace=1819 table_rm=0 raw_obstacle=1819 persistent=107 voxels=107 mode=dynamic frame=158/5 bbox_min=(+0.153,+0.071,+0.058) bbox_max=(+0.171,+0.095,+0.320)
[INFO] [1784884312.311514133] [mujoco_policy_backend]: obstacle_init stamp=1784884312.059407000 depth=291469 robot_mask_received=True self_rm=15731 workspace=1825 table_rm=0 raw_obstacle=1825 persistent=115 voxels=115 mode=dynamic frame=159/5 bbox_min=(+0.153,+0.070,+0.056) bbox_max=(+0.171,+0.094,+0.320)
[INFO] [1784884312.458843276] [mujoco_policy_backend]: obstacle_init stamp=1784884312.231256166 depth=291472 robot_mask_received=True self_rm=15728 workspace=1829 table_rm=0 raw_obstacle=1829 persistent=118 voxels=118 mode=dynamic frame=160/5 bbox_min=(+0.153,+0.070,+0.057) bbox_max=(+0.171,+0.093,+0.320)
[INFO] [1784884312.731180016] [mujoco_policy_backend]: obstacle_init stamp=1784884312.459616124 depth=291514 robot_mask_received=True self_rm=15686 workspace=1833 table_rm=0 raw_obstacle=1833 persistent=119 voxels=119 mode=dynamic frame=161/5 bbox_min=(+0.152,+0.068,+0.056) bbox_max=(+0.171,+0.091,+0.320)
[INFO] [1784884312.931433465] [mujoco_policy_backend]: obstacle_init stamp=1784884312.607319515 depth=291586 robot_mask_received=True self_rm=15614 workspace=1834 table_rm=0 raw_obstacle=1834 persistent=118 voxels=118 mode=dynamic frame=162/5 bbox_min=(+0.152,+0.067,+0.056) bbox_max=(+0.171,+0.089,+0.320)
[INFO] [1784884313.105379226] [mujoco_policy_backend]: obstacle_init stamp=1784884312.800840787 depth=291667 robot_mask_received=True self_rm=15533 workspace=1835 table_rm=0 raw_obstacle=1835 persistent=111 voxels=111 mode=dynamic frame=163/5 bbox_min=(+0.152,+0.065,+0.056) bbox_max=(+0.171,+0.088,+0.320)
[INFO] [1784884313.235720894] [mujoco_policy_backend]: obstacle_init stamp=1784884312.983315271 depth=291767 robot_mask_received=True self_rm=15433 workspace=1836 table_rm=0 raw_obstacle=1836 persistent=110 voxels=110 mode=dynamic frame=164/5 bbox_min=(+0.153,+0.059,+0.057) bbox_max=(+0.171,+0.086,+0.320)
[INFO] [1784884313.359048201] [mujoco_policy_backend]: obstacle_init stamp=1784884313.155271904 depth=291767 robot_mask_received=True self_rm=15433 workspace=1975 table_rm=0 raw_obstacle=1975 persistent=157 voxels=157 mode=dynamic frame=165/5 bbox_min=(+0.114,-0.068,+0.056) bbox_max=(+0.359,+0.083,+0.320)
[INFO] [1784884313.610879452] [mujoco_policy_backend]: obstacle_init stamp=1784884313.433577306 depth=291961 robot_mask_received=True self_rm=15239 workspace=1841 table_rm=0 raw_obstacle=1841 persistent=106 voxels=106 mode=dynamic frame=166/5 bbox_min=(+0.153,+0.054,+0.057) bbox_max=(+0.191,+0.084,+0.366)
[INFO] [1784884313.941296300] [mujoco_policy_backend]: obstacle_init stamp=1784884313.705559554 depth=292104 robot_mask_received=True self_rm=15096 workspace=1846 table_rm=0 raw_obstacle=1846 persistent=122 voxels=122 mode=dynamic frame=167/5 bbox_min=(+0.153,+0.053,+0.056) bbox_max=(+0.180,+0.085,+0.335)
[INFO] [1784884314.039114905] [mujoco_policy_backend]: obstacle_init stamp=1784884313.828785865 depth=292130 robot_mask_received=True self_rm=15070 workspace=1842 table_rm=0 raw_obstacle=1842 persistent=123 voxels=123 mode=dynamic frame=168/5 bbox_min=(+0.152,+0.050,+0.055) bbox_max=(+0.172,+0.079,+0.320)
[INFO] [1784884314.350333235] [mujoco_policy_backend]: obstacle_init stamp=1784884314.061498397 depth=292024 robot_mask_received=True self_rm=15176 workspace=1851 table_rm=0 raw_obstacle=1851 persistent=124 voxels=124 mode=dynamic frame=169/5 bbox_min=(+0.152,+0.049,+0.056) bbox_max=(+0.172,+0.077,+0.320)
[INFO] [1784884314.484412426] [mujoco_policy_backend]: obstacle_init stamp=1784884314.205995240 depth=291885 robot_mask_received=True self_rm=15315 workspace=1856 table_rm=0 raw_obstacle=1856 persistent=116 voxels=116 mode=dynamic frame=170/5 bbox_min=(+0.148,+0.046,+0.057) bbox_max=(+0.172,+0.076,+0.326)
[INFO] [1784884314.648475446] [mujoco_policy_backend]: obstacle_init stamp=1784884314.414330292 depth=291736 robot_mask_received=True self_rm=15464 workspace=1857 table_rm=0 raw_obstacle=1857 persistent=119 voxels=119 mode=dynamic frame=171/5 bbox_min=(+0.143,+0.043,+0.057) bbox_max=(+0.171,+0.075,+0.327)
[INFO] [1784884314.835116052] [mujoco_policy_backend]: obstacle_init stamp=1784884314.587950510 depth=291499 robot_mask_received=True self_rm=15701 workspace=1852 table_rm=0 raw_obstacle=1852 persistent=105 voxels=105 mode=dynamic frame=172/5 bbox_min=(+0.153,+0.048,+0.057) bbox_max=(+0.171,+0.074,+0.320)
[INFO] [1784884315.049911276] [mujoco_policy_backend]: obstacle_init stamp=1784884314.759013903 depth=291234 robot_mask_received=True self_rm=15966 workspace=1866 table_rm=0 raw_obstacle=1866 persistent=116 voxels=116 mode=dynamic frame=173/5 bbox_min=(+0.107,+0.027,+0.058) bbox_max=(+0.171,+0.071,+0.320)
[INFO] [1784884315.150080568] [mujoco_policy_backend]: obstacle_init stamp=1784884314.934663659 depth=291047 robot_mask_received=True self_rm=16153 workspace=1863 table_rm=0 raw_obstacle=1863 persistent=105 voxels=105 mode=dynamic frame=174/5 bbox_min=(+0.153,+0.046,+0.058) bbox_max=(+0.171,+0.070,+0.327)
[INFO] [1784884315.432696028] [mujoco_policy_backend]: obstacle_init stamp=1784884315.181132093 depth=290969 robot_mask_received=True self_rm=16231 workspace=1873 table_rm=0 raw_obstacle=1873 persistent=114 voxels=114 mode=dynamic frame=175/5 bbox_min=(+0.153,+0.045,+0.058) bbox_max=(+0.171,+0.069,+0.327)
[INFO] [1784884315.675099800] [mujoco_policy_backend]: obstacle_init stamp=1784884315.324848704 depth=290877 robot_mask_received=True self_rm=16323 workspace=1872 table_rm=0 raw_obstacle=1872 persistent=117 voxels=117 mode=dynamic frame=176/5 bbox_min=(+0.152,+0.045,+0.057) bbox_max=(+0.171,+0.068,+0.326)
[INFO] [1784884315.815014562] [mujoco_policy_backend]: obstacle_init stamp=1784884315.520029812 depth=290818 robot_mask_received=True self_rm=16382 workspace=1874 table_rm=0 raw_obstacle=1874 persistent=118 voxels=118 mode=dynamic frame=177/5 bbox_min=(+0.152,+0.044,+0.055) bbox_max=(+0.172,+0.067,+0.320)
[INFO] [1784884315.966337945] [mujoco_policy_backend]: obstacle_init stamp=1784884315.716585549 depth=290768 robot_mask_received=True self_rm=16432 workspace=1877 table_rm=0 raw_obstacle=1877 persistent=119 voxels=119 mode=dynamic frame=178/5 bbox_min=(+0.152,+0.043,+0.057) bbox_max=(+0.172,+0.066,+0.324)
[INFO] [1784884316.176442455] [mujoco_policy_backend]: obstacle_init stamp=1784884315.921963292 depth=290719 robot_mask_received=True self_rm=16481 workspace=1880 table_rm=0 raw_obstacle=1880 persistent=117 voxels=117 mode=dynamic frame=179/5 bbox_min=(+0.152,+0.041,+0.056) bbox_max=(+0.172,+0.065,+0.320)
[INFO] [1784884316.341090681] [mujoco_policy_backend]: obstacle_init stamp=1784884316.085473063 depth=290685 robot_mask_received=True self_rm=16515 workspace=1886 table_rm=0 raw_obstacle=1886 persistent=118 voxels=118 mode=dynamic frame=180/5 bbox_min=(+0.152,+0.042,+0.057) bbox_max=(+0.172,+0.064,+0.320)
[INFO] [1784884316.541198366] [mujoco_policy_backend]: obstacle_init stamp=1784884316.257234300 depth=290625 robot_mask_received=True self_rm=16575 workspace=1882 table_rm=0 raw_obstacle=1882 persistent=118 voxels=118 mode=dynamic frame=181/5 bbox_min=(+0.152,+0.042,+0.057) bbox_max=(+0.172,+0.064,+0.324)
[INFO] [1784884316.642749540] [mujoco_policy_backend]: obstacle_init stamp=1784884316.439505147 depth=290625 robot_mask_received=True self_rm=16575 workspace=2079 table_rm=0 raw_obstacle=2079 persistent=169 voxels=169 mode=dynamic frame=182/5 bbox_min=(+0.091,-0.078,+0.057) bbox_max=(+0.354,+0.063,+0.320)
[INFO] [1784884316.919246164] [mujoco_policy_backend]: obstacle_init stamp=1784884316.644288841 depth=290570 robot_mask_received=True self_rm=16630 workspace=1887 table_rm=0 raw_obstacle=1887 persistent=105 voxels=105 mode=dynamic frame=183/5 bbox_min=(+0.152,+0.040,+0.056) bbox_max=(+0.171,+0.063,+0.320)
[INFO] [1784884317.159982429] [mujoco_policy_backend]: obstacle_init stamp=1784884316.948457779 depth=290652 robot_mask_received=True self_rm=16548 workspace=1885 table_rm=0 raw_obstacle=1885 persistent=108 voxels=108 mode=dynamic frame=184/5 bbox_min=(+0.152,+0.040,+0.056) bbox_max=(+0.171,+0.063,+0.325)
[INFO] [1784884317.321993485] [mujoco_policy_backend]: obstacle_init stamp=1784884317.094866402 depth=290777 robot_mask_received=True self_rm=16423 workspace=1885 table_rm=0 raw_obstacle=1885 persistent=112 voxels=112 mode=dynamic frame=185/5 bbox_min=(+0.153,+0.039,+0.057) bbox_max=(+0.171,+0.063,+0.325)
[INFO] [1784884317.532087941] [mujoco_policy_backend]: obstacle_init stamp=1784884317.262383789 depth=290776 robot_mask_received=True self_rm=16424 workspace=1888 table_rm=0 raw_obstacle=1888 persistent=112 voxels=112 mode=dynamic frame=186/5 bbox_min=(+0.153,+0.039,+0.057) bbox_max=(+0.171,+0.062,+0.320)
[INFO] [1784884317.645789161] [mujoco_policy_backend]: obstacle_init stamp=1784884317.433776688 depth=290776 robot_mask_received=True self_rm=16424 workspace=2101 table_rm=0 raw_obstacle=2101 persistent=162 voxels=162 mode=dynamic frame=187/5 bbox_min=(+0.025,-0.079,+0.057) bbox_max=(+0.357,+0.062,+0.320)
[INFO] [1784884317.923234204] [mujoco_policy_backend]: obstacle_init stamp=1784884317.653448417 depth=290681 robot_mask_received=True self_rm=16519 workspace=1887 table_rm=0 raw_obstacle=1887 persistent=106 voxels=106 mode=dynamic frame=188/5 bbox_min=(+0.153,+0.040,+0.057) bbox_max=(+0.171,+0.063,+0.324)
[INFO] [1784884318.408533170] [mujoco_policy_backend]: obstacle_init stamp=1784884318.151113609 depth=290673 robot_mask_received=True self_rm=16527 workspace=1886 table_rm=0 raw_obstacle=1886 persistent=106 voxels=106 mode=dynamic frame=189/5 bbox_min=(+0.153,+0.040,+0.056) bbox_max=(+0.171,+0.062,+0.320)
[INFO] [1784884318.528696801] [mujoco_policy_backend]: obstacle_init stamp=1784884318.271844571 depth=290724 robot_mask_received=True self_rm=16476 workspace=1886 table_rm=0 raw_obstacle=1886 persistent=114 voxels=114 mode=dynamic frame=190/5 bbox_min=(+0.152,+0.040,+0.057) bbox_max=(+0.171,+0.062,+0.320)
[INFO] [1784884318.745983556] [mujoco_policy_backend]: obstacle_init stamp=1784884318.449710069 depth=290689 robot_mask_received=True self_rm=16511 workspace=1885 table_rm=0 raw_obstacle=1885 persistent=118 voxels=118 mode=dynamic frame=191/5 bbox_min=(+0.152,+0.041,+0.057) bbox_max=(+0.171,+0.062,+0.320)
[INFO] [1784884318.834775598] [mujoco_policy_backend]: obstacle_init stamp=1784884318.636642749 depth=290664 robot_mask_received=True self_rm=16536 workspace=1882 table_rm=0 raw_obstacle=1882 persistent=118 voxels=118 mode=dynamic frame=192/5 bbox_min=(+0.152,+0.041,+0.057) bbox_max=(+0.171,+0.063,+0.320)
[INFO] [1784884319.127617084] [mujoco_policy_backend]: obstacle_init stamp=1784884318.861979411 depth=290668 robot_mask_received=True self_rm=16532 workspace=1876 table_rm=0 raw_obstacle=1876 persistent=116 voxels=116 mode=dynamic frame=193/5 bbox_min=(+0.152,+0.042,+0.058) bbox_max=(+0.172,+0.063,+0.320)
[INFO] [1784884319.236380858] [mujoco_policy_backend]: obstacle_init stamp=1784884319.006293418 depth=290701 robot_mask_received=True self_rm=16499 workspace=1878 table_rm=0 raw_obstacle=1878 persistent=119 voxels=119 mode=dynamic frame=194/5 bbox_min=(+0.152,+0.042,+0.057) bbox_max=(+0.172,+0.064,+0.320)
[INFO] [1784884319.498133497] [mujoco_policy_backend]: obstacle_init stamp=1784884319.206883305 depth=290713 robot_mask_received=True self_rm=16487 workspace=1872 table_rm=0 raw_obstacle=1872 persistent=118 voxels=118 mode=dynamic frame=195/5 bbox_min=(+0.152,+0.042,+0.057) bbox_max=(+0.172,+0.065,+0.320)
[INFO] [1784884319.698383222] [mujoco_policy_backend]: obstacle_init stamp=1784884319.378013571 depth=290758 robot_mask_received=True self_rm=16442 workspace=1868 table_rm=0 raw_obstacle=1868 persistent=116 voxels=116 mode=dynamic frame=196/5 bbox_min=(+0.152,+0.043,+0.058) bbox_max=(+0.172,+0.066,+0.320)
[INFO] [1784884319.852125849] [mujoco_policy_backend]: obstacle_init stamp=1784884319.571453378 depth=290796 robot_mask_received=True self_rm=16404 workspace=1868 table_rm=0 raw_obstacle=1868 persistent=109 voxels=109 mode=dynamic frame=197/5 bbox_min=(+0.152,+0.044,+0.058) bbox_max=(+0.172,+0.066,+0.320)
[INFO] [1784884319.955414841] [mujoco_policy_backend]: obstacle_init stamp=1784884319.743148603 depth=290796 robot_mask_received=True self_rm=16404 workspace=2008 table_rm=0 raw_obstacle=2008 persistent=166 voxels=166 mode=dynamic frame=198/5 bbox_min=(+0.030,-0.077,+0.057) bbox_max=(+0.358,+0.067,+0.320)
[INFO] [1784884320.803780269] [mujoco_policy_backend]: obstacle_init stamp=1784884320.603955814 depth=290866 robot_mask_received=True self_rm=16334 workspace=1867 table_rm=0 raw_obstacle=1867 persistent=115 voxels=115 mode=dynamic frame=199/5 bbox_min=(+0.118,+0.032,+0.057) bbox_max=(+0.172,+0.071,+0.324)
[INFO] [1784884321.334058219] [mujoco_policy_backend]: obstacle_init stamp=1784884321.104609816 depth=290556 robot_mask_received=True self_rm=16644 workspace=1855 table_rm=0 raw_obstacle=1855 persistent=114 voxels=114 mode=dynamic frame=200/5 bbox_min=(+0.136,+0.039,+0.055) bbox_max=(+0.172,+0.073,+0.327)
[INFO] [1784884321.531913368] [mujoco_policy_backend]: obstacle_init stamp=1784884321.268406231 depth=289968 robot_mask_received=True self_rm=17232 workspace=1854 table_rm=0 raw_obstacle=1854 persistent=121 voxels=121 mode=dynamic frame=201/5 bbox_min=(+0.146,+0.044,+0.055) bbox_max=(+0.171,+0.075,+0.326)
[INFO] [1784884321.664490333] [mujoco_policy_backend]: obstacle_init stamp=1784884321.438397818 depth=289462 robot_mask_received=True self_rm=17738 workspace=1855 table_rm=0 raw_obstacle=1855 persistent=115 voxels=115 mode=dynamic frame=202/5 bbox_min=(+0.146,+0.045,+0.057) bbox_max=(+0.171,+0.076,+0.328)
[INFO] [1784884321.926553045] [mujoco_policy_backend]: obstacle_init stamp=1784884321.674075319 depth=289309 robot_mask_received=True self_rm=17891 workspace=1850 table_rm=0 raw_obstacle=1850 persistent=124 voxels=124 mode=dynamic frame=203/5 bbox_min=(+0.153,+0.049,+0.055) bbox_max=(+0.171,+0.075,+0.328)
[INFO] [1784884322.041500330] [mujoco_policy_backend]: obstacle_init stamp=1784884321.817767769 depth=289336 robot_mask_received=True self_rm=17864 workspace=1845 table_rm=0 raw_obstacle=1845 persistent=121 voxels=121 mode=dynamic frame=204/5 bbox_min=(+0.152,+0.052,+0.057) bbox_max=(+0.172,+0.079,+0.341)
[INFO] [1784884322.309728720] [mujoco_policy_backend]: obstacle_init stamp=1784884322.069886694 depth=289433 robot_mask_received=True self_rm=17767 workspace=1846 table_rm=0 raw_obstacle=1846 persistent=118 voxels=118 mode=dynamic frame=205/5 bbox_min=(+0.152,+0.055,+0.057) bbox_max=(+0.173,+0.080,+0.339)
[INFO] [1784884322.517921272] [mujoco_policy_backend]: obstacle_init stamp=1784884322.210230519 depth=289603 robot_mask_received=True self_rm=17597 workspace=1838 table_rm=0 raw_obstacle=1838 persistent=105 voxels=105 mode=dynamic frame=206/5 bbox_min=(+0.152,+0.056,+0.057) bbox_max=(+0.195,+0.085,+0.366)
[INFO] [1784884322.708502038] [mujoco_policy_backend]: obstacle_init stamp=1784884322.392946564 depth=289809 robot_mask_received=True self_rm=17391 workspace=1835 table_rm=0 raw_obstacle=1835 persistent=112 voxels=112 mode=dynamic frame=207/5 bbox_min=(+0.152,+0.057,+0.058) bbox_max=(+0.172,+0.079,+0.320)
[INFO] [1784884322.824014154] [mujoco_policy_backend]: obstacle_init stamp=1784884322.605278401 depth=289985 robot_mask_received=True self_rm=17215 workspace=1830 table_rm=0 raw_obstacle=1830 persistent=110 voxels=110 mode=dynamic frame=208/5 bbox_min=(+0.153,+0.061,+0.055) bbox_max=(+0.171,+0.085,+0.320)
[INFO] [1784884323.026079134] [mujoco_policy_backend]: obstacle_init stamp=1784884322.775274622 depth=290153 robot_mask_received=True self_rm=17047 workspace=1829 table_rm=0 raw_obstacle=1829 persistent=103 voxels=103 mode=dynamic frame=209/5 bbox_min=(+0.153,+0.062,+0.058) bbox_max=(+0.171,+0.086,+0.320)
[INFO] [1784884323.231751133] [mujoco_policy_backend]: obstacle_init stamp=1784884322.940595874 depth=290153 robot_mask_received=True self_rm=17047 workspace=2427 table_rm=0 raw_obstacle=2427 persistent=190 voxels=190 mode=dynamic frame=210/5 bbox_min=(+0.104,-0.076,+0.058) bbox_max=(+0.359,+0.086,+0.320)
[INFO] [1784884323.312563289] [mujoco_policy_backend]: obstacle_init stamp=1784884323.117872286 depth=290391 robot_mask_received=True self_rm=16809 workspace=1827 table_rm=0 raw_obstacle=1827 persistent=117 voxels=117 mode=dynamic frame=211/5 bbox_min=(+0.153,+0.065,+0.057) bbox_max=(+0.171,+0.088,+0.320)
[INFO] [1784884323.844817033] [mujoco_policy_backend]: obstacle_init stamp=1784884323.618034913 depth=290491 robot_mask_received=True self_rm=16709 workspace=1825 table_rm=0 raw_obstacle=1825 persistent=110 voxels=110 mode=dynamic frame=212/5 bbox_min=(+0.152,+0.067,+0.057) bbox_max=(+0.171,+0.089,+0.320)
[INFO] [1784884323.948149809] [mujoco_policy_backend]: obstacle_init stamp=1784884323.734359875 depth=290588 robot_mask_received=True self_rm=16612 workspace=1824 table_rm=0 raw_obstacle=1824 persistent=116 voxels=116 mode=dynamic frame=213/5 bbox_min=(+0.152,+0.068,+0.057) bbox_max=(+0.171,+0.090,+0.320)
[INFO] [1784884324.209388815] [mujoco_policy_backend]: obstacle_init stamp=1784884323.919783603 depth=290655 robot_mask_received=True self_rm=16545 workspace=1823 table_rm=0 raw_obstacle=1823 persistent=104 voxels=104 mode=dynamic frame=214/5 bbox_min=(+0.153,+0.070,+0.057) bbox_max=(+0.171,+0.096,+0.325)
[INFO] [1784884324.311126494] [mujoco_policy_backend]: obstacle_init stamp=1784884324.083863644 depth=290755 robot_mask_received=True self_rm=16445 workspace=1822 table_rm=0 raw_obstacle=1822 persistent=107 voxels=107 mode=dynamic frame=215/5 bbox_min=(+0.153,+0.073,+0.056) bbox_max=(+0.171,+0.098,+0.325)
[INFO] [1784884324.607811355] [mujoco_policy_backend]: obstacle_init stamp=1784884324.376523695 depth=296770 robot_mask_received=True self_rm=10430 workspace=1817 table_rm=0 raw_obstacle=1817 persistent=118 voxels=118 mode=dynamic frame=216/5 bbox_min=(+0.153,+0.076,+0.057) bbox_max=(+0.171,+0.099,+0.320)
[INFO] [1784884324.812067681] [mujoco_policy_backend]: obstacle_init stamp=1784884324.528624975 depth=296770 robot_mask_received=True self_rm=10430 workspace=1817 table_rm=0 raw_obstacle=1817 persistent=118 voxels=118 mode=dynamic frame=217/5 bbox_min=(+0.153,+0.078,+0.057) bbox_max=(+0.171,+0.100,+0.320)
[INFO] [1784884325.011613337] [mujoco_policy_backend]: obstacle_init stamp=1784884324.717499141 depth=296770 robot_mask_received=True self_rm=10430 workspace=1817 table_rm=0 raw_obstacle=1817 persistent=118 voxels=118 mode=dynamic frame=218/5 bbox_min=(+0.152,+0.078,+0.056) bbox_max=(+0.172,+0.100,+0.320)
[INFO] [1784884325.202650690] [mujoco_policy_backend]: obstacle_init stamp=1784884324.906056594 depth=296769 robot_mask_received=True self_rm=10431 workspace=1817 table_rm=0 raw_obstacle=1817 persistent=118 voxels=118 mode=dynamic frame=219/5 bbox_min=(+0.152,+0.079,+0.056) bbox_max=(+0.172,+0.101,+0.320)
[INFO] [1784884325.425634890] [mujoco_policy_backend]: obstacle_init stamp=1784884325.093487161 depth=296769 robot_mask_received=True self_rm=10431 workspace=1817 table_rm=0 raw_obstacle=1817 persistent=118 voxels=118 mode=dynamic frame=220/5 bbox_min=(+0.152,+0.079,+0.056) bbox_max=(+0.172,+0.101,+0.320)
