[INFO] [1785145465.283624503] [mujoco_policy_backend]: MuJoCo policy backend ready: action=execute_planned_grasp
[INFO] [1785145467.506473783] [mujoco_policy_backend]: obstacle_init stamp=1785145467.085943794 depth=296774 robot_mask_received=True self_rm=10426 workspace=0 table_rm=0 raw_obstacle=0 persistent=0 voxels=0 mode=dynamic frame=1/5 bbox=empty
[INFO] [1785145467.603151018] [mujoco_policy_backend]: obstacle_init stamp=1785145467.239347124 depth=296774 robot_mask_received=True self_rm=10426 workspace=0 table_rm=0 raw_obstacle=0 persistent=0 voxels=0 mode=dynamic frame=2/5 bbox=empty
[INFO] [1785145467.724182000] [mujoco_policy_backend]: obstacle_init stamp=1785145467.381463633 depth=296774 robot_mask_received=True self_rm=10426 workspace=0 table_rm=0 raw_obstacle=0 persistent=0 voxels=0 mode=dynamic frame=3/5 bbox=empty
[INFO] [1785145467.885916022] [mujoco_policy_backend]: obstacle_init stamp=1785145467.557412159 depth=296774 robot_mask_received=True self_rm=10426 workspace=0 table_rm=0 raw_obstacle=0 persistent=0 voxels=0 mode=dynamic frame=4/5 bbox=empty
[INFO] [1785145468.091233247] [mujoco_policy_backend]: obstacle_init stamp=1785145467.799098767 depth=296774 robot_mask_received=True self_rm=10426 workspace=0 table_rm=0 raw_obstacle=0 persistent=0 voxels=0 mode=dynamic frame=5/5 bbox=empty
[INFO] [1785145476.699996281] [mujoco_policy_backend]: planned grasp pose conversion: source=sim_mjcf raw_pregrasp[frame=scene_depth_optical pos=(+0.076,+0.035,+0.516) quat=(+0.513,+0.135,-0.082,+0.844)] raw_grasp[frame=scene_depth_optical pos=(+0.086,+0.016,+0.582) quat=(+0.513,+0.135,-0.082,+0.844)] base_pregrasp[frame=base pos=(+0.396,+0.065,+0.104) quat=(+0.135,-0.513,+0.844,+0.082)] base_grasp[frame=base pos=(+0.406,+0.084,+0.038) quat=(+0.135,-0.513,+0.844,+0.082)] tracking_reference[frame=base pos=(+0.420,+0.080,+0.036) quat=(+0.000,+1.000,+0.000,+0.000)] width=64.9mm target=cube@0.42,0.08,0.021 traj_log=/home/sophie/isaac_lab/isaac_ws/rl_code/soarm100sim/logs/ros2_mujoco_grasp.jsonl
[INFO] [1785145477.884755017] [mujoco_policy_backend]: wrist_roi_diag frame=1 projected_uv=(-2798.8,-889.6) red_uv=not_visible depth=0.027m
[INFO] [1785145478.583983934] [mujoco_policy_backend]: wrist_roi_diag frame=11 projected_uv=(181.8,322.8) red_uv=(81.1,262.1) offset=117.6px depth=0.118m
[INFO] [1785145479.190684592] [mujoco_policy_backend]: wrist_roi_diag frame=21 projected_uv=(116.6,221.9) red_uv=(76.7,166.6) offset=68.2px depth=0.088m
[INFO] [1785145479.813099314] [mujoco_policy_backend]: wrist_roi_diag frame=31 projected_uv=(251.8,-68.5) red_uv=(193.9,10.1) offset=97.6px depth=0.060m
[INFO] [1785145480.423974536] [mujoco_policy_backend]: wrist_roi_diag frame=41 projected_uv=(316.2,314.1) red_uv=(365.4,181.9) offset=141.1px depth=0.071m
[INFO] [1785145481.031918738] [mujoco_policy_backend]: wrist_roi_diag frame=51 projected_uv=(563.6,282.8) red_uv=(531.6,169.1) offset=118.2px depth=0.047m
[INFO] [1785145481.788201671] [mujoco_policy_backend]: obstacle_init stamp=1785145481.521338954 depth=297700 robot_mask_received=True self_rm=9500 workspace=0 table_rm=0 raw_obstacle=0 persistent=0 voxels=0 mode=dynamic frame=6/5 bbox=empty
[INFO] [1785145481.857893521] [mujoco_policy_backend]: replan[1] start prompt='red cube' cloud_seq_before=1
[INFO] [1785145488.145682425] [mujoco_policy_backend]: wrist_roi_diag frame=61 projected_uv=(762.7,304.0) red_uv=(605.9,221.1) offset=177.4px depth=0.052m
[INFO] [1785145488.791283386] [mujoco_policy_backend]: obstacle_init stamp=1785145488.512456301 depth=296960 robot_mask_received=True self_rm=10240 workspace=0 table_rm=0 raw_obstacle=0 persistent=0 voxels=0 mode=dynamic frame=7/5 bbox=empty
[INFO] [1785145488.848156899] [mujoco_policy_backend]: replan[2] start prompt='red cube' cloud_seq_before=2
[INFO] [1785145494.557150037] [mujoco_policy_backend]: replan[2] replan_ok points=167 candidates=10 score=0.029 elapsed=5.71s raw_grasp[frame=scene_depth_optical pos=(+0.086,+0.011,+0.591) quat=(+0.607,-0.195,+0.143,-0.757)] base_grasp[frame=base pos=(+0.406,+0.089,+0.029) quat=(+0.195,+0.607,+0.757,+0.143)]
[INFO] [1785145494.748674793] [mujoco_policy_backend]: wrist_roi_diag frame=71 projected_uv=(555.1,390.9) red_uv=(574.1,330.1) offset=63.6px depth=0.088m
[INFO] [1785145495.346861763] [mujoco_policy_backend]: wrist_roi_diag frame=81 projected_uv=(516.7,441.5) red_uv=(544.8,338.8) offset=106.5px depth=0.075m
[INFO] [1785145495.941329656] [mujoco_policy_backend]: wrist_roi_diag frame=91 projected_uv=(538.5,462.5) red_uv=(547.3,340.5) offset=122.3px depth=0.073m
[INFO] [1785145496.540771284] [mujoco_policy_backend]: wrist_roi_diag frame=101 projected_uv=(549.0,474.4) red_uv=(541.8,330.8) offset=143.8px depth=0.070m
[INFO] [1785145497.135181442] [mujoco_policy_backend]: wrist_roi_diag frame=111 projected_uv=(522.5,500.7) red_uv=(505.0,319.7) offset=181.9px depth=0.062m
[INFO] [1785145497.681342362] [mujoco_policy_backend]: obstacle_init stamp=1785145497.442316813 depth=297386 robot_mask_received=True self_rm=9814 workspace=0 table_rm=0 raw_obstacle=0 persistent=0 voxels=0 mode=dynamic frame=8/5 bbox=empty
[INFO] [1785145497.779939379] [mujoco_policy_backend]: replan[3] start prompt='red cube' cloud_seq_before=3
[INFO] [1785145518.164144072] [mujoco_policy_backend]: obstacle_init stamp=1785145517.869566079 depth=296774 robot_mask_received=True self_rm=10426 workspace=0 table_rm=0 raw_obstacle=0 persistent=0 voxels=0 mode=dynamic frame=9/5 bbox=empty
[INFO] [1785145518.283868547] [mujoco_policy_backend]: obstacle_init stamp=1785145518.013313922 depth=296774 robot_mask_received=True self_rm=10426 workspace=0 table_rm=0 raw_obstacle=0 persistent=0 voxels=0 mode=dynamic frame=10/5 bbox=empty
[INFO] [1785145518.468464902] [mujoco_policy_backend]: obstacle_init stamp=1785145518.153857367 depth=296774 robot_mask_received=True self_rm=10426 workspace=0 table_rm=0 raw_obstacle=0 persistent=0 voxels=0 mode=dynamic frame=11/5 bbox=empty
[INFO] [1785145518.666204470] [mujoco_policy_backend]: obstacle_init stamp=1785145518.387653337 depth=296773 robot_mask_received=True self_rm=10427 workspace=0 table_rm=0 raw_obstacle=0 persistent=0 voxels=0 mode=dynamic frame=12/5 bbox=empty
[INFO] [1785145518.897792193] [mujoco_policy_backend]: obstacle_init stamp=1785145518.574918195 depth=296773 robot_mask_received=True self_rm=10427 workspace=0 table_rm=0 raw_obstacle=0 persistent=0 voxels=0 mode=dynamic frame=13/5 bbox=empty
