[INFO] [1785234050.130481763] [anygrasp_planner]: AnyGrasp planner ready: action=plan_grasp
[INFO] [1785234058.490089392] [anygrasp_planner]: AnyGrasp candidate[00] frame=scene_depth_optical score=0.194 width=64.9mm pos=(+0.086,+0.016,+0.582) approach=(+0.14,-0.28,+0.95)
[INFO] [1785234058.490341594] [anygrasp_planner]: AnyGrasp candidate[01] frame=scene_depth_optical score=0.179 width=64.6mm pos=(+0.093,+0.016,+0.581) approach=(+0.14,-0.28,+0.95)
[INFO] [1785234058.490559399] [anygrasp_planner]: AnyGrasp candidate[02] frame=scene_depth_optical score=0.173 width=66.1mm pos=(+0.097,+0.005,+0.583) approach=(-0.13,+0.17,+0.98)
[INFO] [1785234058.490765433] [anygrasp_planner]: AnyGrasp candidate[03] frame=scene_depth_optical score=0.162 width=75.4mm pos=(+0.101,+0.020,+0.582) approach=(-0.16,-0.33,+0.93)
[INFO] [1785234058.490972814] [anygrasp_planner]: AnyGrasp candidate[04] frame=scene_depth_optical score=0.150 width=60.2mm pos=(+0.105,+0.020,+0.582) approach=(-0.16,-0.33,+0.93)
[INFO] [1785234058.491176401] [anygrasp_planner]: AnyGrasp candidate[05] frame=scene_depth_optical score=0.122 width=63.4mm pos=(+0.087,+0.016,+0.581) approach=(+0.08,+0.28,+0.96)
[INFO] [1785234058.491378029] [anygrasp_planner]: AnyGrasp candidate[06] frame=scene_depth_optical score=0.118 width=65.5mm pos=(+0.101,+0.012,+0.583) approach=(+0.10,+0.10,+0.99)
[INFO] [1785234059.455388371] [anygrasp_planner]: AnyGrasp IK[00] pass=True reason=ok pre_err=4.8mm/0.1deg final_err=2.4mm/0.0deg joint_margin=0.615rad q_final=[ 0.146,-0.499, 0.619,-0.745,-0.55 , 0.62 ]
[INFO] [1785234083.582113996] [anygrasp_planner]: AnyGrasp candidate[00] frame=scene_depth_optical score=0.186 width=62.0mm pos=(+0.100,-0.038,+0.584) approach=(-0.13,+0.17,+0.98)
[INFO] [1785234083.582372051] [anygrasp_planner]: AnyGrasp candidate[01] frame=scene_depth_optical score=0.175 width=76.3mm pos=(+0.098,-0.028,+0.584) approach=(+0.10,+0.10,+0.99)
[INFO] [1785234083.582586746] [anygrasp_planner]: AnyGrasp candidate[02] frame=scene_depth_optical score=0.169 width=58.1mm pos=(+0.100,-0.047,+0.584) approach=(+0.02,+0.49,+0.87)
[INFO] [1785234083.582793241] [anygrasp_planner]: AnyGrasp candidate[03] frame=scene_depth_optical score=0.161 width=75.4mm pos=(+0.095,-0.042,+0.581) approach=(+0.02,+0.49,+0.87)
[INFO] [1785234083.583003166] [anygrasp_planner]: AnyGrasp candidate[04] frame=scene_depth_optical score=0.156 width=62.5mm pos=(+0.101,-0.018,+0.583) approach=(-0.16,-0.33,+0.93)
[INFO] [1785234083.583208791] [anygrasp_planner]: AnyGrasp candidate[05] frame=scene_depth_optical score=0.150 width=80.0mm pos=(+0.104,-0.025,+0.584) approach=(-0.16,-0.33,+0.93)
[INFO] [1785234083.583415087] [anygrasp_planner]: AnyGrasp candidate[06] frame=scene_depth_optical score=0.106 width=62.3mm pos=(+0.089,-0.030,+0.582) approach=(+0.08,+0.28,+0.96)
[INFO] [1785234084.717953168] [anygrasp_planner]: AnyGrasp IK[00] pass=False reason=pregrasp_unreachable pre_err=100.4mm/0.2deg final_err=infmm/infdeg joint_margin=0.282rad q_final=[nan,nan,nan,nan,nan,nan]
[INFO] [1785234085.838705568] [anygrasp_planner]: AnyGrasp IK[01] pass=False reason=pregrasp_unreachable pre_err=46.1mm/0.2deg final_err=infmm/infdeg joint_margin=0.282rad q_final=[nan,nan,nan,nan,nan,nan]
[INFO] [1785234086.986131006] [anygrasp_planner]: AnyGrasp IK[02] pass=False reason=pregrasp_unreachable pre_err=105.9mm/0.2deg final_err=infmm/infdeg joint_margin=0.282rad q_final=[nan,nan,nan,nan,nan,nan]
[INFO] [1785234088.089899790] [anygrasp_planner]: AnyGrasp IK[03] pass=False reason=pregrasp_unreachable pre_err=99.6mm/0.2deg final_err=infmm/infdeg joint_margin=0.282rad q_final=[nan,nan,nan,nan,nan,nan]
