[INFO] [1784864827.671078595] [soarm100_send_planned_grasp]: planned grasp goal accepted
[INFO] [1784864827.671591002] [soarm100_send_planned_grasp]: feedback stage=STARTING_MUJOCO_INPROCESS lift=0.0000 reason=using converted AnyGrasp pose in GraspStateMachine + MuJoCo runner; pre=0.396000,0.078000,0.114000 grasp=0.413000,0.080000,0.046000 quat=0.11699187,-0.45896810,0.87993885,-0.03699743 traj_log=logs/ros2_rgb_tracking_multiscale_smoke.jsonl
[INFO] [1784864829.104441820] [soarm100_send_planned_grasp]: feedback stage=MOVE_TO_PREGRASP lift=0.0000 reason=reset
[INFO] [1784864829.488416901] [soarm100_send_planned_grasp]: feedback stage=MOVE_TO_PREGRASP lift=0.0000 reason=reset
[INFO] [1784864829.785144917] [soarm100_send_planned_grasp]: feedback stage=MOVE_TO_PREGRASP lift=0.0000 reason=reset
[INFO] [1784864830.089314241] [soarm100_send_planned_grasp]: feedback stage=MOVE_TO_PREGRASP lift=0.0000 reason=reset
[INFO] [1784864830.385268952] [soarm100_send_planned_grasp]: feedback stage=MOVE_TO_PREGRASP lift=0.0000 reason=reset
[INFO] [1784864830.691847990] [soarm100_send_planned_grasp]: feedback stage=MOVE_TO_PREGRASP lift=0.0000 reason=reset
[INFO] [1784864830.993215305] [soarm100_send_planned_grasp]: feedback stage=MOVE_TO_PREGRASP lift=0.0000 reason=reset
[INFO] [1784864831.293038311] [soarm100_send_planned_grasp]: feedback stage=FINAL_APPROACH lift=0.0000 reason=track_update source=ros2_wrist_rgb
[INFO] [1784864831.589462853] [soarm100_send_planned_grasp]: feedback stage=FINAL_APPROACH lift=0.0000 reason=track_update source=ros2_wrist_rgb
[INFO] [1784864831.886951785] [soarm100_send_planned_grasp]: feedback stage=FINAL_APPROACH lift=0.0000 reason=track_update source=ros2_wrist_rgb
[INFO] [1784864832.182114305] [soarm100_send_planned_grasp]: feedback stage=FINAL_APPROACH lift=0.0000 reason=track_update source=ros2_wrist_rgb
[INFO] [1784864832.479468255] [soarm100_send_planned_grasp]: feedback stage=FINAL_APPROACH lift=0.0000 reason=track_update source=ros2_wrist_rgb
[INFO] [1784864832.778272863] [soarm100_send_planned_grasp]: feedback stage=FINAL_APPROACH lift=0.0000 reason=track_update source=ros2_wrist_rgb
[INFO] [1784864833.074538533] [soarm100_send_planned_grasp]: feedback stage=FINAL_APPROACH lift=0.0000 reason=track_update source=ros2_wrist_rgb
[INFO] [1784864833.387183072] [soarm100_send_planned_grasp]: feedback stage=FINAL_APPROACH lift=0.0000 reason=track_update source=ros2_wrist_rgb
[INFO] [1784864833.698284953] [soarm100_send_planned_grasp]: feedback stage=FINAL_APPROACH lift=0.0000 reason=track_update source=ros2_wrist_rgb
[INFO] [1784864833.994694366] [soarm100_send_planned_grasp]: feedback stage=FINAL_APPROACH lift=0.0000 reason=track_update source=ros2_wrist_rgb
[INFO] [1784864834.277854642] [soarm100_send_planned_grasp]: feedback stage=CLOSE lift=0.0000 reason=track_update source=ros2_wrist_rgb
[INFO] [1784864834.551680838] [soarm100_send_planned_grasp]: feedback stage=LIFT lift=0.0001 reason=close_complete
[INFO] [1784864834.844959978] [soarm100_send_planned_grasp]: feedback stage=LIFT lift=0.0095 reason=close_complete
[INFO] [1784864835.032613246] [soarm100_send_planned_grasp]: result success=False return_code=1 lift=0.0095 reason=lift_failed_replan_exhausted attempts=0
