[INFO] [1785218977.327342680] [mujoco_policy_backend]: MuJoCo policy backend ready: action=execute_planned_grasp
[INFO] [1785218980.712700628] [mujoco_policy_backend]: obstacle_init stamp=1785218980.309143558 depth=296774 robot_mask_received=True self_rm=10426 workspace=0 table_rm=0 raw_obstacle=0 persistent=0 voxels=0 mode=dynamic frame=1/5 bbox=empty
[INFO] [1785218980.800347933] [mujoco_policy_backend]: obstacle_init stamp=1785218980.457577224 depth=296774 robot_mask_received=True self_rm=10426 workspace=0 table_rm=0 raw_obstacle=0 persistent=0 voxels=0 mode=dynamic frame=2/5 bbox=empty
[INFO] [1785218980.953715589] [mujoco_policy_backend]: obstacle_init stamp=1785218980.598990177 depth=296774 robot_mask_received=True self_rm=10426 workspace=0 table_rm=0 raw_obstacle=0 persistent=0 voxels=0 mode=dynamic frame=3/5 bbox=empty
[INFO] [1785218981.154391969] [mujoco_policy_backend]: obstacle_init stamp=1785218980.849148212 depth=296774 robot_mask_received=True self_rm=10426 workspace=0 table_rm=0 raw_obstacle=0 persistent=0 voxels=0 mode=dynamic frame=4/5 bbox=empty
[INFO] [1785218981.362970653] [mujoco_policy_backend]: obstacle_init stamp=1785218981.058336912 depth=296774 robot_mask_received=True self_rm=10426 workspace=0 table_rm=0 raw_obstacle=0 persistent=0 voxels=0 mode=dynamic frame=5/5 bbox=empty
[INFO] [1785218990.658925677] [mujoco_policy_backend]: planned grasp pose conversion: source=sim_mjcf raw_pregrasp[frame=scene_depth_optical pos=(+0.076,+0.035,+0.516) quat=(+0.513,+0.135,-0.082,+0.844)] raw_grasp[frame=scene_depth_optical pos=(+0.086,+0.016,+0.582) quat=(+0.513,+0.135,-0.082,+0.844)] base_pregrasp[frame=base pos=(+0.396,+0.065,+0.104) quat=(+0.135,-0.513,+0.844,+0.082)] base_grasp[frame=base pos=(+0.406,+0.084,+0.038) quat=(+0.135,-0.513,+0.844,+0.082)] tracking_reference[frame=base pos=(+0.420,+0.080,+0.036) quat=(+0.000,+1.000,+0.000,+0.000)] width=64.9mm target=cube@0.42,0.08,0.021 traj_log=/home/sophie/isaac_lab/isaac_ws/rl_code/soarm100sim/logs/ros2_mujoco_grasp.jsonl
[INFO] [1785218991.842493340] [mujoco_policy_backend]: wrist_roi_diag frame=1 projected_uv=(-2798.8,-889.6) red_uv=not_visible depth=0.027m
[INFO] [1785218992.539159722] [mujoco_policy_backend]: wrist_roi_diag frame=11 projected_uv=(181.8,322.8) red_uv=(81.1,262.1) offset=117.6px depth=0.118m
[INFO] [1785218993.141752505] [mujoco_policy_backend]: wrist_roi_diag frame=21 projected_uv=(116.6,221.9) red_uv=(76.7,166.6) offset=68.2px depth=0.088m
[INFO] [1785218993.748616795] [mujoco_policy_backend]: wrist_roi_diag frame=31 projected_uv=(251.8,-68.5) red_uv=(193.9,10.1) offset=97.6px depth=0.060m
[INFO] [1785218994.344477144] [mujoco_policy_backend]: wrist_roi_diag frame=41 projected_uv=(316.2,314.1) red_uv=(365.4,181.9) offset=141.1px depth=0.071m
[INFO] [1785218994.942100843] [mujoco_policy_backend]: wrist_roi_diag frame=51 projected_uv=(558.6,280.8) red_uv=(529.8,168.3) offset=116.1px depth=0.047m
[INFO] [1785218995.773593823] [mujoco_policy_backend]: obstacle_init stamp=1785218995.485618135 depth=297670 robot_mask_received=True self_rm=9530 workspace=0 table_rm=0 raw_obstacle=0 persistent=0 voxels=0 mode=dynamic frame=6/5 bbox=empty
[INFO] [1785218995.825719993] [mujoco_policy_backend]: replan[1] start prompt='red cube' cloud_seq_before=1
[INFO] [1785219004.477924541] [mujoco_policy_backend]: wrist_roi_diag frame=61 projected_uv=(669.5,285.4) red_uv=(573.9,210.5) offset=121.5px depth=0.052m
[INFO] [1785219005.176150833] [mujoco_policy_backend]: obstacle_init stamp=1785219004.903280536 depth=296920 robot_mask_received=True self_rm=10280 workspace=0 table_rm=0 raw_obstacle=0 persistent=0 voxels=0 mode=dynamic frame=7/5 bbox=empty
[INFO] [1785219005.241086529] [mujoco_policy_backend]: replan[2] start prompt='red cube' cloud_seq_before=2
[INFO] [1785219017.459362922] [mujoco_policy_backend]: wrist_roi_diag frame=71 projected_uv=(751.1,440.8) red_uv=(630.0,386.6) offset=132.7px depth=0.083m
[INFO] [1785219018.055382059] [mujoco_policy_backend]: obstacle_init stamp=1785219017.822686622 depth=296605 robot_mask_received=True self_rm=10595 workspace=0 table_rm=0 raw_obstacle=0 persistent=0 voxels=0 mode=dynamic frame=8/5 bbox=empty
[INFO] [1785219018.160556717] [mujoco_policy_backend]: replan[3] start prompt='red cube' cloud_seq_before=3
[INFO] [1785219022.663741884] [mujoco_policy_backend]: obstacle_init stamp=1785219022.382766372 depth=296774 robot_mask_received=True self_rm=10426 workspace=0 table_rm=0 raw_obstacle=0 persistent=0 voxels=0 mode=dynamic frame=9/5 bbox=empty
[INFO] [1785219022.783797940] [mujoco_policy_backend]: obstacle_init stamp=1785219022.527890617 depth=296774 robot_mask_received=True self_rm=10426 workspace=0 table_rm=0 raw_obstacle=0 persistent=0 voxels=0 mode=dynamic frame=10/5 bbox=empty
[INFO] [1785219022.965941919] [mujoco_policy_backend]: obstacle_init stamp=1785219022.682689443 depth=296774 robot_mask_received=True self_rm=10426 workspace=0 table_rm=0 raw_obstacle=0 persistent=0 voxels=0 mode=dynamic frame=11/5 bbox=empty
[INFO] [1785219023.175136974] [mujoco_policy_backend]: obstacle_init stamp=1785219022.899989082 depth=296773 robot_mask_received=True self_rm=10427 workspace=0 table_rm=0 raw_obstacle=0 persistent=0 voxels=0 mode=dynamic frame=12/5 bbox=empty
[INFO] [1785219023.372526616] [mujoco_policy_backend]: obstacle_init stamp=1785219023.087072585 depth=296773 robot_mask_received=True self_rm=10427 workspace=0 table_rm=0 raw_obstacle=0 persistent=0 voxels=0 mode=dynamic frame=13/5 bbox=empty
