[INFO] [1785232331.991616885] [mujoco_policy_backend]: MuJoCo policy backend ready: action=execute_planned_grasp
[INFO] [1785232334.276568911] [mujoco_policy_backend]: obstacle_init stamp=1785232333.877166975 depth=296774 robot_mask_received=True self_rm=10426 workspace=0 table_rm=0 raw_obstacle=0 persistent=0 voxels=0 mode=dynamic frame=1/5 bbox=empty
[INFO] [1785232334.370813278] [mujoco_policy_backend]: obstacle_init stamp=1785232334.030743428 depth=296774 robot_mask_received=True self_rm=10426 workspace=0 table_rm=0 raw_obstacle=0 persistent=0 voxels=0 mode=dynamic frame=2/5 bbox=empty
[INFO] [1785232334.482642185] [mujoco_policy_backend]: obstacle_init stamp=1785232334.174806995 depth=296774 robot_mask_received=True self_rm=10426 workspace=0 table_rm=0 raw_obstacle=0 persistent=0 voxels=0 mode=dynamic frame=3/5 bbox=empty
[INFO] [1785232334.651859365] [mujoco_policy_backend]: obstacle_init stamp=1785232334.359231591 depth=296774 robot_mask_received=True self_rm=10426 workspace=0 table_rm=0 raw_obstacle=0 persistent=0 voxels=0 mode=dynamic frame=4/5 bbox=empty
[INFO] [1785232334.862289962] [mujoco_policy_backend]: obstacle_init stamp=1785232334.592258565 depth=296774 robot_mask_received=True self_rm=10426 workspace=0 table_rm=0 raw_obstacle=0 persistent=0 voxels=0 mode=dynamic frame=5/5 bbox=empty
[INFO] [1785232344.475383509] [mujoco_policy_backend]: planned grasp pose conversion: source=sim_mjcf raw_pregrasp[frame=scene_depth_optical pos=(+0.076,+0.035,+0.516) quat=(+0.513,+0.135,-0.082,+0.844)] raw_grasp[frame=scene_depth_optical pos=(+0.086,+0.016,+0.582) quat=(+0.513,+0.135,-0.082,+0.844)] base_pregrasp[frame=base pos=(+0.396,+0.065,+0.104) quat=(+0.135,-0.513,+0.844,+0.082)] base_grasp[frame=base pos=(+0.406,+0.084,+0.038) quat=(+0.135,-0.513,+0.844,+0.082)] tracking_reference[frame=base pos=(+0.420,+0.080,+0.036) quat=(+0.000,+1.000,+0.000,+0.000)] width=64.9mm target=cube@0.42,0.08,0.021 traj_log=logs/dynamic_cube_tracking.jsonl
[INFO] [1785232345.654286648] [mujoco_policy_backend]: wrist_roi_diag frame=1 projected_uv=(-3019.2,-858.5) red_uv=not_visible depth=0.028m
[INFO] [1785232346.344973910] [mujoco_policy_backend]: wrist_roi_diag frame=11 projected_uv=(156.5,350.3) red_uv=(200.1,358.1) offset=44.3px depth=0.130m
[INFO] [1785232346.982525278] [mujoco_policy_backend]: wrist_roi_diag frame=21 projected_uv=(27.9,253.0) red_uv=(48.6,239.4) offset=24.7px depth=0.095m
[INFO] [1785232347.604463546] [mujoco_policy_backend]: wrist_roi_diag frame=31 projected_uv=(59.7,-212.9) red_uv=(140.3,4.2) offset=231.6px depth=0.056m
[INFO] [1785232348.225978695] [mujoco_policy_backend]: wrist_roi_diag frame=41 projected_uv=(361.8,191.8) red_uv=(524.9,234.9) offset=168.7px depth=0.062m
[INFO] [1785232348.832716289] [mujoco_policy_backend]: wrist_roi_diag frame=51 projected_uv=(744.2,184.0) red_uv=(597.6,299.9) offset=186.9px depth=0.045m
[INFO] [1785232349.448264767] [mujoco_policy_backend]: wrist_roi_diag frame=61 projected_uv=(813.5,322.0) red_uv=(601.3,174.1) offset=258.7px depth=0.057m
[INFO] [1785232350.060022807] [mujoco_policy_backend]: wrist_roi_diag frame=71 projected_uv=(650.2,499.0) red_uv=(577.0,314.9) offset=198.1px depth=0.071m
[INFO] [1785232350.675360374] [mujoco_policy_backend]: wrist_roi_diag frame=81 projected_uv=(585.7,440.9) red_uv=(543.6,349.3) offset=100.8px depth=0.073m
[INFO] [1785232351.278475683] [mujoco_policy_backend]: wrist_roi_diag frame=91 projected_uv=(632.0,498.4) red_uv=(481.9,464.4) offset=153.9px depth=0.069m
[INFO] [1785232351.890571009] [mujoco_policy_backend]: wrist_roi_diag frame=101 projected_uv=(651.2,499.4) red_uv=not_visible depth=0.067m
[INFO] [1785232352.459675470] [mujoco_policy_backend]: wrist_roi_diag frame=111 projected_uv=(648.3,452.4) red_uv=(552.7,463.2) offset=96.2px depth=0.070m
[INFO] [1785232353.050176617] [mujoco_policy_backend]: obstacle_init stamp=1785232352.823374263 depth=296763 robot_mask_received=True self_rm=10437 workspace=0 table_rm=0 raw_obstacle=0 persistent=0 voxels=0 mode=dynamic frame=6/5 bbox=empty
[INFO] [1785232353.161786842] [mujoco_policy_backend]: replan[1] start prompt='red cube' cloud_seq_before=1
[INFO] [1785232353.397066058] [mujoco_policy_backend]: wrist_roi_diag frame=121 projected_uv=(751.7,458.3) red_uv=(619.9,470.0) offset=132.3px depth=0.086m
[INFO] [1785232353.862229713] [mujoco_policy_backend]: obstacle_init stamp=1785232353.646575723 depth=296153 robot_mask_received=True self_rm=11047 workspace=0 table_rm=0 raw_obstacle=0 persistent=0 voxels=0 mode=dynamic frame=7/5 bbox=empty
[INFO] [1785232353.982244339] [mujoco_policy_backend]: replan[2] start prompt='red cube' cloud_seq_before=2
[INFO] [1785232360.625019836] [mujoco_policy_backend]: wrist_roi_diag frame=131 projected_uv=(753.6,475.0) red_uv=not_visible depth=0.099m
[INFO] [1785232361.048684053] [mujoco_policy_backend]: obstacle_init stamp=1785232360.814207777 depth=296070 robot_mask_received=True self_rm=11130 workspace=0 table_rm=0 raw_obstacle=0 persistent=0 voxels=0 mode=dynamic frame=8/5 bbox=empty
[INFO] [1785232361.151580467] [mujoco_policy_backend]: replan[3] start prompt='red cube' cloud_seq_before=3
[INFO] [1785232376.057775454] [mujoco_policy_backend]: obstacle_init stamp=1785232375.777008378 depth=296774 robot_mask_received=True self_rm=10426 workspace=0 table_rm=0 raw_obstacle=0 persistent=0 voxels=0 mode=dynamic frame=9/5 bbox=empty
[INFO] [1785232376.174854271] [mujoco_policy_backend]: obstacle_init stamp=1785232375.923214243 depth=296774 robot_mask_received=True self_rm=10426 workspace=0 table_rm=0 raw_obstacle=0 persistent=0 voxels=0 mode=dynamic frame=10/5 bbox=empty
[INFO] [1785232376.445738912] [mujoco_policy_backend]: obstacle_init stamp=1785232376.080981258 depth=296773 robot_mask_received=True self_rm=10427 workspace=0 table_rm=0 raw_obstacle=0 persistent=0 voxels=0 mode=dynamic frame=11/5 bbox=empty
[INFO] [1785232376.569097139] [mujoco_policy_backend]: obstacle_init stamp=1785232376.297759726 depth=296773 robot_mask_received=True self_rm=10427 workspace=0 table_rm=0 raw_obstacle=0 persistent=0 voxels=0 mode=dynamic frame=12/5 bbox=empty
[INFO] [1785232376.776182168] [mujoco_policy_backend]: obstacle_init stamp=1785232376.441127474 depth=296773 robot_mask_received=True self_rm=10427 workspace=0 table_rm=0 raw_obstacle=0 persistent=0 voxels=0 mode=dynamic frame=13/5 bbox=empty
