[INFO] [1784882909.070511576] [mujoco_policy_backend]: MuJoCo policy backend ready: action=execute_planned_grasp
[INFO] [1784882910.967022486] [mujoco_policy_backend]: obstacle_init stamp=1784882910.560548890 depth=296770 robot_mask_received=True self_rm=10430 workspace=1728 table_rm=0 raw_obstacle=1728 persistent=105 voxels=105 mode=dynamic frame=1/5 bbox_min=(+0.163,+0.080,+0.056) bbox_max=(+0.182,+0.100,+0.320)
[INFO] [1784882911.063796597] [mujoco_policy_backend]: obstacle_init stamp=1784882910.715512101 depth=296770 robot_mask_received=True self_rm=10430 workspace=1728 table_rm=0 raw_obstacle=1728 persistent=105 voxels=105 mode=dynamic frame=2/5 bbox_min=(+0.163,+0.080,+0.056) bbox_max=(+0.182,+0.100,+0.320)
[INFO] [1784882911.171875148] [mujoco_policy_backend]: obstacle_init stamp=1784882910.857038249 depth=296770 robot_mask_received=True self_rm=10430 workspace=1728 table_rm=0 raw_obstacle=1728 persistent=105 voxels=105 mode=dynamic frame=3/5 bbox_min=(+0.163,+0.080,+0.056) bbox_max=(+0.182,+0.100,+0.320)
[INFO] [1784882911.449220619] [mujoco_policy_backend]: obstacle_init stamp=1784882911.043978853 depth=296770 robot_mask_received=True self_rm=10430 workspace=1728 table_rm=0 raw_obstacle=1728 persistent=105 voxels=105 mode=dynamic frame=4/5 bbox_min=(+0.163,+0.080,+0.056) bbox_max=(+0.182,+0.100,+0.320)
[INFO] [1784882911.541942523] [mujoco_policy_backend]: obstacle_init stamp=1784882911.281863499 depth=296770 robot_mask_received=True self_rm=10430 workspace=1728 table_rm=0 raw_obstacle=1728 persistent=105 voxels=105 mode=dynamic frame=5/5 bbox_min=(+0.163,+0.080,+0.056) bbox_max=(+0.182,+0.100,+0.320)
[INFO] [1784882925.259966516] [mujoco_policy_backend]: planned grasp pose conversion: source=sim_mjcf raw_pregrasp[frame=scene_depth_optical pos=(+0.076,+0.022,+0.506) quat=(+0.459,+0.117,+0.037,+0.880)] raw_grasp[frame=scene_depth_optical pos=(+0.093,+0.020,+0.574) quat=(+0.459,+0.117,+0.037,+0.880)] base_pregrasp[frame=base pos=(+0.396,+0.078,+0.114) quat=(+0.117,-0.459,+0.880,-0.037)] base_grasp[frame=base pos=(+0.413,+0.080,+0.046) quat=(+0.117,-0.459,+0.880,-0.037)] tracking_reference[frame=base pos=(+0.398,+0.086,+0.044) quat=(+0.000,+1.000,+0.000,+0.000)] width=89.9mm target=cube@0.42,0.08,0.021 traj_log=logs/ros2_grasp_dynamic_avoidance.jsonl
[INFO] [1784882926.587127459] [mujoco_policy_backend]: wrist_roi_diag frame=1 projected_uv=(-17722.5,-6258.7) red_uv=not_visible depth=0.004m
[INFO] [1784882926.654396159] [mujoco_policy_backend]: obstacle_init stamp=1784882926.452325985 depth=292367 robot_mask_received=True self_rm=14833 workspace=1501 table_rm=0 raw_obstacle=1501 persistent=110 voxels=110 mode=dynamic frame=6/5 bbox_min=(+0.184,+0.080,+0.057) bbox_max=(+0.206,+0.100,+0.320)
[INFO] [1784882926.950993359] [mujoco_policy_backend]: obstacle_init stamp=1784882926.780149914 depth=292555 robot_mask_received=True self_rm=14645 workspace=1495 table_rm=0 raw_obstacle=1495 persistent=118 voxels=118 mode=dynamic frame=7/5 bbox_min=(+0.185,+0.080,+0.056) bbox_max=(+0.206,+0.101,+0.320)
[INFO] [1784882927.266346441] [mujoco_policy_backend]: obstacle_init stamp=1784882927.044684333 depth=293049 robot_mask_received=True self_rm=14151 workspace=1495 table_rm=0 raw_obstacle=1495 persistent=116 voxels=116 mode=dynamic frame=8/5 bbox_min=(+0.187,+0.080,+0.056) bbox_max=(+0.206,+0.101,+0.320)
[INFO] [1784882927.443995370] [mujoco_policy_backend]: obstacle_init stamp=1784882927.217221588 depth=293443 robot_mask_received=True self_rm=13757 workspace=1491 table_rm=0 raw_obstacle=1491 persistent=118 voxels=118 mode=dynamic frame=9/5 bbox_min=(+0.187,+0.079,+0.055) bbox_max=(+0.207,+0.101,+0.320)
[INFO] [1784882927.791767791] [mujoco_policy_backend]: obstacle_init stamp=1784882927.525215899 depth=293814 robot_mask_received=True self_rm=13386 workspace=1489 table_rm=0 raw_obstacle=1489 persistent=118 voxels=118 mode=dynamic frame=10/5 bbox_min=(+0.188,+0.079,+0.055) bbox_max=(+0.207,+0.101,+0.320)
[INFO] [1784882928.025967452] [mujoco_policy_backend]: obstacle_init stamp=1784882927.698734155 depth=294108 robot_mask_received=True self_rm=13092 workspace=1481 table_rm=0 raw_obstacle=1481 persistent=117 voxels=117 mode=dynamic frame=11/5 bbox_min=(+0.188,+0.080,+0.056) bbox_max=(+0.207,+0.101,+0.320)
[INFO] [1784882928.170193446] [mujoco_policy_backend]: obstacle_init stamp=1784882927.923704922 depth=294351 robot_mask_received=True self_rm=12849 workspace=1479 table_rm=0 raw_obstacle=1479 persistent=118 voxels=118 mode=dynamic frame=12/5 bbox_min=(+0.188,+0.079,+0.055) bbox_max=(+0.208,+0.101,+0.320)
[INFO] [1784882928.499608727] [mujoco_policy_backend]: obstacle_init stamp=1784882928.220371503 depth=294521 robot_mask_received=True self_rm=12679 workspace=1480 table_rm=0 raw_obstacle=1480 persistent=111 voxels=111 mode=dynamic frame=13/5 bbox_min=(+0.189,+0.079,+0.056) bbox_max=(+0.208,+0.101,+0.320)
[INFO] [1784882928.650823931] [mujoco_policy_backend]: obstacle_init stamp=1784882928.423290134 depth=294555 robot_mask_received=True self_rm=12645 workspace=1473 table_rm=0 raw_obstacle=1473 persistent=111 voxels=111 mode=dynamic frame=14/5 bbox_min=(+0.189,+0.079,+0.055) bbox_max=(+0.209,+0.101,+0.320)
[INFO] [1784882928.954745107] [mujoco_policy_backend]: obstacle_init stamp=1784882928.713159830 depth=294514 robot_mask_received=True self_rm=12686 workspace=1469 table_rm=0 raw_obstacle=1469 persistent=110 voxels=110 mode=dynamic frame=15/5 bbox_min=(+0.189,+0.079,+0.056) bbox_max=(+0.209,+0.101,+0.320)
[INFO] [1784882929.028790912] [mujoco_policy_backend]: wrist_roi_diag frame=11 projected_uv=(333.0,184.9) red_uv=(333.5,211.8) offset=26.8px depth=0.110m
[INFO] [1784882929.245236112] [mujoco_policy_backend]: obstacle_init stamp=1784882928.892909269 depth=294502 robot_mask_received=True self_rm=12698 workspace=1471 table_rm=0 raw_obstacle=1471 persistent=103 voxels=103 mode=dynamic frame=16/5 bbox_min=(+0.189,+0.079,+0.056) bbox_max=(+0.209,+0.102,+0.320)
[INFO] [1784882929.365269147] [mujoco_policy_backend]: obstacle_init stamp=1784882929.118316764 depth=294485 robot_mask_received=True self_rm=12715 workspace=1463 table_rm=0 raw_obstacle=1463 persistent=100 voxels=100 mode=dynamic frame=17/5 bbox_min=(+0.189,+0.079,+0.056) bbox_max=(+0.209,+0.102,+0.320)
[INFO] [1784882929.545474729] [mujoco_policy_backend]: obstacle_init stamp=1784882929.367125974 depth=294506 robot_mask_received=True self_rm=12694 workspace=1463 table_rm=0 raw_obstacle=1463 persistent=99 voxels=99 mode=dynamic frame=18/5 bbox_min=(+0.189,+0.079,+0.056) bbox_max=(+0.210,+0.102,+0.320)
[INFO] [1784882929.833000753] [mujoco_policy_backend]: obstacle_init stamp=1784882929.653278460 depth=294496 robot_mask_received=True self_rm=12704 workspace=1462 table_rm=0 raw_obstacle=1462 persistent=98 voxels=98 mode=dynamic frame=19/5 bbox_min=(+0.190,+0.079,+0.056) bbox_max=(+0.210,+0.102,+0.320)
[INFO] [1784882930.048397193] [mujoco_policy_backend]: obstacle_init stamp=1784882929.841810399 depth=294534 robot_mask_received=True self_rm=12666 workspace=1462 table_rm=0 raw_obstacle=1462 persistent=97 voxels=97 mode=dynamic frame=20/5 bbox_min=(+0.190,+0.079,+0.057) bbox_max=(+0.210,+0.102,+0.320)
[INFO] [1784882930.331610212] [mujoco_policy_backend]: obstacle_init stamp=1784882930.131701777 depth=294563 robot_mask_received=True self_rm=12637 workspace=1457 table_rm=0 raw_obstacle=1457 persistent=97 voxels=97 mode=dynamic frame=21/5 bbox_min=(+0.190,+0.078,+0.057) bbox_max=(+0.210,+0.102,+0.320)
[INFO] [1784882930.548310060] [mujoco_policy_backend]: obstacle_init stamp=1784882930.335441462 depth=294593 robot_mask_received=True self_rm=12607 workspace=1454 table_rm=0 raw_obstacle=1454 persistent=98 voxels=98 mode=dynamic frame=22/5 bbox_min=(+0.190,+0.078,+0.056) bbox_max=(+0.211,+0.102,+0.320)
[INFO] [1784882930.750342096] [mujoco_policy_backend]: obstacle_init stamp=1784882930.576165130 depth=294640 robot_mask_received=True self_rm=12560 workspace=1452 table_rm=0 raw_obstacle=1452 persistent=94 voxels=94 mode=dynamic frame=23/5 bbox_min=(+0.190,+0.078,+0.057) bbox_max=(+0.211,+0.102,+0.320)
[INFO] [1784882931.107115316] [mujoco_policy_backend]: obstacle_init stamp=1784882930.840929644 depth=294699 robot_mask_received=True self_rm=12501 workspace=1454 table_rm=0 raw_obstacle=1454 persistent=94 voxels=94 mode=dynamic frame=24/5 bbox_min=(+0.190,+0.078,+0.057) bbox_max=(+0.211,+0.102,+0.320)
[INFO] [1784882931.240510505] [mujoco_policy_backend]: obstacle_init stamp=1784882931.019552985 depth=294750 robot_mask_received=True self_rm=12450 workspace=1454 table_rm=0 raw_obstacle=1454 persistent=93 voxels=93 mode=dynamic frame=25/5 bbox_min=(+0.190,+0.078,+0.057) bbox_max=(+0.211,+0.102,+0.320)
[INFO] [1784882931.399910163] [mujoco_policy_backend]: wrist_roi_diag frame=21 projected_uv=(546.6,154.9) red_uv=(532.2,191.1) offset=39.0px depth=0.104m
[INFO] [1784882931.471100917] [mujoco_policy_backend]: obstacle_init stamp=1784882931.303287936 depth=294750 robot_mask_received=True self_rm=12450 workspace=1518 table_rm=0 raw_obstacle=1518 persistent=118 voxels=118 mode=dynamic frame=26/5 bbox_min=(+0.075,-0.033,+0.057) bbox_max=(+0.355,+0.102,+0.320)
[INFO] [1784882931.855797705] [mujoco_policy_backend]: obstacle_init stamp=1784882931.636589566 depth=294889 robot_mask_received=True self_rm=12311 workspace=1453 table_rm=0 raw_obstacle=1453 persistent=92 voxels=92 mode=dynamic frame=27/5 bbox_min=(+0.190,+0.078,+0.057) bbox_max=(+0.211,+0.102,+0.320)
[INFO] [1784882932.303266539] [mujoco_policy_backend]: obstacle_init stamp=1784882931.938792835 depth=295101 robot_mask_received=True self_rm=12099 workspace=1450 table_rm=0 raw_obstacle=1450 persistent=90 voxels=90 mode=dynamic frame=28/5 bbox_min=(+0.190,+0.078,+0.057) bbox_max=(+0.212,+0.099,+0.320)
[INFO] [1784882932.353514591] [mujoco_policy_backend]: obstacle_init stamp=1784882932.115432821 depth=295189 robot_mask_received=True self_rm=12011 workspace=1449 table_rm=0 raw_obstacle=1449 persistent=89 voxels=89 mode=dynamic frame=29/5 bbox_min=(+0.190,+0.078,+0.057) bbox_max=(+0.212,+0.099,+0.320)
[INFO] [1784882932.723272229] [mujoco_policy_backend]: obstacle_init stamp=1784882932.445731550 depth=295207 robot_mask_received=True self_rm=11993 workspace=1450 table_rm=0 raw_obstacle=1450 persistent=89 voxels=89 mode=dynamic frame=30/5 bbox_min=(+0.190,+0.078,+0.055) bbox_max=(+0.212,+0.101,+0.320)
[INFO] [1784882932.858363416] [mujoco_policy_backend]: obstacle_init stamp=1784882932.618868854 depth=295222 robot_mask_received=True self_rm=11978 workspace=1450 table_rm=0 raw_obstacle=1450 persistent=89 voxels=89 mode=dynamic frame=31/5 bbox_min=(+0.190,+0.078,+0.055) bbox_max=(+0.212,+0.101,+0.320)
[INFO] [1784882933.065237837] [mujoco_policy_backend]: obstacle_init stamp=1784882932.907348955 depth=295222 robot_mask_received=True self_rm=11978 workspace=1536 table_rm=0 raw_obstacle=1536 persistent=125 voxels=125 mode=dynamic frame=32/5 bbox_min=(+0.075,-0.029,+0.055) bbox_max=(+0.353,+0.101,+0.320)
[INFO] [1784882933.446972890] [mujoco_policy_backend]: obstacle_init stamp=1784882933.241429395 depth=295285 robot_mask_received=True self_rm=11915 workspace=1449 table_rm=0 raw_obstacle=1449 persistent=89 voxels=89 mode=dynamic frame=33/5 bbox_min=(+0.190,+0.078,+0.057) bbox_max=(+0.212,+0.100,+0.320)
[INFO] [1784882933.771870471] [mujoco_policy_backend]: obstacle_init stamp=1784882933.552083392 depth=295503 robot_mask_received=True self_rm=11697 workspace=1450 table_rm=0 raw_obstacle=1450 persistent=90 voxels=90 mode=dynamic frame=34/5 bbox_min=(+0.190,+0.078,+0.057) bbox_max=(+0.212,+0.100,+0.320)
[INFO] [1784882933.988170471] [mujoco_policy_backend]: obstacle_init stamp=1784882933.741043809 depth=295552 robot_mask_received=True self_rm=11648 workspace=1453 table_rm=0 raw_obstacle=1453 persistent=92 voxels=92 mode=dynamic frame=35/5 bbox_min=(+0.190,+0.078,+0.057) bbox_max=(+0.212,+0.102,+0.320)
[INFO] [1784882934.168119890] [mujoco_policy_backend]: wrist_roi_diag frame=31 projected_uv=(541.7,-37.9) red_uv=(513.9,67.3) offset=108.8px depth=0.083m
[INFO] [1784882934.262529698] [mujoco_policy_backend]: obstacle_init stamp=1784882934.079660710 depth=295544 robot_mask_received=True self_rm=11656 workspace=1453 table_rm=0 raw_obstacle=1453 persistent=91 voxels=91 mode=dynamic frame=36/5 bbox_min=(+0.190,+0.078,+0.057) bbox_max=(+0.212,+0.102,+0.320)
[INFO] [1784882934.587168458] [mujoco_policy_backend]: obstacle_init stamp=1784882934.345447701 depth=295529 robot_mask_received=True self_rm=11671 workspace=1454 table_rm=0 raw_obstacle=1454 persistent=93 voxels=93 mode=dynamic frame=37/5 bbox_min=(+0.190,+0.078,+0.057) bbox_max=(+0.212,+0.102,+0.320)
[INFO] [1784882934.893840766] [mujoco_policy_backend]: obstacle_init stamp=1784882934.537313317 depth=295533 robot_mask_received=True self_rm=11667 workspace=1454 table_rm=0 raw_obstacle=1454 persistent=94 voxels=94 mode=dynamic frame=38/5 bbox_min=(+0.190,+0.078,+0.057) bbox_max=(+0.211,+0.102,+0.320)
[INFO] [1784882934.963771170] [mujoco_policy_backend]: obstacle_init stamp=1784882934.785528184 depth=295533 robot_mask_received=True self_rm=11667 workspace=1614 table_rm=0 raw_obstacle=1614 persistent=153 voxels=153 mode=dynamic frame=39/5 bbox_min=(+0.074,-0.031,+0.057) bbox_max=(+0.359,+0.102,+0.320)
[INFO] [1784882935.391761144] [mujoco_policy_backend]: obstacle_init stamp=1784882935.129506470 depth=295585 robot_mask_received=True self_rm=11615 workspace=1454 table_rm=0 raw_obstacle=1454 persistent=98 voxels=98 mode=dynamic frame=40/5 bbox_min=(+0.190,+0.078,+0.057) bbox_max=(+0.211,+0.102,+0.320)
[INFO] [1784882935.635776000] [mujoco_policy_backend]: obstacle_init stamp=1784882935.450585093 depth=295831 robot_mask_received=True self_rm=11369 workspace=1457 table_rm=0 raw_obstacle=1457 persistent=97 voxels=97 mode=dynamic frame=41/5 bbox_min=(+0.190,+0.078,+0.058) bbox_max=(+0.211,+0.102,+0.320)
[INFO] [1784882935.858317592] [mujoco_policy_backend]: obstacle_init stamp=1784882935.652424505 depth=295814 robot_mask_received=True self_rm=11386 workspace=1462 table_rm=0 raw_obstacle=1462 persistent=97 voxels=97 mode=dynamic frame=42/5 bbox_min=(+0.190,+0.078,+0.057) bbox_max=(+0.211,+0.102,+0.320)
[INFO] [1784882936.131614030] [mujoco_policy_backend]: obstacle_init stamp=1784882935.965047460 depth=295788 robot_mask_received=True self_rm=11412 workspace=1462 table_rm=0 raw_obstacle=1462 persistent=98 voxels=98 mode=dynamic frame=43/5 bbox_min=(+0.190,+0.078,+0.057) bbox_max=(+0.211,+0.102,+0.320)
[INFO] [1784882936.506941380] [mujoco_policy_backend]: obstacle_init stamp=1784882936.233791929 depth=295748 robot_mask_received=True self_rm=11452 workspace=1463 table_rm=0 raw_obstacle=1463 persistent=99 voxels=99 mode=dynamic frame=44/5 bbox_min=(+0.190,+0.079,+0.057) bbox_max=(+0.210,+0.102,+0.320)
[INFO] [1784882936.637530229] [mujoco_policy_backend]: obstacle_init stamp=1784882936.426955387 depth=295713 robot_mask_received=True self_rm=11487 workspace=1463 table_rm=0 raw_obstacle=1463 persistent=100 voxels=100 mode=dynamic frame=45/5 bbox_min=(+0.190,+0.079,+0.058) bbox_max=(+0.210,+0.102,+0.320)
[INFO] [1784882936.806742638] [mujoco_policy_backend]: wrist_roi_diag frame=41 projected_uv=(377.0,-253.8) red_uv=(391.4,14.0) offset=268.2px depth=0.071m
[INFO] [1784882936.962019501] [mujoco_policy_backend]: obstacle_init stamp=1784882936.710369452 depth=295680 robot_mask_received=True self_rm=11520 workspace=1471 table_rm=0 raw_obstacle=1471 persistent=103 voxels=103 mode=dynamic frame=46/5 bbox_min=(+0.190,+0.079,+0.057) bbox_max=(+0.210,+0.102,+0.320)
[INFO] [1784882937.183398315] [mujoco_policy_backend]: obstacle_init stamp=1784882936.898293457 depth=295645 robot_mask_received=True self_rm=11555 workspace=1469 table_rm=0 raw_obstacle=1469 persistent=110 voxels=110 mode=dynamic frame=47/5 bbox_min=(+0.189,+0.079,+0.058) bbox_max=(+0.210,+0.102,+0.320)
[INFO] [1784882937.347292818] [mujoco_policy_backend]: obstacle_init stamp=1784882937.119455324 depth=295609 robot_mask_received=True self_rm=11591 workspace=1473 table_rm=0 raw_obstacle=1473 persistent=111 voxels=111 mode=dynamic frame=48/5 bbox_min=(+0.189,+0.079,+0.057) bbox_max=(+0.209,+0.102,+0.320)
[INFO] [1784882937.706533433] [mujoco_policy_backend]: obstacle_init stamp=1784882937.445972644 depth=295566 robot_mask_received=True self_rm=11634 workspace=1480 table_rm=0 raw_obstacle=1480 persistent=111 voxels=111 mode=dynamic frame=49/5 bbox_min=(+0.189,+0.079,+0.057) bbox_max=(+0.209,+0.101,+0.320)
[INFO] [1784882937.854050680] [mujoco_policy_backend]: obstacle_init stamp=1784882937.631681363 depth=295544 robot_mask_received=True self_rm=11656 workspace=1479 table_rm=0 raw_obstacle=1479 persistent=118 voxels=118 mode=dynamic frame=50/5 bbox_min=(+0.189,+0.079,+0.056) bbox_max=(+0.209,+0.101,+0.320)
[INFO] [1784882938.199715880] [mujoco_policy_backend]: obstacle_init stamp=1784882937.939250219 depth=295509 robot_mask_received=True self_rm=11691 workspace=1481 table_rm=0 raw_obstacle=1481 persistent=117 voxels=117 mode=dynamic frame=51/5 bbox_min=(+0.189,+0.079,+0.056) bbox_max=(+0.209,+0.101,+0.320)
[INFO] [1784882938.476387655] [mujoco_policy_backend]: obstacle_init stamp=1784882938.161248219 depth=295495 robot_mask_received=True self_rm=11705 workspace=1489 table_rm=0 raw_obstacle=1489 persistent=118 voxels=118 mode=dynamic frame=52/5 bbox_min=(+0.189,+0.079,+0.057) bbox_max=(+0.208,+0.101,+0.320)
[INFO] [1784882938.799874739] [mujoco_policy_backend]: obstacle_init stamp=1784882938.384497405 depth=295485 robot_mask_received=True self_rm=11715 workspace=1491 table_rm=0 raw_obstacle=1491 persistent=118 voxels=118 mode=dynamic frame=53/5 bbox_min=(+0.189,+0.080,+0.056) bbox_max=(+0.208,+0.101,+0.320)
[INFO] [1784882938.875031066] [mujoco_policy_backend]: obstacle_init stamp=1784882938.611444167 depth=295488 robot_mask_received=True self_rm=11712 workspace=1495 table_rm=0 raw_obstacle=1495 persistent=116 voxels=116 mode=dynamic frame=54/5 bbox_min=(+0.188,+0.080,+0.057) bbox_max=(+0.207,+0.101,+0.320)
[INFO] [1784882939.060840419] [mujoco_policy_backend]: obstacle_init stamp=1784882938.886516182 depth=295488 robot_mask_received=True self_rm=11712 workspace=1606 table_rm=0 raw_obstacle=1606 persistent=157 voxels=157 mode=dynamic frame=55/5 bbox_min=(+0.063,-0.063,+0.057) bbox_max=(+0.349,+0.101,+0.320)
[INFO] [1784882939.289775911] [mujoco_policy_backend]: wrist_roi_diag frame=51 projected_uv=(156.7,-316.4) red_uv=not_visible depth=0.071m
[INFO] [1784882939.365256579] [mujoco_policy_backend]: obstacle_init stamp=1784882939.199773294 depth=295514 robot_mask_received=True self_rm=11686 workspace=1501 table_rm=0 raw_obstacle=1501 persistent=110 voxels=110 mode=dynamic frame=56/5 bbox_min=(+0.188,+0.080,+0.057) bbox_max=(+0.207,+0.100,+0.320)
[INFO] [1784882939.651755435] [mujoco_policy_backend]: obstacle_init stamp=1784882939.478010525 depth=295656 robot_mask_received=True self_rm=11544 workspace=1506 table_rm=0 raw_obstacle=1506 persistent=90 voxels=90 mode=dynamic frame=57/5 bbox_min=(+0.188,+0.080,+0.057) bbox_max=(+0.206,+0.100,+0.320)
[INFO] [1784882940.109461792] [mujoco_policy_backend]: obstacle_init stamp=1784882939.740785473 depth=295703 robot_mask_received=True self_rm=11497 workspace=1511 table_rm=0 raw_obstacle=1511 persistent=96 voxels=96 mode=dynamic frame=58/5 bbox_min=(+0.188,+0.081,+0.057) bbox_max=(+0.206,+0.100,+0.320)
[INFO] [1784882940.160670216] [mujoco_policy_backend]: obstacle_init stamp=1784882939.921451762 depth=295704 robot_mask_received=True self_rm=11496 workspace=1515 table_rm=0 raw_obstacle=1515 persistent=94 voxels=94 mode=dynamic frame=59/5 bbox_min=(+0.187,+0.081,+0.057) bbox_max=(+0.205,+0.100,+0.320)
[INFO] [1784882940.595847837] [mujoco_policy_backend]: obstacle_init stamp=1784882940.202517702 depth=295692 robot_mask_received=True self_rm=11508 workspace=1519 table_rm=0 raw_obstacle=1519 persistent=95 voxels=95 mode=dynamic frame=60/5 bbox_min=(+0.187,+0.081,+0.056) bbox_max=(+0.205,+0.100,+0.320)
[INFO] [1784882940.642753264] [mujoco_policy_backend]: obstacle_init stamp=1784882940.407806733 depth=295693 robot_mask_received=True self_rm=11507 workspace=1525 table_rm=0 raw_obstacle=1525 persistent=89 voxels=89 mode=dynamic frame=61/5 bbox_min=(+0.187,+0.078,+0.056) bbox_max=(+0.205,+0.099,+0.320)
[INFO] [1784882940.843002135] [mujoco_policy_backend]: obstacle_init stamp=1784882940.667664449 depth=295671 robot_mask_received=True self_rm=11529 workspace=1529 table_rm=0 raw_obstacle=1529 persistent=76 voxels=76 mode=dynamic frame=62/5 bbox_min=(+0.179,+0.078,+0.057) bbox_max=(+0.203,+0.099,+0.320)
[INFO] [1784882941.211511724] [mujoco_policy_backend]: obstacle_init stamp=1784882940.951291883 depth=295655 robot_mask_received=True self_rm=11545 workspace=1531 table_rm=0 raw_obstacle=1531 persistent=79 voxels=79 mode=dynamic frame=63/5 bbox_min=(+0.179,+0.078,+0.057) bbox_max=(+0.203,+0.099,+0.320)
[INFO] [1784882941.354240343] [mujoco_policy_backend]: obstacle_init stamp=1784882941.132124627 depth=295649 robot_mask_received=True self_rm=11551 workspace=1542 table_rm=0 raw_obstacle=1542 persistent=85 voxels=85 mode=dynamic frame=64/5 bbox_min=(+0.179,+0.078,+0.057) bbox_max=(+0.203,+0.099,+0.320)
[INFO] [1784882941.684517900] [mujoco_policy_backend]: obstacle_init stamp=1784882941.429763487 depth=295629 robot_mask_received=True self_rm=11571 workspace=1543 table_rm=0 raw_obstacle=1543 persistent=85 voxels=85 mode=dynamic frame=65/5 bbox_min=(+0.179,+0.078,+0.057) bbox_max=(+0.202,+0.099,+0.320)
[INFO] [1784882941.750719755] [mujoco_policy_backend]: wrist_roi_diag frame=61 projected_uv=(-28.9,-240.1) red_uv=(157.5,4.9) offset=307.8px depth=0.074m
[INFO] [1784882941.862236025] [mujoco_policy_backend]: obstacle_init stamp=1784882941.610698397 depth=295599 robot_mask_received=True self_rm=11601 workspace=1550 table_rm=0 raw_obstacle=1550 persistent=90 voxels=90 mode=dynamic frame=66/5 bbox_min=(+0.179,+0.078,+0.058) bbox_max=(+0.202,+0.099,+0.320)
[INFO] [1784882942.051494970] [mujoco_policy_backend]: obstacle_init stamp=1784882941.866529547 depth=295591 robot_mask_received=True self_rm=11609 workspace=1553 table_rm=0 raw_obstacle=1553 persistent=91 voxels=91 mode=dynamic frame=67/5 bbox_min=(+0.179,+0.078,+0.057) bbox_max=(+0.201,+0.099,+0.320)
[INFO] [1784882942.366199583] [mujoco_policy_backend]: obstacle_init stamp=1784882942.159343793 depth=295565 robot_mask_received=True self_rm=11635 workspace=1562 table_rm=0 raw_obstacle=1562 persistent=91 voxels=91 mode=dynamic frame=68/5 bbox_min=(+0.179,+0.078,+0.057) bbox_max=(+0.201,+0.099,+0.320)
[INFO] [1784882942.562619667] [mujoco_policy_backend]: obstacle_init stamp=1784882942.348156117 depth=295536 robot_mask_received=True self_rm=11664 workspace=1564 table_rm=0 raw_obstacle=1564 persistent=97 voxels=97 mode=dynamic frame=69/5 bbox_min=(+0.178,+0.078,+0.058) bbox_max=(+0.200,+0.102,+0.320)
[INFO] [1784882942.921165099] [mujoco_policy_backend]: obstacle_init stamp=1784882942.646457506 depth=295527 robot_mask_received=True self_rm=11673 workspace=1574 table_rm=0 raw_obstacle=1574 persistent=99 voxels=99 mode=dynamic frame=70/5 bbox_min=(+0.178,+0.078,+0.057) bbox_max=(+0.199,+0.102,+0.320)
[INFO] [1784882943.044855151] [mujoco_policy_backend]: obstacle_init stamp=1784882942.825776862 depth=295498 robot_mask_received=True self_rm=11702 workspace=1574 table_rm=0 raw_obstacle=1574 persistent=102 voxels=102 mode=dynamic frame=71/5 bbox_min=(+0.178,+0.079,+0.057) bbox_max=(+0.199,+0.102,+0.320)
[INFO] [1784882943.471951351] [mujoco_policy_backend]: obstacle_init stamp=1784882943.114661880 depth=295486 robot_mask_received=True self_rm=11714 workspace=1585 table_rm=0 raw_obstacle=1585 persistent=112 voxels=112 mode=dynamic frame=72/5 bbox_min=(+0.177,+0.079,+0.058) bbox_max=(+0.198,+0.102,+0.320)
[INFO] [1784882943.601894631] [mujoco_policy_backend]: obstacle_init stamp=1784882943.292837159 depth=295480 robot_mask_received=True self_rm=11720 workspace=1589 table_rm=0 raw_obstacle=1589 persistent=118 voxels=118 mode=dynamic frame=73/5 bbox_min=(+0.177,+0.079,+0.058) bbox_max=(+0.197,+0.101,+0.320)
[INFO] [1784882943.764132377] [mujoco_policy_backend]: obstacle_init stamp=1784882943.520526442 depth=295479 robot_mask_received=True self_rm=11721 workspace=1594 table_rm=0 raw_obstacle=1594 persistent=119 voxels=119 mode=dynamic frame=74/5 bbox_min=(+0.177,+0.079,+0.057) bbox_max=(+0.197,+0.101,+0.320)
[INFO] [1784882944.056828129] [mujoco_policy_backend]: obstacle_init stamp=1784882943.809104061 depth=295455 robot_mask_received=True self_rm=11745 workspace=1606 table_rm=0 raw_obstacle=1606 persistent=118 voxels=118 mode=dynamic frame=75/5 bbox_min=(+0.176,+0.079,+0.058) bbox_max=(+0.196,+0.101,+0.320)
[INFO] [1784882944.139767187] [mujoco_policy_backend]: wrist_roi_diag frame=71 projected_uv=(-157.3,-165.3) red_uv=(43.7,17.4) offset=271.7px depth=0.080m
[INFO] [1784882944.396977202] [mujoco_policy_backend]: obstacle_init stamp=1784882944.000381823 depth=295451 robot_mask_received=True self_rm=11749 workspace=1607 table_rm=0 raw_obstacle=1607 persistent=117 voxels=117 mode=dynamic frame=76/5 bbox_min=(+0.176,+0.080,+0.057) bbox_max=(+0.196,+0.101,+0.320)
[INFO] [1784882944.446019767] [mujoco_policy_backend]: obstacle_init stamp=1784882944.232465132 depth=295457 robot_mask_received=True self_rm=11743 workspace=1611 table_rm=0 raw_obstacle=1611 persistent=107 voxels=107 mode=dynamic frame=77/5 bbox_min=(+0.176,+0.080,+0.057) bbox_max=(+0.195,+0.101,+0.320)
[INFO] [1784882944.833354857] [mujoco_policy_backend]: obstacle_init stamp=1784882944.552646601 depth=295448 robot_mask_received=True self_rm=11752 workspace=1621 table_rm=0 raw_obstacle=1621 persistent=94 voxels=94 mode=dynamic frame=78/5 bbox_min=(+0.175,+0.080,+0.058) bbox_max=(+0.194,+0.100,+0.320)
[INFO] [1784882944.946588908] [mujoco_policy_backend]: obstacle_init stamp=1784882944.726386463 depth=295451 robot_mask_received=True self_rm=11749 workspace=1630 table_rm=0 raw_obstacle=1630 persistent=95 voxels=95 mode=dynamic frame=79/5 bbox_min=(+0.175,+0.081,+0.057) bbox_max=(+0.194,+0.100,+0.320)
[INFO] [1784882945.290420577] [mujoco_policy_backend]: obstacle_init stamp=1784882945.032307324 depth=295440 robot_mask_received=True self_rm=11760 workspace=1633 table_rm=0 raw_obstacle=1633 persistent=95 voxels=95 mode=dynamic frame=80/5 bbox_min=(+0.175,+0.078,+0.058) bbox_max=(+0.193,+0.100,+0.320)
[INFO] [1784882945.462402379] [mujoco_policy_backend]: obstacle_init stamp=1784882945.208843949 depth=295441 robot_mask_received=True self_rm=11759 workspace=1639 table_rm=0 raw_obstacle=1639 persistent=76 voxels=76 mode=dynamic frame=81/5 bbox_min=(+0.168,+0.078,+0.057) bbox_max=(+0.191,+0.100,+0.320)
[INFO] [1784882945.655691437] [mujoco_policy_backend]: obstacle_init stamp=1784882945.463595349 depth=295465 robot_mask_received=True self_rm=11735 workspace=1648 table_rm=0 raw_obstacle=1648 persistent=81 voxels=81 mode=dynamic frame=82/5 bbox_min=(+0.168,+0.078,+0.057) bbox_max=(+0.191,+0.100,+0.320)
[INFO] [1784882946.009863585] [mujoco_policy_backend]: obstacle_init stamp=1784882945.741652650 depth=295461 robot_mask_received=True self_rm=11739 workspace=1656 table_rm=0 raw_obstacle=1656 persistent=87 voxels=87 mode=dynamic frame=83/5 bbox_min=(+0.168,+0.078,+0.057) bbox_max=(+0.190,+0.099,+0.320)
[INFO] [1784882946.146842577] [mujoco_policy_backend]: obstacle_init stamp=1784882945.919844476 depth=295465 robot_mask_received=True self_rm=11735 workspace=1660 table_rm=0 raw_obstacle=1660 persistent=91 voxels=91 mode=dynamic frame=84/5 bbox_min=(+0.167,+0.078,+0.057) bbox_max=(+0.190,+0.099,+0.320)
[INFO] [1784882946.374875118] [mujoco_policy_backend]: obstacle_init stamp=1784882946.196743032 depth=295465 robot_mask_received=True self_rm=11735 workspace=1725 table_rm=0 raw_obstacle=1725 persistent=124 voxels=124 mode=dynamic frame=85/5 bbox_min=(+0.043,-0.077,+0.058) bbox_max=(+0.324,+0.099,+0.320)
[INFO] [1784882946.728053842] [mujoco_policy_backend]: wrist_roi_diag frame=81 projected_uv=(-197.8,-43.9) red_uv=(19.1,72.7) offset=246.2px depth=0.088m
[INFO] [1784882946.851181146] [mujoco_policy_backend]: obstacle_init stamp=1784882946.640765551 depth=295462 robot_mask_received=True self_rm=11738 workspace=1676 table_rm=0 raw_obstacle=1676 persistent=97 voxels=97 mode=dynamic frame=86/5 bbox_min=(+0.167,+0.078,+0.057) bbox_max=(+0.188,+0.102,+0.320)
[INFO] [1784882947.233838046] [mujoco_policy_backend]: obstacle_init stamp=1784882946.918027738 depth=295377 robot_mask_received=True self_rm=11823 workspace=1681 table_rm=0 raw_obstacle=1681 persistent=98 voxels=98 mode=dynamic frame=87/5 bbox_min=(+0.166,+0.078,+0.057) bbox_max=(+0.188,+0.102,+0.320)
[INFO] [1784882947.395990390] [mujoco_policy_backend]: obstacle_init stamp=1784882947.092469530 depth=295250 robot_mask_received=True self_rm=11950 workspace=1689 table_rm=0 raw_obstacle=1689 persistent=103 voxels=103 mode=dynamic frame=88/5 bbox_min=(+0.166,+0.079,+0.057) bbox_max=(+0.187,+0.102,+0.320)
[INFO] [1784882947.563285385] [mujoco_policy_backend]: obstacle_init stamp=1784882947.325890832 depth=295247 robot_mask_received=True self_rm=11953 workspace=1694 table_rm=0 raw_obstacle=1694 persistent=113 voxels=113 mode=dynamic frame=89/5 bbox_min=(+0.166,+0.079,+0.057) bbox_max=(+0.186,+0.102,+0.320)
[INFO] [1784882947.931602729] [mujoco_policy_backend]: obstacle_init stamp=1784882947.644496974 depth=295205 robot_mask_received=True self_rm=11995 workspace=1702 table_rm=0 raw_obstacle=1702 persistent=118 voxels=118 mode=dynamic frame=90/5 bbox_min=(+0.165,+0.079,+0.058) bbox_max=(+0.185,+0.101,+0.320)
[INFO] [1784882948.045349367] [mujoco_policy_backend]: obstacle_init stamp=1784882947.838757880 depth=295165 robot_mask_received=True self_rm=12035 workspace=1712 table_rm=0 raw_obstacle=1712 persistent=117 voxels=117 mode=dynamic frame=91/5 bbox_min=(+0.165,+0.079,+0.057) bbox_max=(+0.185,+0.101,+0.320)
[INFO] [1784882948.380909323] [mujoco_policy_backend]: obstacle_init stamp=1784882948.137556366 depth=295170 robot_mask_received=True self_rm=12030 workspace=1717 table_rm=0 raw_obstacle=1717 persistent=118 voxels=118 mode=dynamic frame=92/5 bbox_min=(+0.165,+0.080,+0.057) bbox_max=(+0.184,+0.101,+0.320)
[INFO] [1784882948.595810320] [mujoco_policy_backend]: obstacle_init stamp=1784882948.311596851 depth=295201 robot_mask_received=True self_rm=11999 workspace=1722 table_rm=0 raw_obstacle=1722 persistent=116 voxels=116 mode=dynamic frame=93/5 bbox_min=(+0.164,+0.080,+0.057) bbox_max=(+0.183,+0.101,+0.320)
[INFO] [1784882948.754026862] [mujoco_policy_backend]: obstacle_init stamp=1784882948.537251199 depth=295205 robot_mask_received=True self_rm=11995 workspace=1728 table_rm=0 raw_obstacle=1728 persistent=96 voxels=96 mode=dynamic frame=94/5 bbox_min=(+0.164,+0.080,+0.057) bbox_max=(+0.182,+0.100,+0.320)
[INFO] [1784882949.169092369] [mujoco_policy_backend]: obstacle_init stamp=1784882948.855796148 depth=295194 robot_mask_received=True self_rm=12006 workspace=1739 table_rm=0 raw_obstacle=1739 persistent=95 voxels=95 mode=dynamic frame=95/5 bbox_min=(+0.164,+0.080,+0.056) bbox_max=(+0.187,+0.105,+0.320)
[INFO] [1784882949.171174316] [mujoco_policy_backend]: wrist_roi_diag frame=91 projected_uv=(-114.1,138.6) red_uv=(29.2,160.1) offset=144.9px depth=0.109m
[INFO] [1784882949.251525125] [mujoco_policy_backend]: obstacle_init stamp=1784882949.037708088 depth=295211 robot_mask_received=True self_rm=11989 workspace=1745 table_rm=0 raw_obstacle=1745 persistent=95 voxels=95 mode=dynamic frame=96/5 bbox_min=(+0.163,+0.081,+0.057) bbox_max=(+0.181,+0.100,+0.320)
[INFO] [1784882949.618248886] [mujoco_policy_backend]: obstacle_init stamp=1784882949.350742362 depth=295221 robot_mask_received=True self_rm=11979 workspace=1751 table_rm=0 raw_obstacle=1751 persistent=76 voxels=76 mode=dynamic frame=97/5 bbox_min=(+0.156,+0.078,+0.058) bbox_max=(+0.179,+0.100,+0.320)
[INFO] [1784882949.745002263] [mujoco_policy_backend]: obstacle_init stamp=1784882949.524752936 depth=295240 robot_mask_received=True self_rm=11960 workspace=1755 table_rm=0 raw_obstacle=1755 persistent=80 voxels=80 mode=dynamic frame=98/5 bbox_min=(+0.156,+0.078,+0.057) bbox_max=(+0.179,+0.099,+0.320)
[INFO] [1784882950.091014972] [mujoco_policy_backend]: obstacle_init stamp=1784882949.817819427 depth=295239 robot_mask_received=True self_rm=11961 workspace=1762 table_rm=0 raw_obstacle=1762 persistent=88 voxels=88 mode=dynamic frame=99/5 bbox_min=(+0.155,+0.078,+0.057) bbox_max=(+0.178,+0.100,+0.320)
[INFO] [1784882950.265065645] [mujoco_policy_backend]: obstacle_init stamp=1784882949.998776399 depth=295253 robot_mask_received=True self_rm=11947 workspace=1770 table_rm=0 raw_obstacle=1770 persistent=89 voxels=89 mode=dynamic frame=100/5 bbox_min=(+0.155,+0.078,+0.057) bbox_max=(+0.178,+0.099,+0.320)
[INFO] [1784882950.448649885] [mujoco_policy_backend]: obstacle_init stamp=1784882950.231357459 depth=295244 robot_mask_received=True self_rm=11956 workspace=1782 table_rm=0 raw_obstacle=1782 persistent=92 voxels=92 mode=dynamic frame=101/5 bbox_min=(+0.155,+0.078,+0.057) bbox_max=(+0.177,+0.100,+0.320)
[INFO] [1784882950.912667899] [mujoco_policy_backend]: obstacle_init stamp=1784882950.548789767 depth=295244 robot_mask_received=True self_rm=11956 workspace=1785 table_rm=0 raw_obstacle=1785 persistent=95 voxels=95 mode=dynamic frame=102/5 bbox_min=(+0.155,+0.078,+0.057) bbox_max=(+0.176,+0.102,+0.320)
[INFO] [1784882950.947831733] [mujoco_policy_backend]: obstacle_init stamp=1784882950.727507269 depth=295228 robot_mask_received=True self_rm=11972 workspace=1791 table_rm=0 raw_obstacle=1791 persistent=99 voxels=99 mode=dynamic frame=103/5 bbox_min=(+0.154,+0.078,+0.057) bbox_max=(+0.176,+0.102,+0.320)
[INFO] [1784882951.259537480] [mujoco_policy_backend]: obstacle_init stamp=1784882951.041201106 depth=295202 robot_mask_received=True self_rm=11998 workspace=1798 table_rm=0 raw_obstacle=1798 persistent=103 voxels=103 mode=dynamic frame=104/5 bbox_min=(+0.154,+0.079,+0.057) bbox_max=(+0.175,+0.102,+0.320)
[INFO] [1784882951.471068497] [mujoco_policy_backend]: obstacle_init stamp=1784882951.215972050 depth=295204 robot_mask_received=True self_rm=11996 workspace=1807 table_rm=0 raw_obstacle=1807 persistent=112 voxels=112 mode=dynamic frame=105/5 bbox_min=(+0.153,+0.079,+0.057) bbox_max=(+0.174,+0.102,+0.320)
[INFO] [1784882951.574439150] [mujoco_policy_backend]: wrist_roi_diag frame=101 projected_uv=(-56.9,220.1) red_uv=(38.2,202.6) offset=96.7px depth=0.122m
[INFO] [1784882951.653973699] [mujoco_policy_backend]: obstacle_init stamp=1784882951.445394666 depth=295191 robot_mask_received=True self_rm=12009 workspace=1812 table_rm=0 raw_obstacle=1812 persistent=118 voxels=118 mode=dynamic frame=106/5 bbox_min=(+0.153,+0.079,+0.057) bbox_max=(+0.174,+0.101,+0.320)
[INFO] [1784882951.976745301] [mujoco_policy_backend]: obstacle_init stamp=1784882951.718203928 depth=295170 robot_mask_received=True self_rm=12030 workspace=1817 table_rm=0 raw_obstacle=1817 persistent=118 voxels=118 mode=dynamic frame=107/5 bbox_min=(+0.153,+0.079,+0.057) bbox_max=(+0.173,+0.101,+0.320)
[INFO] [1784882952.178321097] [mujoco_policy_backend]: obstacle_init stamp=1784882951.901392004 depth=295161 robot_mask_received=True self_rm=12039 workspace=1825 table_rm=0 raw_obstacle=1825 persistent=117 voxels=117 mode=dynamic frame=108/5 bbox_min=(+0.152,+0.079,+0.057) bbox_max=(+0.172,+0.101,+0.320)
[INFO] [1784882952.368046952] [mujoco_policy_backend]: obstacle_init stamp=1784882952.133415749 depth=295153 robot_mask_received=True self_rm=12047 workspace=1833 table_rm=0 raw_obstacle=1833 persistent=116 voxels=116 mode=dynamic frame=109/5 bbox_min=(+0.152,+0.080,+0.057) bbox_max=(+0.171,+0.101,+0.320)
[INFO] [1784882952.765205915] [mujoco_policy_backend]: obstacle_init stamp=1784882952.397372821 depth=295146 robot_mask_received=True self_rm=12054 workspace=1835 table_rm=0 raw_obstacle=1835 persistent=101 voxels=101 mode=dynamic frame=110/5 bbox_min=(+0.152,+0.080,+0.058) bbox_max=(+0.171,+0.100,+0.320)
[INFO] [1784882952.942541960] [mujoco_policy_backend]: obstacle_init stamp=1784882952.586777728 depth=295142 robot_mask_received=True self_rm=12058 workspace=1844 table_rm=0 raw_obstacle=1844 persistent=91 voxels=91 mode=dynamic frame=111/5 bbox_min=(+0.151,+0.080,+0.057) bbox_max=(+0.170,+0.100,+0.320)
[INFO] [1784882953.064356107] [mujoco_policy_backend]: obstacle_init stamp=1784882952.822055965 depth=295146 robot_mask_received=True self_rm=12054 workspace=1852 table_rm=0 raw_obstacle=1852 persistent=95 voxels=95 mode=dynamic frame=112/5 bbox_min=(+0.151,+0.081,+0.057) bbox_max=(+0.169,+0.100,+0.320)
[INFO] [1784882953.379728125] [mujoco_policy_backend]: obstacle_init stamp=1784882953.110994108 depth=295172 robot_mask_received=True self_rm=12028 workspace=1859 table_rm=0 raw_obstacle=1859 persistent=92 voxels=92 mode=dynamic frame=113/5 bbox_min=(+0.144,+0.080,+0.057) bbox_max=(+0.169,+0.100,+0.320)
[INFO] [1784882953.586520437] [mujoco_policy_backend]: obstacle_init stamp=1784882953.290523747 depth=295165 robot_mask_received=True self_rm=12035 workspace=1861 table_rm=0 raw_obstacle=1861 persistent=75 voxels=75 mode=dynamic frame=114/5 bbox_min=(+0.144,+0.078,+0.057) bbox_max=(+0.167,+0.100,+0.320)
[INFO] [1784882953.761635657] [mujoco_policy_backend]: obstacle_init stamp=1784882953.514591183 depth=295171 robot_mask_received=True self_rm=12029 workspace=1870 table_rm=0 raw_obstacle=1870 persistent=82 voxels=82 mode=dynamic frame=115/5 bbox_min=(+0.144,+0.078,+0.057) bbox_max=(+0.167,+0.099,+0.320)
[INFO] [1784882953.906235128] [mujoco_policy_backend]: wrist_roi_diag frame=111 projected_uv=(7.4,279.1) red_uv=(49.1,233.8) offset=61.5px depth=0.133m
[INFO] [1784882954.094248032] [mujoco_policy_backend]: obstacle_init stamp=1784882953.813650504 depth=295159 robot_mask_received=True self_rm=12041 workspace=1877 table_rm=0 raw_obstacle=1877 persistent=87 voxels=87 mode=dynamic frame=116/5 bbox_min=(+0.144,+0.078,+0.057) bbox_max=(+0.166,+0.099,+0.320)
[INFO] [1784882954.290142509] [mujoco_policy_backend]: obstacle_init stamp=1784882953.997055397 depth=295157 robot_mask_received=True self_rm=12043 workspace=1879 table_rm=0 raw_obstacle=1879 persistent=91 voxels=91 mode=dynamic frame=117/5 bbox_min=(+0.143,+0.078,+0.057) bbox_max=(+0.166,+0.099,+0.320)
[INFO] [1784882954.454247224] [mujoco_policy_backend]: obstacle_init stamp=1784882954.220776526 depth=295159 robot_mask_received=True self_rm=12041 workspace=1887 table_rm=0 raw_obstacle=1887 persistent=91 voxels=91 mode=dynamic frame=118/5 bbox_min=(+0.143,+0.078,+0.057) bbox_max=(+0.165,+0.099,+0.320)
[INFO] [1784882954.772423024] [mujoco_policy_backend]: obstacle_init stamp=1784882954.542043310 depth=295150 robot_mask_received=True self_rm=12050 workspace=1892 table_rm=0 raw_obstacle=1892 persistent=93 voxels=93 mode=dynamic frame=119/5 bbox_min=(+0.143,+0.078,+0.057) bbox_max=(+0.165,+0.099,+0.320)
[INFO] [1784882954.952949893] [mujoco_policy_backend]: obstacle_init stamp=1784882954.716316685 depth=295129 robot_mask_received=True self_rm=12071 workspace=1897 table_rm=0 raw_obstacle=1897 persistent=99 voxels=99 mode=dynamic frame=120/5 bbox_min=(+0.143,+0.078,+0.057) bbox_max=(+0.164,+0.102,+0.320)
[INFO] [1784882955.151255439] [mujoco_policy_backend]: obstacle_init stamp=1784882954.976430714 depth=295128 robot_mask_received=True self_rm=12072 workspace=1903 table_rm=0 raw_obstacle=1903 persistent=101 voxels=101 mode=dynamic frame=121/5 bbox_min=(+0.142,+0.078,+0.057) bbox_max=(+0.163,+0.102,+0.320)
[INFO] [1784882955.501536784] [mujoco_policy_backend]: obstacle_init stamp=1784882955.254937237 depth=295104 robot_mask_received=True self_rm=12096 workspace=1907 table_rm=0 raw_obstacle=1907 persistent=103 voxels=103 mode=dynamic frame=122/5 bbox_min=(+0.142,+0.078,+0.057) bbox_max=(+0.163,+0.102,+0.320)
[INFO] [1784882955.668165771] [mujoco_policy_backend]: obstacle_init stamp=1784882955.437395115 depth=295095 robot_mask_received=True self_rm=12105 workspace=1913 table_rm=0 raw_obstacle=1913 persistent=104 voxels=104 mode=dynamic frame=123/5 bbox_min=(+0.142,+0.079,+0.057) bbox_max=(+0.162,+0.102,+0.320)
[INFO] [1784882956.048834620] [mujoco_policy_backend]: obstacle_init stamp=1784882955.691660237 depth=295078 robot_mask_received=True self_rm=12122 workspace=1918 table_rm=0 raw_obstacle=1918 persistent=114 voxels=114 mode=dynamic frame=124/5 bbox_min=(+0.142,+0.079,+0.057) bbox_max=(+0.162,+0.102,+0.320)
[INFO] [1784882956.201288633] [mujoco_policy_backend]: obstacle_init stamp=1784882955.884904137 depth=295072 robot_mask_received=True self_rm=12128 workspace=1923 table_rm=0 raw_obstacle=1923 persistent=118 voxels=118 mode=dynamic frame=125/5 bbox_min=(+0.141,+0.079,+0.057) bbox_max=(+0.161,+0.101,+0.320)
[INFO] [1784882956.256576198] [mujoco_policy_backend]: wrist_roi_diag frame=121 projected_uv=(65.2,331.6) red_uv=(95.5,247.1) offset=89.7px depth=0.142m
[INFO] [1784882956.363362811] [mujoco_policy_backend]: obstacle_init stamp=1784882956.118472998 depth=295068 robot_mask_received=True self_rm=12132 workspace=1931 table_rm=0 raw_obstacle=1931 persistent=119 voxels=119 mode=dynamic frame=126/5 bbox_min=(+0.141,+0.079,+0.057) bbox_max=(+0.161,+0.101,+0.320)
[INFO] [1784882956.573301887] [mujoco_policy_backend]: obstacle_init stamp=1784882956.404477945 depth=295068 robot_mask_received=True self_rm=12132 workspace=1961 table_rm=0 raw_obstacle=1961 persistent=142 voxels=142 mode=dynamic frame=127/5 bbox_min=(+0.059,-0.061,+0.057) bbox_max=(+0.355,+0.101,+0.320)
[INFO] [1784882956.936374765] [mujoco_policy_backend]: obstacle_init stamp=1784882956.761633078 depth=295154 robot_mask_received=True self_rm=12046 workspace=1940 table_rm=0 raw_obstacle=1940 persistent=118 voxels=118 mode=dynamic frame=128/5 bbox_min=(+0.140,+0.080,+0.057) bbox_max=(+0.160,+0.101,+0.320)
[INFO] [1784882957.263179817] [mujoco_policy_backend]: obstacle_init stamp=1784882957.069536243 depth=295355 robot_mask_received=True self_rm=11845 workspace=1941 table_rm=0 raw_obstacle=1941 persistent=118 voxels=118 mode=dynamic frame=129/5 bbox_min=(+0.140,+0.080,+0.057) bbox_max=(+0.159,+0.101,+0.320)
[INFO] [1784882957.677373368] [mujoco_policy_backend]: obstacle_init stamp=1784882957.312033022 depth=295386 robot_mask_received=True self_rm=11814 workspace=1949 table_rm=0 raw_obstacle=1949 persistent=111 voxels=111 mode=dynamic frame=130/5 bbox_min=(+0.140,+0.080,+0.057) bbox_max=(+0.159,+0.100,+0.320)
[INFO] [1784882957.766968863] [mujoco_policy_backend]: obstacle_init stamp=1784882957.492705865 depth=295354 robot_mask_received=True self_rm=11846 workspace=1948 table_rm=0 raw_obstacle=1948 persistent=97 voxels=97 mode=dynamic frame=131/5 bbox_min=(+0.140,+0.080,+0.058) bbox_max=(+0.158,+0.100,+0.320)
[INFO] [1784882957.951707846] [mujoco_policy_backend]: obstacle_init stamp=1784882957.716105068 depth=295346 robot_mask_received=True self_rm=11854 workspace=1955 table_rm=0 raw_obstacle=1955 persistent=93 voxels=93 mode=dynamic frame=132/5 bbox_min=(+0.140,+0.080,+0.057) bbox_max=(+0.158,+0.100,+0.320)
[INFO] [1784882958.347445626] [mujoco_policy_backend]: obstacle_init stamp=1784882958.034187003 depth=295331 robot_mask_received=True self_rm=11869 workspace=1960 table_rm=0 raw_obstacle=1960 persistent=95 voxels=95 mode=dynamic frame=133/5 bbox_min=(+0.139,+0.081,+0.057) bbox_max=(+0.157,+0.100,+0.320)
[INFO] [1784882958.447813369] [mujoco_policy_backend]: obstacle_init stamp=1784882958.218954036 depth=295326 robot_mask_received=True self_rm=11874 workspace=1965 table_rm=0 raw_obstacle=1965 persistent=95 voxels=95 mode=dynamic frame=134/5 bbox_min=(+0.139,+0.081,+0.057) bbox_max=(+0.157,+0.100,+0.320)
[INFO] [1784882958.649828650] [mujoco_policy_backend]: obstacle_init stamp=1784882958.485593516 depth=295313 robot_mask_received=True self_rm=11887 workspace=1964 table_rm=0 raw_obstacle=1964 persistent=95 voxels=95 mode=dynamic frame=135/5 bbox_min=(+0.139,+0.081,+0.057) bbox_max=(+0.157,+0.099,+0.320)
[INFO] [1784882958.851810328] [mujoco_policy_backend]: wrist_roi_diag frame=131 projected_uv=(139.5,365.6) red_uv=(197.9,288.5) offset=96.7px depth=0.145m
[INFO] [1784882958.951182100] [mujoco_policy_backend]: obstacle_init stamp=1784882958.766436681 depth=295313 robot_mask_received=True self_rm=11887 workspace=1969 table_rm=0 raw_obstacle=1969 persistent=72 voxels=72 mode=dynamic frame=136/5 bbox_min=(+0.139,+0.081,+0.057) bbox_max=(+0.156,+0.099,+0.320)
[INFO] [1784882959.138076697] [mujoco_policy_backend]: obstacle_init stamp=1784882958.958176226 depth=295308 robot_mask_received=True self_rm=11892 workspace=1976 table_rm=0 raw_obstacle=1976 persistent=75 voxels=75 mode=dynamic frame=137/5 bbox_min=(+0.132,+0.078,+0.057) bbox_max=(+0.155,+0.099,+0.320)
[INFO] [1784882959.541442688] [mujoco_policy_backend]: obstacle_init stamp=1784882959.244270169 depth=295273 robot_mask_received=True self_rm=11927 workspace=1974 table_rm=0 raw_obstacle=1974 persistent=76 voxels=76 mode=dynamic frame=138/5 bbox_min=(+0.132,+0.078,+0.057) bbox_max=(+0.155,+0.099,+0.320)
[INFO] [1784882959.672244538] [mujoco_policy_backend]: obstacle_init stamp=1784882959.418986043 depth=295248 robot_mask_received=True self_rm=11952 workspace=1976 table_rm=0 raw_obstacle=1976 persistent=79 voxels=79 mode=dynamic frame=139/5 bbox_min=(+0.132,+0.078,+0.057) bbox_max=(+0.155,+0.099,+0.320)
[INFO] [1784882960.001446815] [mujoco_policy_backend]: obstacle_init stamp=1784882959.718322237 depth=295241 robot_mask_received=True self_rm=11959 workspace=1983 table_rm=0 raw_obstacle=1983 persistent=83 voxels=83 mode=dynamic frame=140/5 bbox_min=(+0.131,+0.078,+0.057) bbox_max=(+0.155,+0.099,+0.320)
[INFO] [1784882960.234005313] [mujoco_policy_backend]: obstacle_init stamp=1784882959.897617567 depth=295205 robot_mask_received=True self_rm=11995 workspace=1984 table_rm=0 raw_obstacle=1984 persistent=86 voxels=86 mode=dynamic frame=141/5 bbox_min=(+0.131,+0.078,+0.058) bbox_max=(+0.154,+0.099,+0.320)
[INFO] [1784882960.372976641] [mujoco_policy_backend]: obstacle_init stamp=1784882960.121310125 depth=295192 robot_mask_received=True self_rm=12008 workspace=1984 table_rm=0 raw_obstacle=1984 persistent=84 voxels=84 mode=dynamic frame=142/5 bbox_min=(+0.131,+0.078,+0.057) bbox_max=(+0.154,+0.099,+0.320)
[INFO] [1784882960.681342346] [mujoco_policy_backend]: obstacle_init stamp=1784882960.451194713 depth=295159 robot_mask_received=True self_rm=12041 workspace=1989 table_rm=0 raw_obstacle=1989 persistent=88 voxels=88 mode=dynamic frame=143/5 bbox_min=(+0.131,+0.078,+0.057) bbox_max=(+0.154,+0.099,+0.320)
[INFO] [1784882960.865696647] [mujoco_policy_backend]: obstacle_init stamp=1784882960.626722897 depth=295140 robot_mask_received=True self_rm=12060 workspace=1995 table_rm=0 raw_obstacle=1995 persistent=90 voxels=90 mode=dynamic frame=144/5 bbox_min=(+0.131,+0.078,+0.057) bbox_max=(+0.153,+0.099,+0.320)
[INFO] [1784882961.177467399] [mujoco_policy_backend]: obstacle_init stamp=1784882960.943395103 depth=295113 robot_mask_received=True self_rm=12087 workspace=1994 table_rm=0 raw_obstacle=1994 persistent=91 voxels=91 mode=dynamic frame=145/5 bbox_min=(+0.131,+0.078,+0.057) bbox_max=(+0.153,+0.099,+0.320)
[INFO] [1784882961.264151139] [mujoco_policy_backend]: wrist_roi_diag frame=141 projected_uv=(236.4,387.5) red_uv=(288.1,342.4) offset=68.6px depth=0.149m
[INFO] [1784882961.346555736] [mujoco_policy_backend]: obstacle_init stamp=1784882961.121890219 depth=295099 robot_mask_received=True self_rm=12101 workspace=1992 table_rm=0 raw_obstacle=1992 persistent=91 voxels=91 mode=dynamic frame=146/5 bbox_min=(+0.131,+0.078,+0.057) bbox_max=(+0.153,+0.099,+0.320)
[INFO] [1784882961.683739783] [mujoco_policy_backend]: obstacle_init stamp=1784882961.435522166 depth=295087 robot_mask_received=True self_rm=12113 workspace=1994 table_rm=0 raw_obstacle=1994 persistent=93 voxels=93 mode=dynamic frame=147/5 bbox_min=(+0.131,+0.078,+0.057) bbox_max=(+0.153,+0.100,+0.320)
[INFO] [1784882961.854062112] [mujoco_policy_backend]: obstacle_init stamp=1784882961.610613922 depth=295072 robot_mask_received=True self_rm=12128 workspace=1996 table_rm=0 raw_obstacle=1996 persistent=93 voxels=93 mode=dynamic frame=148/5 bbox_min=(+0.131,+0.078,+0.057) bbox_max=(+0.153,+0.099,+0.320)
[INFO] [1784882962.180241467] [mujoco_policy_backend]: obstacle_init stamp=1784882961.921755523 depth=295074 robot_mask_received=True self_rm=12126 workspace=2001 table_rm=0 raw_obstacle=2001 persistent=93 voxels=93 mode=dynamic frame=149/5 bbox_min=(+0.131,+0.078,+0.057) bbox_max=(+0.152,+0.099,+0.320)
[INFO] [1784882962.338276110] [mujoco_policy_backend]: obstacle_init stamp=1784882962.107201355 depth=295030 robot_mask_received=True self_rm=12170 workspace=2001 table_rm=0 raw_obstacle=2001 persistent=93 voxels=93 mode=dynamic frame=150/5 bbox_min=(+0.131,+0.078,+0.058) bbox_max=(+0.152,+0.099,+0.320)
[INFO] [1784882962.710208024] [mujoco_policy_backend]: obstacle_init stamp=1784882962.443858389 depth=295001 robot_mask_received=True self_rm=12199 workspace=2004 table_rm=0 raw_obstacle=2004 persistent=93 voxels=93 mode=dynamic frame=151/5 bbox_min=(+0.130,+0.078,+0.057) bbox_max=(+0.152,+0.099,+0.320)
[INFO] [1784882962.873718021] [mujoco_policy_backend]: obstacle_init stamp=1784882962.637076421 depth=294969 robot_mask_received=True self_rm=12231 workspace=2002 table_rm=0 raw_obstacle=2002 persistent=92 voxels=92 mode=dynamic frame=152/5 bbox_min=(+0.130,+0.078,+0.057) bbox_max=(+0.152,+0.099,+0.320)
[INFO] [1784882963.221750095] [mujoco_policy_backend]: obstacle_init stamp=1784882962.951187616 depth=294952 robot_mask_received=True self_rm=12248 workspace=2004 table_rm=0 raw_obstacle=2004 persistent=92 voxels=92 mode=dynamic frame=153/5 bbox_min=(+0.130,+0.078,+0.057) bbox_max=(+0.152,+0.099,+0.320)
[INFO] [1784882963.337087128] [mujoco_policy_backend]: obstacle_init stamp=1784882963.132563145 depth=294944 robot_mask_received=True self_rm=12256 workspace=2003 table_rm=0 raw_obstacle=2003 persistent=92 voxels=92 mode=dynamic frame=154/5 bbox_min=(+0.130,+0.078,+0.056) bbox_max=(+0.152,+0.099,+0.320)
[INFO] [1784882963.653344560] [mujoco_policy_backend]: obstacle_init stamp=1784882963.419774157 depth=294931 robot_mask_received=True self_rm=12269 workspace=2003 table_rm=0 raw_obstacle=2003 persistent=91 voxels=91 mode=dynamic frame=155/5 bbox_min=(+0.130,+0.078,+0.056) bbox_max=(+0.152,+0.099,+0.320)
[INFO] [1784882963.735382590] [mujoco_policy_backend]: wrist_roi_diag frame=151 projected_uv=(305.3,390.2) red_uv=(329.8,328.6) offset=66.3px depth=0.146m
[INFO] [1784882963.980556605] [mujoco_policy_backend]: obstacle_init stamp=1784882963.599691401 depth=294926 robot_mask_received=True self_rm=12274 workspace=2003 table_rm=0 raw_obstacle=2003 persistent=91 voxels=91 mode=dynamic frame=156/5 bbox_min=(+0.130,+0.078,+0.056) bbox_max=(+0.152,+0.100,+0.320)
[INFO] [1784882964.065759869] [mujoco_policy_backend]: obstacle_init stamp=1784882963.830474847 depth=294906 robot_mask_received=True self_rm=12294 workspace=2003 table_rm=0 raw_obstacle=2003 persistent=91 voxels=91 mode=dynamic frame=157/5 bbox_min=(+0.130,+0.078,+0.056) bbox_max=(+0.152,+0.100,+0.320)
[INFO] [1784882964.353407773] [mujoco_policy_backend]: obstacle_init stamp=1784882964.164345221 depth=294906 robot_mask_received=True self_rm=12294 workspace=2003 table_rm=0 raw_obstacle=2003 persistent=92 voxels=92 mode=dynamic frame=158/5 bbox_min=(+0.130,+0.078,+0.056) bbox_max=(+0.152,+0.100,+0.320)
[INFO] [1784882964.737401911] [mujoco_policy_backend]: obstacle_init stamp=1784882964.427961709 depth=294904 robot_mask_received=True self_rm=12296 workspace=2004 table_rm=0 raw_obstacle=2004 persistent=92 voxels=92 mode=dynamic frame=159/5 bbox_min=(+0.130,+0.078,+0.056) bbox_max=(+0.152,+0.099,+0.320)
[INFO] [1784882964.890413765] [mujoco_policy_backend]: obstacle_init stamp=1784882964.606975303 depth=294892 robot_mask_received=True self_rm=12308 workspace=2002 table_rm=0 raw_obstacle=2002 persistent=92 voxels=92 mode=dynamic frame=160/5 bbox_min=(+0.130,+0.078,+0.056) bbox_max=(+0.152,+0.099,+0.320)
[INFO] [1784882965.054212859] [mujoco_policy_backend]: obstacle_init stamp=1784882964.833928186 depth=294886 robot_mask_received=True self_rm=12314 workspace=2004 table_rm=0 raw_obstacle=2004 persistent=93 voxels=93 mode=dynamic frame=161/5 bbox_min=(+0.130,+0.078,+0.056) bbox_max=(+0.152,+0.099,+0.320)
[INFO] [1784882965.400962212] [mujoco_policy_backend]: obstacle_init stamp=1784882965.142637354 depth=294890 robot_mask_received=True self_rm=12310 workspace=2001 table_rm=0 raw_obstacle=2001 persistent=93 voxels=93 mode=dynamic frame=162/5 bbox_min=(+0.130,+0.078,+0.057) bbox_max=(+0.152,+0.099,+0.320)
[INFO] [1784882965.677289199] [mujoco_policy_backend]: obstacle_init stamp=1784882965.314771907 depth=294902 robot_mask_received=True self_rm=12298 workspace=2001 table_rm=0 raw_obstacle=2001 persistent=93 voxels=93 mode=dynamic frame=163/5 bbox_min=(+0.130,+0.078,+0.057) bbox_max=(+0.152,+0.099,+0.320)
[INFO] [1784882965.759443593] [mujoco_policy_backend]: obstacle_init stamp=1784882965.540541018 depth=294889 robot_mask_received=True self_rm=12311 workspace=1996 table_rm=0 raw_obstacle=1996 persistent=93 voxels=93 mode=dynamic frame=164/5 bbox_min=(+0.130,+0.078,+0.057) bbox_max=(+0.152,+0.099,+0.320)
[INFO] [1784882966.062893343] [mujoco_policy_backend]: obstacle_init stamp=1784882965.843636459 depth=294887 robot_mask_received=True self_rm=12313 workspace=1994 table_rm=0 raw_obstacle=1994 persistent=93 voxels=93 mode=dynamic frame=165/5 bbox_min=(+0.131,+0.078,+0.057) bbox_max=(+0.152,+0.099,+0.320)
[INFO] [1784882966.152547062] [mujoco_policy_backend]: wrist_roi_diag frame=161 projected_uv=(365.4,387.0) red_uv=(381.6,316.8) offset=72.0px depth=0.139m
[INFO] [1784882966.263166911] [mujoco_policy_backend]: obstacle_init stamp=1784882966.017557197 depth=294902 robot_mask_received=True self_rm=12298 workspace=1992 table_rm=0 raw_obstacle=1992 persistent=91 voxels=91 mode=dynamic frame=166/5 bbox_min=(+0.131,+0.078,+0.057) bbox_max=(+0.152,+0.100,+0.320)
[INFO] [1784882966.654389307] [mujoco_policy_backend]: obstacle_init stamp=1784882966.328752466 depth=294913 robot_mask_received=True self_rm=12287 workspace=1994 table_rm=0 raw_obstacle=1994 persistent=91 voxels=91 mode=dynamic frame=167/5 bbox_min=(+0.131,+0.078,+0.057) bbox_max=(+0.153,+0.099,+0.320)
[INFO] [1784882966.838861734] [mujoco_policy_backend]: obstacle_init stamp=1784882966.502275343 depth=294901 robot_mask_received=True self_rm=12299 workspace=1995 table_rm=0 raw_obstacle=1995 persistent=90 voxels=90 mode=dynamic frame=168/5 bbox_min=(+0.131,+0.078,+0.057) bbox_max=(+0.153,+0.099,+0.320)
[INFO] [1784882966.984772078] [mujoco_policy_backend]: obstacle_init stamp=1784882966.735656015 depth=294910 robot_mask_received=True self_rm=12290 workspace=1989 table_rm=0 raw_obstacle=1989 persistent=88 voxels=88 mode=dynamic frame=169/5 bbox_min=(+0.131,+0.078,+0.057) bbox_max=(+0.153,+0.099,+0.320)
[INFO] [1784882967.310311567] [mujoco_policy_backend]: obstacle_init stamp=1784882967.040981008 depth=294915 robot_mask_received=True self_rm=12285 workspace=1984 table_rm=0 raw_obstacle=1984 persistent=84 voxels=84 mode=dynamic frame=170/5 bbox_min=(+0.131,+0.078,+0.057) bbox_max=(+0.153,+0.099,+0.320)
[INFO] [1784882967.485647072] [mujoco_policy_backend]: obstacle_init stamp=1784882967.213625339 depth=294937 robot_mask_received=True self_rm=12263 workspace=1984 table_rm=0 raw_obstacle=1984 persistent=86 voxels=86 mode=dynamic frame=171/5 bbox_min=(+0.131,+0.078,+0.057) bbox_max=(+0.153,+0.099,+0.320)
[INFO] [1784882967.693737415] [mujoco_policy_backend]: obstacle_init stamp=1784882967.438608966 depth=294939 robot_mask_received=True self_rm=12261 workspace=1983 table_rm=0 raw_obstacle=1983 persistent=83 voxels=83 mode=dynamic frame=172/5 bbox_min=(+0.131,+0.078,+0.057) bbox_max=(+0.154,+0.099,+0.320)
[INFO] [1784882968.018458040] [mujoco_policy_backend]: obstacle_init stamp=1784882967.695937757 depth=294946 robot_mask_received=True self_rm=12254 workspace=1976 table_rm=0 raw_obstacle=1976 persistent=79 voxels=79 mode=dynamic frame=173/5 bbox_min=(+0.131,+0.078,+0.057) bbox_max=(+0.154,+0.099,+0.320)
[INFO] [1784882968.245701426] [mujoco_policy_backend]: obstacle_init stamp=1784882967.912767409 depth=294964 robot_mask_received=True self_rm=12236 workspace=1974 table_rm=0 raw_obstacle=1974 persistent=76 voxels=76 mode=dynamic frame=174/5 bbox_min=(+0.131,+0.078,+0.057) bbox_max=(+0.154,+0.099,+0.320)
[INFO] [1784882968.383544529] [mujoco_policy_backend]: obstacle_init stamp=1784882968.144349325 depth=294969 robot_mask_received=True self_rm=12231 workspace=1976 table_rm=0 raw_obstacle=1976 persistent=75 voxels=75 mode=dynamic frame=175/5 bbox_min=(+0.131,+0.078,+0.057) bbox_max=(+0.155,+0.099,+0.320)
[INFO] [1784882968.532590572] [mujoco_policy_backend]: wrist_roi_diag frame=171 projected_uv=(430.0,387.3) red_uv=(439.7,307.3) offset=80.6px depth=0.128m
[INFO] [1784882968.671714501] [mujoco_policy_backend]: obstacle_init stamp=1784882968.448355643 depth=294974 robot_mask_received=True self_rm=12226 workspace=1969 table_rm=0 raw_obstacle=1969 persistent=72 voxels=72 mode=dynamic frame=176/5 bbox_min=(+0.138,+0.081,+0.057) bbox_max=(+0.155,+0.099,+0.320)
[INFO] [1784882968.870032733] [mujoco_policy_backend]: obstacle_init stamp=1784882968.642243125 depth=294991 robot_mask_received=True self_rm=12209 workspace=1964 table_rm=0 raw_obstacle=1964 persistent=95 voxels=95 mode=dynamic frame=177/5 bbox_min=(+0.138,+0.081,+0.057) bbox_max=(+0.156,+0.099,+0.320)
[INFO] [1784882969.191760638] [mujoco_policy_backend]: obstacle_init stamp=1784882968.933016876 depth=295008 robot_mask_received=True self_rm=12192 workspace=1965 table_rm=0 raw_obstacle=1965 persistent=95 voxels=95 mode=dynamic frame=178/5 bbox_min=(+0.139,+0.081,+0.057) bbox_max=(+0.156,+0.099,+0.320)
[INFO] [1784882969.380916298] [mujoco_policy_backend]: obstacle_init stamp=1784882969.101460752 depth=295039 robot_mask_received=True self_rm=12161 workspace=1960 table_rm=0 raw_obstacle=1960 persistent=95 voxels=95 mode=dynamic frame=179/5 bbox_min=(+0.139,+0.081,+0.057) bbox_max=(+0.156,+0.099,+0.320)
[INFO] [1784882969.549795413] [mujoco_policy_backend]: obstacle_init stamp=1784882969.318388291 depth=295076 robot_mask_received=True self_rm=12124 workspace=1955 table_rm=0 raw_obstacle=1955 persistent=93 voxels=93 mode=dynamic frame=180/5 bbox_min=(+0.139,+0.081,+0.057) bbox_max=(+0.157,+0.099,+0.320)
[INFO] [1784882969.891785424] [mujoco_policy_backend]: obstacle_init stamp=1784882969.622028003 depth=295104 robot_mask_received=True self_rm=12096 workspace=1948 table_rm=0 raw_obstacle=1948 persistent=97 voxels=97 mode=dynamic frame=181/5 bbox_min=(+0.139,+0.081,+0.057) bbox_max=(+0.157,+0.099,+0.320)
[INFO] [1784882970.091003019] [mujoco_policy_backend]: obstacle_init stamp=1784882969.792534137 depth=295131 robot_mask_received=True self_rm=12069 workspace=1949 table_rm=0 raw_obstacle=1949 persistent=111 voxels=111 mode=dynamic frame=182/5 bbox_min=(+0.139,+0.081,+0.057) bbox_max=(+0.157,+0.100,+0.320)
[INFO] [1784882970.306925314] [mujoco_policy_backend]: obstacle_init stamp=1784882970.010784327 depth=295170 robot_mask_received=True self_rm=12030 workspace=1941 table_rm=0 raw_obstacle=1941 persistent=118 voxels=118 mode=dynamic frame=183/5 bbox_min=(+0.140,+0.080,+0.056) bbox_max=(+0.158,+0.100,+0.320)
[INFO] [1784882970.431723341] [mujoco_policy_backend]: obstacle_init stamp=1784882970.236222147 depth=295193 robot_mask_received=True self_rm=12007 workspace=1940 table_rm=0 raw_obstacle=1940 persistent=118 voxels=118 mode=dynamic frame=184/5 bbox_min=(+0.140,+0.080,+0.057) bbox_max=(+0.158,+0.100,+0.320)
[INFO] [1784882970.800308457] [mujoco_policy_backend]: obstacle_init stamp=1784882970.525251672 depth=295217 robot_mask_received=True self_rm=11983 workspace=1931 table_rm=0 raw_obstacle=1931 persistent=119 voxels=119 mode=dynamic frame=185/5 bbox_min=(+0.140,+0.080,+0.057) bbox_max=(+0.159,+0.100,+0.320)
[INFO] [1784882970.825002026] [mujoco_policy_backend]: wrist_roi_diag frame=181 projected_uv=(515.7,382.6) red_uv=(514.8,290.6) offset=92.0px depth=0.114m
[INFO] [1784882970.993929418] [mujoco_policy_backend]: obstacle_init stamp=1784882970.694439370 depth=295228 robot_mask_received=True self_rm=11972 workspace=1931 table_rm=0 raw_obstacle=1931 persistent=119 voxels=119 mode=dynamic frame=186/5 bbox_min=(+0.140,+0.080,+0.057) bbox_max=(+0.159,+0.101,+0.320)
[INFO] [1784882971.153723841] [mujoco_policy_backend]: obstacle_init stamp=1784882970.915010409 depth=295253 robot_mask_received=True self_rm=11947 workspace=1923 table_rm=0 raw_obstacle=1923 persistent=118 voxels=118 mode=dynamic frame=187/5 bbox_min=(+0.140,+0.080,+0.057) bbox_max=(+0.160,+0.101,+0.320)
[INFO] [1784882971.342135889] [mujoco_policy_backend]: obstacle_init stamp=1784882971.186023835 depth=295261 robot_mask_received=True self_rm=11939 workspace=1918 table_rm=0 raw_obstacle=1918 persistent=114 voxels=114 mode=dynamic frame=188/5 bbox_min=(+0.141,+0.079,+0.056) bbox_max=(+0.160,+0.101,+0.320)
[INFO] [1784882971.699109734] [mujoco_policy_backend]: obstacle_init stamp=1784882971.447799400 depth=295281 robot_mask_received=True self_rm=11919 workspace=1913 table_rm=0 raw_obstacle=1913 persistent=104 voxels=104 mode=dynamic frame=189/5 bbox_min=(+0.141,+0.079,+0.057) bbox_max=(+0.161,+0.101,+0.320)
[INFO] [1784882971.899749004] [mujoco_policy_backend]: obstacle_init stamp=1784882971.616248006 depth=295302 robot_mask_received=True self_rm=11898 workspace=1907 table_rm=0 raw_obstacle=1907 persistent=103 voxels=103 mode=dynamic frame=190/5 bbox_min=(+0.141,+0.079,+0.057) bbox_max=(+0.161,+0.102,+0.320)
[INFO] [1784882972.051723056] [mujoco_policy_backend]: obstacle_init stamp=1784882971.864483323 depth=295317 robot_mask_received=True self_rm=11883 workspace=1903 table_rm=0 raw_obstacle=1903 persistent=101 voxels=101 mode=dynamic frame=191/5 bbox_min=(+0.142,+0.079,+0.057) bbox_max=(+0.162,+0.102,+0.320)
[INFO] [1784882972.383469991] [mujoco_policy_backend]: obstacle_init stamp=1784882972.125423237 depth=295300 robot_mask_received=True self_rm=11900 workspace=1897 table_rm=0 raw_obstacle=1897 persistent=99 voxels=99 mode=dynamic frame=192/5 bbox_min=(+0.142,+0.079,+0.057) bbox_max=(+0.162,+0.102,+0.320)
[INFO] [1784882972.567222224] [mujoco_policy_backend]: obstacle_init stamp=1784882972.298945390 depth=295275 robot_mask_received=True self_rm=11925 workspace=1892 table_rm=0 raw_obstacle=1892 persistent=93 voxels=93 mode=dynamic frame=193/5 bbox_min=(+0.142,+0.078,+0.057) bbox_max=(+0.163,+0.099,+0.320)
[INFO] [1784882972.733880834] [mujoco_policy_backend]: obstacle_init stamp=1784882972.528174587 depth=295259 robot_mask_received=True self_rm=11941 workspace=1887 table_rm=0 raw_obstacle=1887 persistent=91 voxels=91 mode=dynamic frame=194/5 bbox_min=(+0.142,+0.078,+0.057) bbox_max=(+0.164,+0.099,+0.320)
[INFO] [1784882973.061005444] [mujoco_policy_backend]: obstacle_init stamp=1784882972.828679687 depth=295248 robot_mask_received=True self_rm=11952 workspace=1879 table_rm=0 raw_obstacle=1879 persistent=91 voxels=91 mode=dynamic frame=195/5 bbox_min=(+0.143,+0.078,+0.057) bbox_max=(+0.164,+0.099,+0.320)
[INFO] [1784882973.144757131] [mujoco_policy_backend]: wrist_roi_diag frame=191 projected_uv=(602.8,390.1) red_uv=(561.0,288.9) offset=109.5px depth=0.105m
[INFO] [1784882973.298851659] [mujoco_policy_backend]: obstacle_init stamp=1784882973.010983496 depth=295228 robot_mask_received=True self_rm=11972 workspace=1877 table_rm=0 raw_obstacle=1877 persistent=87 voxels=87 mode=dynamic frame=196/5 bbox_min=(+0.143,+0.078,+0.057) bbox_max=(+0.165,+0.099,+0.320)
[INFO] [1784882973.447496002] [mujoco_policy_backend]: obstacle_init stamp=1784882973.242407955 depth=295185 robot_mask_received=True self_rm=12015 workspace=1870 table_rm=0 raw_obstacle=1870 persistent=82 voxels=82 mode=dynamic frame=197/5 bbox_min=(+0.143,+0.078,+0.057) bbox_max=(+0.165,+0.099,+0.320)
[INFO] [1784882973.793235837] [mujoco_policy_backend]: obstacle_init stamp=1784882973.545358297 depth=295172 robot_mask_received=True self_rm=12028 workspace=1861 table_rm=0 raw_obstacle=1861 persistent=75 voxels=75 mode=dynamic frame=198/5 bbox_min=(+0.144,+0.078,+0.057) bbox_max=(+0.166,+0.099,+0.320)
[INFO] [1784882973.974526201] [mujoco_policy_backend]: obstacle_init stamp=1784882973.718807642 depth=295174 robot_mask_received=True self_rm=12026 workspace=1859 table_rm=0 raw_obstacle=1859 persistent=92 voxels=92 mode=dynamic frame=199/5 bbox_min=(+0.144,+0.081,+0.057) bbox_max=(+0.168,+0.099,+0.320)
[INFO] [1784882974.159063992] [mujoco_policy_backend]: obstacle_init stamp=1784882973.957759826 depth=295174 robot_mask_received=True self_rm=12026 workspace=1906 table_rm=0 raw_obstacle=1906 persistent=122 voxels=122 mode=dynamic frame=200/5 bbox_min=(+0.128,-0.020,+0.057) bbox_max=(+0.358,+0.099,+0.320)
[INFO] [1784882974.437141414] [mujoco_policy_backend]: obstacle_init stamp=1784882974.287504006 depth=295182 robot_mask_received=True self_rm=12018 workspace=1844 table_rm=0 raw_obstacle=1844 persistent=91 voxels=91 mode=dynamic frame=201/5 bbox_min=(+0.151,+0.081,+0.057) bbox_max=(+0.169,+0.099,+0.320)
[INFO] [1784882974.757784571] [mujoco_policy_backend]: obstacle_init stamp=1784882974.567520073 depth=295134 robot_mask_received=True self_rm=12066 workspace=1835 table_rm=0 raw_obstacle=1835 persistent=101 voxels=101 mode=dynamic frame=202/5 bbox_min=(+0.151,+0.081,+0.057) bbox_max=(+0.169,+0.100,+0.320)
[INFO] [1784882974.960565549] [mujoco_policy_backend]: obstacle_init stamp=1784882974.798301487 depth=295134 robot_mask_received=True self_rm=12066 workspace=1892 table_rm=0 raw_obstacle=1892 persistent=145 voxels=145 mode=dynamic frame=203/5 bbox_min=(+0.150,-0.032,+0.057) bbox_max=(+0.359,+0.100,+0.320)
[INFO] [1784882975.377096720] [mujoco_policy_backend]: obstacle_init stamp=1784882975.179044504 depth=295267 robot_mask_received=True self_rm=11933 workspace=1825 table_rm=0 raw_obstacle=1825 persistent=117 voxels=117 mode=dynamic frame=204/5 bbox_min=(+0.151,+0.080,+0.056) bbox_max=(+0.170,+0.100,+0.320)
[INFO] [1784882975.667145643] [mujoco_policy_backend]: obstacle_init stamp=1784882975.482282593 depth=295527 robot_mask_received=True self_rm=11673 workspace=1817 table_rm=0 raw_obstacle=1817 persistent=118 voxels=118 mode=dynamic frame=205/5 bbox_min=(+0.152,+0.080,+0.056) bbox_max=(+0.171,+0.101,+0.320)
[INFO] [1784882975.837061151] [mujoco_policy_backend]: wrist_roi_diag frame=201 projected_uv=(570.0,366.4) red_uv=(541.0,263.3) offset=107.1px depth=0.102m
[INFO] [1784882976.049327410] [mujoco_policy_backend]: obstacle_init stamp=1784882975.750790118 depth=295507 robot_mask_received=True self_rm=11693 workspace=1812 table_rm=0 raw_obstacle=1812 persistent=118 voxels=118 mode=dynamic frame=206/5 bbox_min=(+0.152,+0.080,+0.057) bbox_max=(+0.171,+0.101,+0.320)
[INFO] [1784882976.148238928] [mujoco_policy_backend]: obstacle_init stamp=1784882975.927031747 depth=295541 robot_mask_received=True self_rm=11659 workspace=1807 table_rm=0 raw_obstacle=1807 persistent=112 voxels=112 mode=dynamic frame=207/5 bbox_min=(+0.152,+0.079,+0.056) bbox_max=(+0.172,+0.101,+0.320)
[INFO] [1784882976.356431288] [mujoco_policy_backend]: obstacle_init stamp=1784882976.195956884 depth=295541 robot_mask_received=True self_rm=11659 workspace=1869 table_rm=0 raw_obstacle=1869 persistent=141 voxels=141 mode=dynamic frame=208/5 bbox_min=(+0.103,-0.020,+0.057) bbox_max=(+0.359,+0.101,+0.320)
[INFO] [1784882977.840441313] [mujoco_policy_backend]: obstacle_init stamp=1784882977.630922636 depth=295553 robot_mask_received=True self_rm=11647 workspace=1791 table_rm=0 raw_obstacle=1791 persistent=99 voxels=99 mode=dynamic frame=209/5 bbox_min=(+0.153,+0.079,+0.057) bbox_max=(+0.174,+0.102,+0.320)
[INFO] [1784882978.362771879] [mujoco_policy_backend]: obstacle_init stamp=1784882978.143978731 depth=295470 robot_mask_received=True self_rm=11730 workspace=1785 table_rm=0 raw_obstacle=1785 persistent=95 voxels=95 mode=dynamic frame=210/5 bbox_min=(+0.154,+0.079,+0.057) bbox_max=(+0.174,+0.101,+0.320)
[INFO] [1784882978.541123591] [mujoco_policy_backend]: obstacle_init stamp=1784882978.314913456 depth=295402 robot_mask_received=True self_rm=11798 workspace=1782 table_rm=0 raw_obstacle=1782 persistent=92 voxels=92 mode=dynamic frame=211/5 bbox_min=(+0.154,+0.078,+0.057) bbox_max=(+0.175,+0.099,+0.320)
[INFO] [1784882978.901727331] [mujoco_policy_backend]: obstacle_init stamp=1784882978.643046241 depth=295414 robot_mask_received=True self_rm=11786 workspace=1770 table_rm=0 raw_obstacle=1770 persistent=89 voxels=89 mode=dynamic frame=212/5 bbox_min=(+0.154,+0.078,+0.057) bbox_max=(+0.176,+0.099,+0.320)
[INFO] [1784882979.041705265] [mujoco_policy_backend]: obstacle_init stamp=1784882978.819187317 depth=295383 robot_mask_received=True self_rm=11817 workspace=1762 table_rm=0 raw_obstacle=1762 persistent=88 voxels=88 mode=dynamic frame=213/5 bbox_min=(+0.155,+0.078,+0.057) bbox_max=(+0.176,+0.100,+0.320)
[INFO] [1784882979.252265874] [mujoco_policy_backend]: obstacle_init stamp=1784882979.095162430 depth=295320 robot_mask_received=True self_rm=11880 workspace=1755 table_rm=0 raw_obstacle=1755 persistent=80 voxels=80 mode=dynamic frame=214/5 bbox_min=(+0.155,+0.078,+0.057) bbox_max=(+0.177,+0.100,+0.320)
[INFO] [1784882979.543801837] [mujoco_policy_backend]: obstacle_init stamp=1784882979.367094292 depth=295308 robot_mask_received=True self_rm=11892 workspace=1751 table_rm=0 raw_obstacle=1751 persistent=76 voxels=76 mode=dynamic frame=215/5 bbox_min=(+0.155,+0.078,+0.057) bbox_max=(+0.178,+0.099,+0.320)
[INFO] [1784882979.711498923] [mujoco_policy_backend]: wrist_roi_diag frame=211 projected_uv=(632.6,388.3) red_uv=(569.9,280.4) offset=124.8px depth=0.099m
[INFO] [1784882979.871882740] [mujoco_policy_backend]: obstacle_init stamp=1784882979.625322520 depth=295322 robot_mask_received=True self_rm=11878 workspace=1745 table_rm=0 raw_obstacle=1745 persistent=95 voxels=95 mode=dynamic frame=216/5 bbox_min=(+0.162,+0.081,+0.056) bbox_max=(+0.180,+0.099,+0.320)
[INFO] [1784882980.109533868] [mujoco_policy_backend]: obstacle_init stamp=1784882979.809565746 depth=295319 robot_mask_received=True self_rm=11881 workspace=1739 table_rm=0 raw_obstacle=1739 persistent=95 voxels=95 mode=dynamic frame=217/5 bbox_min=(+0.163,+0.081,+0.056) bbox_max=(+0.187,+0.105,+0.320)
[INFO] [1784882980.245005596] [mujoco_policy_backend]: obstacle_init stamp=1784882980.039225143 depth=295313 robot_mask_received=True self_rm=11887 workspace=1728 table_rm=0 raw_obstacle=1728 persistent=96 voxels=96 mode=dynamic frame=218/5 bbox_min=(+0.163,+0.081,+0.057) bbox_max=(+0.181,+0.099,+0.320)
[INFO] [1784882980.566904386] [mujoco_policy_backend]: obstacle_init stamp=1784882980.348737724 depth=295324 robot_mask_received=True self_rm=11876 workspace=1722 table_rm=0 raw_obstacle=1722 persistent=116 voxels=116 mode=dynamic frame=219/5 bbox_min=(+0.163,+0.081,+0.057) bbox_max=(+0.181,+0.100,+0.320)
[INFO] [1784882980.745891539] [mujoco_policy_backend]: obstacle_init stamp=1784882980.524885272 depth=295344 robot_mask_received=True self_rm=11856 workspace=1717 table_rm=0 raw_obstacle=1717 persistent=118 voxels=118 mode=dynamic frame=220/5 bbox_min=(+0.164,+0.080,+0.057) bbox_max=(+0.182,+0.100,+0.320)
[INFO] [1784882980.958875931] [mujoco_policy_backend]: obstacle_init stamp=1784882980.794712873 depth=295344 robot_mask_received=True self_rm=11856 workspace=1769 table_rm=0 raw_obstacle=1769 persistent=146 voxels=146 mode=dynamic frame=221/5 bbox_min=(+0.133,-0.022,+0.057) bbox_max=(+0.357,+0.101,+0.320)
[INFO] [1784882981.258101673] [mujoco_policy_backend]: obstacle_init stamp=1784882981.109681104 depth=295327 robot_mask_received=True self_rm=11873 workspace=1739 table_rm=0 raw_obstacle=1739 persistent=139 voxels=139 mode=dynamic frame=222/5 bbox_min=(+0.134,-0.028,+0.056) bbox_max=(+0.346,+0.101,+0.320)
[INFO] [1784882981.644673365] [mujoco_policy_backend]: obstacle_init stamp=1784882981.426695830 depth=295506 robot_mask_received=True self_rm=11694 workspace=1694 table_rm=0 raw_obstacle=1694 persistent=113 voxels=113 mode=dynamic frame=223/5 bbox_min=(+0.165,+0.079,+0.057) bbox_max=(+0.184,+0.101,+0.320)
[INFO] [1784882981.987653841] [mujoco_policy_backend]: obstacle_init stamp=1784882981.703807923 depth=295583 robot_mask_received=True self_rm=11617 workspace=1689 table_rm=0 raw_obstacle=1689 persistent=103 voxels=103 mode=dynamic frame=224/5 bbox_min=(+0.165,+0.079,+0.057) bbox_max=(+0.185,+0.101,+0.320)
[INFO] [1784882982.183542944] [mujoco_policy_backend]: obstacle_init stamp=1784882981.884969329 depth=295592 robot_mask_received=True self_rm=11608 workspace=1681 table_rm=0 raw_obstacle=1681 persistent=98 voxels=98 mode=dynamic frame=225/5 bbox_min=(+0.165,+0.079,+0.057) bbox_max=(+0.185,+0.101,+0.320)
[INFO] [1784882982.282339386] [mujoco_policy_backend]: wrist_roi_diag frame=221 projected_uv=(638.2,423.4) red_uv=(571.2,309.8) offset=131.9px depth=0.096m
[INFO] [1784882982.347480086] [mujoco_policy_backend]: obstacle_init stamp=1784882982.132402498 depth=295584 robot_mask_received=True self_rm=11616 workspace=1676 table_rm=0 raw_obstacle=1676 persistent=97 voxels=97 mode=dynamic frame=226/5 bbox_min=(+0.166,+0.079,+0.057) bbox_max=(+0.186,+0.102,+0.320)
[INFO] [1784882982.676349545] [mujoco_policy_backend]: obstacle_init stamp=1784882982.440231743 depth=295575 robot_mask_received=True self_rm=11625 workspace=1666 table_rm=0 raw_obstacle=1666 persistent=90 voxels=90 mode=dynamic frame=227/5 bbox_min=(+0.166,+0.078,+0.057) bbox_max=(+0.187,+0.099,+0.320)
[INFO] [1784882982.858926288] [mujoco_policy_backend]: obstacle_init stamp=1784882982.617235696 depth=295524 robot_mask_received=True self_rm=11676 workspace=1660 table_rm=0 raw_obstacle=1660 persistent=91 voxels=91 mode=dynamic frame=228/5 bbox_min=(+0.167,+0.078,+0.057) bbox_max=(+0.188,+0.099,+0.320)
[INFO] [1784882983.055211530] [mujoco_policy_backend]: obstacle_init stamp=1784882982.871805872 depth=295469 robot_mask_received=True self_rm=11731 workspace=1656 table_rm=0 raw_obstacle=1656 persistent=87 voxels=87 mode=dynamic frame=229/5 bbox_min=(+0.167,+0.078,+0.057) bbox_max=(+0.188,+0.099,+0.320)
[INFO] [1784882983.378896658] [mujoco_policy_backend]: obstacle_init stamp=1784882983.143152078 depth=295416 robot_mask_received=True self_rm=11784 workspace=1648 table_rm=0 raw_obstacle=1648 persistent=81 voxels=81 mode=dynamic frame=230/5 bbox_min=(+0.167,+0.078,+0.057) bbox_max=(+0.189,+0.099,+0.320)
[INFO] [1784882983.597578500] [mujoco_policy_backend]: obstacle_init stamp=1784882983.319423232 depth=295385 robot_mask_received=True self_rm=11815 workspace=1639 table_rm=0 raw_obstacle=1639 persistent=76 voxels=76 mode=dynamic frame=231/5 bbox_min=(+0.167,+0.078,+0.057) bbox_max=(+0.190,+0.099,+0.320)
[INFO] [1784882983.749857202] [mujoco_policy_backend]: obstacle_init stamp=1784882983.569578160 depth=295341 robot_mask_received=True self_rm=11859 workspace=1633 table_rm=0 raw_obstacle=1633 persistent=95 voxels=95 mode=dynamic frame=232/5 bbox_min=(+0.174,+0.078,+0.057) bbox_max=(+0.192,+0.099,+0.320)
[INFO] [1784882984.093347046] [mujoco_policy_backend]: obstacle_init stamp=1784882983.838268833 depth=295338 robot_mask_received=True self_rm=11862 workspace=1630 table_rm=0 raw_obstacle=1630 persistent=95 voxels=95 mode=dynamic frame=233/5 bbox_min=(+0.174,+0.081,+0.056) bbox_max=(+0.193,+0.099,+0.320)
[INFO] [1784882984.308751137] [mujoco_policy_backend]: obstacle_init stamp=1784882984.009459908 depth=295319 robot_mask_received=True self_rm=11881 workspace=1621 table_rm=0 raw_obstacle=1621 persistent=94 voxels=94 mode=dynamic frame=234/5 bbox_min=(+0.175,+0.080,+0.057) bbox_max=(+0.193,+0.099,+0.320)
[INFO] [1784882984.462614398] [mujoco_policy_backend]: obstacle_init stamp=1784882984.234381598 depth=295291 robot_mask_received=True self_rm=11909 workspace=1611 table_rm=0 raw_obstacle=1611 persistent=107 voxels=107 mode=dynamic frame=235/5 bbox_min=(+0.175,+0.081,+0.057) bbox_max=(+0.193,+0.100,+0.320)
[INFO] [1784882984.607126020] [mujoco_policy_backend]: wrist_roi_diag frame=231 projected_uv=(680.0,381.4) red_uv=(584.1,263.9) offset=151.7px depth=0.093m
[INFO] [1784882984.773471113] [mujoco_policy_backend]: obstacle_init stamp=1784882984.506940417 depth=295289 robot_mask_received=True self_rm=11911 workspace=1607 table_rm=0 raw_obstacle=1607 persistent=117 voxels=117 mode=dynamic frame=236/5 bbox_min=(+0.175,+0.080,+0.056) bbox_max=(+0.194,+0.100,+0.320)
[INFO] [1784882985.013239224] [mujoco_policy_backend]: obstacle_init stamp=1784882984.702070449 depth=295293 robot_mask_received=True self_rm=11907 workspace=1606 table_rm=0 raw_obstacle=1606 persistent=118 voxels=118 mode=dynamic frame=237/5 bbox_min=(+0.176,+0.080,+0.056) bbox_max=(+0.194,+0.100,+0.320)
[INFO] [1784882985.157147076] [mujoco_policy_backend]: obstacle_init stamp=1784882984.925333725 depth=295266 robot_mask_received=True self_rm=11934 workspace=1594 table_rm=0 raw_obstacle=1594 persistent=119 voxels=119 mode=dynamic frame=238/5 bbox_min=(+0.176,+0.080,+0.057) bbox_max=(+0.195,+0.101,+0.320)
[INFO] [1784882985.524222275] [mujoco_policy_backend]: obstacle_init stamp=1784882985.241077582 depth=295258 robot_mask_received=True self_rm=11942 workspace=1589 table_rm=0 raw_obstacle=1589 persistent=118 voxels=118 mode=dynamic frame=239/5 bbox_min=(+0.176,+0.080,+0.057) bbox_max=(+0.196,+0.101,+0.320)
[INFO] [1784882985.748207027] [mujoco_policy_backend]: obstacle_init stamp=1784882985.411246689 depth=295256 robot_mask_received=True self_rm=11944 workspace=1585 table_rm=0 raw_obstacle=1585 persistent=112 voxels=112 mode=dynamic frame=240/5 bbox_min=(+0.176,+0.079,+0.056) bbox_max=(+0.196,+0.101,+0.320)
[INFO] [1784882985.855590778] [mujoco_policy_backend]: obstacle_init stamp=1784882985.635714500 depth=295246 robot_mask_received=True self_rm=11954 workspace=1574 table_rm=0 raw_obstacle=1574 persistent=102 voxels=102 mode=dynamic frame=241/5 bbox_min=(+0.177,+0.079,+0.057) bbox_max=(+0.197,+0.101,+0.320)
[INFO] [1784882986.292317684] [mujoco_policy_backend]: obstacle_init stamp=1784882985.927552708 depth=295216 robot_mask_received=True self_rm=11984 workspace=1574 table_rm=0 raw_obstacle=1574 persistent=99 voxels=99 mode=dynamic frame=242/5 bbox_min=(+0.177,+0.079,+0.057) bbox_max=(+0.197,+0.102,+0.320)
[INFO] [1784882986.421343652] [mujoco_policy_backend]: obstacle_init stamp=1784882986.108529754 depth=295194 robot_mask_received=True self_rm=12006 workspace=1564 table_rm=0 raw_obstacle=1564 persistent=97 voxels=97 mode=dynamic frame=243/5 bbox_min=(+0.177,+0.079,+0.057) bbox_max=(+0.198,+0.102,+0.320)
[INFO] [1784882986.553273013] [mujoco_policy_backend]: obstacle_init stamp=1784882986.330420549 depth=295182 robot_mask_received=True self_rm=12018 workspace=1562 table_rm=0 raw_obstacle=1562 persistent=91 voxels=91 mode=dynamic frame=244/5 bbox_min=(+0.178,+0.079,+0.056) bbox_max=(+0.199,+0.099,+0.320)
[INFO] [1784882986.937983535] [mujoco_policy_backend]: obstacle_init stamp=1784882986.643454693 depth=295172 robot_mask_received=True self_rm=12028 workspace=1553 table_rm=0 raw_obstacle=1553 persistent=91 voxels=91 mode=dynamic frame=245/5 bbox_min=(+0.178,+0.078,+0.057) bbox_max=(+0.199,+0.099,+0.320)
[INFO] [1784882986.949925207] [mujoco_policy_backend]: wrist_roi_diag frame=241 projected_uv=(694.4,363.5) red_uv=(587.9,244.0) offset=160.0px depth=0.092m
[INFO] [1784882987.195144520] [mujoco_policy_backend]: obstacle_init stamp=1784882986.814583370 depth=295118 robot_mask_received=True self_rm=12082 workspace=1550 table_rm=0 raw_obstacle=1550 persistent=90 voxels=90 mode=dynamic frame=246/5 bbox_min=(+0.178,+0.078,+0.057) bbox_max=(+0.200,+0.099,+0.320)
[INFO] [1784882987.260962807] [mujoco_policy_backend]: obstacle_init stamp=1784882987.050874870 depth=295107 robot_mask_received=True self_rm=12093 workspace=1543 table_rm=0 raw_obstacle=1543 persistent=85 voxels=85 mode=dynamic frame=247/5 bbox_min=(+0.179,+0.078,+0.057) bbox_max=(+0.201,+0.100,+0.320)
[INFO] [1784882987.566051898] [mujoco_policy_backend]: obstacle_init stamp=1784882987.339850642 depth=295099 robot_mask_received=True self_rm=12101 workspace=1542 table_rm=0 raw_obstacle=1542 persistent=85 voxels=85 mode=dynamic frame=248/5 bbox_min=(+0.179,+0.078,+0.057) bbox_max=(+0.201,+0.099,+0.320)
[INFO] [1784882987.765789511] [mujoco_policy_backend]: obstacle_init stamp=1784882987.516658581 depth=295087 robot_mask_received=True self_rm=12113 workspace=1531 table_rm=0 raw_obstacle=1531 persistent=79 voxels=79 mode=dynamic frame=249/5 bbox_min=(+0.179,+0.078,+0.058) bbox_max=(+0.202,+0.099,+0.320)
[INFO] [1784882987.964909143] [mujoco_policy_backend]: obstacle_init stamp=1784882987.791235644 depth=295087 robot_mask_received=True self_rm=12113 workspace=1582 table_rm=0 raw_obstacle=1582 persistent=102 voxels=102 mode=dynamic frame=250/5 bbox_min=(+0.141,-0.031,+0.056) bbox_max=(+0.357,+0.100,+0.320)
[INFO] [1784882988.347836714] [mujoco_policy_backend]: obstacle_init stamp=1784882988.113235850 depth=294984 robot_mask_received=True self_rm=12216 workspace=1525 table_rm=0 raw_obstacle=1525 persistent=89 voxels=89 mode=dynamic frame=251/5 bbox_min=(+0.186,+0.078,+0.057) bbox_max=(+0.204,+0.100,+0.320)
[INFO] [1784882988.672805927] [mujoco_policy_backend]: obstacle_init stamp=1784882988.416463728 depth=294758 robot_mask_received=True self_rm=12442 workspace=1519 table_rm=0 raw_obstacle=1519 persistent=95 voxels=95 mode=dynamic frame=252/5 bbox_min=(+0.186,+0.081,+0.057) bbox_max=(+0.204,+0.099,+0.320)
[INFO] [1784882988.899565301] [mujoco_policy_backend]: obstacle_init stamp=1784882988.602804082 depth=294478 robot_mask_received=True self_rm=12722 workspace=1515 table_rm=0 raw_obstacle=1515 persistent=94 voxels=94 mode=dynamic frame=253/5 bbox_min=(+0.187,+0.081,+0.057) bbox_max=(+0.205,+0.100,+0.320)
[INFO] [1784882989.051934984] [mujoco_policy_backend]: obstacle_init stamp=1784882988.817622472 depth=294397 robot_mask_received=True self_rm=12803 workspace=1511 table_rm=0 raw_obstacle=1511 persistent=96 voxels=96 mode=dynamic frame=254/5 bbox_min=(+0.187,+0.081,+0.057) bbox_max=(+0.205,+0.099,+0.320)
[INFO] [1784882989.386016184] [mujoco_policy_backend]: obstacle_init stamp=1784882989.121098139 depth=294495 robot_mask_received=True self_rm=12705 workspace=1506 table_rm=0 raw_obstacle=1506 persistent=90 voxels=90 mode=dynamic frame=255/5 bbox_min=(+0.187,+0.079,+0.056) bbox_max=(+0.205,+0.099,+0.320)
[INFO] [1784882989.436232129] [mujoco_policy_backend]: wrist_roi_diag frame=251 projected_uv=(634.8,329.9) red_uv=(572.6,223.3) offset=123.4px depth=0.103m
[INFO] [1784882989.709634296] [mujoco_policy_backend]: obstacle_init stamp=1784882989.300847037 depth=294603 robot_mask_received=True self_rm=12597 workspace=1501 table_rm=0 raw_obstacle=1501 persistent=110 voxels=110 mode=dynamic frame=256/5 bbox_min=(+0.187,+0.080,+0.056) bbox_max=(+0.205,+0.100,+0.320)
[INFO] [1784882989.744311725] [mujoco_policy_backend]: obstacle_init stamp=1784882989.526414761 depth=294693 robot_mask_received=True self_rm=12507 workspace=1495 table_rm=0 raw_obstacle=1495 persistent=118 voxels=118 mode=dynamic frame=257/5 bbox_min=(+0.188,+0.080,+0.056) bbox_max=(+0.206,+0.101,+0.320)
[INFO] [1784882990.070512481] [mujoco_policy_backend]: obstacle_init stamp=1784882989.842407963 depth=294783 robot_mask_received=True self_rm=12417 workspace=1495 table_rm=0 raw_obstacle=1495 persistent=116 voxels=116 mode=dynamic frame=258/5 bbox_min=(+0.188,+0.080,+0.056) bbox_max=(+0.206,+0.101,+0.320)
[INFO] [1784882990.243924055] [mujoco_policy_backend]: obstacle_init stamp=1784882990.014128516 depth=294858 robot_mask_received=True self_rm=12342 workspace=1491 table_rm=0 raw_obstacle=1491 persistent=118 voxels=118 mode=dynamic frame=259/5 bbox_min=(+0.188,+0.079,+0.055) bbox_max=(+0.207,+0.101,+0.320)
[INFO] [1784882990.646679373] [mujoco_policy_backend]: obstacle_init stamp=1784882990.309493788 depth=294934 robot_mask_received=True self_rm=12266 workspace=1489 table_rm=0 raw_obstacle=1489 persistent=118 voxels=118 mode=dynamic frame=260/5 bbox_min=(+0.188,+0.079,+0.055) bbox_max=(+0.207,+0.101,+0.320)
[INFO] [1784882990.747756934] [mujoco_policy_backend]: obstacle_init stamp=1784882990.492242284 depth=294965 robot_mask_received=True self_rm=12235 workspace=1481 table_rm=0 raw_obstacle=1481 persistent=117 voxels=117 mode=dynamic frame=261/5 bbox_min=(+0.188,+0.080,+0.056) bbox_max=(+0.207,+0.101,+0.320)
[INFO] [1784882990.957161611] [mujoco_policy_backend]: obstacle_init stamp=1784882990.785103248 depth=295020 robot_mask_received=True self_rm=12180 workspace=1479 table_rm=0 raw_obstacle=1479 persistent=118 voxels=118 mode=dynamic frame=262/5 bbox_min=(+0.189,+0.080,+0.055) bbox_max=(+0.208,+0.101,+0.320)
[INFO] [1784882991.394114495] [mujoco_policy_backend]: obstacle_init stamp=1784882991.048178222 depth=295040 robot_mask_received=True self_rm=12160 workspace=1480 table_rm=0 raw_obstacle=1480 persistent=111 voxels=111 mode=dynamic frame=263/5 bbox_min=(+0.189,+0.079,+0.056) bbox_max=(+0.208,+0.101,+0.320)
[INFO] [1784882991.455687708] [mujoco_policy_backend]: obstacle_init stamp=1784882991.221546087 depth=295059 robot_mask_received=True self_rm=12141 workspace=1473 table_rm=0 raw_obstacle=1473 persistent=111 voxels=111 mode=dynamic frame=264/5 bbox_min=(+0.189,+0.079,+0.055) bbox_max=(+0.209,+0.101,+0.320)
[INFO] [1784882991.660576644] [mujoco_policy_backend]: obstacle_init stamp=1784882991.477384621 depth=295070 robot_mask_received=True self_rm=12130 workspace=1469 table_rm=0 raw_obstacle=1469 persistent=110 voxels=110 mode=dynamic frame=265/5 bbox_min=(+0.189,+0.079,+0.056) bbox_max=(+0.209,+0.101,+0.320)
[INFO] [1784882991.846460160] [mujoco_policy_backend]: wrist_roi_diag frame=261 projected_uv=(667.5,347.3) red_uv=(579.1,230.3) offset=146.6px depth=0.093m
[INFO] [1784882992.021075190] [mujoco_policy_backend]: obstacle_init stamp=1784882991.759400932 depth=295074 robot_mask_received=True self_rm=12126 workspace=1471 table_rm=0 raw_obstacle=1471 persistent=103 voxels=103 mode=dynamic frame=266/5 bbox_min=(+0.189,+0.079,+0.056) bbox_max=(+0.209,+0.102,+0.320)
[INFO] [1784882992.165355933] [mujoco_policy_backend]: obstacle_init stamp=1784882991.935622996 depth=295065 robot_mask_received=True self_rm=12135 workspace=1463 table_rm=0 raw_obstacle=1463 persistent=100 voxels=100 mode=dynamic frame=267/5 bbox_min=(+0.189,+0.079,+0.056) bbox_max=(+0.209,+0.102,+0.320)
[INFO] [1784882992.466746620] [mujoco_policy_backend]: obstacle_init stamp=1784882992.242619822 depth=295058 robot_mask_received=True self_rm=12142 workspace=1463 table_rm=0 raw_obstacle=1463 persistent=99 voxels=99 mode=dynamic frame=268/5 bbox_min=(+0.189,+0.079,+0.056) bbox_max=(+0.210,+0.102,+0.320)
[INFO] [1784882992.657671418] [mujoco_policy_backend]: obstacle_init stamp=1784882992.417426456 depth=295058 robot_mask_received=True self_rm=12142 workspace=1462 table_rm=0 raw_obstacle=1462 persistent=98 voxels=98 mode=dynamic frame=269/5 bbox_min=(+0.190,+0.079,+0.056) bbox_max=(+0.210,+0.102,+0.320)
[INFO] [1784882992.975774052] [mujoco_policy_backend]: obstacle_init stamp=1784882992.737069446 depth=295039 robot_mask_received=True self_rm=12161 workspace=1462 table_rm=0 raw_obstacle=1462 persistent=97 voxels=97 mode=dynamic frame=270/5 bbox_min=(+0.190,+0.079,+0.057) bbox_max=(+0.210,+0.102,+0.320)
[INFO] [1784882993.201728481] [mujoco_policy_backend]: obstacle_init stamp=1784882992.907945401 depth=295015 robot_mask_received=True self_rm=12185 workspace=1457 table_rm=0 raw_obstacle=1457 persistent=97 voxels=97 mode=dynamic frame=271/5 bbox_min=(+0.190,+0.078,+0.057) bbox_max=(+0.210,+0.102,+0.320)
[INFO] [1784882993.348734107] [mujoco_policy_backend]: obstacle_init stamp=1784882993.129178666 depth=295015 robot_mask_received=True self_rm=12185 workspace=1454 table_rm=0 raw_obstacle=1454 persistent=98 voxels=98 mode=dynamic frame=272/5 bbox_min=(+0.190,+0.078,+0.056) bbox_max=(+0.211,+0.102,+0.320)
[INFO] [1784882993.690431628] [mujoco_policy_backend]: obstacle_init stamp=1784882993.415971543 depth=295008 robot_mask_received=True self_rm=12192 workspace=1452 table_rm=0 raw_obstacle=1452 persistent=94 voxels=94 mode=dynamic frame=273/5 bbox_min=(+0.190,+0.078,+0.057) bbox_max=(+0.211,+0.102,+0.320)
[INFO] [1784882993.859508601] [mujoco_policy_backend]: obstacle_init stamp=1784882993.595573344 depth=295009 robot_mask_received=True self_rm=12191 workspace=1454 table_rm=0 raw_obstacle=1454 persistent=94 voxels=94 mode=dynamic frame=274/5 bbox_min=(+0.190,+0.078,+0.057) bbox_max=(+0.211,+0.102,+0.320)
[INFO] [1784882994.093973906] [mujoco_policy_backend]: obstacle_init stamp=1784882993.814609397 depth=295001 robot_mask_received=True self_rm=12199 workspace=1454 table_rm=0 raw_obstacle=1454 persistent=93 voxels=93 mode=dynamic frame=275/5 bbox_min=(+0.190,+0.078,+0.057) bbox_max=(+0.211,+0.102,+0.320)
[INFO] [1784882994.168269938] [mujoco_policy_backend]: wrist_roi_diag frame=271 projected_uv=(691.3,342.8) red_uv=(586.3,223.7) offset=158.8px depth=0.091m
[INFO] [1784882994.257438702] [mujoco_policy_backend]: obstacle_init stamp=1784882994.034595384 depth=294996 robot_mask_received=True self_rm=12204 workspace=1453 table_rm=0 raw_obstacle=1453 persistent=91 voxels=91 mode=dynamic frame=276/5 bbox_min=(+0.190,+0.078,+0.057) bbox_max=(+0.211,+0.102,+0.320)
[INFO] [1784882994.605623838] [mujoco_policy_backend]: obstacle_init stamp=1784882994.355842734 depth=294981 robot_mask_received=True self_rm=12219 workspace=1453 table_rm=0 raw_obstacle=1453 persistent=92 voxels=92 mode=dynamic frame=277/5 bbox_min=(+0.190,+0.078,+0.057) bbox_max=(+0.211,+0.102,+0.320)
[INFO] [1784882994.753013495] [mujoco_policy_backend]: obstacle_init stamp=1784882994.538543563 depth=294959 robot_mask_received=True self_rm=12241 workspace=1450 table_rm=0 raw_obstacle=1450 persistent=90 voxels=90 mode=dynamic frame=278/5 bbox_min=(+0.190,+0.078,+0.057) bbox_max=(+0.212,+0.099,+0.320)
[INFO] [1784882995.080327628] [mujoco_policy_backend]: obstacle_init stamp=1784882994.819656422 depth=294952 robot_mask_received=True self_rm=12248 workspace=1449 table_rm=0 raw_obstacle=1449 persistent=89 voxels=89 mode=dynamic frame=279/5 bbox_min=(+0.190,+0.078,+0.057) bbox_max=(+0.212,+0.099,+0.320)
[INFO] [1784882995.297178126] [mujoco_policy_backend]: obstacle_init stamp=1784882994.994429305 depth=294946 robot_mask_received=True self_rm=12254 workspace=1450 table_rm=0 raw_obstacle=1450 persistent=89 voxels=89 mode=dynamic frame=280/5 bbox_min=(+0.190,+0.078,+0.055) bbox_max=(+0.212,+0.101,+0.320)
[INFO] [1784882995.442826576] [mujoco_policy_backend]: obstacle_init stamp=1784882995.221257742 depth=294929 robot_mask_received=True self_rm=12271 workspace=1450 table_rm=0 raw_obstacle=1450 persistent=89 voxels=89 mode=dynamic frame=281/5 bbox_min=(+0.190,+0.078,+0.055) bbox_max=(+0.212,+0.101,+0.320)
[ERROR] [1784882995.494640296] [mujoco_policy_backend]: Error raised in execute callback: cannot use Destroyable because destruction was requested
