[INFO] [1784883685.334230111] [mujoco_policy_backend]: MuJoCo policy backend ready: action=execute_planned_grasp
[INFO] [1784883687.597876546] [mujoco_policy_backend]: obstacle_init stamp=1784883687.157322563 depth=296770 robot_mask_received=True self_rm=10430 workspace=1817 table_rm=0 raw_obstacle=1817 persistent=118 voxels=118 mode=dynamic frame=1/5 bbox_min=(+0.152,+0.079,+0.056) bbox_max=(+0.172,+0.101,+0.320)
[INFO] [1784883687.720311670] [mujoco_policy_backend]: obstacle_init stamp=1784883687.312970299 depth=296770 robot_mask_received=True self_rm=10430 workspace=1817 table_rm=0 raw_obstacle=1817 persistent=118 voxels=118 mode=dynamic frame=2/5 bbox_min=(+0.152,+0.079,+0.056) bbox_max=(+0.172,+0.101,+0.320)
[INFO] [1784883687.836021510] [mujoco_policy_backend]: obstacle_init stamp=1784883687.454450793 depth=296770 robot_mask_received=True self_rm=10430 workspace=1817 table_rm=0 raw_obstacle=1817 persistent=118 voxels=118 mode=dynamic frame=3/5 bbox_min=(+0.152,+0.079,+0.056) bbox_max=(+0.172,+0.101,+0.320)
[INFO] [1784883687.975920229] [mujoco_policy_backend]: obstacle_init stamp=1784883687.631600627 depth=296770 robot_mask_received=True self_rm=10430 workspace=1817 table_rm=0 raw_obstacle=1817 persistent=118 voxels=118 mode=dynamic frame=4/5 bbox_min=(+0.152,+0.079,+0.056) bbox_max=(+0.172,+0.101,+0.320)
[INFO] [1784883688.190266366] [mujoco_policy_backend]: obstacle_init stamp=1784883687.877375465 depth=296770 robot_mask_received=True self_rm=10430 workspace=1817 table_rm=0 raw_obstacle=1817 persistent=118 voxels=118 mode=dynamic frame=5/5 bbox_min=(+0.152,+0.079,+0.056) bbox_max=(+0.172,+0.101,+0.320)
[INFO] [1784883701.942051036] [mujoco_policy_backend]: planned grasp pose conversion: source=sim_mjcf raw_pregrasp[frame=scene_depth_optical pos=(+0.076,+0.022,+0.506) quat=(+0.459,+0.117,+0.037,+0.880)] raw_grasp[frame=scene_depth_optical pos=(+0.093,+0.020,+0.574) quat=(+0.459,+0.117,+0.037,+0.880)] base_pregrasp[frame=base pos=(+0.396,+0.078,+0.114) quat=(+0.117,-0.459,+0.880,-0.037)] base_grasp[frame=base pos=(+0.413,+0.080,+0.046) quat=(+0.117,-0.459,+0.880,-0.037)] tracking_reference[frame=base pos=(+0.398,+0.087,+0.044) quat=(+0.000,+1.000,+0.000,+0.000)] width=89.9mm target=cube@0.42,0.08,0.021 traj_log=logs/ros2_grasp_dynamic_lateral.jsonl
[INFO] [1784883703.271312372] [mujoco_policy_backend]: wrist_roi_diag frame=1 projected_uv=(-19173.9,-6871.3) red_uv=not_visible depth=0.004m
[INFO] [1784883703.399028764] [mujoco_policy_backend]: obstacle_init stamp=1784883703.122012198 depth=292367 robot_mask_received=True self_rm=14833 workspace=1837 table_rm=0 raw_obstacle=1837 persistent=99 voxels=99 mode=dynamic frame=6/5 bbox_min=(+0.152,+0.117,+0.058) bbox_max=(+0.171,+0.138,+0.320)
[INFO] [1784883703.690932722] [mujoco_policy_backend]: obstacle_init stamp=1784883703.475126741 depth=292619 robot_mask_received=True self_rm=14581 workspace=1828 table_rm=0 raw_obstacle=1828 persistent=111 voxels=111 mode=dynamic frame=7/5 bbox_min=(+0.152,+0.117,+0.058) bbox_max=(+0.171,+0.138,+0.320)
[INFO] [1784883703.909955750] [mujoco_policy_backend]: obstacle_init stamp=1784883703.641438778 depth=293204 robot_mask_received=True self_rm=13996 workspace=1835 table_rm=0 raw_obstacle=1835 persistent=113 voxels=113 mode=dynamic frame=8/5 bbox_min=(+0.152,+0.117,+0.058) bbox_max=(+0.172,+0.137,+0.325)
[INFO] [1784883704.081320956] [mujoco_policy_backend]: obstacle_init stamp=1784883703.862047831 depth=293865 robot_mask_received=True self_rm=13335 workspace=1831 table_rm=0 raw_obstacle=1831 persistent=114 voxels=114 mode=dynamic frame=9/5 bbox_min=(+0.152,+0.116,+0.058) bbox_max=(+0.172,+0.137,+0.320)
[INFO] [1784883704.437833588] [mujoco_policy_backend]: obstacle_init stamp=1784883704.171904800 depth=294510 robot_mask_received=True self_rm=12690 workspace=1830 table_rm=0 raw_obstacle=1830 persistent=111 voxels=111 mode=dynamic frame=10/5 bbox_min=(+0.152,+0.115,+0.058) bbox_max=(+0.172,+0.136,+0.320)
[INFO] [1784883704.597977867] [mujoco_policy_backend]: obstacle_init stamp=1784883704.341364720 depth=294994 robot_mask_received=True self_rm=12206 workspace=1829 table_rm=0 raw_obstacle=1829 persistent=114 voxels=114 mode=dynamic frame=11/5 bbox_min=(+0.152,+0.115,+0.058) bbox_max=(+0.172,+0.135,+0.325)
[INFO] [1784883704.789774378] [mujoco_policy_backend]: obstacle_init stamp=1784883704.558287598 depth=295266 robot_mask_received=True self_rm=11934 workspace=1832 table_rm=0 raw_obstacle=1832 persistent=107 voxels=107 mode=dynamic frame=12/5 bbox_min=(+0.152,+0.114,+0.058) bbox_max=(+0.172,+0.134,+0.320)
[INFO] [1784883705.127128196] [mujoco_policy_backend]: obstacle_init stamp=1784883704.865743329 depth=295334 robot_mask_received=True self_rm=11866 workspace=1830 table_rm=0 raw_obstacle=1830 persistent=97 voxels=97 mode=dynamic frame=13/5 bbox_min=(+0.152,+0.112,+0.056) bbox_max=(+0.171,+0.134,+0.320)
[INFO] [1784883705.299297432] [mujoco_policy_backend]: obstacle_init stamp=1784883705.044664400 depth=295543 robot_mask_received=True self_rm=11657 workspace=1824 table_rm=0 raw_obstacle=1824 persistent=93 voxels=93 mode=dynamic frame=14/5 bbox_min=(+0.153,+0.111,+0.058) bbox_max=(+0.171,+0.133,+0.320)
[INFO] [1784883705.486823584] [mujoco_policy_backend]: obstacle_init stamp=1784883705.311619137 depth=295543 robot_mask_received=True self_rm=11657 workspace=2268 table_rm=0 raw_obstacle=2268 persistent=195 voxels=195 mode=dynamic frame=15/5 bbox_min=(+0.088,-0.020,+0.057) bbox_max=(+0.353,+0.130,+0.320)
[INFO] [1784883705.735443590] [mujoco_policy_backend]: wrist_roi_diag frame=11 projected_uv=(114.5,328.7) red_uv=(57.2,276.4) offset=77.5px depth=0.099m
[INFO] [1784883705.783676062] [mujoco_policy_backend]: obstacle_init stamp=1784883705.648898104 depth=295791 robot_mask_received=True self_rm=11409 workspace=2234 table_rm=0 raw_obstacle=2234 persistent=185 voxels=185 mode=dynamic frame=16/5 bbox_min=(+0.088,+0.008,+0.058) bbox_max=(+0.354,+0.129,+0.320)
[INFO] [1784883706.178047807] [mujoco_policy_backend]: obstacle_init stamp=1784883705.958284639 depth=296251 robot_mask_received=True self_rm=10949 workspace=1820 table_rm=0 raw_obstacle=1820 persistent=111 voxels=111 mode=dynamic frame=17/5 bbox_min=(+0.153,+0.104,+0.058) bbox_max=(+0.171,+0.128,+0.320)
[INFO] [1784883706.498103343] [mujoco_policy_backend]: obstacle_init stamp=1784883706.257095844 depth=296438 robot_mask_received=True self_rm=10762 workspace=1821 table_rm=0 raw_obstacle=1821 persistent=117 voxels=117 mode=dynamic frame=18/5 bbox_min=(+0.152,+0.103,+0.057) bbox_max=(+0.171,+0.127,+0.320)
[INFO] [1784883706.731085117] [mujoco_policy_backend]: obstacle_init stamp=1784883706.431476611 depth=296524 robot_mask_received=True self_rm=10676 workspace=1809 table_rm=0 raw_obstacle=1809 persistent=123 voxels=123 mode=dynamic frame=19/5 bbox_min=(+0.152,+0.101,+0.057) bbox_max=(+0.171,+0.126,+0.320)
[INFO] [1784883706.866500043] [mujoco_policy_backend]: obstacle_init stamp=1784883706.657291232 depth=296539 robot_mask_received=True self_rm=10661 workspace=1831 table_rm=0 raw_obstacle=1831 persistent=115 voxels=115 mode=dynamic frame=20/5 bbox_min=(+0.152,+0.099,+0.056) bbox_max=(+0.172,+0.124,+0.320)
[INFO] [1784883707.279838574] [mujoco_policy_backend]: obstacle_init stamp=1784883706.981387486 depth=296579 robot_mask_received=True self_rm=10621 workspace=1821 table_rm=0 raw_obstacle=1821 persistent=104 voxels=104 mode=dynamic frame=21/5 bbox_min=(+0.152,+0.097,+0.058) bbox_max=(+0.171,+0.122,+0.320)
[INFO] [1784883707.377175315] [mujoco_policy_backend]: obstacle_init stamp=1784883707.161140598 depth=296640 robot_mask_received=True self_rm=10560 workspace=1812 table_rm=0 raw_obstacle=1812 persistent=106 voxels=106 mode=dynamic frame=22/5 bbox_min=(+0.153,+0.095,+0.058) bbox_max=(+0.171,+0.119,+0.320)
[INFO] [1784883707.707389112] [mujoco_policy_backend]: obstacle_init stamp=1784883707.444919802 depth=296683 robot_mask_received=True self_rm=10517 workspace=1808 table_rm=0 raw_obstacle=1808 persistent=115 voxels=115 mode=dynamic frame=23/5 bbox_min=(+0.153,+0.093,+0.058) bbox_max=(+0.171,+0.118,+0.320)
[INFO] [1784883707.967811091] [mujoco_policy_backend]: obstacle_init stamp=1784883707.622863880 depth=296669 robot_mask_received=True self_rm=10531 workspace=1808 table_rm=0 raw_obstacle=1808 persistent=117 voxels=117 mode=dynamic frame=24/5 bbox_min=(+0.151,+0.091,+0.058) bbox_max=(+0.197,+0.117,+0.320)
[INFO] [1784883708.088117150] [mujoco_policy_backend]: obstacle_init stamp=1784883707.860330963 depth=296650 robot_mask_received=True self_rm=10550 workspace=1809 table_rm=0 raw_obstacle=1809 persistent=125 voxels=125 mode=dynamic frame=25/5 bbox_min=(+0.150,+0.089,+0.056) bbox_max=(+0.185,+0.115,+0.320)
[INFO] [1784883708.259385796] [mujoco_policy_backend]: wrist_roi_diag frame=21 projected_uv=(71.2,138.4) red_uv=(87.6,153.7) offset=22.5px depth=0.070m
[INFO] [1784883708.460269830] [mujoco_policy_backend]: obstacle_init stamp=1784883708.173511971 depth=296608 robot_mask_received=True self_rm=10592 workspace=1809 table_rm=0 raw_obstacle=1809 persistent=123 voxels=123 mode=dynamic frame=26/5 bbox_min=(+0.148,+0.087,+0.057) bbox_max=(+0.171,+0.114,+0.320)
[INFO] [1784883708.589148129] [mujoco_policy_backend]: obstacle_init stamp=1784883708.350228824 depth=296552 robot_mask_received=True self_rm=10648 workspace=1810 table_rm=0 raw_obstacle=1810 persistent=116 voxels=116 mode=dynamic frame=27/5 bbox_min=(+0.134,+0.084,+0.057) bbox_max=(+0.171,+0.112,+0.320)
[INFO] [1784883708.909739557] [mujoco_policy_backend]: obstacle_init stamp=1784883708.669212235 depth=296478 robot_mask_received=True self_rm=10722 workspace=1810 table_rm=0 raw_obstacle=1810 persistent=93 voxels=93 mode=dynamic frame=28/5 bbox_min=(+0.153,+0.088,+0.058) bbox_max=(+0.171,+0.107,+0.320)
[INFO] [1784883709.078804663] [mujoco_policy_backend]: obstacle_init stamp=1784883708.842073665 depth=296401 robot_mask_received=True self_rm=10799 workspace=1811 table_rm=0 raw_obstacle=1811 persistent=116 voxels=116 mode=dynamic frame=29/5 bbox_min=(+0.153,+0.083,+0.058) bbox_max=(+0.171,+0.106,+0.320)
[INFO] [1784883709.392955896] [mujoco_policy_backend]: obstacle_init stamp=1784883709.125984112 depth=296319 robot_mask_received=True self_rm=10881 workspace=1815 table_rm=0 raw_obstacle=1815 persistent=110 voxels=110 mode=dynamic frame=30/5 bbox_min=(+0.153,+0.082,+0.057) bbox_max=(+0.171,+0.105,+0.320)
[INFO] [1784883709.508403645] [mujoco_policy_backend]: obstacle_init stamp=1784883709.314547572 depth=296319 robot_mask_received=True self_rm=10881 workspace=2205 table_rm=0 raw_obstacle=2205 persistent=190 voxels=190 mode=dynamic frame=31/5 bbox_min=(+0.099,-0.038,+0.056) bbox_max=(+0.352,+0.103,+0.320)
[INFO] [1784883710.069402526] [mujoco_policy_backend]: obstacle_init stamp=1784883709.922302950 depth=296179 robot_mask_received=True self_rm=11021 workspace=1820 table_rm=0 raw_obstacle=1820 persistent=119 voxels=119 mode=dynamic frame=32/5 bbox_min=(+0.152,+0.080,+0.056) bbox_max=(+0.171,+0.102,+0.320)
[INFO] [1784883710.376896008] [mujoco_policy_backend]: obstacle_init stamp=1784883710.184005693 depth=296130 robot_mask_received=True self_rm=11070 workspace=1822 table_rm=0 raw_obstacle=1822 persistent=104 voxels=104 mode=dynamic frame=33/5 bbox_min=(+0.152,+0.078,+0.056) bbox_max=(+0.171,+0.100,+0.320)
[INFO] [1784883710.583743490] [mujoco_policy_backend]: obstacle_init stamp=1784883710.389204051 depth=296082 robot_mask_received=True self_rm=11118 workspace=1825 table_rm=0 raw_obstacle=1825 persistent=98 voxels=98 mode=dynamic frame=34/5 bbox_min=(+0.153,+0.072,+0.057) bbox_max=(+0.171,+0.098,+0.320)
[INFO] [1784883710.890805047] [mujoco_policy_backend]: obstacle_init stamp=1784883710.699733416 depth=296044 robot_mask_received=True self_rm=11156 workspace=1826 table_rm=0 raw_obstacle=1826 persistent=118 voxels=118 mode=dynamic frame=35/5 bbox_min=(+0.153,+0.070,+0.055) bbox_max=(+0.171,+0.095,+0.325)
[INFO] [1784883711.032909326] [mujoco_policy_backend]: wrist_roi_diag frame=31 projected_uv=(365.9,-229.3) red_uv=(229.9,18.8) offset=282.9px depth=0.049m
[INFO] [1784883711.222407234] [mujoco_policy_backend]: obstacle_init stamp=1784883710.931034408 depth=295986 robot_mask_received=True self_rm=11214 workspace=1825 table_rm=0 raw_obstacle=1825 persistent=112 voxels=112 mode=dynamic frame=36/5 bbox_min=(+0.153,+0.070,+0.057) bbox_max=(+0.171,+0.093,+0.320)
[INFO] [1784883711.564044064] [mujoco_policy_backend]: obstacle_init stamp=1784883711.130462894 depth=295923 robot_mask_received=True self_rm=11277 workspace=1830 table_rm=0 raw_obstacle=1830 persistent=117 voxels=117 mode=dynamic frame=37/5 bbox_min=(+0.153,+0.069,+0.057) bbox_max=(+0.171,+0.092,+0.320)
[INFO] [1784883711.570714951] [mujoco_policy_backend]: obstacle_init stamp=1784883711.383422296 depth=295833 robot_mask_received=True self_rm=11367 workspace=1833 table_rm=0 raw_obstacle=1833 persistent=118 voxels=118 mode=dynamic frame=38/5 bbox_min=(+0.152,+0.068,+0.056) bbox_max=(+0.171,+0.090,+0.320)
[INFO] [1784883711.891026237] [mujoco_policy_backend]: obstacle_init stamp=1784883711.677232985 depth=295771 robot_mask_received=True self_rm=11429 workspace=1832 table_rm=0 raw_obstacle=1832 persistent=98 voxels=98 mode=dynamic frame=39/5 bbox_min=(+0.152,+0.066,+0.057) bbox_max=(+0.171,+0.088,+0.320)
[INFO] [1784883712.067122456] [mujoco_policy_backend]: obstacle_init stamp=1784883711.863890377 depth=295703 robot_mask_received=True self_rm=11497 workspace=1838 table_rm=0 raw_obstacle=1838 persistent=121 voxels=121 mode=dynamic frame=40/5 bbox_min=(+0.153,+0.060,+0.057) bbox_max=(+0.171,+0.087,+0.320)
[INFO] [1784883712.442526129] [mujoco_policy_backend]: obstacle_init stamp=1784883712.171732454 depth=295661 robot_mask_received=True self_rm=11539 workspace=1837 table_rm=0 raw_obstacle=1837 persistent=111 voxels=111 mode=dynamic frame=41/5 bbox_min=(+0.153,+0.058,+0.058) bbox_max=(+0.171,+0.083,+0.320)
[INFO] [1784883712.589692203] [mujoco_policy_backend]: obstacle_init stamp=1784883712.346838552 depth=295557 robot_mask_received=True self_rm=11643 workspace=1843 table_rm=0 raw_obstacle=1843 persistent=114 voxels=114 mode=dynamic frame=42/5 bbox_min=(+0.153,+0.057,+0.057) bbox_max=(+0.220,+0.088,+0.380)
[INFO] [1784883712.896520568] [mujoco_policy_backend]: obstacle_init stamp=1784883712.606029023 depth=295450 robot_mask_received=True self_rm=11750 workspace=1843 table_rm=0 raw_obstacle=1843 persistent=121 voxels=121 mode=dynamic frame=43/5 bbox_min=(+0.153,+0.053,+0.057) bbox_max=(+0.188,+0.083,+0.354)
[INFO] [1784883713.000069954] [mujoco_policy_backend]: obstacle_init stamp=1784883712.811828244 depth=295377 robot_mask_received=True self_rm=11823 workspace=1848 table_rm=0 raw_obstacle=1848 persistent=123 voxels=123 mode=dynamic frame=44/5 bbox_min=(+0.152,+0.052,+0.056) bbox_max=(+0.172,+0.079,+0.333)
[INFO] [1784883713.283873492] [mujoco_policy_backend]: obstacle_init stamp=1784883713.100089135 depth=295300 robot_mask_received=True self_rm=11900 workspace=1849 table_rm=0 raw_obstacle=1849 persistent=122 voxels=122 mode=dynamic frame=45/5 bbox_min=(+0.152,+0.049,+0.057) bbox_max=(+0.172,+0.078,+0.330)
[INFO] [1784883713.433456284] [mujoco_policy_backend]: wrist_roi_diag frame=41 projected_uv=(841.6,-154.7) red_uv=not_visible depth=0.064m
[INFO] [1784883713.707059319] [mujoco_policy_backend]: obstacle_init stamp=1784883713.339502570 depth=295206 robot_mask_received=True self_rm=11994 workspace=1855 table_rm=0 raw_obstacle=1855 persistent=119 voxels=119 mode=dynamic frame=46/5 bbox_min=(+0.151,+0.047,+0.057) bbox_max=(+0.172,+0.077,+0.331)
[INFO] [1784883713.811315302] [mujoco_policy_backend]: obstacle_init stamp=1784883713.523660262 depth=295146 robot_mask_received=True self_rm=12054 workspace=1856 table_rm=0 raw_obstacle=1856 persistent=122 voxels=122 mode=dynamic frame=47/5 bbox_min=(+0.145,+0.044,+0.058) bbox_max=(+0.171,+0.076,+0.329)
[INFO] [1784883713.971973483] [mujoco_policy_backend]: obstacle_init stamp=1784883713.747296539 depth=295088 robot_mask_received=True self_rm=12112 workspace=1855 table_rm=0 raw_obstacle=1855 persistent=114 voxels=114 mode=dynamic frame=48/5 bbox_min=(+0.153,+0.050,+0.058) bbox_max=(+0.171,+0.074,+0.329)
[INFO] [1784883714.289692399] [mujoco_policy_backend]: obstacle_init stamp=1784883714.071623041 depth=294968 robot_mask_received=True self_rm=12232 workspace=1865 table_rm=0 raw_obstacle=1865 persistent=117 voxels=117 mode=dynamic frame=49/5 bbox_min=(+0.123,+0.034,+0.055) bbox_max=(+0.171,+0.073,+0.325)
[INFO] [1784883714.476152431] [mujoco_policy_backend]: obstacle_init stamp=1784883714.255840007 depth=294899 robot_mask_received=True self_rm=12301 workspace=1864 table_rm=0 raw_obstacle=1864 persistent=114 voxels=114 mode=dynamic frame=50/5 bbox_min=(+0.153,+0.047,+0.056) bbox_max=(+0.171,+0.070,+0.320)
[INFO] [1784883714.780970625] [mujoco_policy_backend]: obstacle_init stamp=1784883714.570723457 depth=294859 robot_mask_received=True self_rm=12341 workspace=1868 table_rm=0 raw_obstacle=1868 persistent=105 voxels=105 mode=dynamic frame=51/5 bbox_min=(+0.153,+0.046,+0.057) bbox_max=(+0.171,+0.069,+0.320)
[INFO] [1784883715.082436437] [mujoco_policy_backend]: obstacle_init stamp=1784883714.759006157 depth=294846 robot_mask_received=True self_rm=12354 workspace=1876 table_rm=0 raw_obstacle=1876 persistent=117 voxels=117 mode=dynamic frame=52/5 bbox_min=(+0.152,+0.045,+0.057) bbox_max=(+0.171,+0.068,+0.327)
[INFO] [1784883715.189289201] [mujoco_policy_backend]: obstacle_init stamp=1784883715.017390038 depth=294846 robot_mask_received=True self_rm=12354 workspace=2232 table_rm=0 raw_obstacle=2232 persistent=199 voxels=199 mode=dynamic frame=53/5 bbox_min=(+0.089,-0.079,+0.056) bbox_max=(+0.358,+0.067,+0.320)
[INFO] [1784883715.486428550] [mujoco_policy_backend]: obstacle_init stamp=1784883715.310844759 depth=294749 robot_mask_received=True self_rm=12451 workspace=1876 table_rm=0 raw_obstacle=1876 persistent=118 voxels=118 mode=dynamic frame=54/5 bbox_min=(+0.152,+0.044,+0.058) bbox_max=(+0.172,+0.066,+0.320)
[INFO] [1784883715.795788116] [mujoco_policy_backend]: obstacle_init stamp=1784883715.582565887 depth=294625 robot_mask_received=True self_rm=12575 workspace=1881 table_rm=0 raw_obstacle=1881 persistent=118 voxels=118 mode=dynamic frame=55/5 bbox_min=(+0.152,+0.043,+0.057) bbox_max=(+0.172,+0.066,+0.320)
[INFO] [1784883715.892283899] [mujoco_policy_backend]: wrist_roi_diag frame=51 projected_uv=(805.0,136.5) red_uv=(616.4,60.2) offset=203.5px depth=0.105m
[INFO] [1784883715.984667441] [mujoco_policy_backend]: obstacle_init stamp=1784883715.756388507 depth=294607 robot_mask_received=True self_rm=12593 workspace=1880 table_rm=0 raw_obstacle=1880 persistent=119 voxels=119 mode=dynamic frame=56/5 bbox_min=(+0.152,+0.043,+0.056) bbox_max=(+0.172,+0.065,+0.325)
[INFO] [1784883716.385554947] [mujoco_policy_backend]: obstacle_init stamp=1784883716.078734390 depth=294587 robot_mask_received=True self_rm=12613 workspace=1885 table_rm=0 raw_obstacle=1885 persistent=118 voxels=118 mode=dynamic frame=57/5 bbox_min=(+0.152,+0.042,+0.058) bbox_max=(+0.172,+0.064,+0.320)
[INFO] [1784883716.484054506] [mujoco_policy_backend]: obstacle_init stamp=1784883716.258966637 depth=294483 robot_mask_received=True self_rm=12717 workspace=1885 table_rm=0 raw_obstacle=1885 persistent=114 voxels=114 mode=dynamic frame=58/5 bbox_min=(+0.152,+0.041,+0.058) bbox_max=(+0.171,+0.063,+0.320)
[INFO] [1784883716.800051865] [mujoco_policy_backend]: obstacle_init stamp=1784883716.598735702 depth=294407 robot_mask_received=True self_rm=12793 workspace=1885 table_rm=0 raw_obstacle=1885 persistent=107 voxels=107 mode=dynamic frame=59/5 bbox_min=(+0.152,+0.040,+0.057) bbox_max=(+0.171,+0.063,+0.320)
[INFO] [1784883716.987809951] [mujoco_policy_backend]: obstacle_init stamp=1784883716.812226245 depth=294346 robot_mask_received=True self_rm=12854 workspace=1885 table_rm=0 raw_obstacle=1885 persistent=106 voxels=106 mode=dynamic frame=60/5 bbox_min=(+0.152,+0.040,+0.057) bbox_max=(+0.171,+0.063,+0.325)
[INFO] [1784883717.280284465] [mujoco_policy_backend]: obstacle_init stamp=1784883717.106775429 depth=294303 robot_mask_received=True self_rm=12897 workspace=1887 table_rm=0 raw_obstacle=1887 persistent=110 voxels=110 mode=dynamic frame=61/5 bbox_min=(+0.152,+0.040,+0.057) bbox_max=(+0.171,+0.062,+0.320)
[INFO] [1784883717.614482817] [mujoco_policy_backend]: obstacle_init stamp=1784883717.349785330 depth=294221 robot_mask_received=True self_rm=12979 workspace=1888 table_rm=0 raw_obstacle=1888 persistent=113 voxels=113 mode=dynamic frame=62/5 bbox_min=(+0.153,+0.040,+0.057) bbox_max=(+0.171,+0.063,+0.324)
[INFO] [1784883717.799360083] [mujoco_policy_backend]: obstacle_init stamp=1784883717.534856432 depth=294154 robot_mask_received=True self_rm=13046 workspace=1886 table_rm=0 raw_obstacle=1886 persistent=112 voxels=112 mode=dynamic frame=63/5 bbox_min=(+0.153,+0.039,+0.057) bbox_max=(+0.171,+0.063,+0.324)
[INFO] [1784883717.985821845] [mujoco_policy_backend]: obstacle_init stamp=1784883717.770296103 depth=294135 robot_mask_received=True self_rm=13065 workspace=1884 table_rm=0 raw_obstacle=1884 persistent=108 voxels=108 mode=dynamic frame=64/5 bbox_min=(+0.153,+0.040,+0.057) bbox_max=(+0.171,+0.063,+0.324)
[INFO] [1784883718.394173731] [mujoco_policy_backend]: obstacle_init stamp=1784883718.084107162 depth=294093 robot_mask_received=True self_rm=13107 workspace=1887 table_rm=0 raw_obstacle=1887 persistent=105 voxels=105 mode=dynamic frame=65/5 bbox_min=(+0.153,+0.040,+0.057) bbox_max=(+0.171,+0.062,+0.320)
[INFO] [1784883718.397019880] [mujoco_policy_backend]: wrist_roi_diag frame=61 projected_uv=(647.3,368.9) red_uv=(596.3,274.7) offset=107.1px depth=0.146m
[INFO] [1784883718.481338184] [mujoco_policy_backend]: obstacle_init stamp=1784883718.262845780 depth=294048 robot_mask_received=True self_rm=13152 workspace=1886 table_rm=0 raw_obstacle=1886 persistent=110 voxels=110 mode=dynamic frame=66/5 bbox_min=(+0.152,+0.040,+0.056) bbox_max=(+0.171,+0.062,+0.320)
[INFO] [1784883718.779965465] [mujoco_policy_backend]: obstacle_init stamp=1784883718.596537130 depth=294004 robot_mask_received=True self_rm=13196 workspace=1882 table_rm=0 raw_obstacle=1882 persistent=116 voxels=116 mode=dynamic frame=67/5 bbox_min=(+0.152,+0.041,+0.057) bbox_max=(+0.171,+0.064,+0.325)
[INFO] [1784883719.203684276] [mujoco_policy_backend]: obstacle_init stamp=1784883718.882773526 depth=293956 robot_mask_received=True self_rm=13244 workspace=1881 table_rm=0 raw_obstacle=1881 persistent=118 voxels=118 mode=dynamic frame=68/5 bbox_min=(+0.152,+0.041,+0.057) bbox_max=(+0.171,+0.063,+0.320)
[INFO] [1784883719.288600662] [mujoco_policy_backend]: obstacle_init stamp=1784883719.068855037 depth=293918 robot_mask_received=True self_rm=13282 workspace=1880 table_rm=0 raw_obstacle=1880 persistent=117 voxels=117 mode=dynamic frame=69/5 bbox_min=(+0.152,+0.041,+0.056) bbox_max=(+0.172,+0.063,+0.320)
[INFO] [1784883719.683127279] [mujoco_policy_backend]: obstacle_init stamp=1784883719.379098338 depth=293881 robot_mask_received=True self_rm=13319 workspace=1876 table_rm=0 raw_obstacle=1876 persistent=119 voxels=119 mode=dynamic frame=70/5 bbox_min=(+0.152,+0.042,+0.057) bbox_max=(+0.172,+0.066,+0.325)
[INFO] [1784883719.769706911] [mujoco_policy_backend]: obstacle_init stamp=1784883719.559806765 depth=293845 robot_mask_received=True self_rm=13355 workspace=1875 table_rm=0 raw_obstacle=1875 persistent=120 voxels=120 mode=dynamic frame=71/5 bbox_min=(+0.152,+0.043,+0.056) bbox_max=(+0.172,+0.066,+0.325)
[INFO] [1784883720.134083446] [mujoco_policy_backend]: obstacle_init stamp=1784883719.878128137 depth=293802 robot_mask_received=True self_rm=13398 workspace=1874 table_rm=0 raw_obstacle=1874 persistent=117 voxels=117 mode=dynamic frame=72/5 bbox_min=(+0.152,+0.043,+0.057) bbox_max=(+0.172,+0.065,+0.320)
[INFO] [1784883720.286122533] [mujoco_policy_backend]: obstacle_init stamp=1784883720.071645230 depth=293784 robot_mask_received=True self_rm=13416 workspace=1867 table_rm=0 raw_obstacle=1867 persistent=117 voxels=117 mode=dynamic frame=73/5 bbox_min=(+0.152,+0.044,+0.055) bbox_max=(+0.172,+0.068,+0.324)
[INFO] [1784883720.662853505] [mujoco_policy_backend]: obstacle_init stamp=1784883720.368531316 depth=293773 robot_mask_received=True self_rm=13427 workspace=1864 table_rm=0 raw_obstacle=1864 persistent=102 voxels=102 mode=dynamic frame=74/5 bbox_min=(+0.152,+0.045,+0.057) bbox_max=(+0.172,+0.069,+0.325)
[INFO] [1784883720.773119830] [mujoco_policy_backend]: obstacle_init stamp=1784883720.552896250 depth=293789 robot_mask_received=True self_rm=13411 workspace=1861 table_rm=0 raw_obstacle=1861 persistent=115 voxels=115 mode=dynamic frame=75/5 bbox_min=(+0.112,+0.029,+0.057) bbox_max=(+0.172,+0.069,+0.326)
[INFO] [1784883720.979217106] [mujoco_policy_backend]: wrist_roi_diag frame=71 projected_uv=(511.1,435.1) red_uv=(517.2,353.3) offset=82.1px depth=0.164m
[INFO] [1784883721.090517837] [mujoco_policy_backend]: obstacle_init stamp=1784883720.892821313 depth=293802 robot_mask_received=True self_rm=13398 workspace=1870 table_rm=0 raw_obstacle=1870 persistent=116 voxels=116 mode=dynamic frame=76/5 bbox_min=(+0.153,+0.047,+0.056) bbox_max=(+0.171,+0.073,+0.320)
[INFO] [1784883721.395539238] [mujoco_policy_backend]: obstacle_init stamp=1784883721.154288808 depth=293867 robot_mask_received=True self_rm=13333 workspace=1859 table_rm=0 raw_obstacle=1859 persistent=119 voxels=119 mode=dynamic frame=77/5 bbox_min=(+0.145,+0.043,+0.058) bbox_max=(+0.171,+0.074,+0.327)
[INFO] [1784883721.626877964] [mujoco_policy_backend]: obstacle_init stamp=1784883721.337980448 depth=293885 robot_mask_received=True self_rm=13315 workspace=1856 table_rm=0 raw_obstacle=1856 persistent=119 voxels=119 mode=dynamic frame=78/5 bbox_min=(+0.147,+0.044,+0.058) bbox_max=(+0.171,+0.075,+0.326)
[INFO] [1784883721.787576863] [mujoco_policy_backend]: obstacle_init stamp=1784883721.569399881 depth=293764 robot_mask_received=True self_rm=13436 workspace=1850 table_rm=0 raw_obstacle=1850 persistent=120 voxels=120 mode=dynamic frame=79/5 bbox_min=(+0.153,+0.049,+0.058) bbox_max=(+0.171,+0.075,+0.320)
[INFO] [1784883722.148206401] [mujoco_policy_backend]: obstacle_init stamp=1784883721.853970036 depth=293604 robot_mask_received=True self_rm=13596 workspace=1847 table_rm=0 raw_obstacle=1847 persistent=123 voxels=123 mode=dynamic frame=80/5 bbox_min=(+0.152,+0.050,+0.057) bbox_max=(+0.171,+0.075,+0.320)
[INFO] [1784883722.348757587] [mujoco_policy_backend]: obstacle_init stamp=1784883722.028460867 depth=293521 robot_mask_received=True self_rm=13679 workspace=1843 table_rm=0 raw_obstacle=1843 persistent=121 voxels=121 mode=dynamic frame=81/5 bbox_min=(+0.152,+0.053,+0.057) bbox_max=(+0.183,+0.082,+0.348)
[INFO] [1784883722.478131476] [mujoco_policy_backend]: obstacle_init stamp=1784883722.259882342 depth=293488 robot_mask_received=True self_rm=13712 workspace=1841 table_rm=0 raw_obstacle=1841 persistent=109 voxels=109 mode=dynamic frame=82/5 bbox_min=(+0.152,+0.055,+0.057) bbox_max=(+0.172,+0.077,+0.320)
[INFO] [1784883722.800760678] [mujoco_policy_backend]: obstacle_init stamp=1784883722.558877931 depth=293444 robot_mask_received=True self_rm=13756 workspace=1837 table_rm=0 raw_obstacle=1837 persistent=115 voxels=115 mode=dynamic frame=83/5 bbox_min=(+0.152,+0.057,+0.057) bbox_max=(+0.171,+0.079,+0.320)
[INFO] [1784883723.057941630] [mujoco_policy_backend]: obstacle_init stamp=1784883722.730390100 depth=293447 robot_mask_received=True self_rm=13753 workspace=1837 table_rm=0 raw_obstacle=1837 persistent=108 voxels=108 mode=dynamic frame=84/5 bbox_min=(+0.153,+0.058,+0.057) bbox_max=(+0.171,+0.081,+0.320)
[INFO] [1784883723.192769607] [mujoco_policy_backend]: obstacle_init stamp=1784883722.953853249 depth=293480 robot_mask_received=True self_rm=13720 workspace=1836 table_rm=0 raw_obstacle=1836 persistent=114 voxels=114 mode=dynamic frame=85/5 bbox_min=(+0.153,+0.062,+0.057) bbox_max=(+0.171,+0.085,+0.320)
[INFO] [1784883723.347263083] [mujoco_policy_backend]: wrist_roi_diag frame=81 projected_uv=(459.0,428.9) red_uv=(463.0,345.1) offset=83.9px depth=0.157m
[INFO] [1784883723.548528283] [mujoco_policy_backend]: obstacle_init stamp=1784883723.261185346 depth=293509 robot_mask_received=True self_rm=13691 workspace=1834 table_rm=0 raw_obstacle=1834 persistent=116 voxels=116 mode=dynamic frame=86/5 bbox_min=(+0.153,+0.063,+0.057) bbox_max=(+0.171,+0.086,+0.320)
[INFO] [1784883723.716426197] [mujoco_policy_backend]: obstacle_init stamp=1784883723.453289583 depth=293559 robot_mask_received=True self_rm=13641 workspace=1832 table_rm=0 raw_obstacle=1832 persistent=119 voxels=119 mode=dynamic frame=87/5 bbox_min=(+0.153,+0.064,+0.057) bbox_max=(+0.171,+0.087,+0.320)
[INFO] [1784883723.898257783] [mujoco_policy_backend]: obstacle_init stamp=1784883723.698981733 depth=293635 robot_mask_received=True self_rm=13565 workspace=1830 table_rm=0 raw_obstacle=1830 persistent=118 voxels=118 mode=dynamic frame=88/5 bbox_min=(+0.152,+0.066,+0.057) bbox_max=(+0.171,+0.088,+0.320)
[INFO] [1784883724.341654978] [mujoco_policy_backend]: obstacle_init stamp=1784883724.003746047 depth=293702 robot_mask_received=True self_rm=13498 workspace=1827 table_rm=0 raw_obstacle=1827 persistent=112 voxels=112 mode=dynamic frame=89/5 bbox_min=(+0.152,+0.068,+0.055) bbox_max=(+0.171,+0.093,+0.324)
[INFO] [1784883724.500638352] [mujoco_policy_backend]: obstacle_init stamp=1784883724.196044901 depth=293776 robot_mask_received=True self_rm=13424 workspace=1826 table_rm=0 raw_obstacle=1826 persistent=113 voxels=113 mode=dynamic frame=90/5 bbox_min=(+0.153,+0.069,+0.056) bbox_max=(+0.171,+0.094,+0.320)
[INFO] [1784883724.618646512] [mujoco_policy_backend]: obstacle_init stamp=1784883724.406514831 depth=293776 robot_mask_received=True self_rm=13424 workspace=2241 table_rm=0 raw_obstacle=2241 persistent=173 voxels=173 mode=dynamic frame=91/5 bbox_min=(+0.095,-0.060,+0.058) bbox_max=(+0.359,+0.097,+0.320)
[INFO] [1784883725.391656620] [mujoco_policy_backend]: obstacle_init stamp=1784883725.163365715 depth=293962 robot_mask_received=True self_rm=13238 workspace=1802 table_rm=0 raw_obstacle=1802 persistent=105 voxels=105 mode=dynamic frame=92/5 bbox_min=(+0.153,+0.075,+0.058) bbox_max=(+0.171,+0.098,+0.320)
[INFO] [1784883726.041301616] [mujoco_policy_backend]: obstacle_init stamp=1784883725.734901272 depth=293996 robot_mask_received=True self_rm=13204 workspace=1837 table_rm=0 raw_obstacle=1837 persistent=119 voxels=119 mode=dynamic frame=93/5 bbox_min=(+0.153,+0.076,+0.056) bbox_max=(+0.171,+0.099,+0.320)
[INFO] [1784883726.124400901] [mujoco_policy_backend]: obstacle_init stamp=1784883725.909176399 depth=293996 robot_mask_received=True self_rm=13204 workspace=2143 table_rm=0 raw_obstacle=2143 persistent=181 voxels=181 mode=dynamic frame=94/5 bbox_min=(+0.101,-0.049,+0.056) bbox_max=(+0.359,+0.100,+0.320)
[INFO] [1784883727.314125980] [mujoco_policy_backend]: obstacle_init stamp=1784883727.115671182 depth=294350 robot_mask_received=True self_rm=12850 workspace=1815 table_rm=0 raw_obstacle=1815 persistent=107 voxels=107 mode=dynamic frame=95/5 bbox_min=(+0.152,+0.080,+0.056) bbox_max=(+0.171,+0.102,+0.320)
[INFO] [1784883727.520963540] [mujoco_policy_backend]: wrist_roi_diag frame=91 projected_uv=(478.6,429.9) red_uv=(478.5,335.0) offset=94.9px depth=0.128m
[INFO] [1784883727.696891793] [mujoco_policy_backend]: obstacle_init stamp=1784883727.435099298 depth=294530 robot_mask_received=True self_rm=12670 workspace=1813 table_rm=0 raw_obstacle=1813 persistent=114 voxels=114 mode=dynamic frame=96/5 bbox_min=(+0.086,+0.075,+0.057) bbox_max=(+0.171,+0.106,+0.320)
[INFO] [1784883727.808383181] [mujoco_policy_backend]: obstacle_init stamp=1784883727.607965062 depth=294530 robot_mask_received=True self_rm=12670 workspace=2186 table_rm=0 raw_obstacle=2186 persistent=177 voxels=177 mode=dynamic frame=97/5 bbox_min=(+0.089,-0.038,+0.057) bbox_max=(+0.359,+0.109,+0.320)
[INFO] [1784883728.989974360] [mujoco_policy_backend]: obstacle_init stamp=1784883728.835544559 depth=294678 robot_mask_received=True self_rm=12522 workspace=2242 table_rm=0 raw_obstacle=2242 persistent=185 voxels=185 mode=dynamic frame=98/5 bbox_min=(+0.105,-0.030,+0.056) bbox_max=(+0.354,+0.110,+0.320)
[INFO] [1784883730.660641839] [mujoco_policy_backend]: obstacle_init stamp=1784883730.516955465 depth=295110 robot_mask_received=True self_rm=12090 workspace=1807 table_rm=0 raw_obstacle=1807 persistent=125 voxels=125 mode=dynamic frame=99/5 bbox_min=(+0.148,+0.087,+0.057) bbox_max=(+0.180,+0.112,+0.324)
[INFO] [1784883731.174543716] [mujoco_policy_backend]: obstacle_init stamp=1784883731.024683304 depth=295355 robot_mask_received=True self_rm=11845 workspace=1807 table_rm=0 raw_obstacle=1807 persistent=127 voxels=127 mode=dynamic frame=100/5 bbox_min=(+0.149,+0.089,+0.057) bbox_max=(+0.187,+0.113,+0.338)
[INFO] [1784883731.519467624] [mujoco_policy_backend]: obstacle_init stamp=1784883731.274350398 depth=295489 robot_mask_received=True self_rm=11711 workspace=1808 table_rm=0 raw_obstacle=1808 persistent=109 voxels=109 mode=dynamic frame=101/5 bbox_min=(+0.152,+0.091,+0.058) bbox_max=(+0.216,+0.113,+0.320)
[INFO] [1784883731.670031155] [mujoco_policy_backend]: obstacle_init stamp=1784883731.445203461 depth=295640 robot_mask_received=True self_rm=11560 workspace=1811 table_rm=0 raw_obstacle=1811 persistent=119 voxels=119 mode=dynamic frame=102/5 bbox_min=(+0.153,+0.093,+0.058) bbox_max=(+0.171,+0.115,+0.320)
[INFO] [1784883732.021391993] [mujoco_policy_backend]: obstacle_init stamp=1784883731.740465101 depth=295780 robot_mask_received=True self_rm=11420 workspace=1814 table_rm=0 raw_obstacle=1814 persistent=97 voxels=97 mode=dynamic frame=103/5 bbox_min=(+0.153,+0.096,+0.058) bbox_max=(+0.171,+0.117,+0.320)
[INFO] [1784883732.206355339] [mujoco_policy_backend]: obstacle_init stamp=1784883731.920572336 depth=295895 robot_mask_received=True self_rm=11305 workspace=1817 table_rm=0 raw_obstacle=1817 persistent=104 voxels=104 mode=dynamic frame=104/5 bbox_min=(+0.153,+0.098,+0.057) bbox_max=(+0.171,+0.121,+0.320)
[INFO] [1784883732.377312919] [mujoco_policy_backend]: obstacle_init stamp=1784883732.141771947 depth=296017 robot_mask_received=True self_rm=11183 workspace=1810 table_rm=0 raw_obstacle=1810 persistent=117 voxels=117 mode=dynamic frame=105/5 bbox_min=(+0.153,+0.099,+0.057) bbox_max=(+0.171,+0.123,+0.320)
[INFO] [1784883732.522896466] [mujoco_policy_backend]: wrist_roi_diag frame=101 projected_uv=(557.7,432.2) red_uv=(533.4,332.1) offset=103.0px depth=0.103m
[INFO] [1784883732.591073143] [mujoco_policy_backend]: obstacle_init stamp=1784883732.420771991 depth=296017 robot_mask_received=True self_rm=11183 workspace=2169 table_rm=0 raw_obstacle=2169 persistent=190 voxels=190 mode=dynamic frame=106/5 bbox_min=(+0.125,-0.016,+0.057) bbox_max=(+0.356,+0.123,+0.320)
[INFO] [1784883732.993975344] [mujoco_policy_backend]: obstacle_init stamp=1784883732.763472357 depth=296235 robot_mask_received=True self_rm=10965 workspace=1822 table_rm=0 raw_obstacle=1822 persistent=116 voxels=116 mode=dynamic frame=107/5 bbox_min=(+0.152,+0.102,+0.057) bbox_max=(+0.171,+0.124,+0.320)
[INFO] [1784883733.304993745] [mujoco_policy_backend]: obstacle_init stamp=1784883733.066364553 depth=296285 robot_mask_received=True self_rm=10915 workspace=1823 table_rm=0 raw_obstacle=1823 persistent=98 voxels=98 mode=dynamic frame=108/5 bbox_min=(+0.152,+0.104,+0.057) bbox_max=(+0.171,+0.125,+0.320)
[INFO] [1784883733.534369642] [mujoco_policy_backend]: obstacle_init stamp=1784883733.240234046 depth=296341 robot_mask_received=True self_rm=10859 workspace=1821 table_rm=0 raw_obstacle=1821 persistent=115 voxels=115 mode=dynamic frame=109/5 bbox_min=(+0.153,+0.105,+0.056) bbox_max=(+0.171,+0.129,+0.320)
[INFO] [1784883733.695436690] [mujoco_policy_backend]: obstacle_init stamp=1784883733.465067094 depth=296465 robot_mask_received=True self_rm=10735 workspace=1827 table_rm=0 raw_obstacle=1827 persistent=103 voxels=103 mode=dynamic frame=110/5 bbox_min=(+0.153,+0.106,+0.057) bbox_max=(+0.171,+0.130,+0.320)
[INFO] [1784883733.982783449] [mujoco_policy_backend]: obstacle_init stamp=1784883733.742412570 depth=296558 robot_mask_received=True self_rm=10642 workspace=1829 table_rm=0 raw_obstacle=1829 persistent=93 voxels=93 mode=dynamic frame=111/5 bbox_min=(+0.153,+0.109,+0.058) bbox_max=(+0.171,+0.132,+0.320)
[INFO] [1784883734.248270983] [mujoco_policy_backend]: obstacle_init stamp=1784883733.925422318 depth=296643 robot_mask_received=True self_rm=10557 workspace=1825 table_rm=0 raw_obstacle=1825 persistent=106 voxels=106 mode=dynamic frame=112/5 bbox_min=(+0.153,+0.110,+0.058) bbox_max=(+0.171,+0.133,+0.320)
[INFO] [1784883734.367020187] [mujoco_policy_backend]: obstacle_init stamp=1784883734.144713818 depth=296725 robot_mask_received=True self_rm=10475 workspace=1834 table_rm=0 raw_obstacle=1834 persistent=115 voxels=115 mode=dynamic frame=113/5 bbox_min=(+0.153,+0.111,+0.055) bbox_max=(+0.171,+0.133,+0.320)
[INFO] [1784883734.582953045] [mujoco_policy_backend]: obstacle_init stamp=1784883734.415866095 depth=296776 robot_mask_received=True self_rm=10424 workspace=1837 table_rm=0 raw_obstacle=1837 persistent=114 voxels=114 mode=dynamic frame=114/5 bbox_min=(+0.152,+0.112,+0.055) bbox_max=(+0.171,+0.134,+0.320)
[INFO] [1784883734.937242376] [mujoco_policy_backend]: obstacle_init stamp=1784883734.675026362 depth=296824 robot_mask_received=True self_rm=10376 workspace=1832 table_rm=0 raw_obstacle=1832 persistent=113 voxels=113 mode=dynamic frame=115/5 bbox_min=(+0.152,+0.113,+0.056) bbox_max=(+0.172,+0.135,+0.320)
[INFO] [1784883734.984393469] [mujoco_policy_backend]: wrist_roi_diag frame=111 projected_uv=(634.6,460.7) red_uv=(560.0,354.1) offset=130.0px depth=0.092m
[INFO] [1784883735.111971582] [mujoco_policy_backend]: obstacle_init stamp=1784883734.847057810 depth=296846 robot_mask_received=True self_rm=10354 workspace=1837 table_rm=0 raw_obstacle=1837 persistent=113 voxels=113 mode=dynamic frame=116/5 bbox_min=(+0.152,+0.114,+0.057) bbox_max=(+0.172,+0.136,+0.320)
[INFO] [1784883735.267846416] [mujoco_policy_backend]: obstacle_init stamp=1784883735.085557255 depth=296862 robot_mask_received=True self_rm=10338 workspace=1833 table_rm=0 raw_obstacle=1833 persistent=115 voxels=115 mode=dynamic frame=117/5 bbox_min=(+0.152,+0.115,+0.057) bbox_max=(+0.172,+0.137,+0.327)
[INFO] [1784883735.644662577] [mujoco_policy_backend]: obstacle_init stamp=1784883735.381356404 depth=296864 robot_mask_received=True self_rm=10336 workspace=1828 table_rm=0 raw_obstacle=1828 persistent=110 voxels=110 mode=dynamic frame=118/5 bbox_min=(+0.152,+0.116,+0.057) bbox_max=(+0.172,+0.138,+0.320)
[INFO] [1784883735.781738134] [mujoco_policy_backend]: obstacle_init stamp=1784883735.558254784 depth=296861 robot_mask_received=True self_rm=10339 workspace=1837 table_rm=0 raw_obstacle=1837 persistent=101 voxels=101 mode=dynamic frame=119/5 bbox_min=(+0.152,+0.117,+0.057) bbox_max=(+0.171,+0.138,+0.320)
[INFO] [1784883736.134597481] [mujoco_policy_backend]: obstacle_init stamp=1784883735.870858875 depth=296847 robot_mask_received=True self_rm=10353 workspace=1835 table_rm=0 raw_obstacle=1835 persistent=99 voxels=99 mode=dynamic frame=120/5 bbox_min=(+0.152,+0.117,+0.057) bbox_max=(+0.171,+0.139,+0.326)
[INFO] [1784883736.286618506] [mujoco_policy_backend]: obstacle_init stamp=1784883736.041621039 depth=296856 robot_mask_received=True self_rm=10344 workspace=1835 table_rm=0 raw_obstacle=1835 persistent=105 voxels=105 mode=dynamic frame=121/5 bbox_min=(+0.152,+0.118,+0.057) bbox_max=(+0.171,+0.139,+0.320)
[INFO] [1784883736.482988515] [mujoco_policy_backend]: obstacle_init stamp=1784883736.305637290 depth=296883 robot_mask_received=True self_rm=10317 workspace=1836 table_rm=0 raw_obstacle=1836 persistent=110 voxels=110 mode=dynamic frame=122/5 bbox_min=(+0.152,+0.118,+0.056) bbox_max=(+0.171,+0.140,+0.320)
[INFO] [1784883736.780096585] [mujoco_policy_backend]: obstacle_init stamp=1784883736.597930292 depth=297060 robot_mask_received=True self_rm=10140 workspace=1836 table_rm=0 raw_obstacle=1836 persistent=112 voxels=112 mode=dynamic frame=123/5 bbox_min=(+0.153,+0.118,+0.058) bbox_max=(+0.171,+0.140,+0.327)
[INFO] [1784883736.992448192] [mujoco_policy_backend]: obstacle_init stamp=1784883736.811709249 depth=297246 robot_mask_received=True self_rm=9954 workspace=1837 table_rm=0 raw_obstacle=1837 persistent=112 voxels=112 mode=dynamic frame=124/5 bbox_min=(+0.153,+0.118,+0.058) bbox_max=(+0.171,+0.140,+0.320)
[INFO] [1784883737.391882526] [mujoco_policy_backend]: obstacle_init stamp=1784883737.085623743 depth=297317 robot_mask_received=True self_rm=9883 workspace=1840 table_rm=0 raw_obstacle=1840 persistent=111 voxels=111 mode=dynamic frame=125/5 bbox_min=(+0.153,+0.119,+0.058) bbox_max=(+0.172,+0.140,+0.320)
[INFO] [1784883737.393973645] [mujoco_policy_backend]: wrist_roi_diag frame=121 projected_uv=(469.2,599.9) red_uv=(438.5,394.8) offset=207.3px depth=0.067m
[INFO] [1784883737.498949810] [mujoco_policy_backend]: obstacle_init stamp=1784883737.257912999 depth=297339 robot_mask_received=True self_rm=9861 workspace=1837 table_rm=0 raw_obstacle=1837 persistent=111 voxels=111 mode=dynamic frame=126/5 bbox_min=(+0.153,+0.119,+0.058) bbox_max=(+0.172,+0.140,+0.320)
[INFO] [1784883737.810993103] [mujoco_policy_backend]: obstacle_init stamp=1784883737.548584684 depth=297346 robot_mask_received=True self_rm=9854 workspace=1837 table_rm=0 raw_obstacle=1837 persistent=111 voxels=111 mode=dynamic frame=127/5 bbox_min=(+0.153,+0.119,+0.058) bbox_max=(+0.171,+0.140,+0.325)
[INFO] [1784883738.074696867] [mujoco_policy_backend]: obstacle_init stamp=1784883737.725616498 depth=297309 robot_mask_received=True self_rm=9891 workspace=1839 table_rm=0 raw_obstacle=1839 persistent=113 voxels=113 mode=dynamic frame=128/5 bbox_min=(+0.153,+0.119,+0.057) bbox_max=(+0.171,+0.140,+0.325)
[INFO] [1784883738.197815819] [mujoco_policy_backend]: obstacle_init stamp=1784883737.953477755 depth=297263 robot_mask_received=True self_rm=9937 workspace=1836 table_rm=0 raw_obstacle=1836 persistent=104 voxels=104 mode=dynamic frame=129/5 bbox_min=(+0.152,+0.118,+0.058) bbox_max=(+0.171,+0.140,+0.324)
[INFO] [1784883738.468448052] [mujoco_policy_backend]: obstacle_init stamp=1784883738.231321171 depth=297254 robot_mask_received=True self_rm=9946 workspace=1831 table_rm=0 raw_obstacle=1831 persistent=101 voxels=101 mode=dynamic frame=130/5 bbox_min=(+0.152,+0.118,+0.056) bbox_max=(+0.171,+0.139,+0.325)
[INFO] [1784883738.578771672] [mujoco_policy_backend]: replan[1] start prompt='red cube' cloud_seq_before=1
[INFO] [1784883752.682442893] [mujoco_policy_backend]: obstacle_init stamp=1784883752.498546633 depth=297258 robot_mask_received=True self_rm=9942 workspace=1830 table_rm=0 raw_obstacle=1830 persistent=102 voxels=102 mode=dynamic frame=131/5 bbox_min=(+0.152,+0.118,+0.057) bbox_max=(+0.171,+0.139,+0.320)
[INFO] [1784883752.876288193] [mujoco_policy_backend]: obstacle_init stamp=1784883752.703219886 depth=297213 robot_mask_received=True self_rm=9987 workspace=1837 table_rm=0 raw_obstacle=1837 persistent=104 voxels=104 mode=dynamic frame=132/5 bbox_min=(+0.152,+0.118,+0.057) bbox_max=(+0.171,+0.139,+0.325)
[INFO] [1784883753.197130149] [mujoco_policy_backend]: obstacle_init stamp=1784883752.972081283 depth=297116 robot_mask_received=True self_rm=10084 workspace=1845 table_rm=0 raw_obstacle=1845 persistent=109 voxels=109 mode=dynamic frame=133/5 bbox_min=(+0.152,+0.118,+0.057) bbox_max=(+0.171,+0.138,+0.325)
[INFO] [1784883753.454084815] [mujoco_policy_backend]: obstacle_init stamp=1784883753.140480481 depth=297004 robot_mask_received=True self_rm=10196 workspace=1833 table_rm=0 raw_obstacle=1833 persistent=113 voxels=113 mode=dynamic frame=134/5 bbox_min=(+0.152,+0.117,+0.055) bbox_max=(+0.171,+0.138,+0.320)
[INFO] [1784883753.580615684] [mujoco_policy_backend]: obstacle_init stamp=1784883753.363251950 depth=296891 robot_mask_received=True self_rm=10309 workspace=1832 table_rm=0 raw_obstacle=1832 persistent=114 voxels=114 mode=dynamic frame=135/5 bbox_min=(+0.152,+0.116,+0.057) bbox_max=(+0.172,+0.137,+0.324)
[INFO] [1784883753.757740915] [mujoco_policy_backend]: wrist_roi_diag frame=131 projected_uv=(762.0,634.6) red_uv=(571.5,398.5) offset=303.4px depth=0.063m
[INFO] [1784883753.927660552] [mujoco_policy_backend]: obstacle_init stamp=1784883753.671588705 depth=296782 robot_mask_received=True self_rm=10418 workspace=1831 table_rm=0 raw_obstacle=1831 persistent=114 voxels=114 mode=dynamic frame=136/5 bbox_min=(+0.152,+0.116,+0.056) bbox_max=(+0.172,+0.136,+0.324)
[INFO] [1784883754.089777161] [mujoco_policy_backend]: obstacle_init stamp=1784883753.843177529 depth=296701 robot_mask_received=True self_rm=10499 workspace=1828 table_rm=0 raw_obstacle=1828 persistent=111 voxels=111 mode=dynamic frame=137/5 bbox_min=(+0.152,+0.115,+0.058) bbox_max=(+0.172,+0.135,+0.320)
[INFO] [1784883754.274106753] [mujoco_policy_backend]: obstacle_init stamp=1784883754.098816991 depth=296617 robot_mask_received=True self_rm=10583 workspace=1829 table_rm=0 raw_obstacle=1829 persistent=112 voxels=112 mode=dynamic frame=138/5 bbox_min=(+0.152,+0.114,+0.058) bbox_max=(+0.172,+0.135,+0.320)
[INFO] [1784883754.587977253] [mujoco_policy_backend]: obstacle_init stamp=1784883754.332104958 depth=296605 robot_mask_received=True self_rm=10595 workspace=1832 table_rm=0 raw_obstacle=1832 persistent=107 voxels=107 mode=dynamic frame=139/5 bbox_min=(+0.152,+0.113,+0.057) bbox_max=(+0.172,+0.134,+0.320)
[INFO] [1784883754.686232288] [mujoco_policy_backend]: replan[2] start prompt='red cube' cloud_seq_before=2
[INFO] [1784883758.828482279] [mujoco_policy_backend]: obstacle_init stamp=1784883758.601638095 depth=296605 robot_mask_received=True self_rm=10595 workspace=1832 table_rm=0 raw_obstacle=1832 persistent=107 voxels=107 mode=dynamic frame=140/5 bbox_min=(+0.152,+0.113,+0.057) bbox_max=(+0.172,+0.134,+0.320)
[INFO] [1784883759.021290089] [mujoco_policy_backend]: obstacle_init stamp=1784883758.718609520 depth=296554 robot_mask_received=True self_rm=10646 workspace=1830 table_rm=0 raw_obstacle=1830 persistent=97 voxels=97 mode=dynamic frame=141/5 bbox_min=(+0.152,+0.112,+0.056) bbox_max=(+0.171,+0.133,+0.320)
[INFO] [1784883759.091445456] [mujoco_policy_backend]: obstacle_init stamp=1784883758.925346950 depth=296554 robot_mask_received=True self_rm=10646 workspace=2628 table_rm=0 raw_obstacle=2628 persistent=180 voxels=180 mode=dynamic frame=142/5 bbox_min=(+0.103,-0.022,+0.058) bbox_max=(+0.359,+0.133,+0.320)
[INFO] [1784883759.474606543] [mujoco_policy_backend]: obstacle_init stamp=1784883759.250939042 depth=296370 robot_mask_received=True self_rm=10830 workspace=1828 table_rm=0 raw_obstacle=1828 persistent=113 voxels=113 mode=dynamic frame=143/5 bbox_min=(+0.153,+0.107,+0.057) bbox_max=(+0.171,+0.130,+0.320)
[INFO] [1784883759.814856503] [mujoco_policy_backend]: obstacle_init stamp=1784883759.551477549 depth=296256 robot_mask_received=True self_rm=10944 workspace=1825 table_rm=0 raw_obstacle=1825 persistent=107 voxels=107 mode=dynamic frame=144/5 bbox_min=(+0.153,+0.106,+0.058) bbox_max=(+0.171,+0.129,+0.320)
[INFO] [1784883759.918790767] [mujoco_policy_backend]: obstacle_init stamp=1784883759.671991984 depth=296187 robot_mask_received=True self_rm=11013 workspace=1820 table_rm=0 raw_obstacle=1820 persistent=111 voxels=111 mode=dynamic frame=145/5 bbox_min=(+0.153,+0.104,+0.058) bbox_max=(+0.171,+0.128,+0.320)
[INFO] [1784883760.197679922] [mujoco_policy_backend]: obstacle_init stamp=1784883759.924651661 depth=295983 robot_mask_received=True self_rm=11217 workspace=1821 table_rm=0 raw_obstacle=1821 persistent=117 voxels=117 mode=dynamic frame=146/5 bbox_min=(+0.152,+0.103,+0.057) bbox_max=(+0.171,+0.127,+0.320)
[INFO] [1784883760.411131441] [mujoco_policy_backend]: obstacle_init stamp=1784883760.067146161 depth=295535 robot_mask_received=True self_rm=11665 workspace=1809 table_rm=0 raw_obstacle=1809 persistent=123 voxels=123 mode=dynamic frame=147/5 bbox_min=(+0.152,+0.101,+0.057) bbox_max=(+0.171,+0.126,+0.320)
[INFO] [1784883760.486914139] [mujoco_policy_backend]: obstacle_init stamp=1784883760.280229715 depth=294786 robot_mask_received=True self_rm=12414 workspace=1831 table_rm=0 raw_obstacle=1831 persistent=115 voxels=115 mode=dynamic frame=148/5 bbox_min=(+0.152,+0.099,+0.056) bbox_max=(+0.172,+0.124,+0.320)
[INFO] [1784883760.704673710] [mujoco_policy_backend]: obstacle_init stamp=1784883760.442882991 depth=293860 robot_mask_received=True self_rm=13340 workspace=1821 table_rm=0 raw_obstacle=1821 persistent=104 voxels=104 mode=dynamic frame=149/5 bbox_min=(+0.152,+0.097,+0.058) bbox_max=(+0.171,+0.122,+0.320)
[INFO] [1784883760.806860984] [mujoco_policy_backend]: obstacle_init stamp=1784883760.608016212 depth=293860 robot_mask_received=True self_rm=13340 workspace=3520 table_rm=0 raw_obstacle=3520 persistent=183 voxels=183 mode=dynamic frame=150/5 bbox_min=(+0.127,-0.053,+0.058) bbox_max=(+0.354,+0.119,+0.320)
[INFO] [1784883760.978244270] [mujoco_policy_backend]: obstacle_init stamp=1784883760.820844717 depth=292398 robot_mask_received=True self_rm=14802 workspace=1808 table_rm=0 raw_obstacle=1808 persistent=115 voxels=115 mode=dynamic frame=151/5 bbox_min=(+0.153,+0.093,+0.058) bbox_max=(+0.171,+0.118,+0.320)
[INFO] [1784883761.314079651] [mujoco_policy_backend]: obstacle_init stamp=1784883761.084310931 depth=292201 robot_mask_received=True self_rm=14999 workspace=1808 table_rm=0 raw_obstacle=1808 persistent=117 voxels=117 mode=dynamic frame=152/5 bbox_min=(+0.151,+0.091,+0.058) bbox_max=(+0.197,+0.117,+0.320)
[INFO] [1784883761.492501811] [mujoco_policy_backend]: obstacle_init stamp=1784883761.201394424 depth=291932 robot_mask_received=True self_rm=15268 workspace=1809 table_rm=0 raw_obstacle=1809 persistent=125 voxels=125 mode=dynamic frame=153/5 bbox_min=(+0.150,+0.089,+0.056) bbox_max=(+0.185,+0.115,+0.320)
[INFO] [1784883761.585529690] [mujoco_policy_backend]: obstacle_init stamp=1784883761.371057950 depth=291600 robot_mask_received=True self_rm=15600 workspace=1809 table_rm=0 raw_obstacle=1809 persistent=123 voxels=123 mode=dynamic frame=154/5 bbox_min=(+0.148,+0.087,+0.057) bbox_max=(+0.171,+0.114,+0.320)
[INFO] [1784883761.811618852] [mujoco_policy_backend]: obstacle_init stamp=1784883761.524605456 depth=291412 robot_mask_received=True self_rm=15788 workspace=1810 table_rm=0 raw_obstacle=1810 persistent=116 voxels=116 mode=dynamic frame=155/5 bbox_min=(+0.134,+0.084,+0.057) bbox_max=(+0.171,+0.112,+0.320)
[INFO] [1784883761.905285170] [mujoco_policy_backend]: obstacle_init stamp=1784883761.702743960 depth=291412 robot_mask_received=True self_rm=15788 workspace=2102 table_rm=0 raw_obstacle=2102 persistent=143 voxels=143 mode=dynamic frame=156/5 bbox_min=(+0.120,-0.055,+0.058) bbox_max=(+0.359,+0.107,+0.321)
[INFO] [1784883762.173711439] [mujoco_policy_backend]: obstacle_init stamp=1784883761.970248613 depth=291214 robot_mask_received=True self_rm=15986 workspace=1811 table_rm=0 raw_obstacle=1811 persistent=116 voxels=116 mode=dynamic frame=157/5 bbox_min=(+0.153,+0.083,+0.058) bbox_max=(+0.171,+0.106,+0.320)
[INFO] [1784883762.463528840] [mujoco_policy_backend]: obstacle_init stamp=1784883762.174659399 depth=291272 robot_mask_received=True self_rm=15928 workspace=1815 table_rm=0 raw_obstacle=1815 persistent=110 voxels=110 mode=dynamic frame=158/5 bbox_min=(+0.153,+0.082,+0.057) bbox_max=(+0.171,+0.105,+0.320)
[INFO] [1784883762.601926173] [mujoco_policy_backend]: obstacle_init stamp=1784883762.328414041 depth=291345 robot_mask_received=True self_rm=15855 workspace=1817 table_rm=0 raw_obstacle=1817 persistent=118 voxels=118 mode=dynamic frame=159/5 bbox_min=(+0.153,+0.081,+0.056) bbox_max=(+0.171,+0.103,+0.320)
[INFO] [1784883762.808315194] [mujoco_policy_backend]: obstacle_init stamp=1784883762.496059051 depth=291317 robot_mask_received=True self_rm=15883 workspace=1820 table_rm=0 raw_obstacle=1820 persistent=119 voxels=119 mode=dynamic frame=160/5 bbox_min=(+0.152,+0.080,+0.056) bbox_max=(+0.171,+0.102,+0.320)
[INFO] [1784883762.899805301] [mujoco_policy_backend]: obstacle_init stamp=1784883762.677446307 depth=291345 robot_mask_received=True self_rm=15855 workspace=1822 table_rm=0 raw_obstacle=1822 persistent=104 voxels=104 mode=dynamic frame=161/5 bbox_min=(+0.152,+0.078,+0.056) bbox_max=(+0.171,+0.100,+0.320)
[INFO] [1784883763.094748647] [mujoco_policy_backend]: obstacle_init stamp=1784883762.839944345 depth=291384 robot_mask_received=True self_rm=15816 workspace=1825 table_rm=0 raw_obstacle=1825 persistent=98 voxels=98 mode=dynamic frame=162/5 bbox_min=(+0.153,+0.072,+0.057) bbox_max=(+0.171,+0.098,+0.320)
[INFO] [1784883763.211794741] [mujoco_policy_backend]: obstacle_init stamp=1784883763.004179802 depth=291384 robot_mask_received=True self_rm=15816 workspace=1906 table_rm=0 raw_obstacle=1906 persistent=162 voxels=162 mode=dynamic frame=163/5 bbox_min=(+0.116,-0.050,+0.055) bbox_max=(+0.360,+0.095,+0.325)
[INFO] [1784883763.475573725] [mujoco_policy_backend]: obstacle_init stamp=1784883763.276025442 depth=291608 robot_mask_received=True self_rm=15592 workspace=1825 table_rm=0 raw_obstacle=1825 persistent=112 voxels=112 mode=dynamic frame=164/5 bbox_min=(+0.153,+0.070,+0.057) bbox_max=(+0.171,+0.093,+0.320)
[INFO] [1784883763.891371959] [mujoco_policy_backend]: obstacle_init stamp=1784883763.703019948 depth=291839 robot_mask_received=True self_rm=15361 workspace=1830 table_rm=0 raw_obstacle=1830 persistent=117 voxels=117 mode=dynamic frame=165/5 bbox_min=(+0.153,+0.069,+0.057) bbox_max=(+0.171,+0.092,+0.320)
[INFO] [1784883764.096050817] [mujoco_policy_backend]: obstacle_init stamp=1784883763.819659196 depth=291852 robot_mask_received=True self_rm=15348 workspace=1833 table_rm=0 raw_obstacle=1833 persistent=118 voxels=118 mode=dynamic frame=166/5 bbox_min=(+0.152,+0.068,+0.056) bbox_max=(+0.171,+0.090,+0.320)
[INFO] [1784883764.239143328] [mujoco_policy_backend]: obstacle_init stamp=1784883763.992537678 depth=291845 robot_mask_received=True self_rm=15355 workspace=1832 table_rm=0 raw_obstacle=1832 persistent=98 voxels=98 mode=dynamic frame=167/5 bbox_min=(+0.152,+0.066,+0.057) bbox_max=(+0.171,+0.088,+0.320)
[INFO] [1784883764.403141370] [mujoco_policy_backend]: obstacle_init stamp=1784883764.179143130 depth=291858 robot_mask_received=True self_rm=15342 workspace=1838 table_rm=0 raw_obstacle=1838 persistent=121 voxels=121 mode=dynamic frame=168/5 bbox_min=(+0.153,+0.060,+0.057) bbox_max=(+0.171,+0.087,+0.320)
[INFO] [1784883764.619156633] [mujoco_policy_backend]: obstacle_init stamp=1784883764.344239214 depth=291902 robot_mask_received=True self_rm=15298 workspace=1837 table_rm=0 raw_obstacle=1837 persistent=111 voxels=111 mode=dynamic frame=169/5 bbox_min=(+0.153,+0.058,+0.058) bbox_max=(+0.171,+0.083,+0.320)
[INFO] [1784883764.695133812] [mujoco_policy_backend]: obstacle_init stamp=1784883764.513990128 depth=291902 robot_mask_received=True self_rm=15298 workspace=1971 table_rm=0 raw_obstacle=1971 persistent=158 voxels=158 mode=dynamic frame=170/5 bbox_min=(+0.108,-0.066,+0.057) bbox_max=(+0.360,+0.088,+0.380)
[INFO] [1784883765.166203791] [mujoco_policy_backend]: obstacle_init stamp=1784883764.931875603 depth=291978 robot_mask_received=True self_rm=15222 workspace=1843 table_rm=0 raw_obstacle=1843 persistent=121 voxels=121 mode=dynamic frame=171/5 bbox_min=(+0.153,+0.053,+0.057) bbox_max=(+0.188,+0.083,+0.354)
[INFO] [1784883765.378825853] [mujoco_policy_backend]: obstacle_init stamp=1784883765.173190900 depth=292381 robot_mask_received=True self_rm=14819 workspace=1848 table_rm=0 raw_obstacle=1848 persistent=123 voxels=123 mode=dynamic frame=172/5 bbox_min=(+0.152,+0.052,+0.056) bbox_max=(+0.172,+0.079,+0.333)
[INFO] [1784883765.618702349] [mujoco_policy_backend]: obstacle_init stamp=1784883765.328461724 depth=292635 robot_mask_received=True self_rm=14565 workspace=1849 table_rm=0 raw_obstacle=1849 persistent=122 voxels=122 mode=dynamic frame=173/5 bbox_min=(+0.152,+0.049,+0.057) bbox_max=(+0.172,+0.078,+0.330)
[INFO] [1784883765.751382133] [mujoco_policy_backend]: obstacle_init stamp=1784883765.508486477 depth=292580 robot_mask_received=True self_rm=14620 workspace=1855 table_rm=0 raw_obstacle=1855 persistent=119 voxels=119 mode=dynamic frame=174/5 bbox_min=(+0.151,+0.047,+0.057) bbox_max=(+0.172,+0.077,+0.331)
[INFO] [1784883765.980006785] [mujoco_policy_backend]: obstacle_init stamp=1784883765.698362333 depth=292477 robot_mask_received=True self_rm=14723 workspace=1856 table_rm=0 raw_obstacle=1856 persistent=122 voxels=122 mode=dynamic frame=175/5 bbox_min=(+0.145,+0.044,+0.058) bbox_max=(+0.171,+0.076,+0.329)
[INFO] [1784883766.182695168] [mujoco_policy_backend]: obstacle_init stamp=1784883765.863894733 depth=292350 robot_mask_received=True self_rm=14850 workspace=1855 table_rm=0 raw_obstacle=1855 persistent=114 voxels=114 mode=dynamic frame=176/5 bbox_min=(+0.153,+0.050,+0.058) bbox_max=(+0.171,+0.074,+0.329)
[INFO] [1784883766.381368429] [mujoco_policy_backend]: obstacle_init stamp=1784883766.080554113 depth=292182 robot_mask_received=True self_rm=15018 workspace=1865 table_rm=0 raw_obstacle=1865 persistent=117 voxels=117 mode=dynamic frame=177/5 bbox_min=(+0.123,+0.034,+0.055) bbox_max=(+0.171,+0.073,+0.325)
[INFO] [1784883766.512751924] [mujoco_policy_backend]: obstacle_init stamp=1784883766.247519495 depth=291988 robot_mask_received=True self_rm=15212 workspace=1864 table_rm=0 raw_obstacle=1864 persistent=114 voxels=114 mode=dynamic frame=178/5 bbox_min=(+0.153,+0.047,+0.056) bbox_max=(+0.171,+0.070,+0.320)
[INFO] [1784883766.693489810] [mujoco_policy_backend]: obstacle_init stamp=1784883766.422486014 depth=291931 robot_mask_received=True self_rm=15269 workspace=1868 table_rm=0 raw_obstacle=1868 persistent=105 voxels=105 mode=dynamic frame=179/5 bbox_min=(+0.153,+0.046,+0.057) bbox_max=(+0.171,+0.069,+0.320)
[INFO] [1784883766.815520852] [mujoco_policy_backend]: obstacle_init stamp=1784883766.597609752 depth=291872 robot_mask_received=True self_rm=15328 workspace=1876 table_rm=0 raw_obstacle=1876 persistent=117 voxels=117 mode=dynamic frame=180/5 bbox_min=(+0.152,+0.045,+0.057) bbox_max=(+0.171,+0.068,+0.327)
[INFO] [1784883767.067081544] [mujoco_policy_backend]: obstacle_init stamp=1784883766.830233476 depth=291696 robot_mask_received=True self_rm=15504 workspace=1873 table_rm=0 raw_obstacle=1873 persistent=118 voxels=118 mode=dynamic frame=181/5 bbox_min=(+0.152,+0.043,+0.056) bbox_max=(+0.172,+0.067,+0.320)
[INFO] [1784883767.197399278] [mujoco_policy_backend]: obstacle_init stamp=1784883766.971332800 depth=291609 robot_mask_received=True self_rm=15591 workspace=1876 table_rm=0 raw_obstacle=1876 persistent=118 voxels=118 mode=dynamic frame=182/5 bbox_min=(+0.152,+0.044,+0.058) bbox_max=(+0.172,+0.066,+0.320)
[INFO] [1784883767.401149569] [mujoco_policy_backend]: obstacle_init stamp=1784883767.184470464 depth=291556 robot_mask_received=True self_rm=15644 workspace=1881 table_rm=0 raw_obstacle=1881 persistent=118 voxels=118 mode=dynamic frame=183/5 bbox_min=(+0.152,+0.043,+0.057) bbox_max=(+0.172,+0.066,+0.320)
[INFO] [1784883767.676508509] [mujoco_policy_backend]: obstacle_init stamp=1784883767.424894058 depth=291516 robot_mask_received=True self_rm=15684 workspace=1880 table_rm=0 raw_obstacle=1880 persistent=119 voxels=119 mode=dynamic frame=184/5 bbox_min=(+0.152,+0.043,+0.056) bbox_max=(+0.172,+0.065,+0.325)
[INFO] [1784883767.845836794] [mujoco_policy_backend]: obstacle_init stamp=1784883767.570669908 depth=291481 robot_mask_received=True self_rm=15719 workspace=1885 table_rm=0 raw_obstacle=1885 persistent=118 voxels=118 mode=dynamic frame=185/5 bbox_min=(+0.152,+0.042,+0.058) bbox_max=(+0.172,+0.064,+0.320)
[INFO] [1784883768.055715659] [mujoco_policy_backend]: obstacle_init stamp=1784883767.750459559 depth=291417 robot_mask_received=True self_rm=15783 workspace=1885 table_rm=0 raw_obstacle=1885 persistent=114 voxels=114 mode=dynamic frame=186/5 bbox_min=(+0.152,+0.041,+0.058) bbox_max=(+0.171,+0.063,+0.320)
[INFO] [1784883768.186942440] [mujoco_policy_backend]: obstacle_init stamp=1784883767.927114978 depth=291378 robot_mask_received=True self_rm=15822 workspace=1885 table_rm=0 raw_obstacle=1885 persistent=107 voxels=107 mode=dynamic frame=187/5 bbox_min=(+0.152,+0.040,+0.057) bbox_max=(+0.171,+0.063,+0.320)
[INFO] [1784883768.407022144] [mujoco_policy_backend]: obstacle_init stamp=1784883768.125637641 depth=291320 robot_mask_received=True self_rm=15880 workspace=1885 table_rm=0 raw_obstacle=1885 persistent=106 voxels=106 mode=dynamic frame=188/5 bbox_min=(+0.152,+0.040,+0.057) bbox_max=(+0.171,+0.063,+0.325)
[INFO] [1784883768.521444678] [mujoco_policy_backend]: obstacle_init stamp=1784883768.298040568 depth=291320 robot_mask_received=True self_rm=15880 workspace=2085 table_rm=0 raw_obstacle=2085 persistent=160 voxels=160 mode=dynamic frame=189/5 bbox_min=(+0.091,-0.079,+0.057) bbox_max=(+0.358,+0.062,+0.320)
[INFO] [1784883768.786111530] [mujoco_policy_backend]: obstacle_init stamp=1784883768.543251046 depth=291290 robot_mask_received=True self_rm=15910 workspace=1888 table_rm=0 raw_obstacle=1888 persistent=113 voxels=113 mode=dynamic frame=190/5 bbox_min=(+0.153,+0.040,+0.057) bbox_max=(+0.171,+0.063,+0.324)
[INFO] [1784883769.109634885] [mujoco_policy_backend]: obstacle_init stamp=1784883768.872695480 depth=291299 robot_mask_received=True self_rm=15901 workspace=1886 table_rm=0 raw_obstacle=1886 persistent=112 voxels=112 mode=dynamic frame=191/5 bbox_min=(+0.153,+0.039,+0.057) bbox_max=(+0.171,+0.063,+0.324)
[INFO] [1784883769.245042427] [mujoco_policy_backend]: obstacle_init stamp=1784883768.993960801 depth=291291 robot_mask_received=True self_rm=15909 workspace=1884 table_rm=0 raw_obstacle=1884 persistent=108 voxels=108 mode=dynamic frame=192/5 bbox_min=(+0.153,+0.040,+0.057) bbox_max=(+0.171,+0.063,+0.324)
[INFO] [1784883769.425981964] [mujoco_policy_backend]: obstacle_init stamp=1784883769.185376779 depth=291198 robot_mask_received=True self_rm=16002 workspace=1887 table_rm=0 raw_obstacle=1887 persistent=105 voxels=105 mode=dynamic frame=193/5 bbox_min=(+0.153,+0.040,+0.057) bbox_max=(+0.171,+0.062,+0.320)
[INFO] [1784883769.655126961] [mujoco_policy_backend]: obstacle_init stamp=1784883769.356194214 depth=291124 robot_mask_received=True self_rm=16076 workspace=1886 table_rm=0 raw_obstacle=1886 persistent=110 voxels=110 mode=dynamic frame=194/5 bbox_min=(+0.152,+0.040,+0.056) bbox_max=(+0.171,+0.062,+0.320)
[INFO] [1784883769.793439339] [mujoco_policy_backend]: obstacle_init stamp=1784883769.521234573 depth=291117 robot_mask_received=True self_rm=16083 workspace=1882 table_rm=0 raw_obstacle=1882 persistent=116 voxels=116 mode=dynamic frame=195/5 bbox_min=(+0.152,+0.041,+0.057) bbox_max=(+0.171,+0.064,+0.325)
[INFO] [1784883769.909778620] [mujoco_policy_backend]: obstacle_init stamp=1784883769.690965913 depth=291133 robot_mask_received=True self_rm=16067 workspace=1881 table_rm=0 raw_obstacle=1881 persistent=118 voxels=118 mode=dynamic frame=196/5 bbox_min=(+0.152,+0.041,+0.057) bbox_max=(+0.171,+0.063,+0.320)
[INFO] [1784883770.174842088] [mujoco_policy_backend]: obstacle_init stamp=1784883769.917328970 depth=291161 robot_mask_received=True self_rm=16039 workspace=1880 table_rm=0 raw_obstacle=1880 persistent=117 voxels=117 mode=dynamic frame=197/5 bbox_min=(+0.152,+0.041,+0.056) bbox_max=(+0.172,+0.063,+0.320)
[INFO] [1784883770.421560910] [mujoco_policy_backend]: obstacle_init stamp=1784883770.066827890 depth=291172 robot_mask_received=True self_rm=16028 workspace=1876 table_rm=0 raw_obstacle=1876 persistent=119 voxels=119 mode=dynamic frame=198/5 bbox_min=(+0.152,+0.042,+0.057) bbox_max=(+0.172,+0.066,+0.325)
[INFO] [1784883770.576853132] [mujoco_policy_backend]: obstacle_init stamp=1784883770.291105563 depth=291172 robot_mask_received=True self_rm=16028 workspace=1990 table_rm=0 raw_obstacle=1990 persistent=177 voxels=177 mode=dynamic frame=199/5 bbox_min=(+0.022,-0.076,+0.056) bbox_max=(+0.359,+0.066,+0.325)
[INFO] [1784883770.683123583] [mujoco_policy_backend]: obstacle_init stamp=1784883770.473196795 depth=291180 robot_mask_received=True self_rm=16020 workspace=1874 table_rm=0 raw_obstacle=1874 persistent=117 voxels=117 mode=dynamic frame=200/5 bbox_min=(+0.152,+0.043,+0.057) bbox_max=(+0.172,+0.065,+0.320)
[INFO] [1784883771.212276193] [mujoco_policy_backend]: obstacle_init stamp=1784883770.973533168 depth=291183 robot_mask_received=True self_rm=16017 workspace=1867 table_rm=0 raw_obstacle=1867 persistent=117 voxels=117 mode=dynamic frame=201/5 bbox_min=(+0.152,+0.044,+0.055) bbox_max=(+0.172,+0.068,+0.324)
[INFO] [1784883771.417111983] [mujoco_policy_backend]: obstacle_init stamp=1784883771.098624052 depth=291188 robot_mask_received=True self_rm=16012 workspace=1864 table_rm=0 raw_obstacle=1864 persistent=102 voxels=102 mode=dynamic frame=202/5 bbox_min=(+0.152,+0.045,+0.057) bbox_max=(+0.172,+0.069,+0.325)
[INFO] [1784883771.551593545] [mujoco_policy_backend]: obstacle_init stamp=1784883771.284092763 depth=291177 robot_mask_received=True self_rm=16023 workspace=1861 table_rm=0 raw_obstacle=1861 persistent=115 voxels=115 mode=dynamic frame=203/5 bbox_min=(+0.112,+0.029,+0.057) bbox_max=(+0.172,+0.069,+0.326)
[INFO] [1784883771.746592500] [mujoco_policy_backend]: obstacle_init stamp=1784883771.456261670 depth=291216 robot_mask_received=True self_rm=15984 workspace=1870 table_rm=0 raw_obstacle=1870 persistent=116 voxels=116 mode=dynamic frame=204/5 bbox_min=(+0.153,+0.047,+0.056) bbox_max=(+0.171,+0.073,+0.320)
[INFO] [1784883771.924101522] [mujoco_policy_backend]: obstacle_init stamp=1784883771.621787054 depth=291289 robot_mask_received=True self_rm=15911 workspace=1859 table_rm=0 raw_obstacle=1859 persistent=119 voxels=119 mode=dynamic frame=205/5 bbox_min=(+0.145,+0.043,+0.058) bbox_max=(+0.171,+0.074,+0.327)
[INFO] [1784883772.129537428] [mujoco_policy_backend]: obstacle_init stamp=1784883771.811006999 depth=291316 robot_mask_received=True self_rm=15884 workspace=1856 table_rm=0 raw_obstacle=1856 persistent=119 voxels=119 mode=dynamic frame=206/5 bbox_min=(+0.147,+0.044,+0.058) bbox_max=(+0.171,+0.075,+0.326)
[INFO] [1784883772.201188048] [mujoco_policy_backend]: obstacle_init stamp=1784883772.006331914 depth=291316 robot_mask_received=True self_rm=15884 workspace=2050 table_rm=0 raw_obstacle=2050 persistent=183 voxels=183 mode=dynamic frame=207/5 bbox_min=(+0.022,-0.072,+0.056) bbox_max=(+0.359,+0.075,+0.320)
[INFO] [1784883772.466736795] [mujoco_policy_backend]: obstacle_init stamp=1784883772.252125082 depth=291060 robot_mask_received=True self_rm=16140 workspace=1847 table_rm=0 raw_obstacle=1847 persistent=123 voxels=123 mode=dynamic frame=208/5 bbox_min=(+0.152,+0.050,+0.057) bbox_max=(+0.171,+0.075,+0.320)
[INFO] [1784883772.972963706] [mujoco_policy_backend]: obstacle_init stamp=1784883772.719666203 depth=290983 robot_mask_received=True self_rm=16217 workspace=1843 table_rm=0 raw_obstacle=1843 persistent=121 voxels=121 mode=dynamic frame=209/5 bbox_min=(+0.152,+0.053,+0.057) bbox_max=(+0.183,+0.082,+0.348)
[INFO] [1784883773.174377280] [mujoco_policy_backend]: obstacle_init stamp=1784883772.845296584 depth=290924 robot_mask_received=True self_rm=16276 workspace=1841 table_rm=0 raw_obstacle=1841 persistent=109 voxels=109 mode=dynamic frame=210/5 bbox_min=(+0.152,+0.055,+0.057) bbox_max=(+0.172,+0.077,+0.320)
[INFO] [1784883773.300640343] [mujoco_policy_backend]: obstacle_init stamp=1784883773.050286443 depth=290861 robot_mask_received=True self_rm=16339 workspace=1837 table_rm=0 raw_obstacle=1837 persistent=115 voxels=115 mode=dynamic frame=211/5 bbox_min=(+0.152,+0.057,+0.057) bbox_max=(+0.171,+0.079,+0.320)
[INFO] [1784883773.498021522] [mujoco_policy_backend]: obstacle_init stamp=1784883773.219719227 depth=290892 robot_mask_received=True self_rm=16308 workspace=1837 table_rm=0 raw_obstacle=1837 persistent=108 voxels=108 mode=dynamic frame=212/5 bbox_min=(+0.153,+0.058,+0.057) bbox_max=(+0.171,+0.081,+0.320)
[INFO] [1784883773.657166649] [mujoco_policy_backend]: obstacle_init stamp=1784883773.389791695 depth=290944 robot_mask_received=True self_rm=16256 workspace=1836 table_rm=0 raw_obstacle=1836 persistent=114 voxels=114 mode=dynamic frame=213/5 bbox_min=(+0.153,+0.062,+0.057) bbox_max=(+0.171,+0.085,+0.320)
[INFO] [1784883773.885830631] [mujoco_policy_backend]: obstacle_init stamp=1784883773.583548874 depth=290995 robot_mask_received=True self_rm=16205 workspace=1834 table_rm=0 raw_obstacle=1834 persistent=116 voxels=116 mode=dynamic frame=214/5 bbox_min=(+0.153,+0.063,+0.057) bbox_max=(+0.171,+0.086,+0.320)
[INFO] [1784883773.983990907] [mujoco_policy_backend]: obstacle_init stamp=1784883773.749783394 depth=291057 robot_mask_received=True self_rm=16143 workspace=1832 table_rm=0 raw_obstacle=1832 persistent=119 voxels=119 mode=dynamic frame=215/5 bbox_min=(+0.153,+0.064,+0.057) bbox_max=(+0.171,+0.087,+0.320)
[INFO] [1784883774.195035556] [mujoco_policy_backend]: obstacle_init stamp=1784883773.917400869 depth=291119 robot_mask_received=True self_rm=16081 workspace=1830 table_rm=0 raw_obstacle=1830 persistent=118 voxels=118 mode=dynamic frame=216/5 bbox_min=(+0.152,+0.066,+0.057) bbox_max=(+0.171,+0.088,+0.320)
[INFO] [1784883774.316539480] [mujoco_policy_backend]: obstacle_init stamp=1784883774.087405544 depth=291140 robot_mask_received=True self_rm=16060 workspace=1827 table_rm=0 raw_obstacle=1827 persistent=112 voxels=112 mode=dynamic frame=217/5 bbox_min=(+0.152,+0.068,+0.055) bbox_max=(+0.171,+0.093,+0.324)
[INFO] [1784883774.673480144] [mujoco_policy_backend]: obstacle_init stamp=1784883774.411918302 depth=296770 robot_mask_received=True self_rm=10430 workspace=1817 table_rm=0 raw_obstacle=1817 persistent=118 voxels=118 mode=dynamic frame=218/5 bbox_min=(+0.153,+0.075,+0.056) bbox_max=(+0.171,+0.101,+0.320)
[INFO] [1784883774.870884969] [mujoco_policy_backend]: obstacle_init stamp=1784883774.556690215 depth=296770 robot_mask_received=True self_rm=10430 workspace=1817 table_rm=0 raw_obstacle=1817 persistent=118 voxels=118 mode=dynamic frame=219/5 bbox_min=(+0.153,+0.077,+0.056) bbox_max=(+0.171,+0.101,+0.320)
[INFO] [1784883774.970469868] [mujoco_policy_backend]: obstacle_init stamp=1784883774.711803319 depth=296770 robot_mask_received=True self_rm=10430 workspace=1817 table_rm=0 raw_obstacle=1817 persistent=118 voxels=118 mode=dynamic frame=220/5 bbox_min=(+0.153,+0.078,+0.056) bbox_max=(+0.171,+0.101,+0.320)
[INFO] [1784883775.168408693] [mujoco_policy_backend]: obstacle_init stamp=1784883774.897674837 depth=296769 robot_mask_received=True self_rm=10431 workspace=1817 table_rm=0 raw_obstacle=1817 persistent=118 voxels=118 mode=dynamic frame=221/5 bbox_min=(+0.152,+0.079,+0.056) bbox_max=(+0.172,+0.101,+0.320)
[INFO] [1784883775.388247325] [mujoco_policy_backend]: obstacle_init stamp=1784883775.107549010 depth=296769 robot_mask_received=True self_rm=10431 workspace=1817 table_rm=0 raw_obstacle=1817 persistent=118 voxels=118 mode=dynamic frame=222/5 bbox_min=(+0.152,+0.079,+0.056) bbox_max=(+0.172,+0.101,+0.320)
