[INFO] [1785147612.418324102] [anygrasp_planner]: AnyGrasp planner ready: action=plan_grasp
[INFO] [1785147622.631016422] [anygrasp_planner]: AnyGrasp candidate[00] frame=scene_depth_optical score=0.194 width=64.9mm pos=(+0.086,+0.016,+0.582) approach=(+0.14,-0.28,+0.95)
[INFO] [1785147622.631565270] [anygrasp_planner]: AnyGrasp candidate[01] frame=scene_depth_optical score=0.179 width=64.6mm pos=(+0.093,+0.016,+0.581) approach=(+0.14,-0.28,+0.95)
[INFO] [1785147622.632072029] [anygrasp_planner]: AnyGrasp candidate[02] frame=scene_depth_optical score=0.173 width=66.1mm pos=(+0.097,+0.005,+0.583) approach=(-0.13,+0.17,+0.98)
[INFO] [1785147622.632562362] [anygrasp_planner]: AnyGrasp candidate[03] frame=scene_depth_optical score=0.162 width=75.4mm pos=(+0.101,+0.020,+0.582) approach=(-0.16,-0.33,+0.93)
[INFO] [1785147622.633066715] [anygrasp_planner]: AnyGrasp candidate[04] frame=scene_depth_optical score=0.150 width=60.2mm pos=(+0.105,+0.020,+0.582) approach=(-0.16,-0.33,+0.93)
[INFO] [1785147622.633546164] [anygrasp_planner]: AnyGrasp candidate[05] frame=scene_depth_optical score=0.122 width=63.4mm pos=(+0.087,+0.016,+0.581) approach=(+0.08,+0.28,+0.96)
[INFO] [1785147622.634011121] [anygrasp_planner]: AnyGrasp candidate[06] frame=scene_depth_optical score=0.118 width=65.5mm pos=(+0.101,+0.012,+0.583) approach=(+0.10,+0.10,+0.99)
[INFO] [1785147623.596319298] [anygrasp_planner]: AnyGrasp IK[00] pass=True reason=ok pre_err=4.8mm/0.1deg final_err=2.4mm/0.0deg joint_margin=0.615rad q_final=[ 0.146,-0.499, 0.619,-0.745,-0.55 , 0.62 ]
[INFO] [1785147632.800670636] [anygrasp_planner]: AnyGrasp candidate[00] frame=scene_depth_optical score=0.030 width=47.4mm pos=(+0.117,+0.016,+0.574) approach=(-0.83,-0.33,+0.46)
[INFO] [1785147632.801057677] [anygrasp_planner]: AnyGrasp candidate[01] frame=scene_depth_optical score=0.030 width=33.6mm pos=(+0.123,+0.016,+0.584) approach=(-0.83,-0.33,+0.46)
[INFO] [1785147632.801383580] [anygrasp_planner]: AnyGrasp candidate[02] frame=scene_depth_optical score=0.020 width=42.9mm pos=(+0.122,+0.011,+0.586) approach=(-0.78,+0.04,+0.63)
[INFO] [1785147632.801729248] [anygrasp_planner]: AnyGrasp candidate[03] frame=scene_depth_optical score=0.018 width=33.9mm pos=(+0.111,+0.010,+0.584) approach=(-0.52,-0.24,+0.82)
[INFO] [1785147632.802088514] [anygrasp_planner]: AnyGrasp candidate[04] frame=scene_depth_optical score=0.017 width=40.5mm pos=(+0.111,+0.011,+0.584) approach=(-0.52,-0.24,+0.82)
[INFO] [1785147632.802448162] [anygrasp_planner]: AnyGrasp candidate[05] frame=scene_depth_optical score=0.017 width=38.7mm pos=(+0.112,+0.014,+0.584) approach=(-0.16,-0.33,+0.93)
[INFO] [1785147634.019484174] [anygrasp_planner]: AnyGrasp IK[00] pass=False reason=pregrasp_unreachable pre_err=275.1mm/31.0deg final_err=infmm/infdeg joint_margin=0.000rad q_final=[nan,nan,nan,nan,nan,nan]
[INFO] [1785147635.222612216] [anygrasp_planner]: AnyGrasp IK[01] pass=False reason=pregrasp_unreachable pre_err=279.5mm/30.7deg final_err=infmm/infdeg joint_margin=0.000rad q_final=[nan,nan,nan,nan,nan,nan]
[INFO] [1785147636.384167159] [anygrasp_planner]: AnyGrasp IK[02] pass=False reason=pregrasp_unreachable pre_err=221.3mm/1.9deg final_err=infmm/infdeg joint_margin=0.000rad q_final=[nan,nan,nan,nan,nan,nan]
[INFO] [1785147637.555302592] [anygrasp_planner]: AnyGrasp IK[03] pass=False reason=pregrasp_unreachable pre_err=148.0mm/0.2deg final_err=infmm/infdeg joint_margin=0.260rad q_final=[nan,nan,nan,nan,nan,nan]
[INFO] [1785147638.714029455] [anygrasp_planner]: AnyGrasp IK[04] pass=False reason=pregrasp_unreachable pre_err=147.7mm/0.2deg final_err=infmm/infdeg joint_margin=0.259rad q_final=[nan,nan,nan,nan,nan,nan]
[INFO] [1785147639.837384616] [anygrasp_planner]: AnyGrasp IK[05] pass=False reason=pregrasp_unreachable pre_err=77.9mm/0.2deg final_err=infmm/infdeg joint_margin=0.282rad q_final=[nan,nan,nan,nan,nan,nan]
[INFO] [1785147644.514006871] [anygrasp_planner]: AnyGrasp candidate[00] frame=scene_depth_optical score=0.024 width=36.5mm pos=(+0.095,+0.004,+0.584) approach=(+0.10,+0.10,+0.99)
[INFO] [1785147644.514589512] [anygrasp_planner]: AnyGrasp candidate[01] frame=scene_depth_optical score=0.021 width=15.0mm pos=(+0.088,+0.007,+0.569) approach=(-0.78,+0.04,+0.63)
[INFO] [1785147644.515004123] [anygrasp_planner]: AnyGrasp candidate[02] frame=scene_depth_optical score=0.020 width=38.3mm pos=(+0.117,+0.014,+0.584) approach=(-0.08,+0.00,+1.00)
[INFO] [1785147644.515364798] [anygrasp_planner]: AnyGrasp candidate[03] frame=scene_depth_optical score=0.017 width=15.0mm pos=(+0.088,+0.005,+0.569) approach=(-0.78,+0.04,+0.63)
[INFO] [1785147644.515718292] [anygrasp_planner]: AnyGrasp candidate[04] frame=scene_depth_optical score=0.017 width=42.0mm pos=(+0.112,+0.018,+0.585) approach=(-0.02,-0.18,+0.98)
[INFO] [1785147644.516055769] [anygrasp_planner]: AnyGrasp candidate[05] frame=scene_depth_optical score=0.015 width=24.0mm pos=(+0.093,+0.006,+0.584) approach=(+0.10,+0.10,+0.99)
[INFO] [1785147644.516393656] [anygrasp_planner]: AnyGrasp candidate[06] frame=scene_depth_optical score=0.014 width=15.5mm pos=(+0.111,-0.000,+0.565) approach=(+0.32,-0.39,+0.86)
[INFO] [1785147644.516732226] [anygrasp_planner]: AnyGrasp candidate[07] frame=scene_depth_optical score=0.013 width=15.0mm pos=(+0.132,+0.031,+0.620) approach=(-0.33,-0.52,+0.79)
[INFO] [1785147645.625751426] [anygrasp_planner]: AnyGrasp IK[00] pass=False reason=pregrasp_unreachable pre_err=31.8mm/0.2deg final_err=infmm/infdeg joint_margin=0.282rad q_final=[nan,nan,nan,nan,nan,nan]
[INFO] [1785147646.771582895] [anygrasp_planner]: AnyGrasp IK[01] pass=False reason=pregrasp_unreachable pre_err=192.0mm/1.3deg final_err=infmm/infdeg joint_margin=0.000rad q_final=[nan,nan,nan,nan,nan,nan]
[INFO] [1785147647.899465779] [anygrasp_planner]: AnyGrasp IK[02] pass=False reason=pregrasp_unreachable pre_err=79.2mm/0.2deg final_err=infmm/infdeg joint_margin=0.282rad q_final=[nan,nan,nan,nan,nan,nan]
[INFO] [1785147649.056624451] [anygrasp_planner]: AnyGrasp IK[03] pass=False reason=pregrasp_unreachable pre_err=192.2mm/1.3deg final_err=infmm/infdeg joint_margin=0.000rad q_final=[nan,nan,nan,nan,nan,nan]
[INFO] [1785147650.179807050] [anygrasp_planner]: AnyGrasp IK[04] pass=False reason=pregrasp_unreachable pre_err=55.7mm/0.2deg final_err=infmm/infdeg joint_margin=0.282rad q_final=[nan,nan,nan,nan,nan,nan]
[INFO] [1785147651.303689614] [anygrasp_planner]: AnyGrasp IK[05] pass=False reason=pregrasp_unreachable pre_err=29.5mm/0.2deg final_err=infmm/infdeg joint_margin=0.282rad q_final=[nan,nan,nan,nan,nan,nan]
[INFO] [1785147652.526144616] [anygrasp_planner]: AnyGrasp IK[06] pass=False reason=grasp_unreachable pre_err=3.8mm/0.1deg final_err=7.9mm/0.1deg joint_margin=0.282rad q_final=[ 0.16 ,-0.294, 0.282,-0.632,-0.638, 0.631]
[INFO] [1785147653.664497908] [anygrasp_planner]: AnyGrasp IK[07] pass=False reason=pregrasp_unreachable pre_err=118.6mm/0.2deg final_err=infmm/infdeg joint_margin=0.282rad q_final=[nan,nan,nan,nan,nan,nan]
[INFO] [1785147654.771928158] [anygrasp_planner]: AnyGrasp IK[08] pass=False reason=pregrasp_unreachable pre_err=80.1mm/0.2deg final_err=infmm/infdeg joint_margin=0.282rad q_final=[nan,nan,nan,nan,nan,nan]
[INFO] [1785147655.935332716] [anygrasp_planner]: AnyGrasp IK[09] pass=False reason=pregrasp_unreachable pre_err=224.8mm/1.9deg final_err=infmm/infdeg joint_margin=0.000rad q_final=[nan,nan,nan,nan,nan,nan]
[INFO] [1785147660.608574207] [anygrasp_planner]: AnyGrasp candidate[00] frame=scene_depth_optical score=0.026 width=18.0mm pos=(+0.116,+0.025,+0.584) approach=(-0.02,-0.18,+0.98)
[INFO] [1785147660.609020215] [anygrasp_planner]: AnyGrasp candidate[01] frame=scene_depth_optical score=0.022 width=23.5mm pos=(+0.118,+0.025,+0.584) approach=(-0.02,-0.18,+0.98)
[INFO] [1785147661.727503292] [anygrasp_planner]: AnyGrasp IK[00] pass=False reason=pregrasp_unreachable pre_err=59.4mm/0.2deg final_err=infmm/infdeg joint_margin=0.282rad q_final=[nan,nan,nan,nan,nan,nan]
[INFO] [1785147662.847707670] [anygrasp_planner]: AnyGrasp IK[01] pass=False reason=pregrasp_unreachable pre_err=61.2mm/0.2deg final_err=infmm/infdeg joint_margin=0.282rad q_final=[nan,nan,nan,nan,nan,nan]
