[INFO] [1784873676.299974748] [anygrasp_planner]: AnyGrasp planner ready: action=plan_grasp
[INFO] [1784873686.530847607] [anygrasp_planner]: AnyGrasp candidate[00] frame=scene_depth_optical score=0.321 width=77.5mm pos=(+0.100,+0.010,+0.576) approach=(-0.13,+0.17,+0.98)
[INFO] [1784873686.531106033] [anygrasp_planner]: AnyGrasp candidate[01] frame=scene_depth_optical score=0.308 width=81.8mm pos=(+0.098,+0.006,+0.576) approach=(+0.08,+0.28,+0.96)
[INFO] [1784873686.531318379] [anygrasp_planner]: AnyGrasp candidate[02] frame=scene_depth_optical score=0.264 width=88.7mm pos=(+0.095,+0.007,+0.576) approach=(+0.08,+0.28,+0.96)
[INFO] [1784873686.531526801] [anygrasp_planner]: AnyGrasp candidate[03] frame=scene_depth_optical score=0.225 width=83.1mm pos=(+0.100,+0.016,+0.576) approach=(+0.10,+0.10,+0.99)
[INFO] [1784873686.531728877] [anygrasp_planner]: AnyGrasp candidate[04] frame=scene_depth_optical score=0.220 width=89.9mm pos=(+0.093,+0.020,+0.574) approach=(+0.24,-0.04,+0.97)
[INFO] [1784873686.531931259] [anygrasp_planner]: AnyGrasp candidate[05] frame=scene_depth_optical score=0.216 width=69.6mm pos=(+0.115,+0.021,+0.572) approach=(-0.52,-0.24,+0.82)
[INFO] [1784873687.849827475] [anygrasp_planner]: AnyGrasp IK[00] pass=False reason=pregrasp_unreachable pre_err=84.9mm/0.2deg final_err=infmm/infdeg joint_margin=0.282rad q_final=[nan,nan,nan,nan,nan,nan]
[INFO] [1784873688.989417089] [anygrasp_planner]: AnyGrasp IK[01] pass=False reason=pregrasp_unreachable pre_err=52.3mm/0.2deg final_err=infmm/infdeg joint_margin=0.282rad q_final=[nan,nan,nan,nan,nan,nan]
[INFO] [1784873690.115969993] [anygrasp_planner]: AnyGrasp IK[02] pass=False reason=pregrasp_unreachable pre_err=49.9mm/0.2deg final_err=infmm/infdeg joint_margin=0.282rad q_final=[nan,nan,nan,nan,nan,nan]
[INFO] [1784873691.233056499] [anygrasp_planner]: AnyGrasp IK[03] pass=False reason=pregrasp_unreachable pre_err=35.8mm/0.2deg final_err=infmm/infdeg joint_margin=0.282rad q_final=[nan,nan,nan,nan,nan,nan]
[INFO] [1784873691.990623457] [anygrasp_planner]: AnyGrasp IK[04] pass=True reason=ok pre_err=4.3mm/0.1deg final_err=3.7mm/0.0deg joint_margin=0.639rad q_final=[ 0.208,-0.55 , 0.639,-0.74 ,-0.255, 0.608]
[INFO] [1784873739.769962559] [anygrasp_planner]: AnyGrasp candidate[00] frame=scene_depth_optical score=0.320 width=71.8mm pos=(+0.099,+0.010,+0.576) approach=(-0.08,+0.00,+1.00)
[INFO] [1784873739.770595143] [anygrasp_planner]: AnyGrasp candidate[01] frame=scene_depth_optical score=0.276 width=95.3mm pos=(+0.105,+0.010,+0.576) approach=(-0.13,+0.17,+0.98)
[INFO] [1784873739.771123834] [anygrasp_planner]: AnyGrasp candidate[02] frame=scene_depth_optical score=0.209 width=81.0mm pos=(+0.093,-0.001,+0.577) approach=(+0.08,+0.28,+0.96)
[INFO] [1784873739.771635107] [anygrasp_planner]: AnyGrasp candidate[03] frame=scene_depth_optical score=0.193 width=77.3mm pos=(+0.080,+0.022,+0.575) approach=(+0.47,+0.02,+0.88)
[INFO] [1784873739.772125894] [anygrasp_planner]: AnyGrasp candidate[04] frame=scene_depth_optical score=0.162 width=73.0mm pos=(+0.097,+0.024,+0.572) approach=(+0.24,-0.04,+0.97)
[INFO] [1784873739.772627904] [anygrasp_planner]: AnyGrasp candidate[05] frame=scene_depth_optical score=0.107 width=80.8mm pos=(+0.086,+0.031,+0.572) approach=(+0.47,+0.02,+0.88)
[INFO] [1784873740.914624901] [anygrasp_planner]: AnyGrasp IK[00] pass=False reason=pregrasp_unreachable pre_err=66.9mm/0.2deg final_err=infmm/infdeg joint_margin=0.282rad q_final=[nan,nan,nan,nan,nan,nan]
[INFO] [1784873742.026956250] [anygrasp_planner]: AnyGrasp IK[01] pass=False reason=pregrasp_unreachable pre_err=89.5mm/0.2deg final_err=infmm/infdeg joint_margin=0.282rad q_final=[nan,nan,nan,nan,nan,nan]
[INFO] [1784873743.201782989] [anygrasp_planner]: AnyGrasp IK[02] pass=False reason=pregrasp_unreachable pre_err=51.0mm/0.2deg final_err=infmm/infdeg joint_margin=0.282rad q_final=[nan,nan,nan,nan,nan,nan]
[INFO] [1784873743.695122509] [anygrasp_planner]: AnyGrasp IK[03] pass=True reason=ok pre_err=0.9mm/0.0deg final_err=1.8mm/0.0deg joint_margin=1.072rad q_final=[ 0.231,-0.872, 1.38 ,-0.119,-0.17 , 0.512]
[INFO] [1784873757.747167032] [anygrasp_planner]: AnyGrasp candidate[00] frame=scene_depth_optical score=0.321 width=77.5mm pos=(+0.100,+0.010,+0.576) approach=(-0.13,+0.17,+0.98)
[INFO] [1784873757.747695955] [anygrasp_planner]: AnyGrasp candidate[01] frame=scene_depth_optical score=0.308 width=81.8mm pos=(+0.098,+0.006,+0.576) approach=(+0.08,+0.28,+0.96)
[INFO] [1784873757.748136375] [anygrasp_planner]: AnyGrasp candidate[02] frame=scene_depth_optical score=0.264 width=88.7mm pos=(+0.095,+0.007,+0.576) approach=(+0.08,+0.28,+0.96)
[INFO] [1784873757.748574529] [anygrasp_planner]: AnyGrasp candidate[03] frame=scene_depth_optical score=0.225 width=83.1mm pos=(+0.100,+0.016,+0.576) approach=(+0.10,+0.10,+0.99)
[INFO] [1784873757.749057290] [anygrasp_planner]: AnyGrasp candidate[04] frame=scene_depth_optical score=0.220 width=89.9mm pos=(+0.093,+0.020,+0.574) approach=(+0.24,-0.04,+0.97)
[INFO] [1784873757.749536463] [anygrasp_planner]: AnyGrasp candidate[05] frame=scene_depth_optical score=0.216 width=69.6mm pos=(+0.115,+0.021,+0.572) approach=(-0.52,-0.24,+0.82)
[INFO] [1784873758.884977961] [anygrasp_planner]: AnyGrasp IK[00] pass=False reason=pregrasp_unreachable pre_err=84.9mm/0.2deg final_err=infmm/infdeg joint_margin=0.282rad q_final=[nan,nan,nan,nan,nan,nan]
[INFO] [1784873760.007038339] [anygrasp_planner]: AnyGrasp IK[01] pass=False reason=pregrasp_unreachable pre_err=52.3mm/0.2deg final_err=infmm/infdeg joint_margin=0.282rad q_final=[nan,nan,nan,nan,nan,nan]
