[INFO] [1785219138.567980196] [mujoco_policy_backend]: MuJoCo policy backend ready: action=execute_planned_grasp
[INFO] [1785219140.890728022] [mujoco_policy_backend]: obstacle_init stamp=1785219140.475522574 depth=296774 robot_mask_received=True self_rm=10426 workspace=0 table_rm=0 raw_obstacle=0 persistent=0 voxels=0 mode=dynamic frame=1/5 bbox=empty
[INFO] [1785219141.009275855] [mujoco_policy_backend]: obstacle_init stamp=1785219140.644764811 depth=296774 robot_mask_received=True self_rm=10426 workspace=0 table_rm=0 raw_obstacle=0 persistent=0 voxels=0 mode=dynamic frame=2/5 bbox=empty
[INFO] [1785219141.072296687] [mujoco_policy_backend]: obstacle_init stamp=1785219140.786879605 depth=296774 robot_mask_received=True self_rm=10426 workspace=0 table_rm=0 raw_obstacle=0 persistent=0 voxels=0 mode=dynamic frame=3/5 bbox=empty
[INFO] [1785219141.278729542] [mujoco_policy_backend]: obstacle_init stamp=1785219140.973881936 depth=296774 robot_mask_received=True self_rm=10426 workspace=0 table_rm=0 raw_obstacle=0 persistent=0 voxels=0 mode=dynamic frame=4/5 bbox=empty
[INFO] [1785219141.474059272] [mujoco_policy_backend]: obstacle_init stamp=1785219141.195186853 depth=296774 robot_mask_received=True self_rm=10426 workspace=0 table_rm=0 raw_obstacle=0 persistent=0 voxels=0 mode=dynamic frame=5/5 bbox=empty
[INFO] [1785219150.208755161] [mujoco_policy_backend]: planned grasp pose conversion: source=sim_mjcf raw_pregrasp[frame=scene_depth_optical pos=(+0.076,+0.035,+0.516) quat=(+0.513,+0.135,-0.082,+0.844)] raw_grasp[frame=scene_depth_optical pos=(+0.086,+0.016,+0.582) quat=(+0.513,+0.135,-0.082,+0.844)] base_pregrasp[frame=base pos=(+0.396,+0.065,+0.104) quat=(+0.135,-0.513,+0.844,+0.082)] base_grasp[frame=base pos=(+0.406,+0.084,+0.038) quat=(+0.135,-0.513,+0.844,+0.082)] tracking_reference[frame=base pos=(+0.420,+0.080,+0.036) quat=(+0.000,+1.000,+0.000,+0.000)] width=64.9mm target=cube@0.42,0.08,0.021 traj_log=/home/sophie/isaac_lab/isaac_ws/rl_code/soarm100sim/logs/ros2_mujoco_grasp.jsonl
[INFO] [1785219151.404789676] [mujoco_policy_backend]: wrist_roi_diag frame=1 projected_uv=(-2798.8,-889.6) red_uv=not_visible depth=0.027m
[INFO] [1785219152.114557780] [mujoco_policy_backend]: wrist_roi_diag frame=11 projected_uv=(181.8,322.8) red_uv=(81.1,262.1) offset=117.6px depth=0.118m
[INFO] [1785219152.722044020] [mujoco_policy_backend]: wrist_roi_diag frame=21 projected_uv=(116.6,221.9) red_uv=(76.7,166.6) offset=68.2px depth=0.088m
[INFO] [1785219153.338069943] [mujoco_policy_backend]: wrist_roi_diag frame=31 projected_uv=(251.8,-68.5) red_uv=(193.9,10.1) offset=97.6px depth=0.060m
[INFO] [1785219153.953766017] [mujoco_policy_backend]: wrist_roi_diag frame=41 projected_uv=(316.2,314.1) red_uv=(365.4,181.9) offset=141.1px depth=0.071m
[INFO] [1785219154.564028465] [mujoco_policy_backend]: wrist_roi_diag frame=51 projected_uv=(563.9,282.7) red_uv=(531.3,169.2) offset=118.1px depth=0.047m
[INFO] [1785219155.271127865] [mujoco_policy_backend]: obstacle_init stamp=1785219155.064101501 depth=297701 robot_mask_received=True self_rm=9499 workspace=0 table_rm=0 raw_obstacle=0 persistent=0 voxels=0 mode=dynamic frame=6/5 bbox=empty
[INFO] [1785219155.402395076] [mujoco_policy_backend]: replan[1] start prompt='red cube' cloud_seq_before=1
[INFO] [1785219166.384953785] [mujoco_policy_backend]: wrist_roi_diag frame=61 projected_uv=(762.8,304.2) red_uv=(606.1,220.6) offset=177.5px depth=0.052m
[INFO] [1785219166.958830692] [mujoco_policy_backend]: obstacle_init stamp=1785219166.752413879 depth=296957 robot_mask_received=True self_rm=10243 workspace=0 table_rm=0 raw_obstacle=0 persistent=0 voxels=0 mode=dynamic frame=7/5 bbox=empty
[INFO] [1785219167.090329685] [mujoco_policy_backend]: replan[2] start prompt='red cube' cloud_seq_before=2
[INFO] [1785219176.546898200] [mujoco_policy_backend]: replan[2] replan_ok points=164 candidates=11 score=0.024 elapsed=9.46s raw_grasp[frame=scene_depth_optical pos=(+0.091,+0.012,+0.584) quat=(+0.760,+0.094,+0.079,+0.638)] base_grasp[frame=base pos=(+0.411,+0.088,+0.036) quat=(-0.094,+0.760,-0.638,+0.079)]
[INFO] [1785219176.732172159] [mujoco_policy_backend]: wrist_roi_diag frame=71 projected_uv=(502.0,418.0) red_uv=(547.9,378.3) offset=60.7px depth=0.091m
[INFO] [1785219177.337054584] [mujoco_policy_backend]: wrist_roi_diag frame=81 projected_uv=(439.1,490.4) red_uv=(506.3,404.8) offset=108.8px depth=0.073m
[INFO] [1785219177.944108494] [mujoco_policy_backend]: wrist_roi_diag frame=91 projected_uv=(464.9,516.6) red_uv=(519.4,409.5) offset=120.1px depth=0.069m
[INFO] [1785219178.538313476] [mujoco_policy_backend]: wrist_roi_diag frame=101 projected_uv=(475.2,527.2) red_uv=(524.5,410.7) offset=126.5px depth=0.067m
[INFO] [1785219179.135324243] [mujoco_policy_backend]: wrist_roi_diag frame=111 projected_uv=(480.0,532.8) red_uv=(526.9,411.2) offset=130.4px depth=0.066m
[INFO] [1785219179.732987717] [mujoco_policy_backend]: wrist_roi_diag frame=121 projected_uv=(482.1,536.2) red_uv=(528.0,411.5) offset=132.9px depth=0.065m
[INFO] [1785219180.331523232] [mujoco_policy_backend]: wrist_roi_diag frame=131 projected_uv=(483.0,538.2) red_uv=(528.5,411.6) offset=134.5px depth=0.065m
[INFO] [1785219180.927814558] [mujoco_policy_backend]: wrist_roi_diag frame=141 projected_uv=(483.2,539.4) red_uv=(528.6,411.7) offset=135.5px depth=0.064m
[INFO] [1785219181.521621881] [mujoco_policy_backend]: wrist_roi_diag frame=151 projected_uv=(483.1,540.1) red_uv=(528.6,411.8) offset=136.2px depth=0.064m
[INFO] [1785219182.114949079] [mujoco_policy_backend]: wrist_roi_diag frame=161 projected_uv=(483.0,540.6) red_uv=(528.6,411.8) offset=136.7px depth=0.064m
[INFO] [1785219182.706758524] [mujoco_policy_backend]: wrist_roi_diag frame=171 projected_uv=(479.7,535.1) red_uv=(527.5,410.2) offset=133.7px depth=0.065m
[INFO] [1785219183.288495919] [mujoco_policy_backend]: wrist_roi_diag frame=181 projected_uv=(527.2,511.6) red_uv=(525.7,406.5) offset=105.2px depth=0.070m
[INFO] [1785219183.788237866] [mujoco_policy_backend]: obstacle_init stamp=1785219183.529796355 depth=296272 robot_mask_received=True self_rm=10928 workspace=0 table_rm=0 raw_obstacle=0 persistent=0 voxels=0 mode=dynamic frame=8/5 bbox=empty
[INFO] [1785219183.865374381] [mujoco_policy_backend]: replan[3] start prompt='red cube' cloud_seq_before=3
[INFO] [1785219188.378011262] [mujoco_policy_backend]: obstacle_init stamp=1785219188.155650935 depth=296774 robot_mask_received=True self_rm=10426 workspace=0 table_rm=0 raw_obstacle=0 persistent=0 voxels=0 mode=dynamic frame=9/5 bbox=empty
[INFO] [1785219188.556957558] [mujoco_policy_backend]: obstacle_init stamp=1785219188.301269218 depth=296774 robot_mask_received=True self_rm=10426 workspace=0 table_rm=0 raw_obstacle=0 persistent=0 voxels=0 mode=dynamic frame=10/5 bbox=empty
[INFO] [1785219188.775177336] [mujoco_policy_backend]: obstacle_init stamp=1785219188.488808336 depth=296774 robot_mask_received=True self_rm=10426 workspace=0 table_rm=0 raw_obstacle=0 persistent=0 voxels=0 mode=dynamic frame=11/5 bbox=empty
[INFO] [1785219188.965542017] [mujoco_policy_backend]: obstacle_init stamp=1785219188.676456874 depth=296773 robot_mask_received=True self_rm=10427 workspace=0 table_rm=0 raw_obstacle=0 persistent=0 voxels=0 mode=dynamic frame=12/5 bbox=empty
[INFO] [1785219189.174222041] [mujoco_policy_backend]: obstacle_init stamp=1785219188.857586348 depth=296773 robot_mask_received=True self_rm=10427 workspace=0 table_rm=0 raw_obstacle=0 persistent=0 voxels=0 mode=dynamic frame=13/5 bbox=empty
