[INFO] [1784879406.415832983] [anygrasp_planner]: AnyGrasp planner ready: action=plan_grasp
[INFO] [1784879417.882973053] [anygrasp_planner]: AnyGrasp candidate[00] frame=scene_depth_optical score=0.321 width=77.5mm pos=(+0.100,+0.010,+0.576) approach=(-0.13,+0.17,+0.98)
[INFO] [1784879417.883637396] [anygrasp_planner]: AnyGrasp candidate[01] frame=scene_depth_optical score=0.308 width=81.8mm pos=(+0.098,+0.006,+0.576) approach=(+0.08,+0.28,+0.96)
[INFO] [1784879417.884203870] [anygrasp_planner]: AnyGrasp candidate[02] frame=scene_depth_optical score=0.264 width=88.7mm pos=(+0.095,+0.007,+0.576) approach=(+0.08,+0.28,+0.96)
[INFO] [1784879417.884733301] [anygrasp_planner]: AnyGrasp candidate[03] frame=scene_depth_optical score=0.225 width=83.1mm pos=(+0.100,+0.016,+0.576) approach=(+0.10,+0.10,+0.99)
[INFO] [1784879417.885274367] [anygrasp_planner]: AnyGrasp candidate[04] frame=scene_depth_optical score=0.220 width=89.9mm pos=(+0.093,+0.020,+0.574) approach=(+0.24,-0.04,+0.97)
[INFO] [1784879417.885801144] [anygrasp_planner]: AnyGrasp candidate[05] frame=scene_depth_optical score=0.216 width=69.6mm pos=(+0.115,+0.021,+0.572) approach=(-0.52,-0.24,+0.82)
[INFO] [1784879419.232037586] [anygrasp_planner]: AnyGrasp IK[00] pass=False reason=pregrasp_unreachable pre_err=84.9mm/0.2deg final_err=infmm/infdeg joint_margin=0.282rad q_final=[nan,nan,nan,nan,nan,nan]
[INFO] [1784879420.404684105] [anygrasp_planner]: AnyGrasp IK[01] pass=False reason=pregrasp_unreachable pre_err=52.3mm/0.2deg final_err=infmm/infdeg joint_margin=0.282rad q_final=[nan,nan,nan,nan,nan,nan]
[INFO] [1784879421.571060730] [anygrasp_planner]: AnyGrasp IK[02] pass=False reason=pregrasp_unreachable pre_err=49.9mm/0.2deg final_err=infmm/infdeg joint_margin=0.282rad q_final=[nan,nan,nan,nan,nan,nan]
[INFO] [1784879422.723211027] [anygrasp_planner]: AnyGrasp IK[03] pass=False reason=pregrasp_unreachable pre_err=35.8mm/0.2deg final_err=infmm/infdeg joint_margin=0.282rad q_final=[nan,nan,nan,nan,nan,nan]
[INFO] [1784879423.504598766] [anygrasp_planner]: AnyGrasp IK[04] pass=True reason=ok pre_err=4.3mm/0.1deg final_err=3.7mm/0.0deg joint_margin=0.639rad q_final=[ 0.208,-0.55 , 0.639,-0.74 ,-0.255, 0.608]
[INFO] [1784879461.519923309] [anygrasp_planner]: AnyGrasp candidate[00] frame=scene_depth_optical score=0.321 width=77.5mm pos=(+0.100,+0.010,+0.576) approach=(-0.13,+0.17,+0.98)
[INFO] [1784879461.520380888] [anygrasp_planner]: AnyGrasp candidate[01] frame=scene_depth_optical score=0.308 width=81.8mm pos=(+0.098,+0.006,+0.576) approach=(+0.08,+0.28,+0.96)
[INFO] [1784879461.520778770] [anygrasp_planner]: AnyGrasp candidate[02] frame=scene_depth_optical score=0.264 width=88.7mm pos=(+0.095,+0.007,+0.576) approach=(+0.08,+0.28,+0.96)
[INFO] [1784879461.521155093] [anygrasp_planner]: AnyGrasp candidate[03] frame=scene_depth_optical score=0.225 width=83.1mm pos=(+0.100,+0.016,+0.576) approach=(+0.10,+0.10,+0.99)
[INFO] [1784879461.521529392] [anygrasp_planner]: AnyGrasp candidate[04] frame=scene_depth_optical score=0.220 width=89.9mm pos=(+0.093,+0.020,+0.574) approach=(+0.24,-0.04,+0.97)
[INFO] [1784879461.521950508] [anygrasp_planner]: AnyGrasp candidate[05] frame=scene_depth_optical score=0.216 width=69.6mm pos=(+0.115,+0.021,+0.572) approach=(-0.52,-0.24,+0.82)
[INFO] [1784879462.697065212] [anygrasp_planner]: AnyGrasp IK[00] pass=False reason=pregrasp_unreachable pre_err=84.9mm/0.2deg final_err=infmm/infdeg joint_margin=0.282rad q_final=[nan,nan,nan,nan,nan,nan]
[INFO] [1784879463.861364794] [anygrasp_planner]: AnyGrasp IK[01] pass=False reason=pregrasp_unreachable pre_err=52.3mm/0.2deg final_err=infmm/infdeg joint_margin=0.282rad q_final=[nan,nan,nan,nan,nan,nan]
[INFO] [1784879465.014999541] [anygrasp_planner]: AnyGrasp IK[02] pass=False reason=pregrasp_unreachable pre_err=49.9mm/0.2deg final_err=infmm/infdeg joint_margin=0.282rad q_final=[nan,nan,nan,nan,nan,nan]
[INFO] [1784879466.166578423] [anygrasp_planner]: AnyGrasp IK[03] pass=False reason=pregrasp_unreachable pre_err=35.8mm/0.2deg final_err=infmm/infdeg joint_margin=0.282rad q_final=[nan,nan,nan,nan,nan,nan]
[INFO] [1784879466.957445049] [anygrasp_planner]: AnyGrasp IK[04] pass=True reason=ok pre_err=4.3mm/0.1deg final_err=3.7mm/0.0deg joint_margin=0.639rad q_final=[ 0.208,-0.55 , 0.639,-0.74 ,-0.255, 0.608]
[INFO] [1784879481.362995881] [anygrasp_planner]: AnyGrasp candidate[00] frame=scene_depth_optical score=0.321 width=77.5mm pos=(+0.100,+0.010,+0.576) approach=(-0.13,+0.17,+0.98)
[INFO] [1784879481.363476016] [anygrasp_planner]: AnyGrasp candidate[01] frame=scene_depth_optical score=0.308 width=81.8mm pos=(+0.098,+0.006,+0.576) approach=(+0.08,+0.28,+0.96)
[INFO] [1784879481.363920407] [anygrasp_planner]: AnyGrasp candidate[02] frame=scene_depth_optical score=0.264 width=88.7mm pos=(+0.095,+0.007,+0.576) approach=(+0.08,+0.28,+0.96)
[INFO] [1784879481.364357874] [anygrasp_planner]: AnyGrasp candidate[03] frame=scene_depth_optical score=0.225 width=83.1mm pos=(+0.100,+0.016,+0.576) approach=(+0.10,+0.10,+0.99)
[INFO] [1784879481.364800579] [anygrasp_planner]: AnyGrasp candidate[04] frame=scene_depth_optical score=0.220 width=89.9mm pos=(+0.093,+0.020,+0.574) approach=(+0.24,-0.04,+0.97)
[INFO] [1784879481.365219375] [anygrasp_planner]: AnyGrasp candidate[05] frame=scene_depth_optical score=0.216 width=69.6mm pos=(+0.115,+0.021,+0.572) approach=(-0.52,-0.24,+0.82)
[INFO] [1784879482.546256159] [anygrasp_planner]: AnyGrasp IK[00] pass=False reason=pregrasp_unreachable pre_err=84.9mm/0.2deg final_err=infmm/infdeg joint_margin=0.282rad q_final=[nan,nan,nan,nan,nan,nan]
[INFO] [1784879483.703033280] [anygrasp_planner]: AnyGrasp IK[01] pass=False reason=pregrasp_unreachable pre_err=52.3mm/0.2deg final_err=infmm/infdeg joint_margin=0.282rad q_final=[nan,nan,nan,nan,nan,nan]
[INFO] [1784879484.892927192] [anygrasp_planner]: AnyGrasp IK[02] pass=False reason=pregrasp_unreachable pre_err=49.9mm/0.2deg final_err=infmm/infdeg joint_margin=0.282rad q_final=[nan,nan,nan,nan,nan,nan]
[INFO] [1784879486.053787928] [anygrasp_planner]: AnyGrasp IK[03] pass=False reason=pregrasp_unreachable pre_err=35.8mm/0.2deg final_err=infmm/infdeg joint_margin=0.282rad q_final=[nan,nan,nan,nan,nan,nan]
[INFO] [1784879486.846052392] [anygrasp_planner]: AnyGrasp IK[04] pass=True reason=ok pre_err=4.3mm/0.1deg final_err=3.7mm/0.0deg joint_margin=0.639rad q_final=[ 0.208,-0.55 , 0.639,-0.74 ,-0.255, 0.608]
