[INFO] [1784877207.128095442] [mujoco_policy_backend]: MuJoCo policy backend ready: action=execute_planned_grasp
[INFO] [1784877209.368311632] [mujoco_policy_backend]: obstacle_init stamp=1784877208.967499874 depth=296770 robot_mask_received=True self_rm=10430 workspace=0 table_rm=0 raw_obstacle=0 persistent=0 voxels=0 mode=static frame=1/5 bbox=empty
[INFO] [1784877209.471038447] [mujoco_policy_backend]: obstacle_init stamp=1784877209.115728659 depth=296770 robot_mask_received=True self_rm=10430 workspace=0 table_rm=0 raw_obstacle=0 persistent=0 voxels=0 mode=static frame=2/5 bbox=empty
[INFO] [1784877209.583911264] [mujoco_policy_backend]: obstacle_init stamp=1784877209.259657470 depth=296770 robot_mask_received=True self_rm=10430 workspace=0 table_rm=0 raw_obstacle=0 persistent=0 voxels=0 mode=static frame=3/5 bbox=empty
[INFO] [1784877209.755980422] [mujoco_policy_backend]: obstacle_init stamp=1784877209.435480572 depth=296770 robot_mask_received=True self_rm=10430 workspace=0 table_rm=0 raw_obstacle=0 persistent=0 voxels=0 mode=static frame=4/5 bbox=empty
[INFO] [1784877209.946217415] [mujoco_policy_backend]: obstacle_init stamp=1784877209.672149638 depth=296770 robot_mask_received=True self_rm=10430 workspace=0 table_rm=0 raw_obstacle=0 persistent=0 voxels=0 mode=static frame=5/5 bbox=empty
[INFO] [1784877223.101809559] [mujoco_policy_backend]: planned grasp pose conversion: source=sim_mjcf raw_pregrasp[frame=scene_depth_optical pos=(+0.076,+0.022,+0.506) quat=(+0.459,+0.117,+0.037,+0.880)] raw_grasp[frame=scene_depth_optical pos=(+0.093,+0.020,+0.574) quat=(+0.459,+0.117,+0.037,+0.880)] base_pregrasp[frame=base pos=(+0.396,+0.078,+0.114) quat=(+0.117,-0.459,+0.880,-0.037)] base_grasp[frame=base pos=(+0.413,+0.080,+0.046) quat=(+0.117,-0.459,+0.880,-0.037)] tracking_reference[frame=base pos=(+0.419,+0.080,+0.044) quat=(+0.000,+1.000,+0.000,+0.000)] width=89.9mm target=cube@0.42,0.08,0.021 traj_log=/home/sophie/isaac_lab/isaac_ws/rl_code/soarm100sim/logs/ros2_mujoco_grasp.jsonl
[INFO] [1784877224.256551638] [mujoco_policy_backend]: wrist_roi_diag frame=1 projected_uv=(-2705.6,-891.0) red_uv=not_visible depth=0.026m
[INFO] [1784877224.938577508] [mujoco_policy_backend]: wrist_roi_diag frame=11 projected_uv=(161.6,355.6) red_uv=(47.3,268.5) offset=143.8px depth=0.116m
[INFO] [1784877225.541029813] [mujoco_policy_backend]: wrist_roi_diag frame=21 projected_uv=(64.1,223.9) red_uv=(66.7,172.2) offset=51.7px depth=0.085m
[INFO] [1784877226.160194833] [mujoco_policy_backend]: wrist_roi_diag frame=31 projected_uv=(232.6,-61.8) red_uv=(212.6,14.7) offset=79.1px depth=0.063m
[INFO] [1784877226.765212483] [mujoco_policy_backend]: wrist_roi_diag frame=41 projected_uv=(443.6,333.9) red_uv=(450.0,187.9) offset=146.2px depth=0.066m
[INFO] [1784877227.389372867] [mujoco_policy_backend]: wrist_roi_diag frame=51 projected_uv=(567.7,405.4) red_uv=(521.9,209.0) offset=201.6px depth=0.054m
[INFO] [1784877227.994736724] [mujoco_policy_backend]: wrist_roi_diag frame=61 projected_uv=(597.9,530.4) red_uv=(554.7,349.8) offset=185.7px depth=0.058m
[INFO] [1784877228.595963143] [mujoco_policy_backend]: wrist_roi_diag frame=71 projected_uv=(511.2,601.5) red_uv=(525.8,388.0) offset=214.0px depth=0.057m
[INFO] [1784877229.192267550] [mujoco_policy_backend]: wrist_roi_diag frame=81 projected_uv=(526.6,610.2) red_uv=(527.0,383.1) offset=227.1px depth=0.053m
[INFO] [1784877229.824351006] [mujoco_policy_backend]: wrist_roi_diag frame=91 projected_uv=(540.2,615.8) red_uv=(528.3,381.4) offset=234.6px depth=0.051m
[INFO] [1784877230.426319802] [mujoco_policy_backend]: wrist_roi_diag frame=101 projected_uv=(550.8,616.2) red_uv=(528.5,378.1) offset=239.2px depth=0.050m
[INFO] [1784877231.031624680] [mujoco_policy_backend]: wrist_roi_diag frame=111 projected_uv=(559.5,614.3) red_uv=(528.9,375.0) offset=241.2px depth=0.049m
[INFO] [1784877231.631437874] [mujoco_policy_backend]: wrist_roi_diag frame=121 projected_uv=(566.7,610.7) red_uv=(529.6,372.0) offset=241.6px depth=0.049m
[INFO] [1784877232.243815530] [mujoco_policy_backend]: wrist_roi_diag frame=131 projected_uv=(573.8,609.8) red_uv=(530.4,369.8) offset=243.9px depth=0.048m
[INFO] [1784877232.814712705] [mujoco_policy_backend]: wrist_roi_diag frame=141 projected_uv=(547.4,581.0) red_uv=(508.8,345.7) offset=238.4px depth=0.049m
[INFO] [1784877233.708026642] [mujoco_policy_backend]: replan[1] start prompt='red cube' cloud_seq_before=1
[INFO] [1784877263.769855760] [mujoco_policy_backend]: wrist_roi_diag frame=151 projected_uv=(649.8,477.1) red_uv=(409.8,360.8) offset=266.7px depth=0.062m
[INFO] [1784877264.537254119] [mujoco_policy_backend]: replan[2] start prompt='red cube' cloud_seq_before=2
