[INFO] [1785210394.236961389] [mujoco_policy_backend]: MuJoCo policy backend ready: action=execute_planned_grasp
[INFO] [1785210396.468594452] [mujoco_policy_backend]: obstacle_init stamp=1785210396.110522698 depth=296774 robot_mask_received=True self_rm=10426 workspace=0 table_rm=0 raw_obstacle=0 persistent=0 voxels=0 mode=dynamic frame=1/5 bbox=empty
[INFO] [1785210396.555328056] [mujoco_policy_backend]: obstacle_init stamp=1785210396.265350594 depth=296774 robot_mask_received=True self_rm=10426 workspace=0 table_rm=0 raw_obstacle=0 persistent=0 voxels=0 mode=dynamic frame=2/5 bbox=empty
[INFO] [1785210396.744905413] [mujoco_policy_backend]: obstacle_init stamp=1785210396.407296119 depth=296774 robot_mask_received=True self_rm=10426 workspace=0 table_rm=0 raw_obstacle=0 persistent=0 voxels=0 mode=dynamic frame=3/5 bbox=empty
[INFO] [1785210396.955314856] [mujoco_policy_backend]: obstacle_init stamp=1785210396.618470961 depth=296774 robot_mask_received=True self_rm=10426 workspace=0 table_rm=0 raw_obstacle=0 persistent=0 voxels=0 mode=dynamic frame=4/5 bbox=empty
[INFO] [1785210397.080035991] [mujoco_policy_backend]: obstacle_init stamp=1785210396.802754037 depth=296774 robot_mask_received=True self_rm=10426 workspace=0 table_rm=0 raw_obstacle=0 persistent=0 voxels=0 mode=dynamic frame=5/5 bbox=empty
[INFO] [1785210405.885377523] [mujoco_policy_backend]: planned grasp pose conversion: source=sim_mjcf raw_pregrasp[frame=scene_depth_optical pos=(+0.076,+0.035,+0.516) quat=(+0.513,+0.135,-0.082,+0.844)] raw_grasp[frame=scene_depth_optical pos=(+0.086,+0.016,+0.582) quat=(+0.513,+0.135,-0.082,+0.844)] base_pregrasp[frame=base pos=(+0.396,+0.065,+0.104) quat=(+0.135,-0.513,+0.844,+0.082)] base_grasp[frame=base pos=(+0.406,+0.084,+0.038) quat=(+0.135,-0.513,+0.844,+0.082)] tracking_reference[frame=base pos=(+0.420,+0.080,+0.036) quat=(+0.000,+1.000,+0.000,+0.000)] width=64.9mm target=cube@0.42,0.08,0.021 traj_log=/home/sophie/isaac_lab/isaac_ws/rl_code/soarm100sim/logs/ros2_mujoco_grasp.jsonl
[INFO] [1785210407.066306442] [mujoco_policy_backend]: wrist_roi_diag frame=1 projected_uv=(-2798.8,-889.6) red_uv=not_visible depth=0.027m
[INFO] [1785210407.771565064] [mujoco_policy_backend]: wrist_roi_diag frame=11 projected_uv=(181.8,322.8) red_uv=(81.1,262.1) offset=117.6px depth=0.118m
[INFO] [1785210408.400916557] [mujoco_policy_backend]: wrist_roi_diag frame=21 projected_uv=(116.6,221.9) red_uv=(76.7,166.6) offset=68.2px depth=0.088m
[INFO] [1785210409.016263705] [mujoco_policy_backend]: wrist_roi_diag frame=31 projected_uv=(251.8,-68.5) red_uv=(193.9,10.1) offset=97.6px depth=0.060m
[INFO] [1785210409.625151461] [mujoco_policy_backend]: wrist_roi_diag frame=41 projected_uv=(347.0,295.0) red_uv=(393.4,168.5) offset=134.7px depth=0.069m
[INFO] [1785210410.227884919] [mujoco_policy_backend]: wrist_roi_diag frame=51 projected_uv=(587.7,297.2) red_uv=(523.6,194.9) offset=120.7px depth=0.048m
[INFO] [1785210410.540567760] [mujoco_policy_backend]: obstacle_init stamp=1785210410.348355543 depth=297814 robot_mask_received=True self_rm=9386 workspace=0 table_rm=0 raw_obstacle=0 persistent=0 voxels=0 mode=dynamic frame=6/5 bbox=empty
[INFO] [1785210410.690298034] [mujoco_policy_backend]: replan[1] start prompt='red cube' cloud_seq_before=1
[INFO] [1785210415.155600792] [mujoco_policy_backend]: wrist_roi_diag frame=61 projected_uv=(1010.8,345.7) red_uv=not_visible depth=0.059m
[INFO] [1785210415.249721330] [mujoco_policy_backend]: obstacle_init stamp=1785210415.019306795 depth=297009 robot_mask_received=True self_rm=10191 workspace=0 table_rm=0 raw_obstacle=0 persistent=0 voxels=0 mode=dynamic frame=7/5 bbox=empty
[INFO] [1785210415.356043888] [mujoco_policy_backend]: replan[2] start prompt='red cube' cloud_seq_before=2
[INFO] [1785210423.296547852] [mujoco_policy_backend]: replan[2] replan_ok points=145 candidates=6 score=0.132 elapsed=7.94s raw_grasp[frame=scene_depth_optical pos=(+0.109,+0.020,+0.583) quat=(-0.253,+0.144,-0.144,+0.946)] base_grasp[frame=base pos=(+0.429,+0.080,+0.037) quat=(+0.144,+0.253,+0.946,+0.144)]
[INFO] [1785210423.836846663] [mujoco_policy_backend]: wrist_roi_diag frame=71 projected_uv=(540.5,413.7) red_uv=(562.1,349.1) offset=68.1px depth=0.069m
[INFO] [1785210424.442456312] [mujoco_policy_backend]: wrist_roi_diag frame=81 projected_uv=(607.6,472.4) red_uv=(580.0,380.9) offset=95.5px depth=0.063m
[INFO] [1785210425.045497845] [mujoco_policy_backend]: wrist_roi_diag frame=91 projected_uv=(649.8,499.3) red_uv=(590.2,392.5) offset=122.3px depth=0.059m
[INFO] [1785210425.671550136] [mujoco_policy_backend]: wrist_roi_diag frame=101 projected_uv=(673.7,508.4) red_uv=(594.9,394.2) offset=138.8px depth=0.057m
[INFO] [1785210426.273017331] [mujoco_policy_backend]: wrist_roi_diag frame=111 projected_uv=(682.9,505.9) red_uv=(593.6,389.7) offset=146.6px depth=0.055m
[INFO] [1785210426.866501321] [mujoco_policy_backend]: wrist_roi_diag frame=121 projected_uv=(691.6,504.1) red_uv=(591.9,386.4) offset=154.2px depth=0.054m
[INFO] [1785210427.478082494] [mujoco_policy_backend]: wrist_roi_diag frame=131 projected_uv=(700.1,503.6) red_uv=(590.2,384.4) offset=162.2px depth=0.052m
[INFO] [1785210428.092653197] [mujoco_policy_backend]: wrist_roi_diag frame=141 projected_uv=(705.3,502.0) red_uv=(588.0,382.6) offset=167.4px depth=0.051m
[INFO] [1785210428.728774790] [mujoco_policy_backend]: wrist_roi_diag frame=151 projected_uv=(705.1,498.5) red_uv=(585.2,380.5) offset=168.3px depth=0.050m
[INFO] [1785210429.348584463] [mujoco_policy_backend]: wrist_roi_diag frame=161 projected_uv=(705.8,497.7) red_uv=(582.6,380.2) offset=170.2px depth=0.049m
[INFO] [1785210429.932675141] [mujoco_policy_backend]: wrist_roi_diag frame=171 projected_uv=(649.8,428.3) red_uv=(540.8,284.6) offset=180.4px depth=0.050m
[INFO] [1785210430.645529796] [mujoco_policy_backend]: obstacle_init stamp=1785210430.410499951 depth=297073 robot_mask_received=True self_rm=10127 workspace=0 table_rm=0 raw_obstacle=0 persistent=0 voxels=0 mode=dynamic frame=8/5 bbox=empty
[INFO] [1785210430.749268750] [mujoco_policy_backend]: replan[3] start prompt='red cube' cloud_seq_before=3
[INFO] [1785210437.458083049] [mujoco_policy_backend]: obstacle_init stamp=1785210437.230984389 depth=296774 robot_mask_received=True self_rm=10426 workspace=0 table_rm=0 raw_obstacle=0 persistent=0 voxels=0 mode=dynamic frame=9/5 bbox=empty
[INFO] [1785210437.644486447] [mujoco_policy_backend]: obstacle_init stamp=1785210437.378072800 depth=296774 robot_mask_received=True self_rm=10426 workspace=0 table_rm=0 raw_obstacle=0 persistent=0 voxels=0 mode=dynamic frame=10/5 bbox=empty
[INFO] [1785210437.847173150] [mujoco_policy_backend]: obstacle_init stamp=1785210437.568519303 depth=296774 robot_mask_received=True self_rm=10426 workspace=0 table_rm=0 raw_obstacle=0 persistent=0 voxels=0 mode=dynamic frame=11/5 bbox=empty
[INFO] [1785210438.052973780] [mujoco_policy_backend]: obstacle_init stamp=1785210437.755938597 depth=296773 robot_mask_received=True self_rm=10427 workspace=0 table_rm=0 raw_obstacle=0 persistent=0 voxels=0 mode=dynamic frame=12/5 bbox=empty
[INFO] [1785210438.269877151] [mujoco_policy_backend]: obstacle_init stamp=1785210437.945118415 depth=296773 robot_mask_received=True self_rm=10427 workspace=0 table_rm=0 raw_obstacle=0 persistent=0 voxels=0 mode=dynamic frame=13/5 bbox=empty
