[INFO] [1784802613.786902532] [anygrasp_planner]: AnyGrasp planner ready: action=plan_grasp
[INFO] [1784802624.582077439] [anygrasp_planner]: AnyGrasp candidate[00] frame=scene_depth_optical score=0.321 width=77.5mm pos=(+0.100,+0.010,+0.576) approach=(-0.13,+0.17,+0.98)
[INFO] [1784802624.582362111] [anygrasp_planner]: AnyGrasp candidate[01] frame=scene_depth_optical score=0.308 width=81.8mm pos=(+0.098,+0.006,+0.576) approach=(+0.08,+0.28,+0.96)
[INFO] [1784802624.582563911] [anygrasp_planner]: AnyGrasp candidate[02] frame=scene_depth_optical score=0.264 width=88.7mm pos=(+0.095,+0.007,+0.576) approach=(+0.08,+0.28,+0.96)
[INFO] [1784802624.582759592] [anygrasp_planner]: AnyGrasp candidate[03] frame=scene_depth_optical score=0.225 width=83.1mm pos=(+0.100,+0.016,+0.576) approach=(+0.10,+0.10,+0.99)
[INFO] [1784802624.582948148] [anygrasp_planner]: AnyGrasp candidate[04] frame=scene_depth_optical score=0.220 width=89.9mm pos=(+0.093,+0.020,+0.574) approach=(+0.24,-0.04,+0.97)
[INFO] [1784802624.583136201] [anygrasp_planner]: AnyGrasp candidate[05] frame=scene_depth_optical score=0.216 width=69.6mm pos=(+0.115,+0.021,+0.572) approach=(-0.52,-0.24,+0.82)
[INFO] [1784802625.910139080] [anygrasp_planner]: AnyGrasp IK[00] pass=False reason=pregrasp_unreachable pre_err=153.6mm/25.8deg final_err=infmm/infdeg joint_margin=-infrad q_final=[nan,nan,nan,nan,nan,nan]
[INFO] [1784802627.041555345] [anygrasp_planner]: AnyGrasp IK[01] pass=False reason=pregrasp_unreachable pre_err=120.0mm/32.5deg final_err=infmm/infdeg joint_margin=-infrad q_final=[nan,nan,nan,nan,nan,nan]
[INFO] [1784802628.118962015] [anygrasp_planner]: AnyGrasp IK[02] pass=False reason=pregrasp_unreachable pre_err=76.9mm/0.4deg final_err=infmm/infdeg joint_margin=-infrad q_final=[nan,nan,nan,nan,nan,nan]
[INFO] [1784802629.129943600] [anygrasp_planner]: AnyGrasp IK[03] pass=False reason=pregrasp_unreachable pre_err=63.6mm/3.5deg final_err=infmm/infdeg joint_margin=-infrad q_final=[nan,nan,nan,nan,nan,nan]
[INFO] [1784802630.262199948] [anygrasp_planner]: AnyGrasp IK[04] pass=False reason=pregrasp_unreachable pre_err=119.8mm/84.7deg final_err=infmm/infdeg joint_margin=-infrad q_final=[nan,nan,nan,nan,nan,nan]
[INFO] [1784802631.432315162] [anygrasp_planner]: AnyGrasp IK[05] pass=False reason=pregrasp_unreachable pre_err=247.8mm/53.1deg final_err=infmm/infdeg joint_margin=-infrad q_final=[nan,nan,nan,nan,nan,nan]
[INFO] [1784802635.266553918] [anygrasp_planner]: AnyGrasp candidate[00] frame=scene_depth_optical score=0.321 width=77.5mm pos=(+0.100,+0.010,+0.576) approach=(-0.13,+0.17,+0.98)
[INFO] [1784802635.266823122] [anygrasp_planner]: AnyGrasp candidate[01] frame=scene_depth_optical score=0.308 width=81.8mm pos=(+0.098,+0.006,+0.576) approach=(+0.08,+0.28,+0.96)
[INFO] [1784802635.267019889] [anygrasp_planner]: AnyGrasp candidate[02] frame=scene_depth_optical score=0.264 width=88.7mm pos=(+0.095,+0.007,+0.576) approach=(+0.08,+0.28,+0.96)
[INFO] [1784802635.267210764] [anygrasp_planner]: AnyGrasp candidate[03] frame=scene_depth_optical score=0.225 width=83.1mm pos=(+0.100,+0.016,+0.576) approach=(+0.10,+0.10,+0.99)
[INFO] [1784802635.267401755] [anygrasp_planner]: AnyGrasp candidate[04] frame=scene_depth_optical score=0.220 width=89.9mm pos=(+0.093,+0.020,+0.574) approach=(+0.24,-0.04,+0.97)
[INFO] [1784802635.267590101] [anygrasp_planner]: AnyGrasp candidate[05] frame=scene_depth_optical score=0.216 width=69.6mm pos=(+0.115,+0.021,+0.572) approach=(-0.52,-0.24,+0.82)
[INFO] [1784802636.381906434] [anygrasp_planner]: AnyGrasp IK[00] pass=False reason=pregrasp_unreachable pre_err=153.6mm/25.8deg final_err=infmm/infdeg joint_margin=-infrad q_final=[nan,nan,nan,nan,nan,nan]
[INFO] [1784802637.496477959] [anygrasp_planner]: AnyGrasp IK[01] pass=False reason=pregrasp_unreachable pre_err=120.0mm/32.5deg final_err=infmm/infdeg joint_margin=-infrad q_final=[nan,nan,nan,nan,nan,nan]
[INFO] [1784802638.536987369] [anygrasp_planner]: AnyGrasp IK[02] pass=False reason=pregrasp_unreachable pre_err=76.9mm/0.4deg final_err=infmm/infdeg joint_margin=-infrad q_final=[nan,nan,nan,nan,nan,nan]
[INFO] [1784802639.555286857] [anygrasp_planner]: AnyGrasp IK[03] pass=False reason=pregrasp_unreachable pre_err=63.6mm/3.5deg final_err=infmm/infdeg joint_margin=-infrad q_final=[nan,nan,nan,nan,nan,nan]
[INFO] [1784802640.703550621] [anygrasp_planner]: AnyGrasp IK[04] pass=False reason=pregrasp_unreachable pre_err=119.8mm/84.7deg final_err=infmm/infdeg joint_margin=-infrad q_final=[nan,nan,nan,nan,nan,nan]
[INFO] [1784802641.878750002] [anygrasp_planner]: AnyGrasp IK[05] pass=False reason=pregrasp_unreachable pre_err=247.8mm/53.1deg final_err=infmm/infdeg joint_margin=-infrad q_final=[nan,nan,nan,nan,nan,nan]
