[INFO] [1784879258.347012073] [mujoco_policy_backend]: MuJoCo policy backend ready: action=execute_planned_grasp
[INFO] [1784879260.687079973] [mujoco_policy_backend]: obstacle_init stamp=1784879260.307959389 depth=296770 robot_mask_received=True self_rm=10430 workspace=0 table_rm=0 raw_obstacle=0 persistent=0 voxels=0 mode=static frame=1/5 bbox=empty
[INFO] [1784879260.779592211] [mujoco_policy_backend]: obstacle_init stamp=1784879260.466220326 depth=296770 robot_mask_received=True self_rm=10430 workspace=0 table_rm=0 raw_obstacle=0 persistent=0 voxels=0 mode=static frame=2/5 bbox=empty
[INFO] [1784879260.869130455] [mujoco_policy_backend]: obstacle_init stamp=1784879260.607714997 depth=296770 robot_mask_received=True self_rm=10430 workspace=0 table_rm=0 raw_obstacle=0 persistent=0 voxels=0 mode=static frame=3/5 bbox=empty
[INFO] [1784879261.160654440] [mujoco_policy_backend]: obstacle_init stamp=1784879260.812455292 depth=296770 robot_mask_received=True self_rm=10430 workspace=0 table_rm=0 raw_obstacle=0 persistent=0 voxels=0 mode=static frame=4/5 bbox=empty
[INFO] [1784879261.255068016] [mujoco_policy_backend]: obstacle_init stamp=1784879261.018302902 depth=296770 robot_mask_received=True self_rm=10430 workspace=0 table_rm=0 raw_obstacle=0 persistent=0 voxels=0 mode=static frame=5/5 bbox=empty
[INFO] [1784879274.413478378] [mujoco_policy_backend]: planned grasp pose conversion: source=sim_mjcf raw_pregrasp[frame=scene_depth_optical pos=(+0.076,+0.022,+0.506) quat=(+0.459,+0.117,+0.037,+0.880)] raw_grasp[frame=scene_depth_optical pos=(+0.093,+0.020,+0.574) quat=(+0.459,+0.117,+0.037,+0.880)] base_pregrasp[frame=base pos=(+0.396,+0.078,+0.114) quat=(+0.117,-0.459,+0.880,-0.037)] base_grasp[frame=base pos=(+0.413,+0.080,+0.046) quat=(+0.117,-0.459,+0.880,-0.037)] tracking_reference[frame=base pos=(+0.419,+0.080,+0.044) quat=(+0.000,+1.000,+0.000,+0.000)] width=89.9mm target=cube@0.42,0.08,0.021 traj_log=/home/sophie/isaac_lab/isaac_ws/rl_code/soarm100sim/logs/ros2_mujoco_grasp.jsonl
[INFO] [1784879275.595837784] [mujoco_policy_backend]: wrist_roi_diag frame=1 projected_uv=(-2705.6,-891.0) red_uv=not_visible depth=0.026m
[INFO] [1784879276.306486772] [mujoco_policy_backend]: wrist_roi_diag frame=11 projected_uv=(161.6,355.6) red_uv=(47.3,268.5) offset=143.8px depth=0.116m
[INFO] [1784879276.929704650] [mujoco_policy_backend]: wrist_roi_diag frame=21 projected_uv=(64.1,223.9) red_uv=(66.7,172.2) offset=51.7px depth=0.085m
[INFO] [1784879277.549387744] [mujoco_policy_backend]: wrist_roi_diag frame=31 projected_uv=(232.6,-61.8) red_uv=(212.6,14.7) offset=79.1px depth=0.063m
[INFO] [1784879278.160011557] [mujoco_policy_backend]: wrist_roi_diag frame=41 projected_uv=(443.6,333.9) red_uv=(450.0,187.9) offset=146.2px depth=0.066m
[INFO] [1784879278.773672329] [mujoco_policy_backend]: wrist_roi_diag frame=51 projected_uv=(567.7,405.4) red_uv=(521.9,209.0) offset=201.6px depth=0.054m
[INFO] [1784879279.370721032] [mujoco_policy_backend]: wrist_roi_diag frame=61 projected_uv=(597.9,530.4) red_uv=(554.7,349.8) offset=185.7px depth=0.058m
[INFO] [1784879279.967462210] [mujoco_policy_backend]: wrist_roi_diag frame=71 projected_uv=(511.2,601.5) red_uv=(525.8,388.0) offset=214.0px depth=0.057m
[INFO] [1784879280.578349633] [mujoco_policy_backend]: wrist_roi_diag frame=81 projected_uv=(525.0,607.8) red_uv=(526.6,382.1) offset=225.7px depth=0.053m
[INFO] [1784879281.187840202] [mujoco_policy_backend]: wrist_roi_diag frame=91 projected_uv=(540.2,615.0) red_uv=(528.5,381.1) offset=234.1px depth=0.051m
[INFO] [1784879281.808242009] [mujoco_policy_backend]: wrist_roi_diag frame=101 projected_uv=(551.5,617.1) red_uv=(528.7,378.1) offset=240.1px depth=0.050m
[INFO] [1784879280.611807548] [mujoco_policy_backend]: wrist_roi_diag frame=111 projected_uv=(559.7,614.7) red_uv=(529.0,374.9) offset=241.7px depth=0.049m
[INFO] [1784879281.194657394] [mujoco_policy_backend]: wrist_roi_diag frame=121 projected_uv=(566.6,611.8) red_uv=(529.6,372.1) offset=242.5px depth=0.049m
[INFO] [1784879281.779444519] [mujoco_policy_backend]: wrist_roi_diag frame=131 projected_uv=(572.5,608.9) red_uv=(530.2,369.5) offset=243.1px depth=0.049m
[INFO] [1784879282.339217261] [mujoco_policy_backend]: wrist_roi_diag frame=141 projected_uv=(545.1,580.2) red_uv=(508.4,345.3) offset=237.8px depth=0.049m
[INFO] [1784879283.245552719] [mujoco_policy_backend]: replan[1] start prompt='red cube' cloud_seq_before=1
[INFO] [1784879311.918318922] [mujoco_policy_backend]: wrist_roi_diag frame=151 projected_uv=(624.7,494.5) red_uv=(430.2,354.6) offset=239.6px depth=0.061m
[INFO] [1784879312.682274607] [mujoco_policy_backend]: replan[2] start prompt='red cube' cloud_seq_before=2
