[INFO] [1784884748.280216852] [mujoco_policy_backend]: MuJoCo policy backend ready: action=execute_planned_grasp
[INFO] [1784884750.419067173] [mujoco_policy_backend]: obstacle_init stamp=1784884750.071215464 depth=296770 robot_mask_received=True self_rm=10430 workspace=1817 table_rm=0 raw_obstacle=1817 persistent=118 voxels=118 mode=dynamic frame=1/5 bbox_min=(+0.152,+0.079,+0.056) bbox_max=(+0.172,+0.101,+0.320)
[INFO] [1784884750.523266535] [mujoco_policy_backend]: obstacle_init stamp=1784884750.219070533 depth=296770 robot_mask_received=True self_rm=10430 workspace=1817 table_rm=0 raw_obstacle=1817 persistent=118 voxels=118 mode=dynamic frame=2/5 bbox_min=(+0.152,+0.079,+0.056) bbox_max=(+0.172,+0.101,+0.320)
[INFO] [1784884750.694798110] [mujoco_policy_backend]: obstacle_init stamp=1784884750.360692724 depth=296770 robot_mask_received=True self_rm=10430 workspace=1817 table_rm=0 raw_obstacle=1817 persistent=118 voxels=118 mode=dynamic frame=3/5 bbox_min=(+0.152,+0.079,+0.056) bbox_max=(+0.172,+0.101,+0.320)
[INFO] [1784884750.904997188] [mujoco_policy_backend]: obstacle_init stamp=1784884750.582108680 depth=296770 robot_mask_received=True self_rm=10430 workspace=1817 table_rm=0 raw_obstacle=1817 persistent=118 voxels=118 mode=dynamic frame=4/5 bbox_min=(+0.152,+0.079,+0.056) bbox_max=(+0.172,+0.101,+0.320)
[INFO] [1784884751.114862205] [mujoco_policy_backend]: obstacle_init stamp=1784884750.779428581 depth=296770 robot_mask_received=True self_rm=10430 workspace=1817 table_rm=0 raw_obstacle=1817 persistent=118 voxels=118 mode=dynamic frame=5/5 bbox_min=(+0.152,+0.079,+0.056) bbox_max=(+0.172,+0.101,+0.320)
[INFO] [1784884764.570206159] [mujoco_policy_backend]: planned grasp pose conversion: source=sim_mjcf raw_pregrasp[frame=scene_depth_optical pos=(+0.076,+0.022,+0.506) quat=(+0.459,+0.117,+0.037,+0.880)] raw_grasp[frame=scene_depth_optical pos=(+0.093,+0.020,+0.574) quat=(+0.459,+0.117,+0.037,+0.880)] base_pregrasp[frame=base pos=(+0.396,+0.078,+0.114) quat=(+0.117,-0.459,+0.880,-0.037)] base_grasp[frame=base pos=(+0.413,+0.080,+0.046) quat=(+0.117,-0.459,+0.880,-0.037)] tracking_reference[frame=base pos=(+0.398,+0.087,+0.044) quat=(+0.000,+1.000,+0.000,+0.000)] width=89.9mm target=cube@0.42,0.08,0.021 traj_log=logs/ros2_grasp_dynamic_lateral.jsonl
[INFO] [1784884765.879542656] [mujoco_policy_backend]: wrist_roi_diag frame=1 projected_uv=(-19173.9,-6871.3) red_uv=not_visible depth=0.004m
[INFO] [1784884766.003442443] [mujoco_policy_backend]: obstacle_init stamp=1784884765.745422128 depth=292367 robot_mask_received=True self_rm=14833 workspace=1840 table_rm=0 raw_obstacle=1840 persistent=88 voxels=88 mode=dynamic frame=6/5 bbox_min=(+0.118,+0.122,+0.056) bbox_max=(+0.171,+0.143,+0.330)
[INFO] [1784884766.323381653] [mujoco_policy_backend]: obstacle_init stamp=1784884766.084507332 depth=292606 robot_mask_received=True self_rm=14594 workspace=1832 table_rm=0 raw_obstacle=1832 persistent=110 voxels=110 mode=dynamic frame=7/5 bbox_min=(+0.153,+0.119,+0.056) bbox_max=(+0.171,+0.141,+0.320)
[INFO] [1784884766.633570031] [mujoco_policy_backend]: obstacle_init stamp=1784884766.251432123 depth=293189 robot_mask_received=True self_rm=14011 workspace=1833 table_rm=0 raw_obstacle=1833 persistent=113 voxels=113 mode=dynamic frame=8/5 bbox_min=(+0.153,+0.117,+0.055) bbox_max=(+0.171,+0.140,+0.320)
[INFO] [1784884766.696617223] [mujoco_policy_backend]: obstacle_init stamp=1784884766.472045987 depth=293847 robot_mask_received=True self_rm=13353 workspace=1829 table_rm=0 raw_obstacle=1829 persistent=115 voxels=115 mode=dynamic frame=9/5 bbox_min=(+0.152,+0.116,+0.058) bbox_max=(+0.171,+0.137,+0.325)
[INFO] [1784884767.025556396] [mujoco_policy_backend]: obstacle_init stamp=1784884766.766605380 depth=294485 robot_mask_received=True self_rm=12715 workspace=1827 table_rm=0 raw_obstacle=1827 persistent=91 voxels=91 mode=dynamic frame=10/5 bbox_min=(+0.153,+0.113,+0.057) bbox_max=(+0.171,+0.134,+0.324)
[INFO] [1784884767.252971366] [mujoco_policy_backend]: obstacle_init stamp=1784884766.939017435 depth=295002 robot_mask_received=True self_rm=12198 workspace=1824 table_rm=0 raw_obstacle=1824 persistent=107 voxels=107 mode=dynamic frame=11/5 bbox_min=(+0.153,+0.106,+0.056) bbox_max=(+0.171,+0.130,+0.320)
[INFO] [1784884767.406551839] [mujoco_policy_backend]: obstacle_init stamp=1784884767.156069513 depth=295252 robot_mask_received=True self_rm=11948 workspace=1820 table_rm=0 raw_obstacle=1820 persistent=115 voxels=115 mode=dynamic frame=12/5 bbox_min=(+0.153,+0.105,+0.058) bbox_max=(+0.171,+0.128,+0.320)
[INFO] [1784884767.615107129] [mujoco_policy_backend]: obstacle_init stamp=1784884767.421804556 depth=295269 robot_mask_received=True self_rm=11931 workspace=1813 table_rm=0 raw_obstacle=1813 persistent=102 voxels=102 mode=dynamic frame=13/5 bbox_min=(+0.153,+0.103,+0.057) bbox_max=(+0.171,+0.125,+0.320)
[INFO] [1784884767.987420646] [mujoco_policy_backend]: obstacle_init stamp=1784884767.685463298 depth=295282 robot_mask_received=True self_rm=11918 workspace=1806 table_rm=0 raw_obstacle=1806 persistent=117 voxels=117 mode=dynamic frame=14/5 bbox_min=(+0.153,+0.095,+0.056) bbox_max=(+0.171,+0.119,+0.320)
[INFO] [1784884768.105414299] [mujoco_policy_backend]: obstacle_init stamp=1784884767.864364930 depth=295298 robot_mask_received=True self_rm=11902 workspace=1809 table_rm=0 raw_obstacle=1809 persistent=126 voxels=126 mode=dynamic frame=15/5 bbox_min=(+0.150,+0.091,+0.056) bbox_max=(+0.185,+0.117,+0.352)
[INFO] [1784884768.225268843] [mujoco_policy_backend]: wrist_roi_diag frame=11 projected_uv=(218.4,367.4) red_uv=(268.5,395.7) offset=57.6px depth=0.107m
[INFO] [1784884768.312268858] [mujoco_policy_backend]: obstacle_init stamp=1784884768.109011518 depth=295324 robot_mask_received=True self_rm=11876 workspace=1810 table_rm=0 raw_obstacle=1810 persistent=119 voxels=119 mode=dynamic frame=16/5 bbox_min=(+0.146,+0.086,+0.057) bbox_max=(+0.171,+0.114,+0.332)
[INFO] [1784884768.599761681] [mujoco_policy_backend]: obstacle_init stamp=1784884768.401500052 depth=295329 robot_mask_received=True self_rm=11871 workspace=1810 table_rm=0 raw_obstacle=1810 persistent=103 voxels=103 mode=dynamic frame=17/5 bbox_min=(+0.122,+0.080,+0.058) bbox_max=(+0.171,+0.107,+0.324)
[INFO] [1784884768.801456702] [mujoco_policy_backend]: obstacle_init stamp=1784884768.601729183 depth=295328 robot_mask_received=True self_rm=11872 workspace=1816 table_rm=0 raw_obstacle=1816 persistent=111 voxels=111 mode=dynamic frame=18/5 bbox_min=(+0.153,+0.081,+0.056) bbox_max=(+0.171,+0.105,+0.320)
[INFO] [1784884769.142239458] [mujoco_policy_backend]: obstacle_init stamp=1784884768.869471991 depth=295303 robot_mask_received=True self_rm=11897 workspace=1815 table_rm=0 raw_obstacle=1815 persistent=119 voxels=119 mode=dynamic frame=19/5 bbox_min=(+0.153,+0.080,+0.056) bbox_max=(+0.171,+0.103,+0.320)
[INFO] [1784884769.351043787] [mujoco_policy_backend]: obstacle_init stamp=1784884769.050288523 depth=295290 robot_mask_received=True self_rm=11910 workspace=1829 table_rm=0 raw_obstacle=1829 persistent=104 voxels=104 mode=dynamic frame=20/5 bbox_min=(+0.153,+0.077,+0.057) bbox_max=(+0.171,+0.100,+0.320)
[INFO] [1784884769.501829762] [mujoco_policy_backend]: obstacle_init stamp=1784884769.277188898 depth=295363 robot_mask_received=True self_rm=11837 workspace=1829 table_rm=0 raw_obstacle=1829 persistent=99 voxels=99 mode=dynamic frame=21/5 bbox_min=(+0.153,+0.070,+0.057) bbox_max=(+0.171,+0.094,+0.320)
[INFO] [1784884769.823652977] [mujoco_policy_backend]: obstacle_init stamp=1784884769.598728359 depth=295453 robot_mask_received=True self_rm=11747 workspace=1831 table_rm=0 raw_obstacle=1831 persistent=118 voxels=118 mode=dynamic frame=22/5 bbox_min=(+0.153,+0.069,+0.057) bbox_max=(+0.171,+0.092,+0.320)
[INFO] [1784884770.014562379] [mujoco_policy_backend]: obstacle_init stamp=1784884769.773399813 depth=295503 robot_mask_received=True self_rm=11697 workspace=1834 table_rm=0 raw_obstacle=1834 persistent=114 voxels=114 mode=dynamic frame=23/5 bbox_min=(+0.153,+0.066,+0.056) bbox_max=(+0.171,+0.089,+0.320)
[INFO] [1784884770.343153820] [mujoco_policy_backend]: obstacle_init stamp=1784884770.068004247 depth=295580 robot_mask_received=True self_rm=11620 workspace=1841 table_rm=0 raw_obstacle=1841 persistent=116 voxels=116 mode=dynamic frame=24/5 bbox_min=(+0.153,+0.058,+0.056) bbox_max=(+0.171,+0.083,+0.320)
[INFO] [1784884770.516132961] [mujoco_policy_backend]: obstacle_init stamp=1784884770.249809462 depth=295665 robot_mask_received=True self_rm=11535 workspace=1850 table_rm=0 raw_obstacle=1850 persistent=121 voxels=121 mode=dynamic frame=25/5 bbox_min=(+0.153,+0.052,+0.056) bbox_max=(+0.171,+0.081,+0.320)
[INFO] [1784884770.613905281] [mujoco_policy_backend]: wrist_roi_diag frame=21 projected_uv=(417.6,93.8) red_uv=(423.0,135.8) offset=42.3px depth=0.099m
[INFO] [1784884770.698658782] [mujoco_policy_backend]: obstacle_init stamp=1784884770.478241813 depth=295706 robot_mask_received=True self_rm=11494 workspace=1853 table_rm=0 raw_obstacle=1853 persistent=116 voxels=116 mode=dynamic frame=26/5 bbox_min=(+0.149,+0.047,+0.057) bbox_max=(+0.171,+0.078,+0.334)
[INFO] [1784884770.992226294] [mujoco_policy_backend]: obstacle_init stamp=1784884770.846482276 depth=295794 robot_mask_received=True self_rm=11406 workspace=1861 table_rm=0 raw_obstacle=1861 persistent=105 voxels=105 mode=dynamic frame=27/5 bbox_min=(+0.153,+0.048,+0.057) bbox_max=(+0.171,+0.076,+0.331)
[INFO] [1784884771.310394685] [mujoco_policy_backend]: obstacle_init stamp=1784884771.098068176 depth=295766 robot_mask_received=True self_rm=11434 workspace=1868 table_rm=0 raw_obstacle=1868 persistent=104 voxels=104 mode=dynamic frame=28/5 bbox_min=(+0.153,+0.046,+0.058) bbox_max=(+0.171,+0.070,+0.320)
[INFO] [1784884771.516541984] [mujoco_policy_backend]: obstacle_init stamp=1784884771.274550402 depth=295684 robot_mask_received=True self_rm=11516 workspace=1877 table_rm=0 raw_obstacle=1877 persistent=117 voxels=117 mode=dynamic frame=29/5 bbox_min=(+0.153,+0.045,+0.057) bbox_max=(+0.171,+0.068,+0.320)
[INFO] [1784884771.932343871] [mujoco_policy_backend]: obstacle_init stamp=1784884771.566463310 depth=295595 robot_mask_received=True self_rm=11605 workspace=1886 table_rm=0 raw_obstacle=1886 persistent=104 voxels=104 mode=dynamic frame=30/5 bbox_min=(+0.153,+0.040,+0.055) bbox_max=(+0.171,+0.065,+0.320)
[INFO] [1784884772.051038957] [mujoco_policy_backend]: obstacle_init stamp=1784884771.746886697 depth=295495 robot_mask_received=True self_rm=11705 workspace=1901 table_rm=0 raw_obstacle=1901 persistent=112 voxels=112 mode=dynamic frame=31/5 bbox_min=(+0.153,+0.036,+0.056) bbox_max=(+0.171,+0.063,+0.320)
[INFO] [1784884772.198645190] [mujoco_policy_backend]: obstacle_init stamp=1784884771.976517503 depth=295394 robot_mask_received=True self_rm=11806 workspace=1905 table_rm=0 raw_obstacle=1905 persistent=102 voxels=102 mode=dynamic frame=32/5 bbox_min=(+0.153,+0.034,+0.057) bbox_max=(+0.171,+0.058,+0.320)
[INFO] [1784884772.645218273] [mujoco_policy_backend]: obstacle_init stamp=1784884772.306277769 depth=295269 robot_mask_received=True self_rm=11931 workspace=1909 table_rm=0 raw_obstacle=1909 persistent=119 voxels=119 mode=dynamic frame=33/5 bbox_min=(+0.153,+0.031,+0.057) bbox_max=(+0.171,+0.056,+0.320)
[INFO] [1784884772.703788144] [mujoco_policy_backend]: obstacle_init stamp=1784884772.489782508 depth=295157 robot_mask_received=True self_rm=12043 workspace=1916 table_rm=0 raw_obstacle=1916 persistent=118 voxels=118 mode=dynamic frame=34/5 bbox_min=(+0.153,+0.031,+0.057) bbox_max=(+0.171,+0.055,+0.320)
[INFO] [1784884773.095399714] [mujoco_policy_backend]: obstacle_init stamp=1784884772.799556694 depth=295113 robot_mask_received=True self_rm=12087 workspace=1926 table_rm=0 raw_obstacle=1926 persistent=101 voxels=101 mode=dynamic frame=35/5 bbox_min=(+0.153,+0.030,+0.057) bbox_max=(+0.171,+0.053,+0.320)
[INFO] [1784884773.121889027] [mujoco_policy_backend]: wrist_roi_diag frame=31 projected_uv=(681.0,-1465.7) red_uv=not_visible depth=0.044m
[INFO] [1784884773.207691268] [mujoco_policy_backend]: obstacle_init stamp=1784884772.990211160 depth=295141 robot_mask_received=True self_rm=12059 workspace=1929 table_rm=0 raw_obstacle=1929 persistent=116 voxels=116 mode=dynamic frame=36/5 bbox_min=(+0.153,+0.029,+0.057) bbox_max=(+0.171,+0.051,+0.320)
[INFO] [1784884773.500894546] [mujoco_policy_backend]: obstacle_init stamp=1784884773.313870294 depth=295219 robot_mask_received=True self_rm=11981 workspace=1931 table_rm=0 raw_obstacle=1931 persistent=99 voxels=99 mode=dynamic frame=37/5 bbox_min=(+0.153,+0.023,+0.057) bbox_max=(+0.171,+0.047,+0.320)
[INFO] [1784884773.882771054] [mujoco_policy_backend]: obstacle_init stamp=1784884773.592807835 depth=295315 robot_mask_received=True self_rm=11885 workspace=1947 table_rm=0 raw_obstacle=1947 persistent=105 voxels=105 mode=dynamic frame=38/5 bbox_min=(+0.153,+0.022,+0.057) bbox_max=(+0.171,+0.046,+0.320)
[INFO] [1784884774.023736176] [mujoco_policy_backend]: obstacle_init stamp=1784884773.774817510 depth=295423 robot_mask_received=True self_rm=11777 workspace=1940 table_rm=0 raw_obstacle=1940 persistent=95 voxels=95 mode=dynamic frame=39/5 bbox_min=(+0.153,+0.022,+0.057) bbox_max=(+0.171,+0.045,+0.320)
[INFO] [1784884774.360834914] [mujoco_policy_backend]: obstacle_init stamp=1784884774.099325515 depth=295461 robot_mask_received=True self_rm=11739 workspace=1944 table_rm=0 raw_obstacle=1944 persistent=108 voxels=108 mode=dynamic frame=40/5 bbox_min=(+0.152,+0.022,+0.057) bbox_max=(+0.171,+0.044,+0.320)
[INFO] [1784884774.523368022] [mujoco_policy_backend]: obstacle_init stamp=1784884774.279165047 depth=295498 robot_mask_received=True self_rm=11702 workspace=1946 table_rm=0 raw_obstacle=1946 persistent=118 voxels=118 mode=dynamic frame=41/5 bbox_min=(+0.152,+0.021,+0.055) bbox_max=(+0.172,+0.044,+0.320)
[INFO] [1784884774.825678391] [mujoco_policy_backend]: obstacle_init stamp=1784884774.543406066 depth=295567 robot_mask_received=True self_rm=11633 workspace=1952 table_rm=0 raw_obstacle=1952 persistent=119 voxels=119 mode=dynamic frame=42/5 bbox_min=(+0.152,+0.020,+0.056) bbox_max=(+0.205,+0.059,+0.320)
[INFO] [1784884775.040533082] [mujoco_policy_backend]: obstacle_init stamp=1784884774.751437280 depth=295645 robot_mask_received=True self_rm=11555 workspace=1946 table_rm=0 raw_obstacle=1946 persistent=116 voxels=116 mode=dynamic frame=43/5 bbox_min=(+0.152,+0.020,+0.057) bbox_max=(+0.172,+0.042,+0.320)
[INFO] [1784884775.209906849] [mujoco_policy_backend]: obstacle_init stamp=1784884774.989378896 depth=295741 robot_mask_received=True self_rm=11459 workspace=1946 table_rm=0 raw_obstacle=1946 persistent=116 voxels=116 mode=dynamic frame=44/5 bbox_min=(+0.152,+0.020,+0.057) bbox_max=(+0.172,+0.042,+0.320)
[INFO] [1784884775.605133791] [mujoco_policy_backend]: obstacle_init stamp=1784884775.298561241 depth=295857 robot_mask_received=True self_rm=11343 workspace=1952 table_rm=0 raw_obstacle=1952 persistent=119 voxels=119 mode=dynamic frame=45/5 bbox_min=(+0.152,+0.018,+0.057) bbox_max=(+0.205,+0.059,+0.320)
[INFO] [1784884775.729225877] [mujoco_policy_backend]: obstacle_init stamp=1784884775.477987445 depth=295982 robot_mask_received=True self_rm=11218 workspace=1946 table_rm=0 raw_obstacle=1946 persistent=118 voxels=118 mode=dynamic frame=46/5 bbox_min=(+0.152,+0.019,+0.056) bbox_max=(+0.172,+0.042,+0.320)
[INFO] [1784884776.043627139] [mujoco_policy_backend]: obstacle_init stamp=1784884775.799580383 depth=296093 robot_mask_received=True self_rm=11107 workspace=1944 table_rm=0 raw_obstacle=1944 persistent=108 voxels=108 mode=dynamic frame=47/5 bbox_min=(+0.152,+0.020,+0.057) bbox_max=(+0.172,+0.042,+0.320)
[INFO] [1784884776.200245868] [mujoco_policy_backend]: obstacle_init stamp=1784884775.978450531 depth=296217 robot_mask_received=True self_rm=10983 workspace=1940 table_rm=0 raw_obstacle=1940 persistent=95 voxels=95 mode=dynamic frame=48/5 bbox_min=(+0.152,+0.021,+0.057) bbox_max=(+0.172,+0.043,+0.320)
[INFO] [1784884776.510567871] [mujoco_policy_backend]: obstacle_init stamp=1784884776.311516582 depth=296367 robot_mask_received=True self_rm=10833 workspace=1947 table_rm=0 raw_obstacle=1947 persistent=105 voxels=105 mode=dynamic frame=49/5 bbox_min=(+0.152,+0.021,+0.057) bbox_max=(+0.172,+0.044,+0.320)
[INFO] [1784884776.691880399] [mujoco_policy_backend]: obstacle_init stamp=1784884776.513035183 depth=296528 robot_mask_received=True self_rm=10672 workspace=1931 table_rm=0 raw_obstacle=1931 persistent=99 voxels=99 mode=dynamic frame=50/5 bbox_min=(+0.152,+0.022,+0.057) bbox_max=(+0.171,+0.045,+0.320)
[INFO] [1784884776.997493058] [mujoco_policy_backend]: obstacle_init stamp=1784884776.796971363 depth=296728 robot_mask_received=True self_rm=10472 workspace=1929 table_rm=0 raw_obstacle=1929 persistent=116 voxels=116 mode=dynamic frame=51/5 bbox_min=(+0.153,+0.025,+0.057) bbox_max=(+0.171,+0.049,+0.320)
[INFO] [1784884777.224351189] [mujoco_policy_backend]: obstacle_init stamp=1784884776.998628498 depth=296941 robot_mask_received=True self_rm=10259 workspace=1926 table_rm=0 raw_obstacle=1926 persistent=101 voxels=101 mode=dynamic frame=52/5 bbox_min=(+0.153,+0.026,+0.057) bbox_max=(+0.171,+0.049,+0.320)
[INFO] [1784884777.574245834] [mujoco_policy_backend]: obstacle_init stamp=1784884777.275563991 depth=297115 robot_mask_received=True self_rm=10085 workspace=1916 table_rm=0 raw_obstacle=1916 persistent=118 voxels=118 mode=dynamic frame=53/5 bbox_min=(+0.153,+0.028,+0.056) bbox_max=(+0.171,+0.050,+0.320)
[INFO] [1784884777.725969009] [mujoco_policy_backend]: obstacle_init stamp=1784884777.461250755 depth=297286 robot_mask_received=True self_rm=9914 workspace=1909 table_rm=0 raw_obstacle=1909 persistent=119 voxels=119 mode=dynamic frame=54/5 bbox_min=(+0.152,+0.029,+0.056) bbox_max=(+0.171,+0.052,+0.320)
[INFO] [1784884778.047491399] [mujoco_policy_backend]: obstacle_init stamp=1784884777.733960444 depth=297456 robot_mask_received=True self_rm=9744 workspace=1905 table_rm=0 raw_obstacle=1905 persistent=102 voxels=102 mode=dynamic frame=55/5 bbox_min=(+0.152,+0.032,+0.057) bbox_max=(+0.171,+0.054,+0.320)
[INFO] [1784884778.226210490] [mujoco_policy_backend]: obstacle_init stamp=1784884777.935194868 depth=297636 robot_mask_received=True self_rm=9564 workspace=1901 table_rm=0 raw_obstacle=1901 persistent=112 voxels=112 mode=dynamic frame=56/5 bbox_min=(+0.153,+0.034,+0.057) bbox_max=(+0.171,+0.061,+0.320)
[INFO] [1784884778.541415955] [mujoco_policy_backend]: obstacle_init stamp=1784884778.162261056 depth=297771 robot_mask_received=True self_rm=9429 workspace=1886 table_rm=0 raw_obstacle=1886 persistent=104 voxels=104 mode=dynamic frame=57/5 bbox_min=(+0.153,+0.038,+0.055) bbox_max=(+0.171,+0.062,+0.320)
[INFO] [1784884778.617966948] [mujoco_policy_backend]: obstacle_init stamp=1784884778.389564531 depth=297903 robot_mask_received=True self_rm=9297 workspace=1877 table_rm=0 raw_obstacle=1877 persistent=117 voxels=117 mode=dynamic frame=58/5 bbox_min=(+0.153,+0.040,+0.057) bbox_max=(+0.171,+0.063,+0.320)
[INFO] [1784884778.912073259] [mujoco_policy_backend]: obstacle_init stamp=1784884778.699779350 depth=297998 robot_mask_received=True self_rm=9202 workspace=1868 table_rm=0 raw_obstacle=1868 persistent=104 voxels=104 mode=dynamic frame=59/5 bbox_min=(+0.153,+0.043,+0.057) bbox_max=(+0.171,+0.065,+0.320)
[INFO] [1784884779.122486435] [mujoco_policy_backend]: obstacle_init stamp=1784884778.880689823 depth=298054 robot_mask_received=True self_rm=9146 workspace=1861 table_rm=0 raw_obstacle=1861 persistent=105 voxels=105 mode=dynamic frame=60/5 bbox_min=(+0.153,+0.046,+0.058) bbox_max=(+0.171,+0.073,+0.327)
[INFO] [1784884779.540836228] [mujoco_policy_backend]: obstacle_init stamp=1784884779.176060913 depth=298012 robot_mask_received=True self_rm=9188 workspace=1853 table_rm=0 raw_obstacle=1853 persistent=116 voxels=116 mode=dynamic frame=61/5 bbox_min=(+0.149,+0.047,+0.057) bbox_max=(+0.171,+0.076,+0.330)
[INFO] [1784884779.709387149] [mujoco_policy_backend]: obstacle_init stamp=1784884779.355622974 depth=297957 robot_mask_received=True self_rm=9243 workspace=1850 table_rm=0 raw_obstacle=1850 persistent=121 voxels=121 mode=dynamic frame=62/5 bbox_min=(+0.153,+0.052,+0.057) bbox_max=(+0.171,+0.076,+0.320)
[INFO] [1784884779.813133095] [mujoco_policy_backend]: obstacle_init stamp=1784884779.582566651 depth=297872 robot_mask_received=True self_rm=9328 workspace=1841 table_rm=0 raw_obstacle=1841 persistent=116 voxels=116 mode=dynamic frame=63/5 bbox_min=(+0.153,+0.055,+0.057) bbox_max=(+0.171,+0.078,+0.320)
[INFO] [1784884780.122145234] [mujoco_policy_backend]: obstacle_init stamp=1784884779.895713907 depth=297800 robot_mask_received=True self_rm=9400 workspace=1834 table_rm=0 raw_obstacle=1834 persistent=114 voxels=114 mode=dynamic frame=64/5 bbox_min=(+0.153,+0.061,+0.056) bbox_max=(+0.171,+0.085,+0.320)
[INFO] [1784884780.306896020] [mujoco_policy_backend]: obstacle_init stamp=1784884780.070600475 depth=297761 robot_mask_received=True self_rm=9439 workspace=1831 table_rm=0 raw_obstacle=1831 persistent=118 voxels=118 mode=dynamic frame=65/5 bbox_min=(+0.153,+0.063,+0.056) bbox_max=(+0.171,+0.086,+0.320)
[INFO] [1784884780.647438547] [mujoco_policy_backend]: obstacle_init stamp=1784884780.339797430 depth=297746 robot_mask_received=True self_rm=9454 workspace=1829 table_rm=0 raw_obstacle=1829 persistent=99 voxels=99 mode=dynamic frame=66/5 bbox_min=(+0.153,+0.066,+0.056) bbox_max=(+0.171,+0.089,+0.320)
[INFO] [1784884780.745739907] [mujoco_policy_backend]: obstacle_init stamp=1784884780.529075036 depth=297746 robot_mask_received=True self_rm=9454 workspace=1953 table_rm=0 raw_obstacle=1953 persistent=141 voxels=141 mode=dynamic frame=67/5 bbox_min=(+0.021,-0.075,+0.055) bbox_max=(+0.219,+0.096,+0.320)
[INFO] [1784884782.187886062] [mujoco_policy_backend]: obstacle_init stamp=1784884781.975417579 depth=297785 robot_mask_received=True self_rm=9415 workspace=1815 table_rm=0 raw_obstacle=1815 persistent=119 voxels=119 mode=dynamic frame=68/5 bbox_min=(+0.153,+0.075,+0.057) bbox_max=(+0.171,+0.099,+0.320)
[INFO] [1784884782.772673038] [mujoco_policy_backend]: obstacle_init stamp=1784884782.485211252 depth=297871 robot_mask_received=True self_rm=9329 workspace=1816 table_rm=0 raw_obstacle=1816 persistent=111 voxels=111 mode=dynamic frame=69/5 bbox_min=(+0.153,+0.078,+0.057) bbox_max=(+0.171,+0.101,+0.320)
[INFO] [1784884782.971737685] [mujoco_policy_backend]: obstacle_init stamp=1784884782.659006514 depth=297923 robot_mask_received=True self_rm=9277 workspace=1810 table_rm=0 raw_obstacle=1810 persistent=103 voxels=103 mode=dynamic frame=70/5 bbox_min=(+0.122,+0.080,+0.058) bbox_max=(+0.171,+0.107,+0.324)
[INFO] [1784884783.097923387] [mujoco_policy_backend]: obstacle_init stamp=1784884782.883320850 depth=297963 robot_mask_received=True self_rm=9237 workspace=1810 table_rm=0 raw_obstacle=1810 persistent=119 voxels=119 mode=dynamic frame=71/5 bbox_min=(+0.146,+0.086,+0.058) bbox_max=(+0.171,+0.111,+0.332)
[INFO] [1784884783.319939022] [mujoco_policy_backend]: obstacle_init stamp=1784884783.146755186 depth=297963 robot_mask_received=True self_rm=9237 workspace=1911 table_rm=0 raw_obstacle=1911 persistent=164 voxels=164 mode=dynamic frame=72/5 bbox_min=(+0.022,-0.063,+0.057) bbox_max=(+0.227,+0.113,+0.352)
[INFO] [1784884783.794856509] [mujoco_policy_backend]: obstacle_init stamp=1784884783.608476620 depth=298050 robot_mask_received=True self_rm=9150 workspace=1806 table_rm=0 raw_obstacle=1806 persistent=117 voxels=117 mode=dynamic frame=73/5 bbox_min=(+0.153,+0.092,+0.057) bbox_max=(+0.171,+0.114,+0.320)
[INFO] [1784884784.089988432] [mujoco_policy_backend]: obstacle_init stamp=1784884783.944740037 depth=298079 robot_mask_received=True self_rm=9121 workspace=1813 table_rm=0 raw_obstacle=1813 persistent=102 voxels=102 mode=dynamic frame=74/5 bbox_min=(+0.153,+0.098,+0.058) bbox_max=(+0.172,+0.121,+0.320)
[INFO] [1784884784.410071274] [mujoco_policy_backend]: obstacle_init stamp=1784884784.165493760 depth=298116 robot_mask_received=True self_rm=9084 workspace=1820 table_rm=0 raw_obstacle=1820 persistent=115 voxels=115 mode=dynamic frame=75/5 bbox_min=(+0.153,+0.100,+0.058) bbox_max=(+0.172,+0.123,+0.320)
[INFO] [1784884784.623044841] [mujoco_policy_backend]: obstacle_init stamp=1784884784.340814456 depth=298110 robot_mask_received=True self_rm=9090 workspace=1824 table_rm=0 raw_obstacle=1824 persistent=107 voxels=107 mode=dynamic frame=76/5 bbox_min=(+0.153,+0.102,+0.056) bbox_max=(+0.171,+0.128,+0.320)
[INFO] [1784884784.853422031] [mujoco_policy_backend]: obstacle_init stamp=1784884784.565584401 depth=298134 robot_mask_received=True self_rm=9066 workspace=1827 table_rm=0 raw_obstacle=1827 persistent=91 voxels=91 mode=dynamic frame=77/5 bbox_min=(+0.153,+0.109,+0.057) bbox_max=(+0.171,+0.132,+0.324)
[INFO] [1784884785.010737339] [mujoco_policy_backend]: obstacle_init stamp=1784884784.784158326 depth=298144 robot_mask_received=True self_rm=9056 workspace=1829 table_rm=0 raw_obstacle=1829 persistent=115 voxels=115 mode=dynamic frame=78/5 bbox_min=(+0.153,+0.111,+0.057) bbox_max=(+0.171,+0.134,+0.325)
[INFO] [1784884785.363798479] [mujoco_policy_backend]: obstacle_init stamp=1784884785.107001440 depth=298139 robot_mask_received=True self_rm=9061 workspace=1833 table_rm=0 raw_obstacle=1833 persistent=113 voxels=113 mode=dynamic frame=79/5 bbox_min=(+0.153,+0.113,+0.055) bbox_max=(+0.171,+0.137,+0.320)
[INFO] [1784884785.630415543] [mujoco_policy_backend]: obstacle_init stamp=1784884785.278432163 depth=298143 robot_mask_received=True self_rm=9057 workspace=1832 table_rm=0 raw_obstacle=1832 persistent=110 voxels=110 mode=dynamic frame=80/5 bbox_min=(+0.153,+0.115,+0.056) bbox_max=(+0.171,+0.140,+0.320)
[INFO] [1784884785.705523157] [mujoco_policy_backend]: obstacle_init stamp=1784884785.522647304 depth=298151 robot_mask_received=True self_rm=9049 workspace=1840 table_rm=0 raw_obstacle=1840 persistent=88 voxels=88 mode=dynamic frame=81/5 bbox_min=(+0.118,+0.121,+0.056) bbox_max=(+0.171,+0.143,+0.330)
[INFO] [1784884785.890558438] [mujoco_policy_backend]: wrist_roi_diag frame=41 projected_uv=(-1783.9,-1394.8) red_uv=not_visible depth=0.037m
[INFO] [1784884786.023667413] [mujoco_policy_backend]: obstacle_init stamp=1784884785.804664508 depth=298171 robot_mask_received=True self_rm=9029 workspace=1846 table_rm=0 raw_obstacle=1846 persistent=104 voxels=104 mode=dynamic frame=82/5 bbox_min=(+0.146,+0.122,+0.056) bbox_max=(+0.171,+0.145,+0.320)
[INFO] [1784884786.246437295] [mujoco_policy_backend]: obstacle_init stamp=1784884785.971589762 depth=298179 robot_mask_received=True self_rm=9021 workspace=1846 table_rm=0 raw_obstacle=1846 persistent=115 voxels=115 mode=dynamic frame=83/5 bbox_min=(+0.145,+0.124,+0.057) bbox_max=(+0.174,+0.147,+0.326)
[INFO] [1784884786.408771963] [mujoco_policy_backend]: obstacle_init stamp=1784884786.201611231 depth=298192 robot_mask_received=True self_rm=9008 workspace=1858 table_rm=0 raw_obstacle=1858 persistent=116 voxels=116 mode=dynamic frame=84/5 bbox_min=(+0.148,+0.126,+0.056) bbox_max=(+0.188,+0.150,+0.320)
[INFO] [1784884786.744974252] [mujoco_policy_backend]: obstacle_init stamp=1784884786.500830761 depth=298218 robot_mask_received=True self_rm=8982 workspace=1860 table_rm=0 raw_obstacle=1860 persistent=117 voxels=117 mode=dynamic frame=85/5 bbox_min=(+0.148,+0.128,+0.056) bbox_max=(+0.209,+0.150,+0.322)
[INFO] [1784884787.005210966] [mujoco_policy_backend]: obstacle_init stamp=1784884786.668727550 depth=298261 robot_mask_received=True self_rm=8939 workspace=1866 table_rm=0 raw_obstacle=1866 persistent=109 voxels=109 mode=dynamic frame=86/5 bbox_min=(+0.150,+0.130,+0.057) bbox_max=(+0.171,+0.153,+0.320)
[INFO] [1784884787.104553993] [mujoco_policy_backend]: obstacle_init stamp=1784884786.891401092 depth=298281 robot_mask_received=True self_rm=8919 workspace=1865 table_rm=0 raw_obstacle=1865 persistent=95 voxels=95 mode=dynamic frame=87/5 bbox_min=(+0.151,+0.133,+0.057) bbox_max=(+0.171,+0.156,+0.320)
[INFO] [1784884787.437956699] [mujoco_policy_backend]: obstacle_init stamp=1784884787.210431098 depth=298311 robot_mask_received=True self_rm=8889 workspace=1871 table_rm=0 raw_obstacle=1871 persistent=97 voxels=97 mode=dynamic frame=88/5 bbox_min=(+0.151,+0.134,+0.057) bbox_max=(+0.171,+0.156,+0.320)
[INFO] [1784884787.590052331] [mujoco_policy_backend]: obstacle_init stamp=1784884787.380581284 depth=298315 robot_mask_received=True self_rm=8885 workspace=1878 table_rm=0 raw_obstacle=1878 persistent=113 voxels=113 mode=dynamic frame=89/5 bbox_min=(+0.153,+0.135,+0.057) bbox_max=(+0.171,+0.158,+0.320)
[INFO] [1784884787.947168970] [mujoco_policy_backend]: obstacle_init stamp=1784884787.691672348 depth=298344 robot_mask_received=True self_rm=8856 workspace=1881 table_rm=0 raw_obstacle=1881 persistent=118 voxels=118 mode=dynamic frame=90/5 bbox_min=(+0.152,+0.136,+0.057) bbox_max=(+0.172,+0.158,+0.320)
[INFO] [1784884788.138493012] [mujoco_policy_backend]: obstacle_init stamp=1784884787.857021151 depth=298345 robot_mask_received=True self_rm=8855 workspace=1883 table_rm=0 raw_obstacle=1883 persistent=116 voxels=116 mode=dynamic frame=91/5 bbox_min=(+0.152,+0.137,+0.057) bbox_max=(+0.172,+0.159,+0.320)
[INFO] [1784884788.210439703] [mujoco_policy_backend]: wrist_roi_diag frame=51 projected_uv=(-577.9,174.8) red_uv=not_visible depth=0.102m
[INFO] [1784884788.296274948] [mujoco_policy_backend]: obstacle_init stamp=1784884788.076144116 depth=298338 robot_mask_received=True self_rm=8862 workspace=1883 table_rm=0 raw_obstacle=1883 persistent=118 voxels=118 mode=dynamic frame=92/5 bbox_min=(+0.152,+0.138,+0.057) bbox_max=(+0.172,+0.159,+0.320)
[INFO] [1784884788.522355078] [mujoco_policy_backend]: obstacle_init stamp=1784884788.355567748 depth=298338 robot_mask_received=True self_rm=8862 workspace=1972 table_rm=0 raw_obstacle=1972 persistent=155 voxels=155 mode=dynamic frame=93/5 bbox_min=(+0.024,-0.051,+0.058) bbox_max=(+0.279,+0.160,+0.320)
[INFO] [1784884788.900046541] [mujoco_policy_backend]: obstacle_init stamp=1784884788.750415614 depth=298359 robot_mask_received=True self_rm=8841 workspace=1882 table_rm=0 raw_obstacle=1882 persistent=117 voxels=117 mode=dynamic frame=94/5 bbox_min=(+0.152,+0.138,+0.058) bbox_max=(+0.172,+0.160,+0.320)
[INFO] [1784884789.264434782] [mujoco_policy_backend]: obstacle_init stamp=1784884789.001288354 depth=298354 robot_mask_received=True self_rm=8846 workspace=1883 table_rm=0 raw_obstacle=1883 persistent=118 voxels=118 mode=dynamic frame=95/5 bbox_min=(+0.152,+0.139,+0.058) bbox_max=(+0.172,+0.160,+0.320)
[INFO] [1784884789.416700978] [mujoco_policy_backend]: obstacle_init stamp=1784884789.176705569 depth=298356 robot_mask_received=True self_rm=8844 workspace=1883 table_rm=0 raw_obstacle=1883 persistent=116 voxels=116 mode=dynamic frame=96/5 bbox_min=(+0.152,+0.138,+0.057) bbox_max=(+0.172,+0.159,+0.320)
[INFO] [1784884789.744302764] [mujoco_policy_backend]: obstacle_init stamp=1784884789.429345962 depth=298353 robot_mask_received=True self_rm=8847 workspace=1881 table_rm=0 raw_obstacle=1881 persistent=118 voxels=118 mode=dynamic frame=97/5 bbox_min=(+0.152,+0.138,+0.057) bbox_max=(+0.172,+0.159,+0.320)
[INFO] [1784884789.821455078] [mujoco_policy_backend]: obstacle_init stamp=1784884789.639721630 depth=298353 robot_mask_received=True self_rm=8847 workspace=1964 table_rm=0 raw_obstacle=1964 persistent=157 voxels=157 mode=dynamic frame=98/5 bbox_min=(+0.022,-0.076,+0.057) bbox_max=(+0.279,+0.158,+0.320)
[INFO] [1784884791.299327886] [mujoco_policy_backend]: obstacle_init stamp=1784884791.073321972 depth=298319 robot_mask_received=True self_rm=8881 workspace=1871 table_rm=0 raw_obstacle=1871 persistent=97 voxels=97 mode=dynamic frame=99/5 bbox_min=(+0.151,+0.136,+0.057) bbox_max=(+0.172,+0.158,+0.320)
[INFO] [1784884791.932488436] [mujoco_policy_backend]: obstacle_init stamp=1784884791.580422552 depth=298279 robot_mask_received=True self_rm=8921 workspace=1865 table_rm=0 raw_obstacle=1865 persistent=95 voxels=95 mode=dynamic frame=100/5 bbox_min=(+0.152,+0.135,+0.057) bbox_max=(+0.171,+0.157,+0.320)
[INFO] [1784884792.079322938] [mujoco_policy_backend]: obstacle_init stamp=1784884791.744964168 depth=298280 robot_mask_received=True self_rm=8920 workspace=1866 table_rm=0 raw_obstacle=1866 persistent=109 voxels=109 mode=dynamic frame=101/5 bbox_min=(+0.150,+0.132,+0.057) bbox_max=(+0.171,+0.154,+0.320)
[INFO] [1784884792.108940729] [mujoco_policy_backend]: wrist_roi_diag frame=61 projected_uv=(-126.8,481.6) red_uv=not_visible depth=0.156m
[INFO] [1784884792.190402160] [mujoco_policy_backend]: obstacle_init stamp=1784884791.970667002 depth=298282 robot_mask_received=True self_rm=8918 workspace=1860 table_rm=0 raw_obstacle=1860 persistent=117 voxels=117 mode=dynamic frame=102/5 bbox_min=(+0.148,+0.131,+0.055) bbox_max=(+0.209,+0.153,+0.322)
[INFO] [1784884792.549725547] [mujoco_policy_backend]: obstacle_init stamp=1784884792.271555789 depth=298280 robot_mask_received=True self_rm=8920 workspace=1858 table_rm=0 raw_obstacle=1858 persistent=116 voxels=116 mode=dynamic frame=103/5 bbox_min=(+0.148,+0.129,+0.056) bbox_max=(+0.188,+0.152,+0.320)
[INFO] [1784884792.719772087] [mujoco_policy_backend]: obstacle_init stamp=1784884792.440775073 depth=298277 robot_mask_received=True self_rm=8923 workspace=1846 table_rm=0 raw_obstacle=1846 persistent=115 voxels=115 mode=dynamic frame=104/5 bbox_min=(+0.145,+0.127,+0.056) bbox_max=(+0.174,+0.150,+0.326)
[INFO] [1784884793.045796394] [mujoco_policy_backend]: obstacle_init stamp=1784884792.660519731 depth=298270 robot_mask_received=True self_rm=8930 workspace=1846 table_rm=0 raw_obstacle=1846 persistent=104 voxels=104 mode=dynamic frame=105/5 bbox_min=(+0.146,+0.125,+0.056) bbox_max=(+0.171,+0.148,+0.320)
[INFO] [1784884793.107283588] [mujoco_policy_backend]: obstacle_init stamp=1784884792.877876104 depth=298289 robot_mask_received=True self_rm=8911 workspace=1840 table_rm=0 raw_obstacle=1840 persistent=88 voxels=88 mode=dynamic frame=106/5 bbox_min=(+0.118,+0.125,+0.056) bbox_max=(+0.171,+0.143,+0.330)
[INFO] [1784884793.392329731] [mujoco_policy_backend]: obstacle_init stamp=1784884793.195154805 depth=298300 robot_mask_received=True self_rm=8900 workspace=1832 table_rm=0 raw_obstacle=1832 persistent=110 voxels=110 mode=dynamic frame=107/5 bbox_min=(+0.153,+0.119,+0.056) bbox_max=(+0.171,+0.141,+0.320)
[INFO] [1784884793.611984921] [mujoco_policy_backend]: obstacle_init stamp=1784884793.400761537 depth=298300 robot_mask_received=True self_rm=8900 workspace=1833 table_rm=0 raw_obstacle=1833 persistent=113 voxels=113 mode=dynamic frame=108/5 bbox_min=(+0.153,+0.117,+0.055) bbox_max=(+0.171,+0.140,+0.320)
[INFO] [1784884794.001102004] [mujoco_policy_backend]: obstacle_init stamp=1784884793.644296347 depth=298302 robot_mask_received=True self_rm=8898 workspace=1829 table_rm=0 raw_obstacle=1829 persistent=115 voxels=115 mode=dynamic frame=109/5 bbox_min=(+0.153,+0.116,+0.058) bbox_max=(+0.171,+0.137,+0.325)
[INFO] [1784884794.013960972] [mujoco_policy_backend]: obstacle_init stamp=1784884793.827946423 depth=298302 robot_mask_received=True self_rm=8898 workspace=1941 table_rm=0 raw_obstacle=1941 persistent=133 voxels=133 mode=dynamic frame=110/5 bbox_min=(+0.027,-0.074,+0.057) bbox_max=(+0.298,+0.134,+0.324)
[ERROR] [1784884794.160523133] [mujoco_policy_backend]: Error raised in execute callback: cannot use Destroyable because destruction was requested
