[INFO] [1784879258.374654052] [anygrasp_planner]: AnyGrasp planner ready: action=plan_grasp
[INFO] [1784879268.637249376] [anygrasp_planner]: AnyGrasp candidate[00] frame=scene_depth_optical score=0.321 width=77.5mm pos=(+0.100,+0.010,+0.576) approach=(-0.13,+0.17,+0.98)
[INFO] [1784879268.638471310] [anygrasp_planner]: AnyGrasp candidate[01] frame=scene_depth_optical score=0.308 width=81.8mm pos=(+0.098,+0.006,+0.576) approach=(+0.08,+0.28,+0.96)
[INFO] [1784879268.639656559] [anygrasp_planner]: AnyGrasp candidate[02] frame=scene_depth_optical score=0.264 width=88.7mm pos=(+0.095,+0.007,+0.576) approach=(+0.08,+0.28,+0.96)
[INFO] [1784879268.640823458] [anygrasp_planner]: AnyGrasp candidate[03] frame=scene_depth_optical score=0.225 width=83.1mm pos=(+0.100,+0.016,+0.576) approach=(+0.10,+0.10,+0.99)
[INFO] [1784879268.641806302] [anygrasp_planner]: AnyGrasp candidate[04] frame=scene_depth_optical score=0.220 width=89.9mm pos=(+0.093,+0.020,+0.574) approach=(+0.24,-0.04,+0.97)
[INFO] [1784879268.642509182] [anygrasp_planner]: AnyGrasp candidate[05] frame=scene_depth_optical score=0.216 width=69.6mm pos=(+0.115,+0.021,+0.572) approach=(-0.52,-0.24,+0.82)
[INFO] [1784879269.953103560] [anygrasp_planner]: AnyGrasp IK[00] pass=False reason=pregrasp_unreachable pre_err=84.9mm/0.2deg final_err=infmm/infdeg joint_margin=0.282rad q_final=[nan,nan,nan,nan,nan,nan]
[INFO] [1784879271.079863395] [anygrasp_planner]: AnyGrasp IK[01] pass=False reason=pregrasp_unreachable pre_err=52.3mm/0.2deg final_err=infmm/infdeg joint_margin=0.282rad q_final=[nan,nan,nan,nan,nan,nan]
[INFO] [1784879272.240377235] [anygrasp_planner]: AnyGrasp IK[02] pass=False reason=pregrasp_unreachable pre_err=49.9mm/0.2deg final_err=infmm/infdeg joint_margin=0.282rad q_final=[nan,nan,nan,nan,nan,nan]
[INFO] [1784879273.412582365] [anygrasp_planner]: AnyGrasp IK[03] pass=False reason=pregrasp_unreachable pre_err=35.8mm/0.2deg final_err=infmm/infdeg joint_margin=0.282rad q_final=[nan,nan,nan,nan,nan,nan]
[INFO] [1784879274.224722035] [anygrasp_planner]: AnyGrasp IK[04] pass=True reason=ok pre_err=4.3mm/0.1deg final_err=3.7mm/0.0deg joint_margin=0.639rad q_final=[ 0.208,-0.55 , 0.639,-0.74 ,-0.255, 0.608]
[INFO] [1784879287.175252176] [anygrasp_planner]: AnyGrasp candidate[00] frame=scene_depth_optical score=0.038 width=38.8mm pos=(+0.171,+0.014,+0.574) approach=(-0.91,-0.40,-0.14)
[INFO] [1784879287.175821228] [anygrasp_planner]: AnyGrasp candidate[01] frame=scene_depth_optical score=0.025 width=15.7mm pos=(+0.146,+0.048,+0.590) approach=(-0.11,-0.78,+0.62)
[INFO] [1784879287.176295130] [anygrasp_planner]: AnyGrasp candidate[02] frame=scene_depth_optical score=0.024 width=15.0mm pos=(+0.175,-0.001,+0.584) approach=(-0.85,-0.52,+0.00)
[INFO] [1784879287.176762589] [anygrasp_planner]: AnyGrasp candidate[03] frame=scene_depth_optical score=0.023 width=41.3mm pos=(+0.157,+0.027,+0.560) approach=(-0.12,-0.52,+0.84)
[INFO] [1784879287.177237170] [anygrasp_planner]: AnyGrasp candidate[04] frame=scene_depth_optical score=0.021 width=36.4mm pos=(+0.122,+0.040,+0.526) approach=(-0.25,-0.67,+0.70)
[INFO] [1784879287.177693494] [anygrasp_planner]: AnyGrasp candidate[05] frame=scene_depth_optical score=0.019 width=30.0mm pos=(+0.143,+0.032,+0.529) approach=(-0.53,-0.74,+0.42)
[INFO] [1784879287.178160089] [anygrasp_planner]: AnyGrasp candidate[06] frame=scene_depth_optical score=0.019 width=71.8mm pos=(+0.179,+0.039,+0.619) approach=(-0.72,-0.69,-0.08)
[INFO] [1784879287.178610479] [anygrasp_planner]: AnyGrasp candidate[07] frame=scene_depth_optical score=0.018 width=20.2mm pos=(+0.123,+0.039,+0.525) approach=(+0.26,-0.86,+0.44)
[INFO] [1784879288.404700875] [anygrasp_planner]: AnyGrasp IK[00] pass=False reason=pregrasp_unreachable pre_err=297.3mm/29.8deg final_err=infmm/infdeg joint_margin=0.000rad q_final=[nan,nan,nan,nan,nan,nan]
[INFO] [1784879289.534456175] [anygrasp_planner]: AnyGrasp IK[01] pass=False reason=pregrasp_unreachable pre_err=91.5mm/0.3deg final_err=infmm/infdeg joint_margin=0.282rad q_final=[nan,nan,nan,nan,nan,nan]
[INFO] [1784879290.744925331] [anygrasp_planner]: AnyGrasp IK[02] pass=False reason=pregrasp_unreachable pre_err=344.3mm/4.2deg final_err=infmm/infdeg joint_margin=0.000rad q_final=[nan,nan,nan,nan,nan,nan]
[INFO] [1784879291.882047820] [anygrasp_planner]: AnyGrasp IK[03] pass=False reason=pregrasp_unreachable pre_err=113.3mm/0.2deg final_err=infmm/infdeg joint_margin=0.282rad q_final=[nan,nan,nan,nan,nan,nan]
[INFO] [1784879293.032590055] [anygrasp_planner]: AnyGrasp IK[04] pass=False reason=pregrasp_unreachable pre_err=113.7mm/0.3deg final_err=infmm/infdeg joint_margin=0.282rad q_final=[nan,nan,nan,nan,nan,nan]
[INFO] [1784879294.170394885] [anygrasp_planner]: AnyGrasp IK[05] pass=False reason=pregrasp_unreachable pre_err=189.7mm/0.3deg final_err=infmm/infdeg joint_margin=0.183rad q_final=[nan,nan,nan,nan,nan,nan]
[INFO] [1784879295.313685895] [anygrasp_planner]: AnyGrasp IK[06] pass=False reason=pregrasp_unreachable pre_err=293.5mm/0.5deg final_err=infmm/infdeg joint_margin=0.000rad q_final=[nan,nan,nan,nan,nan,nan]
[INFO] [1784879297.000803057] [anygrasp_planner]: AnyGrasp IK[07] pass=False reason=grasp_unreachable pre_err=5.0mm/0.1deg final_err=7.1mm/0.1deg joint_margin=0.282rad q_final=[ 0.019,-0.37 , 0.282,-0.388,-0.694, 1.925]
[INFO] [1784879298.126989387] [anygrasp_planner]: AnyGrasp IK[08] pass=False reason=pregrasp_unreachable pre_err=89.0mm/0.3deg final_err=infmm/infdeg joint_margin=0.282rad q_final=[nan,nan,nan,nan,nan,nan]
[INFO] [1784879299.283720242] [anygrasp_planner]: AnyGrasp IK[09] pass=False reason=pregrasp_unreachable pre_err=250.4mm/0.7deg final_err=infmm/infdeg joint_margin=0.000rad q_final=[nan,nan,nan,nan,nan,nan]
[INFO] [1784879300.443301798] [anygrasp_planner]: AnyGrasp IK[10] pass=False reason=pregrasp_unreachable pre_err=250.5mm/0.6deg final_err=infmm/infdeg joint_margin=0.000rad q_final=[nan,nan,nan,nan,nan,nan]
[INFO] [1784879301.582717796] [anygrasp_planner]: AnyGrasp IK[11] pass=False reason=pregrasp_unreachable pre_err=89.1mm/0.3deg final_err=infmm/infdeg joint_margin=0.282rad q_final=[nan,nan,nan,nan,nan,nan]
[INFO] [1784879302.701048487] [anygrasp_planner]: AnyGrasp IK[12] pass=False reason=pregrasp_unreachable pre_err=130.5mm/0.2deg final_err=infmm/infdeg joint_margin=0.282rad q_final=[nan,nan,nan,nan,nan,nan]
[INFO] [1784879303.883205581] [anygrasp_planner]: AnyGrasp IK[13] pass=False reason=pregrasp_unreachable pre_err=313.4mm/2.3deg final_err=infmm/infdeg joint_margin=0.000rad q_final=[nan,nan,nan,nan,nan,nan]
[INFO] [1784879304.976319204] [anygrasp_planner]: AnyGrasp IK[14] pass=False reason=grasp_unreachable pre_err=1.9mm/0.0deg final_err=10.6mm/0.1deg joint_margin=0.282rad q_final=[ 0.152,-0.102, 0.282,-0.334,-0.29 ,-1.675]
[INFO] [1784879306.067712263] [anygrasp_planner]: AnyGrasp IK[15] pass=False reason=grasp_unreachable pre_err=1.9mm/0.0deg final_err=10.6mm/0.1deg joint_margin=0.282rad q_final=[ 0.152,-0.102, 0.282,-0.334,-0.29 ,-1.675]
[INFO] [1784879307.313854808] [anygrasp_planner]: AnyGrasp IK[16] pass=False reason=pregrasp_unreachable pre_err=329.2mm/24.1deg final_err=infmm/infdeg joint_margin=0.000rad q_final=[nan,nan,nan,nan,nan,nan]
[INFO] [1784879308.448705741] [anygrasp_planner]: AnyGrasp IK[17] pass=False reason=pregrasp_unreachable pre_err=93.3mm/0.3deg final_err=infmm/infdeg joint_margin=0.282rad q_final=[nan,nan,nan,nan,nan,nan]
[INFO] [1784879309.631841789] [anygrasp_planner]: AnyGrasp IK[18] pass=False reason=pregrasp_unreachable pre_err=303.2mm/49.5deg final_err=infmm/infdeg joint_margin=0.000rad q_final=[nan,nan,nan,nan,nan,nan]
[INFO] [1784879310.770216163] [anygrasp_planner]: AnyGrasp IK[19] pass=False reason=grasp_unreachable pre_err=2.8mm/2.4deg final_err=25.5mm/0.2deg joint_margin=0.000rad q_final=[ 0.138, 0.2  , 0.283, 0.739,-0.55 , 0.014]
[INFO] [1784879311.901117901] [anygrasp_planner]: AnyGrasp IK[20] pass=False reason=pregrasp_unreachable pre_err=112.9mm/0.2deg final_err=infmm/infdeg joint_margin=0.282rad q_final=[nan,nan,nan,nan,nan,nan]
[INFO] [1784879317.893002637] [anygrasp_planner]: AnyGrasp candidate[00] frame=scene_depth_optical score=0.037 width=74.4mm pos=(+0.159,-0.021,+0.574) approach=(-0.08,+0.00,+1.00)
[INFO] [1784879317.893617522] [anygrasp_planner]: AnyGrasp candidate[01] frame=scene_depth_optical score=0.034 width=70.2mm pos=(+0.146,+0.010,+0.576) approach=(+0.06,-0.44,+0.90)
[INFO] [1784879317.894199730] [anygrasp_planner]: AnyGrasp candidate[02] frame=scene_depth_optical score=0.023 width=70.5mm pos=(+0.168,+0.007,+0.575) approach=(-0.16,-0.33,+0.93)
[INFO] [1784879317.894767764] [anygrasp_planner]: AnyGrasp candidate[03] frame=scene_depth_optical score=0.021 width=63.4mm pos=(+0.143,+0.010,+0.576) approach=(+0.20,-0.55,+0.81)
[INFO] [1784879317.895332902] [anygrasp_planner]: AnyGrasp candidate[04] frame=scene_depth_optical score=0.019 width=15.0mm pos=(+0.173,-0.027,+0.620) approach=(-0.91,-0.03,+0.40)
[INFO] [1784879317.895858974] [anygrasp_planner]: AnyGrasp candidate[05] frame=scene_depth_optical score=0.016 width=35.6mm pos=(+0.129,+0.010,+0.577) approach=(+0.06,-0.44,+0.90)
[INFO] [1784879317.896384786] [anygrasp_planner]: AnyGrasp candidate[06] frame=scene_depth_optical score=0.014 width=15.0mm pos=(+0.173,-0.027,+0.620) approach=(-0.91,-0.03,+0.40)
[INFO] [1784879317.896875147] [anygrasp_planner]: AnyGrasp candidate[07] frame=scene_depth_optical score=0.014 width=62.5mm pos=(+0.168,+0.015,+0.576) approach=(-0.16,-0.33,+0.93)
[INFO] [1784879319.016936307] [anygrasp_planner]: AnyGrasp IK[00] pass=False reason=pregrasp_unreachable pre_err=129.4mm/0.2deg final_err=infmm/infdeg joint_margin=0.282rad q_final=[nan,nan,nan,nan,nan,nan]
[INFO] [1784879320.141012128] [anygrasp_planner]: AnyGrasp IK[01] pass=False reason=pregrasp_unreachable pre_err=70.2mm/0.2deg final_err=infmm/infdeg joint_margin=0.282rad q_final=[nan,nan,nan,nan,nan,nan]
[INFO] [1784879321.255197224] [anygrasp_planner]: AnyGrasp IK[02] pass=False reason=pregrasp_unreachable pre_err=134.2mm/0.2deg final_err=infmm/infdeg joint_margin=0.282rad q_final=[nan,nan,nan,nan,nan,nan]
[INFO] [1784879322.374038794] [anygrasp_planner]: AnyGrasp IK[03] pass=False reason=pregrasp_unreachable pre_err=34.4mm/0.2deg final_err=infmm/infdeg joint_margin=0.282rad q_final=[nan,nan,nan,nan,nan,nan]
[INFO] [1784879323.551143683] [anygrasp_planner]: AnyGrasp IK[04] pass=False reason=pregrasp_unreachable pre_err=305.9mm/2.2deg final_err=infmm/infdeg joint_margin=0.000rad q_final=[nan,nan,nan,nan,nan,nan]
[INFO] [1784879324.683811573] [anygrasp_planner]: AnyGrasp IK[05] pass=False reason=pregrasp_unreachable pre_err=53.2mm/0.2deg final_err=infmm/infdeg joint_margin=0.282rad q_final=[nan,nan,nan,nan,nan,nan]
[INFO] [1784879325.861497416] [anygrasp_planner]: AnyGrasp IK[06] pass=False reason=pregrasp_unreachable pre_err=305.9mm/2.2deg final_err=infmm/infdeg joint_margin=0.000rad q_final=[nan,nan,nan,nan,nan,nan]
[INFO] [1784879327.000055569] [anygrasp_planner]: AnyGrasp IK[07] pass=False reason=pregrasp_unreachable pre_err=133.9mm/0.2deg final_err=infmm/infdeg joint_margin=0.282rad q_final=[nan,nan,nan,nan,nan,nan]
[INFO] [1784879328.121529798] [anygrasp_planner]: AnyGrasp IK[08] pass=False reason=pregrasp_unreachable pre_err=110.0mm/0.2deg final_err=infmm/infdeg joint_margin=0.282rad q_final=[nan,nan,nan,nan,nan,nan]
[INFO] [1784879329.265330253] [anygrasp_planner]: AnyGrasp IK[09] pass=False reason=pregrasp_unreachable pre_err=235.7mm/32.5deg final_err=infmm/infdeg joint_margin=0.000rad q_final=[nan,nan,nan,nan,nan,nan]
[INFO] [1784879330.494950558] [anygrasp_planner]: AnyGrasp IK[10] pass=False reason=pregrasp_unreachable pre_err=326.7mm/27.5deg final_err=infmm/infdeg joint_margin=0.000rad q_final=[nan,nan,nan,nan,nan,nan]
