[INFO] [1785145027.359106707] [anygrasp_planner]: AnyGrasp planner ready: action=plan_grasp
[INFO] [1785145039.349333527] [anygrasp_planner]: AnyGrasp candidate[00] frame=scene_depth_optical score=0.194 width=64.9mm pos=(+0.086,+0.016,+0.582) approach=(+0.14,-0.28,+0.95)
[INFO] [1785145039.350125258] [anygrasp_planner]: AnyGrasp candidate[01] frame=scene_depth_optical score=0.179 width=64.6mm pos=(+0.093,+0.016,+0.581) approach=(+0.14,-0.28,+0.95)
[INFO] [1785145039.350929308] [anygrasp_planner]: AnyGrasp candidate[02] frame=scene_depth_optical score=0.173 width=66.1mm pos=(+0.097,+0.005,+0.583) approach=(-0.13,+0.17,+0.98)
[INFO] [1785145039.351525588] [anygrasp_planner]: AnyGrasp candidate[03] frame=scene_depth_optical score=0.162 width=75.4mm pos=(+0.101,+0.020,+0.582) approach=(-0.16,-0.33,+0.93)
[INFO] [1785145039.352087151] [anygrasp_planner]: AnyGrasp candidate[04] frame=scene_depth_optical score=0.150 width=60.2mm pos=(+0.105,+0.020,+0.582) approach=(-0.16,-0.33,+0.93)
[INFO] [1785145039.352648564] [anygrasp_planner]: AnyGrasp candidate[05] frame=scene_depth_optical score=0.122 width=63.4mm pos=(+0.087,+0.016,+0.581) approach=(+0.08,+0.28,+0.96)
[INFO] [1785145039.353212308] [anygrasp_planner]: AnyGrasp candidate[06] frame=scene_depth_optical score=0.118 width=65.5mm pos=(+0.101,+0.012,+0.583) approach=(+0.10,+0.10,+0.99)
[INFO] [1785145040.338502720] [anygrasp_planner]: AnyGrasp IK[00] pass=True reason=ok pre_err=4.8mm/0.1deg final_err=2.4mm/0.0deg joint_margin=0.615rad q_final=[ 0.146,-0.499, 0.619,-0.745,-0.55 , 0.62 ]
[INFO] [1785145049.554407350] [anygrasp_planner]: AnyGrasp candidate[00] frame=scene_depth_optical score=0.030 width=47.4mm pos=(+0.117,+0.016,+0.574) approach=(-0.83,-0.33,+0.46)
[INFO] [1785145049.554972963] [anygrasp_planner]: AnyGrasp candidate[01] frame=scene_depth_optical score=0.030 width=33.6mm pos=(+0.123,+0.016,+0.584) approach=(-0.83,-0.33,+0.46)
[INFO] [1785145049.555453352] [anygrasp_planner]: AnyGrasp candidate[02] frame=scene_depth_optical score=0.020 width=42.9mm pos=(+0.122,+0.011,+0.586) approach=(-0.78,+0.04,+0.63)
[INFO] [1785145049.555930152] [anygrasp_planner]: AnyGrasp candidate[03] frame=scene_depth_optical score=0.018 width=33.9mm pos=(+0.111,+0.010,+0.584) approach=(-0.52,-0.24,+0.82)
[INFO] [1785145049.556395728] [anygrasp_planner]: AnyGrasp candidate[04] frame=scene_depth_optical score=0.017 width=40.5mm pos=(+0.111,+0.011,+0.584) approach=(-0.52,-0.24,+0.82)
[INFO] [1785145049.556860371] [anygrasp_planner]: AnyGrasp candidate[05] frame=scene_depth_optical score=0.017 width=38.7mm pos=(+0.112,+0.014,+0.584) approach=(-0.16,-0.33,+0.93)
[INFO] [1785145050.779922150] [anygrasp_planner]: AnyGrasp IK[00] pass=False reason=pregrasp_unreachable pre_err=275.1mm/31.0deg final_err=infmm/infdeg joint_margin=0.000rad q_final=[nan,nan,nan,nan,nan,nan]
[INFO] [1785145052.002301621] [anygrasp_planner]: AnyGrasp IK[01] pass=False reason=pregrasp_unreachable pre_err=279.5mm/30.7deg final_err=infmm/infdeg joint_margin=0.000rad q_final=[nan,nan,nan,nan,nan,nan]
[INFO] [1785145053.166339439] [anygrasp_planner]: AnyGrasp IK[02] pass=False reason=pregrasp_unreachable pre_err=221.3mm/1.9deg final_err=infmm/infdeg joint_margin=0.000rad q_final=[nan,nan,nan,nan,nan,nan]
[INFO] [1785145054.333721270] [anygrasp_planner]: AnyGrasp IK[03] pass=False reason=pregrasp_unreachable pre_err=148.0mm/0.2deg final_err=infmm/infdeg joint_margin=0.260rad q_final=[nan,nan,nan,nan,nan,nan]
[INFO] [1785145055.524722130] [anygrasp_planner]: AnyGrasp IK[04] pass=False reason=pregrasp_unreachable pre_err=147.7mm/0.2deg final_err=infmm/infdeg joint_margin=0.259rad q_final=[nan,nan,nan,nan,nan,nan]
[INFO] [1785145056.672795598] [anygrasp_planner]: AnyGrasp IK[05] pass=False reason=pregrasp_unreachable pre_err=77.9mm/0.2deg final_err=infmm/infdeg joint_margin=0.282rad q_final=[nan,nan,nan,nan,nan,nan]
[INFO] [1785145061.365839332] [anygrasp_planner]: AnyGrasp candidate[00] frame=scene_depth_optical score=0.024 width=36.5mm pos=(+0.095,+0.004,+0.584) approach=(+0.10,+0.10,+0.99)
[INFO] [1785145061.366425526] [anygrasp_planner]: AnyGrasp candidate[01] frame=scene_depth_optical score=0.021 width=15.0mm pos=(+0.088,+0.007,+0.569) approach=(-0.78,+0.04,+0.63)
[INFO] [1785145061.366910875] [anygrasp_planner]: AnyGrasp candidate[02] frame=scene_depth_optical score=0.020 width=38.3mm pos=(+0.117,+0.014,+0.584) approach=(-0.08,+0.00,+1.00)
[INFO] [1785145061.367377086] [anygrasp_planner]: AnyGrasp candidate[03] frame=scene_depth_optical score=0.017 width=15.0mm pos=(+0.088,+0.005,+0.569) approach=(-0.78,+0.04,+0.63)
[INFO] [1785145061.367842943] [anygrasp_planner]: AnyGrasp candidate[04] frame=scene_depth_optical score=0.017 width=42.0mm pos=(+0.112,+0.018,+0.585) approach=(-0.02,-0.18,+0.98)
[INFO] [1785145061.368346619] [anygrasp_planner]: AnyGrasp candidate[05] frame=scene_depth_optical score=0.015 width=24.0mm pos=(+0.093,+0.006,+0.584) approach=(+0.10,+0.10,+0.99)
[INFO] [1785145061.368784051] [anygrasp_planner]: AnyGrasp candidate[06] frame=scene_depth_optical score=0.014 width=15.5mm pos=(+0.111,-0.000,+0.565) approach=(+0.32,-0.39,+0.86)
[INFO] [1785145061.369238228] [anygrasp_planner]: AnyGrasp candidate[07] frame=scene_depth_optical score=0.013 width=15.0mm pos=(+0.132,+0.031,+0.620) approach=(-0.33,-0.52,+0.79)
[INFO] [1785145062.515846138] [anygrasp_planner]: AnyGrasp IK[00] pass=False reason=pregrasp_unreachable pre_err=31.8mm/0.2deg final_err=infmm/infdeg joint_margin=0.282rad q_final=[nan,nan,nan,nan,nan,nan]
[INFO] [1785145063.674011740] [anygrasp_planner]: AnyGrasp IK[01] pass=False reason=pregrasp_unreachable pre_err=192.0mm/1.3deg final_err=infmm/infdeg joint_margin=0.000rad q_final=[nan,nan,nan,nan,nan,nan]
[INFO] [1785145064.819205231] [anygrasp_planner]: AnyGrasp IK[02] pass=False reason=pregrasp_unreachable pre_err=79.2mm/0.2deg final_err=infmm/infdeg joint_margin=0.282rad q_final=[nan,nan,nan,nan,nan,nan]
[INFO] [1785145065.988084388] [anygrasp_planner]: AnyGrasp IK[03] pass=False reason=pregrasp_unreachable pre_err=192.2mm/1.3deg final_err=infmm/infdeg joint_margin=0.000rad q_final=[nan,nan,nan,nan,nan,nan]
[INFO] [1785145067.124427245] [anygrasp_planner]: AnyGrasp IK[04] pass=False reason=pregrasp_unreachable pre_err=55.7mm/0.2deg final_err=infmm/infdeg joint_margin=0.282rad q_final=[nan,nan,nan,nan,nan,nan]
[INFO] [1785145068.249259506] [anygrasp_planner]: AnyGrasp IK[05] pass=False reason=pregrasp_unreachable pre_err=29.5mm/0.2deg final_err=infmm/infdeg joint_margin=0.282rad q_final=[nan,nan,nan,nan,nan,nan]
[INFO] [1785145069.494488733] [anygrasp_planner]: AnyGrasp IK[06] pass=False reason=grasp_unreachable pre_err=3.8mm/0.1deg final_err=7.9mm/0.1deg joint_margin=0.282rad q_final=[ 0.16 ,-0.294, 0.282,-0.632,-0.638, 0.631]
[INFO] [1785145070.654925833] [anygrasp_planner]: AnyGrasp IK[07] pass=False reason=pregrasp_unreachable pre_err=118.6mm/0.2deg final_err=infmm/infdeg joint_margin=0.282rad q_final=[nan,nan,nan,nan,nan,nan]
[INFO] [1785145071.783734805] [anygrasp_planner]: AnyGrasp IK[08] pass=False reason=pregrasp_unreachable pre_err=80.1mm/0.2deg final_err=infmm/infdeg joint_margin=0.282rad q_final=[nan,nan,nan,nan,nan,nan]
[INFO] [1785145072.969040374] [anygrasp_planner]: AnyGrasp IK[09] pass=False reason=pregrasp_unreachable pre_err=224.8mm/1.9deg final_err=infmm/infdeg joint_margin=0.000rad q_final=[nan,nan,nan,nan,nan,nan]
