[INFO] [1784879806.897344998] [mujoco_policy_backend]: MuJoCo policy backend ready: action=execute_planned_grasp
[INFO] [1784879809.104939776] [mujoco_policy_backend]: obstacle_init stamp=1784879808.744343309 depth=296770 robot_mask_received=True self_rm=10430 workspace=1728 table_rm=0 raw_obstacle=1728 persistent=0 voxels=105 mode=dynamic frame=1/5 bbox=empty
[INFO] [1784879809.207650329] [mujoco_policy_backend]: obstacle_init stamp=1784879808.901763994 depth=296770 robot_mask_received=True self_rm=10430 workspace=1728 table_rm=0 raw_obstacle=1728 persistent=105 voxels=105 mode=dynamic frame=2/5 bbox_min=(+0.163,+0.080,+0.056) bbox_max=(+0.182,+0.100,+0.320)
[INFO] [1784879809.408680505] [mujoco_policy_backend]: obstacle_init stamp=1784879809.043932730 depth=296770 robot_mask_received=True self_rm=10430 workspace=1728 table_rm=0 raw_obstacle=1728 persistent=105 voxels=105 mode=dynamic frame=3/5 bbox_min=(+0.163,+0.080,+0.056) bbox_max=(+0.182,+0.100,+0.320)
[INFO] [1784879809.591750617] [mujoco_policy_backend]: obstacle_init stamp=1784879809.260702840 depth=296770 robot_mask_received=True self_rm=10430 workspace=1728 table_rm=0 raw_obstacle=1728 persistent=105 voxels=105 mode=dynamic frame=4/5 bbox_min=(+0.163,+0.080,+0.056) bbox_max=(+0.182,+0.100,+0.320)
[INFO] [1784879809.796892696] [mujoco_policy_backend]: obstacle_init stamp=1784879809.449982010 depth=296770 robot_mask_received=True self_rm=10430 workspace=1728 table_rm=0 raw_obstacle=1728 persistent=105 voxels=105 mode=dynamic frame=5/5 bbox_min=(+0.163,+0.080,+0.056) bbox_max=(+0.182,+0.100,+0.320)
[INFO] [1784879823.558736251] [mujoco_policy_backend]: planned grasp pose conversion: source=sim_mjcf raw_pregrasp[frame=scene_depth_optical pos=(+0.076,+0.022,+0.506) quat=(+0.459,+0.117,+0.037,+0.880)] raw_grasp[frame=scene_depth_optical pos=(+0.093,+0.020,+0.574) quat=(+0.459,+0.117,+0.037,+0.880)] base_pregrasp[frame=base pos=(+0.396,+0.078,+0.114) quat=(+0.117,-0.459,+0.880,-0.037)] base_grasp[frame=base pos=(+0.413,+0.080,+0.046) quat=(+0.117,-0.459,+0.880,-0.037)] tracking_reference[frame=base pos=(+0.398,+0.086,+0.044) quat=(+0.000,+1.000,+0.000,+0.000)] width=89.9mm target=cube@0.42,0.08,0.021 traj_log=logs/ros2_grasp_dynamic_avoidance.jsonl
[INFO] [1784879824.890515372] [mujoco_policy_backend]: wrist_roi_diag frame=1 projected_uv=(-17722.5,-6258.7) red_uv=not_visible depth=0.004m
[INFO] [1784879825.005682987] [mujoco_policy_backend]: obstacle_init stamp=1784879824.756749119 depth=292367 robot_mask_received=True self_rm=14833 workspace=1728 table_rm=0 raw_obstacle=1728 persistent=105 voxels=105 mode=dynamic frame=6/5 bbox_min=(+0.163,+0.080,+0.056) bbox_max=(+0.182,+0.100,+0.320)
[INFO] [1784879825.380479477] [mujoco_policy_backend]: obstacle_init stamp=1784879825.094965840 depth=292504 robot_mask_received=True self_rm=14696 workspace=1728 table_rm=0 raw_obstacle=1728 persistent=105 voxels=105 mode=dynamic frame=7/5 bbox_min=(+0.163,+0.080,+0.056) bbox_max=(+0.182,+0.100,+0.320)
[INFO] [1784879825.505945065] [mujoco_policy_backend]: obstacle_init stamp=1784879825.282223301 depth=293045 robot_mask_received=True self_rm=14155 workspace=1728 table_rm=0 raw_obstacle=1728 persistent=105 voxels=105 mode=dynamic frame=8/5 bbox_min=(+0.163,+0.080,+0.056) bbox_max=(+0.182,+0.100,+0.320)
[INFO] [1784879825.871420339] [mujoco_policy_backend]: obstacle_init stamp=1784879825.589813992 depth=293491 robot_mask_received=True self_rm=13709 workspace=1728 table_rm=0 raw_obstacle=1728 persistent=105 voxels=105 mode=dynamic frame=9/5 bbox_min=(+0.163,+0.080,+0.056) bbox_max=(+0.182,+0.100,+0.320)
[INFO] [1784879825.991510966] [mujoco_policy_backend]: obstacle_init stamp=1784879825.762679714 depth=293834 robot_mask_received=True self_rm=13366 workspace=1728 table_rm=0 raw_obstacle=1728 persistent=105 voxels=105 mode=dynamic frame=10/5 bbox_min=(+0.163,+0.080,+0.056) bbox_max=(+0.182,+0.100,+0.320)
[INFO] [1784879826.371378693] [mujoco_policy_backend]: obstacle_init stamp=1784879826.057310016 depth=294140 robot_mask_received=True self_rm=13060 workspace=1728 table_rm=0 raw_obstacle=1728 persistent=105 voxels=105 mode=dynamic frame=11/5 bbox_min=(+0.163,+0.080,+0.056) bbox_max=(+0.182,+0.100,+0.320)
[INFO] [1784879826.503743626] [mujoco_policy_backend]: obstacle_init stamp=1784879826.240336862 depth=294423 robot_mask_received=True self_rm=12777 workspace=1728 table_rm=0 raw_obstacle=1728 persistent=105 voxels=105 mode=dynamic frame=12/5 bbox_min=(+0.163,+0.080,+0.056) bbox_max=(+0.182,+0.100,+0.320)
[INFO] [1784879826.698846381] [mujoco_policy_backend]: obstacle_init stamp=1784879826.463023526 depth=294574 robot_mask_received=True self_rm=12626 workspace=1728 table_rm=0 raw_obstacle=1728 persistent=105 voxels=105 mode=dynamic frame=13/5 bbox_min=(+0.163,+0.080,+0.056) bbox_max=(+0.182,+0.100,+0.320)
[INFO] [1784879826.911483500] [mujoco_policy_backend]: obstacle_init stamp=1784879826.727826090 depth=294599 robot_mask_received=True self_rm=12601 workspace=1728 table_rm=0 raw_obstacle=1728 persistent=105 voxels=105 mode=dynamic frame=14/5 bbox_min=(+0.163,+0.080,+0.056) bbox_max=(+0.182,+0.100,+0.320)
[INFO] [1784879827.223537762] [mujoco_policy_backend]: obstacle_init stamp=1784879827.001044340 depth=294583 robot_mask_received=True self_rm=12617 workspace=1728 table_rm=0 raw_obstacle=1728 persistent=105 voxels=105 mode=dynamic frame=15/5 bbox_min=(+0.163,+0.080,+0.056) bbox_max=(+0.182,+0.100,+0.320)
[INFO] [1784879827.325966537] [mujoco_policy_backend]: wrist_roi_diag frame=11 projected_uv=(320.0,208.1) red_uv=(325.1,232.2) offset=24.7px depth=0.111m
[INFO] [1784879827.394540816] [mujoco_policy_backend]: obstacle_init stamp=1784879827.194573503 depth=294536 robot_mask_received=True self_rm=12664 workspace=1728 table_rm=0 raw_obstacle=1728 persistent=105 voxels=105 mode=dynamic frame=16/5 bbox_min=(+0.163,+0.080,+0.056) bbox_max=(+0.182,+0.100,+0.320)
[INFO] [1784879827.716552326] [mujoco_policy_backend]: obstacle_init stamp=1784879827.462534118 depth=294541 robot_mask_received=True self_rm=12659 workspace=1728 table_rm=0 raw_obstacle=1728 persistent=105 voxels=105 mode=dynamic frame=17/5 bbox_min=(+0.163,+0.080,+0.056) bbox_max=(+0.182,+0.100,+0.320)
[INFO] [1784879827.909674798] [mujoco_policy_backend]: obstacle_init stamp=1784879827.642540696 depth=294560 robot_mask_received=True self_rm=12640 workspace=1728 table_rm=0 raw_obstacle=1728 persistent=105 voxels=105 mode=dynamic frame=18/5 bbox_min=(+0.163,+0.080,+0.056) bbox_max=(+0.182,+0.100,+0.320)
[INFO] [1784879828.085033430] [mujoco_policy_backend]: obstacle_init stamp=1784879827.866884267 depth=294575 robot_mask_received=True self_rm=12625 workspace=1728 table_rm=0 raw_obstacle=1728 persistent=105 voxels=105 mode=dynamic frame=19/5 bbox_min=(+0.163,+0.080,+0.056) bbox_max=(+0.182,+0.100,+0.320)
[INFO] [1784879828.419709352] [mujoco_policy_backend]: obstacle_init stamp=1784879828.144536392 depth=294619 robot_mask_received=True self_rm=12581 workspace=1728 table_rm=0 raw_obstacle=1728 persistent=105 voxels=105 mode=dynamic frame=20/5 bbox_min=(+0.163,+0.080,+0.056) bbox_max=(+0.182,+0.100,+0.320)
[INFO] [1784879828.600440464] [mujoco_policy_backend]: obstacle_init stamp=1784879828.329534663 depth=294670 robot_mask_received=True self_rm=12530 workspace=1728 table_rm=0 raw_obstacle=1728 persistent=105 voxels=105 mode=dynamic frame=21/5 bbox_min=(+0.163,+0.080,+0.056) bbox_max=(+0.182,+0.100,+0.320)
[INFO] [1784879828.798982969] [mujoco_policy_backend]: obstacle_init stamp=1784879828.572335125 depth=294703 robot_mask_received=True self_rm=12497 workspace=1728 table_rm=0 raw_obstacle=1728 persistent=105 voxels=105 mode=dynamic frame=22/5 bbox_min=(+0.163,+0.080,+0.056) bbox_max=(+0.182,+0.100,+0.320)
[INFO] [1784879829.144890837] [mujoco_policy_backend]: obstacle_init stamp=1784879828.882555877 depth=294767 robot_mask_received=True self_rm=12433 workspace=1728 table_rm=0 raw_obstacle=1728 persistent=105 voxels=105 mode=dynamic frame=23/5 bbox_min=(+0.163,+0.080,+0.056) bbox_max=(+0.182,+0.100,+0.320)
[INFO] [1784879829.287367551] [mujoco_policy_backend]: obstacle_init stamp=1784879829.058827976 depth=294817 robot_mask_received=True self_rm=12383 workspace=1728 table_rm=0 raw_obstacle=1728 persistent=105 voxels=105 mode=dynamic frame=24/5 bbox_min=(+0.163,+0.080,+0.056) bbox_max=(+0.182,+0.100,+0.320)
[INFO] [1784879829.669341062] [mujoco_policy_backend]: obstacle_init stamp=1784879829.355891320 depth=294863 robot_mask_received=True self_rm=12337 workspace=1728 table_rm=0 raw_obstacle=1728 persistent=105 voxels=105 mode=dynamic frame=25/5 bbox_min=(+0.163,+0.080,+0.056) bbox_max=(+0.182,+0.100,+0.320)
[INFO] [1784879829.673618258] [mujoco_policy_backend]: wrist_roi_diag frame=21 projected_uv=(537.2,178.5) red_uv=(527.2,213.1) offset=36.0px depth=0.103m
[INFO] [1784879829.837035795] [mujoco_policy_backend]: obstacle_init stamp=1784879829.535412077 depth=294907 robot_mask_received=True self_rm=12293 workspace=1728 table_rm=0 raw_obstacle=1728 persistent=105 voxels=105 mode=dynamic frame=26/5 bbox_min=(+0.163,+0.080,+0.056) bbox_max=(+0.182,+0.100,+0.320)
[INFO] [1784879829.994763585] [mujoco_policy_backend]: obstacle_init stamp=1784879829.763233958 depth=294946 robot_mask_received=True self_rm=12254 workspace=1728 table_rm=0 raw_obstacle=1728 persistent=105 voxels=105 mode=dynamic frame=27/5 bbox_min=(+0.163,+0.080,+0.056) bbox_max=(+0.182,+0.100,+0.320)
[INFO] [1784879830.319903506] [mujoco_policy_backend]: obstacle_init stamp=1784879830.075379715 depth=294976 robot_mask_received=True self_rm=12224 workspace=1728 table_rm=0 raw_obstacle=1728 persistent=105 voxels=105 mode=dynamic frame=28/5 bbox_min=(+0.163,+0.080,+0.056) bbox_max=(+0.182,+0.100,+0.320)
[INFO] [1784879830.616910863] [mujoco_policy_backend]: obstacle_init stamp=1784879830.250308621 depth=295009 robot_mask_received=True self_rm=12191 workspace=1728 table_rm=0 raw_obstacle=1728 persistent=105 voxels=105 mode=dynamic frame=29/5 bbox_min=(+0.163,+0.080,+0.056) bbox_max=(+0.182,+0.100,+0.320)
[INFO] [1784879830.701373050] [mujoco_policy_backend]: obstacle_init stamp=1784879830.478586431 depth=295049 robot_mask_received=True self_rm=12151 workspace=1728 table_rm=0 raw_obstacle=1728 persistent=105 voxels=105 mode=dynamic frame=30/5 bbox_min=(+0.163,+0.080,+0.056) bbox_max=(+0.182,+0.100,+0.320)
[INFO] [1784879831.086585494] [mujoco_policy_backend]: obstacle_init stamp=1784879830.785665796 depth=295086 robot_mask_received=True self_rm=12114 workspace=1728 table_rm=0 raw_obstacle=1728 persistent=105 voxels=105 mode=dynamic frame=31/5 bbox_min=(+0.163,+0.080,+0.056) bbox_max=(+0.182,+0.100,+0.320)
[INFO] [1784879831.215426858] [mujoco_policy_backend]: obstacle_init stamp=1784879830.959435948 depth=295117 robot_mask_received=True self_rm=12083 workspace=1728 table_rm=0 raw_obstacle=1728 persistent=105 voxels=105 mode=dynamic frame=32/5 bbox_min=(+0.163,+0.080,+0.056) bbox_max=(+0.182,+0.100,+0.320)
[INFO] [1784879831.532810448] [mujoco_policy_backend]: obstacle_init stamp=1784879831.239351178 depth=295150 robot_mask_received=True self_rm=12050 workspace=1728 table_rm=0 raw_obstacle=1728 persistent=105 voxels=105 mode=dynamic frame=33/5 bbox_min=(+0.163,+0.080,+0.056) bbox_max=(+0.182,+0.100,+0.320)
[INFO] [1784879831.700621572] [mujoco_policy_backend]: obstacle_init stamp=1784879831.429755590 depth=295188 robot_mask_received=True self_rm=12012 workspace=1728 table_rm=0 raw_obstacle=1728 persistent=105 voxels=105 mode=dynamic frame=34/5 bbox_min=(+0.163,+0.080,+0.056) bbox_max=(+0.182,+0.100,+0.320)
[INFO] [1784879831.917131233] [mujoco_policy_backend]: obstacle_init stamp=1784879831.656384996 depth=295202 robot_mask_received=True self_rm=11998 workspace=1728 table_rm=0 raw_obstacle=1728 persistent=105 voxels=105 mode=dynamic frame=35/5 bbox_min=(+0.163,+0.080,+0.056) bbox_max=(+0.182,+0.100,+0.320)
[INFO] [1784879832.015840891] [mujoco_policy_backend]: wrist_roi_diag frame=31 projected_uv=(562.9,-8.8) red_uv=(531.1,78.2) offset=92.7px depth=0.088m
[INFO] [1784879832.115588587] [mujoco_policy_backend]: obstacle_init stamp=1784879831.884356450 depth=295239 robot_mask_received=True self_rm=11961 workspace=1728 table_rm=0 raw_obstacle=1728 persistent=105 voxels=105 mode=dynamic frame=36/5 bbox_min=(+0.163,+0.080,+0.056) bbox_max=(+0.182,+0.100,+0.320)
[INFO] [1784879832.403706719] [mujoco_policy_backend]: obstacle_init stamp=1784879832.192141756 depth=295264 robot_mask_received=True self_rm=11936 workspace=1728 table_rm=0 raw_obstacle=1728 persistent=105 voxels=105 mode=dynamic frame=37/5 bbox_min=(+0.163,+0.080,+0.056) bbox_max=(+0.182,+0.100,+0.320)
[INFO] [1784879832.607341598] [mujoco_policy_backend]: obstacle_init stamp=1784879832.367269151 depth=295302 robot_mask_received=True self_rm=11898 workspace=1728 table_rm=0 raw_obstacle=1728 persistent=105 voxels=105 mode=dynamic frame=38/5 bbox_min=(+0.163,+0.080,+0.056) bbox_max=(+0.182,+0.100,+0.320)
[INFO] [1784879832.913375007] [mujoco_policy_backend]: obstacle_init stamp=1784879832.678386354 depth=295323 robot_mask_received=True self_rm=11877 workspace=1728 table_rm=0 raw_obstacle=1728 persistent=105 voxels=105 mode=dynamic frame=39/5 bbox_min=(+0.163,+0.080,+0.056) bbox_max=(+0.182,+0.100,+0.320)
[INFO] [1784879833.185468270] [mujoco_policy_backend]: obstacle_init stamp=1784879832.852845695 depth=295355 robot_mask_received=True self_rm=11845 workspace=1728 table_rm=0 raw_obstacle=1728 persistent=105 voxels=105 mode=dynamic frame=40/5 bbox_min=(+0.163,+0.080,+0.056) bbox_max=(+0.182,+0.100,+0.320)
[INFO] [1784879833.298168398] [mujoco_policy_backend]: obstacle_init stamp=1784879833.079849896 depth=295386 robot_mask_received=True self_rm=11814 workspace=1728 table_rm=0 raw_obstacle=1728 persistent=105 voxels=105 mode=dynamic frame=41/5 bbox_min=(+0.163,+0.080,+0.056) bbox_max=(+0.182,+0.100,+0.320)
[INFO] [1784879833.609095828] [mujoco_policy_backend]: obstacle_init stamp=1784879833.400265153 depth=295410 robot_mask_received=True self_rm=11790 workspace=1728 table_rm=0 raw_obstacle=1728 persistent=105 voxels=105 mode=dynamic frame=42/5 bbox_min=(+0.163,+0.080,+0.056) bbox_max=(+0.182,+0.100,+0.320)
[INFO] [1784879833.785406860] [mujoco_policy_backend]: obstacle_init stamp=1784879833.583613433 depth=295421 robot_mask_received=True self_rm=11779 workspace=1728 table_rm=0 raw_obstacle=1728 persistent=105 voxels=105 mode=dynamic frame=43/5 bbox_min=(+0.163,+0.080,+0.056) bbox_max=(+0.182,+0.100,+0.320)
[INFO] [1784879834.192308686] [mujoco_policy_backend]: obstacle_init stamp=1784879833.902041556 depth=295445 robot_mask_received=True self_rm=11755 workspace=1728 table_rm=0 raw_obstacle=1728 persistent=105 voxels=105 mode=dynamic frame=44/5 bbox_min=(+0.163,+0.080,+0.056) bbox_max=(+0.182,+0.100,+0.320)
[INFO] [1784879834.298999515] [mujoco_policy_backend]: obstacle_init stamp=1784879834.081041923 depth=295463 robot_mask_received=True self_rm=11737 workspace=1728 table_rm=0 raw_obstacle=1728 persistent=105 voxels=105 mode=dynamic frame=45/5 bbox_min=(+0.163,+0.080,+0.056) bbox_max=(+0.182,+0.100,+0.320)
[INFO] [1784879834.462158904] [mujoco_policy_backend]: wrist_roi_diag frame=41 projected_uv=(448.1,-178.3) red_uv=(436.7,26.5) offset=205.2px depth=0.079m
[INFO] [1784879834.631186505] [mujoco_policy_backend]: obstacle_init stamp=1784879834.372254976 depth=295485 robot_mask_received=True self_rm=11715 workspace=1728 table_rm=0 raw_obstacle=1728 persistent=105 voxels=105 mode=dynamic frame=46/5 bbox_min=(+0.163,+0.080,+0.056) bbox_max=(+0.182,+0.100,+0.320)
[INFO] [1784879834.816254660] [mujoco_policy_backend]: obstacle_init stamp=1784879834.556785988 depth=295496 robot_mask_received=True self_rm=11704 workspace=1728 table_rm=0 raw_obstacle=1728 persistent=105 voxels=105 mode=dynamic frame=47/5 bbox_min=(+0.163,+0.080,+0.056) bbox_max=(+0.182,+0.100,+0.320)
[INFO] [1784879835.138742212] [mujoco_policy_backend]: obstacle_init stamp=1784879834.822006475 depth=295516 robot_mask_received=True self_rm=11684 workspace=1728 table_rm=0 raw_obstacle=1728 persistent=105 voxels=105 mode=dynamic frame=48/5 bbox_min=(+0.163,+0.080,+0.056) bbox_max=(+0.182,+0.100,+0.320)
[INFO] [1784879835.234372038] [mujoco_policy_backend]: obstacle_init stamp=1784879835.022871287 depth=295516 robot_mask_received=True self_rm=11684 workspace=1812 table_rm=0 raw_obstacle=1812 persistent=105 voxels=137 mode=dynamic frame=49/5 bbox_min=(+0.163,+0.080,+0.056) bbox_max=(+0.182,+0.100,+0.320)
[INFO] [1784879835.490563213] [mujoco_policy_backend]: obstacle_init stamp=1784879835.317418350 depth=295540 robot_mask_received=True self_rm=11660 workspace=1728 table_rm=0 raw_obstacle=1728 persistent=105 voxels=137 mode=dynamic frame=50/5 bbox_min=(+0.163,+0.080,+0.056) bbox_max=(+0.182,+0.100,+0.320)
[INFO] [1784879835.861869561] [mujoco_policy_backend]: obstacle_init stamp=1784879835.567036578 depth=295531 robot_mask_received=True self_rm=11669 workspace=1728 table_rm=0 raw_obstacle=1728 persistent=105 voxels=137 mode=dynamic frame=51/5 bbox_min=(+0.163,+0.080,+0.056) bbox_max=(+0.182,+0.100,+0.320)
[INFO] [1784879836.050481991] [mujoco_policy_backend]: obstacle_init stamp=1784879835.743839974 depth=295539 robot_mask_received=True self_rm=11661 workspace=1728 table_rm=0 raw_obstacle=1728 persistent=105 voxels=137 mode=dynamic frame=52/5 bbox_min=(+0.163,+0.080,+0.056) bbox_max=(+0.182,+0.100,+0.320)
[INFO] [1784879836.194355810] [mujoco_policy_backend]: obstacle_init stamp=1784879835.967539820 depth=295547 robot_mask_received=True self_rm=11653 workspace=1728 table_rm=0 raw_obstacle=1728 persistent=105 voxels=137 mode=dynamic frame=53/5 bbox_min=(+0.163,+0.080,+0.056) bbox_max=(+0.182,+0.100,+0.320)
[INFO] [1784879836.479338369] [mujoco_policy_backend]: obstacle_init stamp=1784879836.297547117 depth=295546 robot_mask_received=True self_rm=11654 workspace=1728 table_rm=0 raw_obstacle=1728 persistent=105 voxels=105 mode=dynamic frame=54/5 bbox_min=(+0.163,+0.080,+0.056) bbox_max=(+0.182,+0.100,+0.320)
[INFO] [1784879836.673868615] [mujoco_policy_backend]: obstacle_init stamp=1784879836.506060803 depth=295553 robot_mask_received=True self_rm=11647 workspace=1728 table_rm=0 raw_obstacle=1728 persistent=105 voxels=105 mode=dynamic frame=55/5 bbox_min=(+0.163,+0.080,+0.056) bbox_max=(+0.182,+0.100,+0.320)
[INFO] [1784879836.850882159] [mujoco_policy_backend]: wrist_roi_diag frame=51 projected_uv=(246.1,-275.5) red_uv=(327.6,3.6) offset=290.7px depth=0.074m
[INFO] [1784879837.072984787] [mujoco_policy_backend]: obstacle_init stamp=1784879836.762125590 depth=295563 robot_mask_received=True self_rm=11637 workspace=1728 table_rm=0 raw_obstacle=1728 persistent=105 voxels=105 mode=dynamic frame=56/5 bbox_min=(+0.163,+0.080,+0.056) bbox_max=(+0.182,+0.100,+0.320)
[INFO] [1784879837.196101083] [mujoco_policy_backend]: obstacle_init stamp=1784879836.945111580 depth=295557 robot_mask_received=True self_rm=11643 workspace=1728 table_rm=0 raw_obstacle=1728 persistent=105 voxels=105 mode=dynamic frame=57/5 bbox_min=(+0.163,+0.080,+0.056) bbox_max=(+0.182,+0.100,+0.320)
[INFO] [1784879837.404197929] [mujoco_policy_backend]: obstacle_init stamp=1784879837.230613001 depth=295557 robot_mask_received=True self_rm=11643 workspace=1812 table_rm=0 raw_obstacle=1812 persistent=105 voxels=135 mode=dynamic frame=58/5 bbox_min=(+0.163,+0.080,+0.056) bbox_max=(+0.182,+0.100,+0.320)
[INFO] [1784879837.794330710] [mujoco_policy_backend]: obstacle_init stamp=1784879837.497414550 depth=295564 robot_mask_received=True self_rm=11636 workspace=1728 table_rm=0 raw_obstacle=1728 persistent=105 voxels=135 mode=dynamic frame=59/5 bbox_min=(+0.163,+0.080,+0.056) bbox_max=(+0.182,+0.100,+0.320)
[INFO] [1784879837.899460226] [mujoco_policy_backend]: obstacle_init stamp=1784879837.681388995 depth=295580 robot_mask_received=True self_rm=11620 workspace=1728 table_rm=0 raw_obstacle=1728 persistent=105 voxels=135 mode=dynamic frame=60/5 bbox_min=(+0.163,+0.080,+0.056) bbox_max=(+0.182,+0.100,+0.320)
[INFO] [1784879838.259000493] [mujoco_policy_backend]: obstacle_init stamp=1784879837.995337003 depth=295570 robot_mask_received=True self_rm=11630 workspace=1728 table_rm=0 raw_obstacle=1728 persistent=105 voxels=135 mode=dynamic frame=61/5 bbox_min=(+0.163,+0.080,+0.056) bbox_max=(+0.182,+0.100,+0.320)
[INFO] [1784879838.386521376] [mujoco_policy_backend]: obstacle_init stamp=1784879838.188665377 depth=295569 robot_mask_received=True self_rm=11631 workspace=1728 table_rm=0 raw_obstacle=1728 persistent=105 voxels=135 mode=dynamic frame=62/5 bbox_min=(+0.163,+0.080,+0.056) bbox_max=(+0.182,+0.100,+0.320)
[INFO] [1784879838.742428221] [mujoco_policy_backend]: obstacle_init stamp=1784879838.501246875 depth=295571 robot_mask_received=True self_rm=11629 workspace=1728 table_rm=0 raw_obstacle=1728 persistent=105 voxels=105 mode=dynamic frame=63/5 bbox_min=(+0.163,+0.080,+0.056) bbox_max=(+0.182,+0.100,+0.320)
[INFO] [1784879838.902705070] [mujoco_policy_backend]: obstacle_init stamp=1784879838.691314925 depth=295586 robot_mask_received=True self_rm=11614 workspace=1728 table_rm=0 raw_obstacle=1728 persistent=105 voxels=105 mode=dynamic frame=64/5 bbox_min=(+0.163,+0.080,+0.056) bbox_max=(+0.182,+0.100,+0.320)
[INFO] [1784879839.249461169] [mujoco_policy_backend]: obstacle_init stamp=1784879839.005992962 depth=295571 robot_mask_received=True self_rm=11629 workspace=1728 table_rm=0 raw_obstacle=1728 persistent=105 voxels=105 mode=dynamic frame=65/5 bbox_min=(+0.163,+0.080,+0.056) bbox_max=(+0.182,+0.100,+0.320)
[INFO] [1784879839.325864279] [mujoco_policy_backend]: wrist_roi_diag frame=61 projected_uv=(44.6,-271.5) red_uv=not_visible depth=0.074m
[INFO] [1784879839.404366222] [mujoco_policy_backend]: obstacle_init stamp=1784879839.196744440 depth=295581 robot_mask_received=True self_rm=11619 workspace=1728 table_rm=0 raw_obstacle=1728 persistent=105 voxels=105 mode=dynamic frame=66/5 bbox_min=(+0.163,+0.080,+0.056) bbox_max=(+0.182,+0.100,+0.320)
[INFO] [1784879839.745140158] [mujoco_policy_backend]: obstacle_init stamp=1784879839.496374987 depth=295584 robot_mask_received=True self_rm=11616 workspace=1728 table_rm=0 raw_obstacle=1728 persistent=105 voxels=105 mode=dynamic frame=67/5 bbox_min=(+0.163,+0.080,+0.056) bbox_max=(+0.182,+0.100,+0.320)
[INFO] [1784879839.910318476] [mujoco_policy_backend]: obstacle_init stamp=1784879839.682296872 depth=295575 robot_mask_received=True self_rm=11625 workspace=1728 table_rm=0 raw_obstacle=1728 persistent=105 voxels=105 mode=dynamic frame=68/5 bbox_min=(+0.163,+0.080,+0.056) bbox_max=(+0.182,+0.100,+0.320)
[INFO] [1784879840.353050339] [mujoco_policy_backend]: obstacle_init stamp=1784879839.985695184 depth=295580 robot_mask_received=True self_rm=11620 workspace=1728 table_rm=0 raw_obstacle=1728 persistent=105 voxels=105 mode=dynamic frame=69/5 bbox_min=(+0.163,+0.080,+0.056) bbox_max=(+0.182,+0.100,+0.320)
[INFO] [1784879840.397520582] [mujoco_policy_backend]: obstacle_init stamp=1784879840.163421546 depth=295584 robot_mask_received=True self_rm=11616 workspace=1728 table_rm=0 raw_obstacle=1728 persistent=105 voxels=105 mode=dynamic frame=70/5 bbox_min=(+0.163,+0.080,+0.056) bbox_max=(+0.182,+0.100,+0.320)
[INFO] [1784879840.778650946] [mujoco_policy_backend]: obstacle_init stamp=1784879840.491203401 depth=295591 robot_mask_received=True self_rm=11609 workspace=1728 table_rm=0 raw_obstacle=1728 persistent=105 voxels=105 mode=dynamic frame=71/5 bbox_min=(+0.163,+0.080,+0.056) bbox_max=(+0.182,+0.100,+0.320)
[INFO] [1784879840.895601924] [mujoco_policy_backend]: obstacle_init stamp=1784879840.670254855 depth=295589 robot_mask_received=True self_rm=11611 workspace=1728 table_rm=0 raw_obstacle=1728 persistent=105 voxels=105 mode=dynamic frame=72/5 bbox_min=(+0.163,+0.080,+0.056) bbox_max=(+0.182,+0.100,+0.320)
[INFO] [1784879841.207202878] [mujoco_policy_backend]: obstacle_init stamp=1784879840.940804598 depth=295595 robot_mask_received=True self_rm=11605 workspace=1728 table_rm=0 raw_obstacle=1728 persistent=105 voxels=105 mode=dynamic frame=73/5 bbox_min=(+0.163,+0.080,+0.056) bbox_max=(+0.182,+0.100,+0.320)
[INFO] [1784879841.419709750] [mujoco_policy_backend]: obstacle_init stamp=1784879841.130441924 depth=295594 robot_mask_received=True self_rm=11606 workspace=1728 table_rm=0 raw_obstacle=1728 persistent=105 voxels=105 mode=dynamic frame=74/5 bbox_min=(+0.163,+0.080,+0.056) bbox_max=(+0.182,+0.100,+0.320)
[INFO] [1784879841.613078994] [mujoco_policy_backend]: obstacle_init stamp=1784879841.365355072 depth=295595 robot_mask_received=True self_rm=11605 workspace=1728 table_rm=0 raw_obstacle=1728 persistent=105 voxels=105 mode=dynamic frame=75/5 bbox_min=(+0.163,+0.080,+0.056) bbox_max=(+0.182,+0.100,+0.320)
[INFO] [1784879841.751639734] [mujoco_policy_backend]: wrist_roi_diag frame=71 projected_uv=(-120.9,-218.8) red_uv=(92.9,5.2) offset=309.6px depth=0.076m
[INFO] [1784879841.970092675] [mujoco_policy_backend]: obstacle_init stamp=1784879841.630138476 depth=295603 robot_mask_received=True self_rm=11597 workspace=1728 table_rm=0 raw_obstacle=1728 persistent=105 voxels=105 mode=dynamic frame=76/5 bbox_min=(+0.163,+0.080,+0.056) bbox_max=(+0.182,+0.100,+0.320)
[INFO] [1784879842.154652420] [mujoco_policy_backend]: obstacle_init stamp=1784879841.841479005 depth=295590 robot_mask_received=True self_rm=11610 workspace=1728 table_rm=0 raw_obstacle=1728 persistent=105 voxels=105 mode=dynamic frame=77/5 bbox_min=(+0.163,+0.080,+0.056) bbox_max=(+0.182,+0.100,+0.320)
[INFO] [1784879842.275372102] [mujoco_policy_backend]: obstacle_init stamp=1784879842.068902548 depth=295600 robot_mask_received=True self_rm=11600 workspace=1728 table_rm=0 raw_obstacle=1728 persistent=105 voxels=105 mode=dynamic frame=78/5 bbox_min=(+0.163,+0.080,+0.056) bbox_max=(+0.182,+0.100,+0.320)
[INFO] [1784879842.627467350] [mujoco_policy_backend]: obstacle_init stamp=1784879842.373366288 depth=295591 robot_mask_received=True self_rm=11609 workspace=1728 table_rm=0 raw_obstacle=1728 persistent=105 voxels=105 mode=dynamic frame=79/5 bbox_min=(+0.163,+0.080,+0.056) bbox_max=(+0.182,+0.100,+0.320)
[INFO] [1784879842.810985393] [mujoco_policy_backend]: obstacle_init stamp=1784879842.561996114 depth=295595 robot_mask_received=True self_rm=11605 workspace=1728 table_rm=0 raw_obstacle=1728 persistent=105 voxels=105 mode=dynamic frame=80/5 bbox_min=(+0.163,+0.080,+0.056) bbox_max=(+0.182,+0.100,+0.320)
[INFO] [1784879843.124260124] [mujoco_policy_backend]: obstacle_init stamp=1784879842.875521784 depth=295582 robot_mask_received=True self_rm=11618 workspace=1728 table_rm=0 raw_obstacle=1728 persistent=105 voxels=105 mode=dynamic frame=81/5 bbox_min=(+0.163,+0.080,+0.056) bbox_max=(+0.182,+0.100,+0.320)
[INFO] [1784879843.370555784] [mujoco_policy_backend]: obstacle_init stamp=1784879843.055297540 depth=295595 robot_mask_received=True self_rm=11605 workspace=1728 table_rm=0 raw_obstacle=1728 persistent=105 voxels=105 mode=dynamic frame=82/5 bbox_min=(+0.163,+0.080,+0.056) bbox_max=(+0.182,+0.100,+0.320)
[INFO] [1784879843.518113273] [mujoco_policy_backend]: obstacle_init stamp=1784879843.304781031 depth=295574 robot_mask_received=True self_rm=11626 workspace=1728 table_rm=0 raw_obstacle=1728 persistent=105 voxels=105 mode=dynamic frame=83/5 bbox_min=(+0.163,+0.080,+0.056) bbox_max=(+0.182,+0.100,+0.320)
[INFO] [1784879843.780943084] [mujoco_policy_backend]: obstacle_init stamp=1784879843.633587117 depth=295582 robot_mask_received=True self_rm=11618 workspace=1728 table_rm=0 raw_obstacle=1728 persistent=105 voxels=105 mode=dynamic frame=84/5 bbox_min=(+0.163,+0.080,+0.056) bbox_max=(+0.182,+0.100,+0.320)
[INFO] [1784879844.096678039] [mujoco_policy_backend]: obstacle_init stamp=1784879843.901956744 depth=295565 robot_mask_received=True self_rm=11635 workspace=1728 table_rm=0 raw_obstacle=1728 persistent=105 voxels=105 mode=dynamic frame=85/5 bbox_min=(+0.163,+0.080,+0.056) bbox_max=(+0.182,+0.100,+0.320)
[INFO] [1784879844.213621958] [mujoco_policy_backend]: wrist_roi_diag frame=81 projected_uv=(-217.6,-88.3) red_uv=(17.4,51.2) offset=273.3px depth=0.083m
[INFO] [1784879844.305880269] [mujoco_policy_backend]: obstacle_init stamp=1784879844.096776199 depth=295571 robot_mask_received=True self_rm=11629 workspace=1728 table_rm=0 raw_obstacle=1728 persistent=105 voxels=105 mode=dynamic frame=86/5 bbox_min=(+0.163,+0.080,+0.056) bbox_max=(+0.182,+0.100,+0.320)
[INFO] [1784879844.614703782] [mujoco_policy_backend]: obstacle_init stamp=1784879844.395236351 depth=295555 robot_mask_received=True self_rm=11645 workspace=1728 table_rm=0 raw_obstacle=1728 persistent=105 voxels=105 mode=dynamic frame=87/5 bbox_min=(+0.163,+0.080,+0.056) bbox_max=(+0.182,+0.100,+0.320)
[INFO] [1784879845.053819079] [mujoco_policy_backend]: obstacle_init stamp=1784879844.635868693 depth=295549 robot_mask_received=True self_rm=11651 workspace=1728 table_rm=0 raw_obstacle=1728 persistent=105 voxels=105 mode=dynamic frame=88/5 bbox_min=(+0.163,+0.080,+0.056) bbox_max=(+0.182,+0.100,+0.320)
[INFO] [1784879845.114560763] [mujoco_policy_backend]: obstacle_init stamp=1784879844.851990553 depth=295529 robot_mask_received=True self_rm=11671 workspace=1728 table_rm=0 raw_obstacle=1728 persistent=105 voxels=105 mode=dynamic frame=89/5 bbox_min=(+0.163,+0.080,+0.056) bbox_max=(+0.182,+0.100,+0.320)
[INFO] [1784879845.400309975] [mujoco_policy_backend]: obstacle_init stamp=1784879845.127060855 depth=295520 robot_mask_received=True self_rm=11680 workspace=1728 table_rm=0 raw_obstacle=1728 persistent=105 voxels=105 mode=dynamic frame=90/5 bbox_min=(+0.163,+0.080,+0.056) bbox_max=(+0.182,+0.100,+0.320)
[INFO] [1784879845.627690357] [mujoco_policy_backend]: obstacle_init stamp=1784879845.325915018 depth=295512 robot_mask_received=True self_rm=11688 workspace=1728 table_rm=0 raw_obstacle=1728 persistent=105 voxels=105 mode=dynamic frame=91/5 bbox_min=(+0.163,+0.080,+0.056) bbox_max=(+0.182,+0.100,+0.320)
[INFO] [1784879845.796875880] [mujoco_policy_backend]: obstacle_init stamp=1784879845.556906466 depth=295496 robot_mask_received=True self_rm=11704 workspace=1728 table_rm=0 raw_obstacle=1728 persistent=105 voxels=105 mode=dynamic frame=92/5 bbox_min=(+0.163,+0.080,+0.056) bbox_max=(+0.182,+0.100,+0.320)
[INFO] [1784879846.003488056] [mujoco_policy_backend]: obstacle_init stamp=1784879845.837614543 depth=295496 robot_mask_received=True self_rm=11704 workspace=1799 table_rm=0 raw_obstacle=1799 persistent=105 voxels=137 mode=dynamic frame=93/5 bbox_min=(+0.163,+0.080,+0.056) bbox_max=(+0.182,+0.100,+0.320)
[INFO] [1784879846.376667364] [mujoco_policy_backend]: obstacle_init stamp=1784879846.094296755 depth=295499 robot_mask_received=True self_rm=11701 workspace=1728 table_rm=0 raw_obstacle=1728 persistent=105 voxels=137 mode=dynamic frame=94/5 bbox_min=(+0.163,+0.080,+0.056) bbox_max=(+0.182,+0.100,+0.320)
[INFO] [1784879846.504220673] [mujoco_policy_backend]: obstacle_init stamp=1784879846.279415838 depth=295488 robot_mask_received=True self_rm=11712 workspace=1728 table_rm=0 raw_obstacle=1728 persistent=105 voxels=137 mode=dynamic frame=95/5 bbox_min=(+0.163,+0.080,+0.056) bbox_max=(+0.182,+0.100,+0.320)
[INFO] [1784879846.675719828] [mujoco_policy_backend]: wrist_roi_diag frame=91 projected_uv=(-214.6,60.7) red_uv=(12.5,147.4) offset=243.1px depth=0.096m
[INFO] [1784879846.843232562] [mujoco_policy_backend]: obstacle_init stamp=1784879846.585277650 depth=295477 robot_mask_received=True self_rm=11723 workspace=1728 table_rm=0 raw_obstacle=1728 persistent=105 voxels=137 mode=dynamic frame=96/5 bbox_min=(+0.163,+0.080,+0.056) bbox_max=(+0.182,+0.100,+0.320)
[INFO] [1784879846.990637909] [mujoco_policy_backend]: obstacle_init stamp=1784879846.764858113 depth=295468 robot_mask_received=True self_rm=11732 workspace=1728 table_rm=0 raw_obstacle=1728 persistent=105 voxels=137 mode=dynamic frame=97/5 bbox_min=(+0.163,+0.080,+0.056) bbox_max=(+0.182,+0.100,+0.320)
[INFO] [1784879847.327417177] [mujoco_policy_backend]: obstacle_init stamp=1784879847.065660518 depth=295448 robot_mask_received=True self_rm=11752 workspace=1728 table_rm=0 raw_obstacle=1728 persistent=105 voxels=105 mode=dynamic frame=98/5 bbox_min=(+0.163,+0.080,+0.056) bbox_max=(+0.182,+0.100,+0.320)
[INFO] [1784879847.494822884] [mujoco_policy_backend]: obstacle_init stamp=1784879847.254350802 depth=295450 robot_mask_received=True self_rm=11750 workspace=1728 table_rm=0 raw_obstacle=1728 persistent=105 voxels=105 mode=dynamic frame=99/5 bbox_min=(+0.163,+0.080,+0.056) bbox_max=(+0.182,+0.100,+0.320)
[INFO] [1784879847.694349325] [mujoco_policy_backend]: obstacle_init stamp=1784879847.505422155 depth=295435 robot_mask_received=True self_rm=11765 workspace=1728 table_rm=0 raw_obstacle=1728 persistent=105 voxels=105 mode=dynamic frame=100/5 bbox_min=(+0.163,+0.080,+0.056) bbox_max=(+0.182,+0.100,+0.320)
[INFO] [1784879848.083036487] [mujoco_policy_backend]: obstacle_init stamp=1784879847.771592596 depth=295424 robot_mask_received=True self_rm=11776 workspace=1728 table_rm=0 raw_obstacle=1728 persistent=105 voxels=105 mode=dynamic frame=101/5 bbox_min=(+0.163,+0.080,+0.056) bbox_max=(+0.182,+0.100,+0.320)
[INFO] [1784879848.229014110] [mujoco_policy_backend]: obstacle_init stamp=1784879847.953781998 depth=295409 robot_mask_received=True self_rm=11791 workspace=1728 table_rm=0 raw_obstacle=1728 persistent=105 voxels=105 mode=dynamic frame=102/5 bbox_min=(+0.163,+0.080,+0.056) bbox_max=(+0.182,+0.100,+0.320)
[INFO] [1784879848.393515093] [mujoco_policy_backend]: obstacle_init stamp=1784879848.182819457 depth=295424 robot_mask_received=True self_rm=11776 workspace=1728 table_rm=0 raw_obstacle=1728 persistent=105 voxels=105 mode=dynamic frame=103/5 bbox_min=(+0.163,+0.080,+0.056) bbox_max=(+0.182,+0.100,+0.320)
[INFO] [1784879848.712868100] [mujoco_policy_backend]: obstacle_init stamp=1784879848.488098288 depth=295429 robot_mask_received=True self_rm=11771 workspace=1728 table_rm=0 raw_obstacle=1728 persistent=105 voxels=105 mode=dynamic frame=104/5 bbox_min=(+0.163,+0.080,+0.056) bbox_max=(+0.182,+0.100,+0.320)
[INFO] [1784879848.906586130] [mujoco_policy_backend]: obstacle_init stamp=1784879848.660705438 depth=295427 robot_mask_received=True self_rm=11773 workspace=1728 table_rm=0 raw_obstacle=1728 persistent=105 voxels=105 mode=dynamic frame=105/5 bbox_min=(+0.163,+0.080,+0.056) bbox_max=(+0.182,+0.100,+0.320)
[INFO] [1784879849.050467896] [mujoco_policy_backend]: wrist_roi_diag frame=101 projected_uv=(-166.5,176.5) red_uv=(19.5,216.5) offset=190.2px depth=0.110m
[INFO] [1784879849.220077080] [mujoco_policy_backend]: obstacle_init stamp=1784879848.944180657 depth=295414 robot_mask_received=True self_rm=11786 workspace=1728 table_rm=0 raw_obstacle=1728 persistent=105 voxels=105 mode=dynamic frame=106/5 bbox_min=(+0.163,+0.080,+0.056) bbox_max=(+0.182,+0.100,+0.320)
[INFO] [1784879849.464138445] [mujoco_policy_backend]: obstacle_init stamp=1784879849.139623232 depth=295418 robot_mask_received=True self_rm=11782 workspace=1728 table_rm=0 raw_obstacle=1728 persistent=105 voxels=105 mode=dynamic frame=107/5 bbox_min=(+0.163,+0.080,+0.056) bbox_max=(+0.182,+0.100,+0.320)
[INFO] [1784879849.608431072] [mujoco_policy_backend]: obstacle_init stamp=1784879849.365257904 depth=295425 robot_mask_received=True self_rm=11775 workspace=1728 table_rm=0 raw_obstacle=1728 persistent=105 voxels=105 mode=dynamic frame=108/5 bbox_min=(+0.163,+0.080,+0.056) bbox_max=(+0.182,+0.100,+0.320)
[INFO] [1784879849.955572400] [mujoco_policy_backend]: obstacle_init stamp=1784879849.636145416 depth=295395 robot_mask_received=True self_rm=11805 workspace=1728 table_rm=0 raw_obstacle=1728 persistent=105 voxels=105 mode=dynamic frame=109/5 bbox_min=(+0.163,+0.080,+0.056) bbox_max=(+0.182,+0.100,+0.320)
[INFO] [1784879850.139899078] [mujoco_policy_backend]: obstacle_init stamp=1784879849.826350398 depth=295397 robot_mask_received=True self_rm=11803 workspace=1728 table_rm=0 raw_obstacle=1728 persistent=105 voxels=105 mode=dynamic frame=110/5 bbox_min=(+0.163,+0.080,+0.056) bbox_max=(+0.182,+0.100,+0.320)
[INFO] [1784879850.306116040] [mujoco_policy_backend]: obstacle_init stamp=1784879850.057755500 depth=295402 robot_mask_received=True self_rm=11798 workspace=1728 table_rm=0 raw_obstacle=1728 persistent=105 voxels=105 mode=dynamic frame=111/5 bbox_min=(+0.163,+0.080,+0.056) bbox_max=(+0.182,+0.100,+0.320)
[INFO] [1784879850.600437107] [mujoco_policy_backend]: obstacle_init stamp=1784879850.347527130 depth=295392 robot_mask_received=True self_rm=11808 workspace=1728 table_rm=0 raw_obstacle=1728 persistent=105 voxels=105 mode=dynamic frame=112/5 bbox_min=(+0.163,+0.080,+0.056) bbox_max=(+0.182,+0.100,+0.320)
[INFO] [1784879850.876247767] [mujoco_policy_backend]: obstacle_init stamp=1784879850.534218565 depth=295375 robot_mask_received=True self_rm=11825 workspace=1728 table_rm=0 raw_obstacle=1728 persistent=105 voxels=105 mode=dynamic frame=113/5 bbox_min=(+0.163,+0.080,+0.056) bbox_max=(+0.182,+0.100,+0.320)
[INFO] [1784879851.022988490] [mujoco_policy_backend]: obstacle_init stamp=1784879850.756126806 depth=295369 robot_mask_received=True self_rm=11831 workspace=1728 table_rm=0 raw_obstacle=1728 persistent=105 voxels=105 mode=dynamic frame=114/5 bbox_min=(+0.163,+0.080,+0.056) bbox_max=(+0.182,+0.100,+0.320)
[INFO] [1784879851.344856971] [mujoco_policy_backend]: obstacle_init stamp=1784879851.030508285 depth=295361 robot_mask_received=True self_rm=11839 workspace=1728 table_rm=0 raw_obstacle=1728 persistent=105 voxels=105 mode=dynamic frame=115/5 bbox_min=(+0.163,+0.080,+0.056) bbox_max=(+0.182,+0.100,+0.320)
[INFO] [1784879851.348059804] [mujoco_policy_backend]: wrist_roi_diag frame=111 projected_uv=(-90.5,271.8) red_uv=(32.9,277.3) offset=123.5px depth=0.124m
[INFO] [1784879851.410862622] [mujoco_policy_backend]: obstacle_init stamp=1784879851.220856658 depth=295361 robot_mask_received=True self_rm=11839 workspace=1758 table_rm=0 raw_obstacle=1758 persistent=105 voxels=124 mode=dynamic frame=116/5 bbox_min=(+0.163,+0.080,+0.056) bbox_max=(+0.182,+0.100,+0.320)
[INFO] [1784879851.708332059] [mujoco_policy_backend]: obstacle_init stamp=1784879851.508425056 depth=295345 robot_mask_received=True self_rm=11855 workspace=1728 table_rm=0 raw_obstacle=1728 persistent=105 voxels=124 mode=dynamic frame=117/5 bbox_min=(+0.163,+0.080,+0.056) bbox_max=(+0.182,+0.100,+0.320)
[INFO] [1784879852.074050172] [mujoco_policy_backend]: obstacle_init stamp=1784879851.782319647 depth=295334 robot_mask_received=True self_rm=11866 workspace=1728 table_rm=0 raw_obstacle=1728 persistent=105 voxels=124 mode=dynamic frame=118/5 bbox_min=(+0.163,+0.080,+0.056) bbox_max=(+0.182,+0.100,+0.320)
[INFO] [1784879852.338687148] [mujoco_policy_backend]: obstacle_init stamp=1784879851.961557617 depth=295330 robot_mask_received=True self_rm=11870 workspace=1728 table_rm=0 raw_obstacle=1728 persistent=105 voxels=124 mode=dynamic frame=119/5 bbox_min=(+0.163,+0.080,+0.056) bbox_max=(+0.182,+0.100,+0.320)
[INFO] [1784879852.514273298] [mujoco_policy_backend]: obstacle_init stamp=1784879852.231872579 depth=295316 robot_mask_received=True self_rm=11884 workspace=1728 table_rm=0 raw_obstacle=1728 persistent=105 voxels=124 mode=dynamic frame=120/5 bbox_min=(+0.163,+0.080,+0.056) bbox_max=(+0.182,+0.100,+0.320)
[INFO] [1784879852.691538309] [mujoco_policy_backend]: obstacle_init stamp=1784879852.458538348 depth=295304 robot_mask_received=True self_rm=11896 workspace=1728 table_rm=0 raw_obstacle=1728 persistent=105 voxels=105 mode=dynamic frame=121/5 bbox_min=(+0.163,+0.080,+0.056) bbox_max=(+0.182,+0.100,+0.320)
[INFO] [1784879853.046849657] [mujoco_policy_backend]: obstacle_init stamp=1784879852.739781212 depth=295289 robot_mask_received=True self_rm=11911 workspace=1728 table_rm=0 raw_obstacle=1728 persistent=105 voxels=105 mode=dynamic frame=122/5 bbox_min=(+0.163,+0.080,+0.056) bbox_max=(+0.182,+0.100,+0.320)
[INFO] [1784879853.141649971] [mujoco_policy_backend]: obstacle_init stamp=1784879852.924927582 depth=295289 robot_mask_received=True self_rm=11911 workspace=1750 table_rm=0 raw_obstacle=1750 persistent=105 voxels=125 mode=dynamic frame=123/5 bbox_min=(+0.163,+0.080,+0.056) bbox_max=(+0.182,+0.100,+0.320)
[INFO] [1784879853.413853582] [mujoco_policy_backend]: obstacle_init stamp=1784879853.216827726 depth=295274 robot_mask_received=True self_rm=11926 workspace=1728 table_rm=0 raw_obstacle=1728 persistent=105 voxels=125 mode=dynamic frame=124/5 bbox_min=(+0.163,+0.080,+0.056) bbox_max=(+0.182,+0.100,+0.320)
[INFO] [1784879853.748261884] [mujoco_policy_backend]: obstacle_init stamp=1784879853.489929481 depth=295266 robot_mask_received=True self_rm=11934 workspace=1728 table_rm=0 raw_obstacle=1728 persistent=105 voxels=125 mode=dynamic frame=125/5 bbox_min=(+0.163,+0.080,+0.056) bbox_max=(+0.182,+0.100,+0.320)
[INFO] [1784879853.802233283] [mujoco_policy_backend]: wrist_roi_diag frame=121 projected_uv=(6.1,333.2) red_uv=(37.6,260.8) offset=78.9px depth=0.139m
[INFO] [1784879853.912483624] [mujoco_policy_backend]: obstacle_init stamp=1784879853.664381604 depth=295262 robot_mask_received=True self_rm=11938 workspace=1728 table_rm=0 raw_obstacle=1728 persistent=105 voxels=125 mode=dynamic frame=126/5 bbox_min=(+0.163,+0.080,+0.056) bbox_max=(+0.182,+0.100,+0.320)
[INFO] [1784879854.321710504] [mujoco_policy_backend]: obstacle_init stamp=1784879853.982350825 depth=295259 robot_mask_received=True self_rm=11941 workspace=1728 table_rm=0 raw_obstacle=1728 persistent=105 voxels=125 mode=dynamic frame=127/5 bbox_min=(+0.163,+0.080,+0.056) bbox_max=(+0.182,+0.100,+0.320)
[INFO] [1784879854.393735282] [mujoco_policy_backend]: obstacle_init stamp=1784879854.160479058 depth=295255 robot_mask_received=True self_rm=11945 workspace=1728 table_rm=0 raw_obstacle=1728 persistent=105 voxels=105 mode=dynamic frame=128/5 bbox_min=(+0.163,+0.080,+0.056) bbox_max=(+0.182,+0.100,+0.320)
[INFO] [1784879854.694857312] [mujoco_policy_backend]: obstacle_init stamp=1784879854.507999764 depth=295242 robot_mask_received=True self_rm=11958 workspace=1728 table_rm=0 raw_obstacle=1728 persistent=105 voxels=105 mode=dynamic frame=129/5 bbox_min=(+0.163,+0.080,+0.056) bbox_max=(+0.182,+0.100,+0.320)
[INFO] [1784879855.024557322] [mujoco_policy_backend]: obstacle_init stamp=1784879854.728257191 depth=295230 robot_mask_received=True self_rm=11970 workspace=1728 table_rm=0 raw_obstacle=1728 persistent=105 voxels=105 mode=dynamic frame=130/5 bbox_min=(+0.163,+0.080,+0.056) bbox_max=(+0.182,+0.100,+0.320)
[INFO] [1784879855.220062361] [mujoco_policy_backend]: obstacle_init stamp=1784879854.929393592 depth=295221 robot_mask_received=True self_rm=11979 workspace=1728 table_rm=0 raw_obstacle=1728 persistent=105 voxels=105 mode=dynamic frame=131/5 bbox_min=(+0.163,+0.080,+0.056) bbox_max=(+0.182,+0.100,+0.320)
[INFO] [1784879855.402657530] [mujoco_policy_backend]: obstacle_init stamp=1784879855.155588985 depth=295209 robot_mask_received=True self_rm=11991 workspace=1728 table_rm=0 raw_obstacle=1728 persistent=105 voxels=105 mode=dynamic frame=132/5 bbox_min=(+0.163,+0.080,+0.056) bbox_max=(+0.182,+0.100,+0.320)
[INFO] [1784879855.817634332] [mujoco_policy_backend]: obstacle_init stamp=1784879855.424140418 depth=295192 robot_mask_received=True self_rm=12008 workspace=1728 table_rm=0 raw_obstacle=1728 persistent=105 voxels=105 mode=dynamic frame=133/5 bbox_min=(+0.163,+0.080,+0.056) bbox_max=(+0.182,+0.100,+0.320)
[INFO] [1784879855.911160005] [mujoco_policy_backend]: obstacle_init stamp=1784879855.625672712 depth=295180 robot_mask_received=True self_rm=12020 workspace=1728 table_rm=0 raw_obstacle=1728 persistent=105 voxels=105 mode=dynamic frame=134/5 bbox_min=(+0.163,+0.080,+0.056) bbox_max=(+0.182,+0.100,+0.320)
[INFO] [1784879856.110430673] [mujoco_policy_backend]: obstacle_init stamp=1784879855.882943346 depth=295169 robot_mask_received=True self_rm=12031 workspace=1728 table_rm=0 raw_obstacle=1728 persistent=105 voxels=105 mode=dynamic frame=135/5 bbox_min=(+0.163,+0.080,+0.056) bbox_max=(+0.182,+0.100,+0.320)
[INFO] [1784879856.281285070] [mujoco_policy_backend]: wrist_roi_diag frame=131 projected_uv=(101.5,365.8) red_uv=(120.9,260.2) offset=107.3px depth=0.150m
[INFO] [1784879856.566729143] [mujoco_policy_backend]: obstacle_init stamp=1784879856.193603344 depth=295172 robot_mask_received=True self_rm=12028 workspace=1728 table_rm=0 raw_obstacle=1728 persistent=105 voxels=105 mode=dynamic frame=136/5 bbox_min=(+0.163,+0.080,+0.056) bbox_max=(+0.182,+0.100,+0.320)
[INFO] [1784879856.605105660] [mujoco_policy_backend]: obstacle_init stamp=1784879856.375220374 depth=295178 robot_mask_received=True self_rm=12022 workspace=1728 table_rm=0 raw_obstacle=1728 persistent=105 voxels=105 mode=dynamic frame=137/5 bbox_min=(+0.163,+0.080,+0.056) bbox_max=(+0.182,+0.100,+0.320)
[INFO] [1784879856.900965574] [mujoco_policy_backend]: obstacle_init stamp=1784879856.709300709 depth=295170 robot_mask_received=True self_rm=12030 workspace=1728 table_rm=0 raw_obstacle=1728 persistent=105 voxels=105 mode=dynamic frame=138/5 bbox_min=(+0.163,+0.080,+0.056) bbox_max=(+0.182,+0.100,+0.320)
[INFO] [1784879857.195437843] [mujoco_policy_backend]: obstacle_init stamp=1784879856.960934577 depth=295192 robot_mask_received=True self_rm=12008 workspace=1728 table_rm=0 raw_obstacle=1728 persistent=105 voxels=105 mode=dynamic frame=139/5 bbox_min=(+0.163,+0.080,+0.056) bbox_max=(+0.182,+0.100,+0.320)
[INFO] [1784879857.447801674] [mujoco_policy_backend]: obstacle_init stamp=1784879857.141723604 depth=295184 robot_mask_received=True self_rm=12016 workspace=1728 table_rm=0 raw_obstacle=1728 persistent=105 voxels=105 mode=dynamic frame=140/5 bbox_min=(+0.163,+0.080,+0.056) bbox_max=(+0.182,+0.100,+0.320)
[INFO] [1784879857.589301621] [mujoco_policy_backend]: obstacle_init stamp=1784879857.373296197 depth=295174 robot_mask_received=True self_rm=12026 workspace=1728 table_rm=0 raw_obstacle=1728 persistent=105 voxels=105 mode=dynamic frame=141/5 bbox_min=(+0.163,+0.080,+0.056) bbox_max=(+0.182,+0.100,+0.320)
[INFO] [1784879857.960020618] [mujoco_policy_backend]: obstacle_init stamp=1784879857.639277441 depth=295141 robot_mask_received=True self_rm=12059 workspace=1728 table_rm=0 raw_obstacle=1728 persistent=105 voxels=105 mode=dynamic frame=142/5 bbox_min=(+0.163,+0.080,+0.056) bbox_max=(+0.182,+0.100,+0.320)
[INFO] [1784879858.092375638] [mujoco_policy_backend]: obstacle_init stamp=1784879857.827732373 depth=295136 robot_mask_received=True self_rm=12064 workspace=1728 table_rm=0 raw_obstacle=1728 persistent=105 voxels=105 mode=dynamic frame=143/5 bbox_min=(+0.163,+0.080,+0.056) bbox_max=(+0.182,+0.100,+0.320)
[INFO] [1784879858.299432239] [mujoco_policy_backend]: obstacle_init stamp=1784879858.094053311 depth=295126 robot_mask_received=True self_rm=12074 workspace=1728 table_rm=0 raw_obstacle=1728 persistent=105 voxels=105 mode=dynamic frame=144/5 bbox_min=(+0.163,+0.080,+0.056) bbox_max=(+0.182,+0.100,+0.320)
[INFO] [1784879858.607343717] [mujoco_policy_backend]: obstacle_init stamp=1784879858.412501128 depth=295110 robot_mask_received=True self_rm=12090 workspace=1728 table_rm=0 raw_obstacle=1728 persistent=105 voxels=105 mode=dynamic frame=145/5 bbox_min=(+0.163,+0.080,+0.056) bbox_max=(+0.182,+0.100,+0.320)
[INFO] [1784879858.770043417] [mujoco_policy_backend]: wrist_roi_diag frame=141 projected_uv=(183.8,382.2) red_uv=(263.2,351.0) offset=85.3px depth=0.155m
[INFO] [1784879858.960577777] [mujoco_policy_backend]: obstacle_init stamp=1784879858.683477719 depth=295102 robot_mask_received=True self_rm=12098 workspace=1728 table_rm=0 raw_obstacle=1728 persistent=105 voxels=105 mode=dynamic frame=146/5 bbox_min=(+0.163,+0.080,+0.056) bbox_max=(+0.182,+0.100,+0.320)
[INFO] [1784879859.121586226] [mujoco_policy_backend]: obstacle_init stamp=1784879858.859525776 depth=295100 robot_mask_received=True self_rm=12100 workspace=1728 table_rm=0 raw_obstacle=1728 persistent=105 voxels=105 mode=dynamic frame=147/5 bbox_min=(+0.163,+0.080,+0.056) bbox_max=(+0.182,+0.100,+0.320)
[INFO] [1784879859.462640605] [mujoco_policy_backend]: obstacle_init stamp=1784879859.148457723 depth=295076 robot_mask_received=True self_rm=12124 workspace=1728 table_rm=0 raw_obstacle=1728 persistent=105 voxels=105 mode=dynamic frame=148/5 bbox_min=(+0.163,+0.080,+0.056) bbox_max=(+0.182,+0.100,+0.320)
[INFO] [1784879859.597787086] [mujoco_policy_backend]: obstacle_init stamp=1784879859.335172116 depth=295064 robot_mask_received=True self_rm=12136 workspace=1728 table_rm=0 raw_obstacle=1728 persistent=105 voxels=105 mode=dynamic frame=149/5 bbox_min=(+0.163,+0.080,+0.056) bbox_max=(+0.182,+0.100,+0.320)
[INFO] [1784879859.970883123] [mujoco_policy_backend]: obstacle_init stamp=1784879859.664451566 depth=295046 robot_mask_received=True self_rm=12154 workspace=1728 table_rm=0 raw_obstacle=1728 persistent=105 voxels=105 mode=dynamic frame=150/5 bbox_min=(+0.163,+0.080,+0.056) bbox_max=(+0.182,+0.100,+0.320)
[INFO] [1784879860.151801796] [mujoco_policy_backend]: obstacle_init stamp=1784879859.848429742 depth=295024 robot_mask_received=True self_rm=12176 workspace=1728 table_rm=0 raw_obstacle=1728 persistent=105 voxels=105 mode=dynamic frame=151/5 bbox_min=(+0.163,+0.080,+0.056) bbox_max=(+0.182,+0.100,+0.320)
[INFO] [1784879860.300617584] [mujoco_policy_backend]: obstacle_init stamp=1784879860.074222765 depth=295020 robot_mask_received=True self_rm=12180 workspace=1728 table_rm=0 raw_obstacle=1728 persistent=105 voxels=105 mode=dynamic frame=152/5 bbox_min=(+0.163,+0.080,+0.056) bbox_max=(+0.182,+0.100,+0.320)
[INFO] [1784879860.693594364] [mujoco_policy_backend]: obstacle_init stamp=1784879860.395061969 depth=295008 robot_mask_received=True self_rm=12192 workspace=1728 table_rm=0 raw_obstacle=1728 persistent=105 voxels=105 mode=dynamic frame=153/5 bbox_min=(+0.163,+0.080,+0.056) bbox_max=(+0.182,+0.100,+0.320)
[INFO] [1784879860.788615764] [mujoco_policy_backend]: obstacle_init stamp=1784879860.567281129 depth=295000 robot_mask_received=True self_rm=12200 workspace=1728 table_rm=0 raw_obstacle=1728 persistent=105 voxels=105 mode=dynamic frame=154/5 bbox_min=(+0.163,+0.080,+0.056) bbox_max=(+0.182,+0.100,+0.320)
[INFO] [1784879861.107866086] [mujoco_policy_backend]: obstacle_init stamp=1784879860.887235740 depth=294988 robot_mask_received=True self_rm=12212 workspace=1728 table_rm=0 raw_obstacle=1728 persistent=105 voxels=105 mode=dynamic frame=155/5 bbox_min=(+0.163,+0.080,+0.056) bbox_max=(+0.182,+0.100,+0.320)
[INFO] [1784879861.206651455] [mujoco_policy_backend]: wrist_roi_diag frame=151 projected_uv=(250.7,389.5) red_uv=(293.6,343.8) offset=62.7px depth=0.155m
[INFO] [1784879861.309071499] [mujoco_policy_backend]: obstacle_init stamp=1784879861.074269876 depth=294980 robot_mask_received=True self_rm=12220 workspace=1728 table_rm=0 raw_obstacle=1728 persistent=105 voxels=105 mode=dynamic frame=156/5 bbox_min=(+0.163,+0.080,+0.056) bbox_max=(+0.182,+0.100,+0.320)
[INFO] [1784879861.654045990] [mujoco_policy_backend]: obstacle_init stamp=1784879861.376758844 depth=294982 robot_mask_received=True self_rm=12218 workspace=1728 table_rm=0 raw_obstacle=1728 persistent=105 voxels=105 mode=dynamic frame=157/5 bbox_min=(+0.163,+0.080,+0.056) bbox_max=(+0.182,+0.100,+0.320)
[INFO] [1784879861.827456111] [mujoco_policy_backend]: obstacle_init stamp=1784879861.552414289 depth=294964 robot_mask_received=True self_rm=12236 workspace=1728 table_rm=0 raw_obstacle=1728 persistent=105 voxels=105 mode=dynamic frame=158/5 bbox_min=(+0.163,+0.080,+0.056) bbox_max=(+0.182,+0.100,+0.320)
[INFO] [1784879862.026021717] [mujoco_policy_backend]: obstacle_init stamp=1784879861.788651585 depth=294962 robot_mask_received=True self_rm=12238 workspace=1728 table_rm=0 raw_obstacle=1728 persistent=105 voxels=105 mode=dynamic frame=159/5 bbox_min=(+0.163,+0.080,+0.056) bbox_max=(+0.182,+0.100,+0.320)
[INFO] [1784879862.302774938] [mujoco_policy_backend]: obstacle_init stamp=1784879862.114516062 depth=294964 robot_mask_received=True self_rm=12236 workspace=1728 table_rm=0 raw_obstacle=1728 persistent=105 voxels=105 mode=dynamic frame=160/5 bbox_min=(+0.163,+0.080,+0.056) bbox_max=(+0.182,+0.100,+0.320)
[INFO] [1784879862.622514125] [mujoco_policy_backend]: obstacle_init stamp=1784879862.357859007 depth=294961 robot_mask_received=True self_rm=12239 workspace=1728 table_rm=0 raw_obstacle=1728 persistent=105 voxels=105 mode=dynamic frame=161/5 bbox_min=(+0.163,+0.080,+0.056) bbox_max=(+0.182,+0.100,+0.320)
[INFO] [1784879862.796047325] [mujoco_policy_backend]: obstacle_init stamp=1784879862.559344523 depth=294955 robot_mask_received=True self_rm=12245 workspace=1728 table_rm=0 raw_obstacle=1728 persistent=105 voxels=105 mode=dynamic frame=162/5 bbox_min=(+0.163,+0.080,+0.056) bbox_max=(+0.182,+0.100,+0.320)
[INFO] [1784879862.997540844] [mujoco_policy_backend]: obstacle_init stamp=1784879862.824257724 depth=294955 robot_mask_received=True self_rm=12245 workspace=1812 table_rm=0 raw_obstacle=1812 persistent=105 voxels=145 mode=dynamic frame=163/5 bbox_min=(+0.163,+0.080,+0.056) bbox_max=(+0.182,+0.100,+0.320)
[INFO] [1784879863.352047255] [mujoco_policy_backend]: obstacle_init stamp=1784879863.098391315 depth=294946 robot_mask_received=True self_rm=12254 workspace=1728 table_rm=0 raw_obstacle=1728 persistent=105 voxels=145 mode=dynamic frame=164/5 bbox_min=(+0.163,+0.080,+0.056) bbox_max=(+0.182,+0.100,+0.320)
[INFO] [1784879863.504835072] [mujoco_policy_backend]: obstacle_init stamp=1784879863.270820721 depth=294959 robot_mask_received=True self_rm=12241 workspace=1728 table_rm=0 raw_obstacle=1728 persistent=105 voxels=145 mode=dynamic frame=165/5 bbox_min=(+0.163,+0.080,+0.056) bbox_max=(+0.182,+0.100,+0.320)
[INFO] [1784879863.664865671] [mujoco_policy_backend]: wrist_roi_diag frame=161 projected_uv=(312.5,391.1) red_uv=(334.6,330.3) offset=64.7px depth=0.149m
[INFO] [1784879863.887737753] [mujoco_policy_backend]: obstacle_init stamp=1784879863.577661542 depth=294943 robot_mask_received=True self_rm=12257 workspace=1728 table_rm=0 raw_obstacle=1728 persistent=105 voxels=145 mode=dynamic frame=166/5 bbox_min=(+0.163,+0.080,+0.056) bbox_max=(+0.182,+0.100,+0.320)
[INFO] [1784879864.006997098] [mujoco_policy_backend]: obstacle_init stamp=1784879863.754591007 depth=294920 robot_mask_received=True self_rm=12280 workspace=1728 table_rm=0 raw_obstacle=1728 persistent=105 voxels=145 mode=dynamic frame=167/5 bbox_min=(+0.163,+0.080,+0.056) bbox_max=(+0.182,+0.100,+0.320)
[INFO] [1784879864.297952801] [mujoco_policy_backend]: obstacle_init stamp=1784879864.102256104 depth=294925 robot_mask_received=True self_rm=12275 workspace=1728 table_rm=0 raw_obstacle=1728 persistent=105 voxels=105 mode=dynamic frame=168/5 bbox_min=(+0.163,+0.080,+0.056) bbox_max=(+0.182,+0.100,+0.320)
[INFO] [1784879864.582346557] [mujoco_policy_backend]: obstacle_init stamp=1784879864.331684536 depth=294897 robot_mask_received=True self_rm=12303 workspace=1728 table_rm=0 raw_obstacle=1728 persistent=105 voxels=105 mode=dynamic frame=169/5 bbox_min=(+0.163,+0.080,+0.056) bbox_max=(+0.182,+0.100,+0.320)
[INFO] [1784879864.725389487] [mujoco_policy_backend]: obstacle_init stamp=1784879864.520187915 depth=294897 robot_mask_received=True self_rm=12303 workspace=1814 table_rm=0 raw_obstacle=1814 persistent=105 voxels=146 mode=dynamic frame=170/5 bbox_min=(+0.163,+0.080,+0.056) bbox_max=(+0.182,+0.100,+0.320)
[INFO] [1784879865.005404970] [mujoco_policy_backend]: obstacle_init stamp=1784879864.841602160 depth=294889 robot_mask_received=True self_rm=12311 workspace=1728 table_rm=0 raw_obstacle=1728 persistent=105 voxels=146 mode=dynamic frame=171/5 bbox_min=(+0.163,+0.080,+0.056) bbox_max=(+0.182,+0.100,+0.320)
[INFO] [1784879865.285772495] [mujoco_policy_backend]: obstacle_init stamp=1784879865.112732785 depth=294892 robot_mask_received=True self_rm=12308 workspace=1728 table_rm=0 raw_obstacle=1728 persistent=105 voxels=146 mode=dynamic frame=172/5 bbox_min=(+0.163,+0.080,+0.056) bbox_max=(+0.182,+0.100,+0.320)
[INFO] [1784879865.600088564] [mujoco_policy_backend]: obstacle_init stamp=1784879865.368682539 depth=294888 robot_mask_received=True self_rm=12312 workspace=1728 table_rm=0 raw_obstacle=1728 persistent=105 voxels=146 mode=dynamic frame=173/5 bbox_min=(+0.163,+0.080,+0.056) bbox_max=(+0.182,+0.100,+0.320)
[INFO] [1784879865.826215391] [mujoco_policy_backend]: obstacle_init stamp=1784879865.545495904 depth=294881 robot_mask_received=True self_rm=12319 workspace=1728 table_rm=0 raw_obstacle=1728 persistent=105 voxels=146 mode=dynamic frame=174/5 bbox_min=(+0.163,+0.080,+0.056) bbox_max=(+0.182,+0.100,+0.320)
[INFO] [1784879865.990845384] [mujoco_policy_backend]: obstacle_init stamp=1784879865.768775030 depth=294869 robot_mask_received=True self_rm=12331 workspace=1728 table_rm=0 raw_obstacle=1728 persistent=105 voxels=105 mode=dynamic frame=175/5 bbox_min=(+0.163,+0.080,+0.056) bbox_max=(+0.182,+0.100,+0.320)
[INFO] [1784879866.184970423] [mujoco_policy_backend]: wrist_roi_diag frame=171 projected_uv=(379.4,389.7) red_uv=(394.6,320.8) offset=70.5px depth=0.141m
[INFO] [1784879866.307022196] [mujoco_policy_backend]: obstacle_init stamp=1784879866.097708901 depth=294882 robot_mask_received=True self_rm=12318 workspace=1728 table_rm=0 raw_obstacle=1728 persistent=105 voxels=105 mode=dynamic frame=176/5 bbox_min=(+0.163,+0.080,+0.056) bbox_max=(+0.182,+0.100,+0.320)
[INFO] [1784879866.694359750] [mujoco_policy_backend]: obstacle_init stamp=1784879866.358730444 depth=294886 robot_mask_received=True self_rm=12314 workspace=1728 table_rm=0 raw_obstacle=1728 persistent=105 voxels=105 mode=dynamic frame=177/5 bbox_min=(+0.163,+0.080,+0.056) bbox_max=(+0.182,+0.100,+0.320)
[INFO] [1784879866.813769137] [mujoco_policy_backend]: obstacle_init stamp=1784879866.563947597 depth=294894 robot_mask_received=True self_rm=12306 workspace=1728 table_rm=0 raw_obstacle=1728 persistent=105 voxels=105 mode=dynamic frame=178/5 bbox_min=(+0.163,+0.080,+0.056) bbox_max=(+0.182,+0.100,+0.320)
[INFO] [1784879867.086184892] [mujoco_policy_backend]: obstacle_init stamp=1784879866.881083614 depth=294908 robot_mask_received=True self_rm=12292 workspace=1728 table_rm=0 raw_obstacle=1728 persistent=105 voxels=105 mode=dynamic frame=179/5 bbox_min=(+0.163,+0.080,+0.056) bbox_max=(+0.182,+0.100,+0.320)
[INFO] [1784879867.303208644] [mujoco_policy_backend]: obstacle_init stamp=1784879867.095866995 depth=294909 robot_mask_received=True self_rm=12291 workspace=1728 table_rm=0 raw_obstacle=1728 persistent=105 voxels=105 mode=dynamic frame=180/5 bbox_min=(+0.163,+0.080,+0.056) bbox_max=(+0.182,+0.100,+0.320)
[INFO] [1784879867.677924487] [mujoco_policy_backend]: obstacle_init stamp=1784879867.385105449 depth=294914 robot_mask_received=True self_rm=12286 workspace=1728 table_rm=0 raw_obstacle=1728 persistent=105 voxels=105 mode=dynamic frame=181/5 bbox_min=(+0.163,+0.080,+0.056) bbox_max=(+0.182,+0.100,+0.320)
[INFO] [1784879867.978955651] [mujoco_policy_backend]: obstacle_init stamp=1784879867.557926277 depth=294910 robot_mask_received=True self_rm=12290 workspace=1728 table_rm=0 raw_obstacle=1728 persistent=105 voxels=105 mode=dynamic frame=182/5 bbox_min=(+0.163,+0.080,+0.056) bbox_max=(+0.182,+0.100,+0.320)
[INFO] [1784879868.012342597] [mujoco_policy_backend]: obstacle_init stamp=1784879867.797225548 depth=294921 robot_mask_received=True self_rm=12279 workspace=1728 table_rm=0 raw_obstacle=1728 persistent=105 voxels=105 mode=dynamic frame=183/5 bbox_min=(+0.163,+0.080,+0.056) bbox_max=(+0.182,+0.100,+0.320)
[INFO] [1784879868.388003433] [mujoco_policy_backend]: obstacle_init stamp=1784879868.099330666 depth=294937 robot_mask_received=True self_rm=12263 workspace=1728 table_rm=0 raw_obstacle=1728 persistent=105 voxels=105 mode=dynamic frame=184/5 bbox_min=(+0.163,+0.080,+0.056) bbox_max=(+0.182,+0.100,+0.320)
[INFO] [1784879868.496789843] [mujoco_policy_backend]: obstacle_init stamp=1784879868.278446961 depth=294951 robot_mask_received=True self_rm=12249 workspace=1728 table_rm=0 raw_obstacle=1728 persistent=105 voxels=105 mode=dynamic frame=185/5 bbox_min=(+0.163,+0.080,+0.056) bbox_max=(+0.182,+0.100,+0.320)
[INFO] [1784879868.659671396] [mujoco_policy_backend]: wrist_roi_diag frame=181 projected_uv=(446.2,388.2) red_uv=(454.8,308.8) offset=79.8px depth=0.129m
[INFO] [1784879868.818229507] [mujoco_policy_backend]: obstacle_init stamp=1784879868.569668082 depth=294970 robot_mask_received=True self_rm=12230 workspace=1728 table_rm=0 raw_obstacle=1728 persistent=105 voxels=105 mode=dynamic frame=186/5 bbox_min=(+0.163,+0.080,+0.056) bbox_max=(+0.182,+0.100,+0.320)
[INFO] [1784879869.043100445] [mujoco_policy_backend]: obstacle_init stamp=1784879868.750280555 depth=294978 robot_mask_received=True self_rm=12222 workspace=1728 table_rm=0 raw_obstacle=1728 persistent=105 voxels=105 mode=dynamic frame=187/5 bbox_min=(+0.163,+0.080,+0.056) bbox_max=(+0.182,+0.100,+0.320)
[INFO] [1784879869.194379829] [mujoco_policy_backend]: obstacle_init stamp=1784879868.980958361 depth=294998 robot_mask_received=True self_rm=12202 workspace=1728 table_rm=0 raw_obstacle=1728 persistent=105 voxels=105 mode=dynamic frame=188/5 bbox_min=(+0.163,+0.080,+0.056) bbox_max=(+0.182,+0.100,+0.320)
[INFO] [1784879869.583345837] [mujoco_policy_backend]: obstacle_init stamp=1784879869.290578531 depth=295028 robot_mask_received=True self_rm=12172 workspace=1728 table_rm=0 raw_obstacle=1728 persistent=105 voxels=105 mode=dynamic frame=189/5 bbox_min=(+0.163,+0.080,+0.056) bbox_max=(+0.182,+0.100,+0.320)
[INFO] [1784879869.697017334] [mujoco_policy_backend]: obstacle_init stamp=1784879869.465057463 depth=295062 robot_mask_received=True self_rm=12138 workspace=1728 table_rm=0 raw_obstacle=1728 persistent=105 voxels=105 mode=dynamic frame=190/5 bbox_min=(+0.163,+0.080,+0.056) bbox_max=(+0.182,+0.100,+0.320)
[INFO] [1784879870.034483782] [mujoco_policy_backend]: obstacle_init stamp=1784879869.785044172 depth=295064 robot_mask_received=True self_rm=12136 workspace=1728 table_rm=0 raw_obstacle=1728 persistent=105 voxels=105 mode=dynamic frame=191/5 bbox_min=(+0.163,+0.080,+0.056) bbox_max=(+0.182,+0.100,+0.320)
[INFO] [1784879870.367860500] [mujoco_policy_backend]: obstacle_init stamp=1784879869.965066208 depth=295067 robot_mask_received=True self_rm=12133 workspace=1728 table_rm=0 raw_obstacle=1728 persistent=105 voxels=105 mode=dynamic frame=192/5 bbox_min=(+0.163,+0.080,+0.056) bbox_max=(+0.182,+0.100,+0.320)
[INFO] [1784879870.400902371] [mujoco_policy_backend]: obstacle_init stamp=1784879870.194619413 depth=295097 robot_mask_received=True self_rm=12103 workspace=1728 table_rm=0 raw_obstacle=1728 persistent=105 voxels=105 mode=dynamic frame=193/5 bbox_min=(+0.163,+0.080,+0.056) bbox_max=(+0.182,+0.100,+0.320)
[INFO] [1784879870.699593357] [mujoco_policy_backend]: obstacle_init stamp=1784879870.500658472 depth=295098 robot_mask_received=True self_rm=12102 workspace=1728 table_rm=0 raw_obstacle=1728 persistent=105 voxels=105 mode=dynamic frame=194/5 bbox_min=(+0.163,+0.080,+0.056) bbox_max=(+0.182,+0.100,+0.320)
[INFO] [1784879870.891328632] [mujoco_policy_backend]: obstacle_init stamp=1784879870.688614487 depth=295109 robot_mask_received=True self_rm=12091 workspace=1728 table_rm=0 raw_obstacle=1728 persistent=105 voxels=105 mode=dynamic frame=195/5 bbox_min=(+0.163,+0.080,+0.056) bbox_max=(+0.182,+0.100,+0.320)
[INFO] [1784879871.069162387] [mujoco_policy_backend]: wrist_roi_diag frame=191 projected_uv=(527.5,385.6) red_uv=(524.0,294.5) offset=91.2px depth=0.115m
[INFO] [1784879871.194713223] [mujoco_policy_backend]: obstacle_init stamp=1784879870.982645060 depth=295125 robot_mask_received=True self_rm=12075 workspace=1728 table_rm=0 raw_obstacle=1728 persistent=105 voxels=105 mode=dynamic frame=196/5 bbox_min=(+0.163,+0.080,+0.056) bbox_max=(+0.182,+0.100,+0.320)
[INFO] [1784879871.396726693] [mujoco_policy_backend]: obstacle_init stamp=1784879871.156818282 depth=295140 robot_mask_received=True self_rm=12060 workspace=1728 table_rm=0 raw_obstacle=1728 persistent=105 voxels=105 mode=dynamic frame=197/5 bbox_min=(+0.163,+0.080,+0.056) bbox_max=(+0.182,+0.100,+0.320)
[INFO] [1784879871.739215971] [mujoco_policy_backend]: obstacle_init stamp=1784879871.442137637 depth=295136 robot_mask_received=True self_rm=12064 workspace=1728 table_rm=0 raw_obstacle=1728 persistent=105 voxels=105 mode=dynamic frame=198/5 bbox_min=(+0.163,+0.080,+0.056) bbox_max=(+0.182,+0.100,+0.320)
[INFO] [1784879871.915586746] [mujoco_policy_backend]: obstacle_init stamp=1784879871.665241544 depth=295150 robot_mask_received=True self_rm=12050 workspace=1728 table_rm=0 raw_obstacle=1728 persistent=105 voxels=105 mode=dynamic frame=199/5 bbox_min=(+0.163,+0.080,+0.056) bbox_max=(+0.182,+0.100,+0.320)
[INFO] [1784879872.259297690] [mujoco_policy_backend]: obstacle_init stamp=1784879871.957269762 depth=295166 robot_mask_received=True self_rm=12034 workspace=1728 table_rm=0 raw_obstacle=1728 persistent=105 voxels=105 mode=dynamic frame=200/5 bbox_min=(+0.163,+0.080,+0.056) bbox_max=(+0.182,+0.100,+0.320)
[INFO] [1784879872.428739595] [mujoco_policy_backend]: obstacle_init stamp=1784879872.134476891 depth=295165 robot_mask_received=True self_rm=12035 workspace=1728 table_rm=0 raw_obstacle=1728 persistent=105 voxels=105 mode=dynamic frame=201/5 bbox_min=(+0.163,+0.080,+0.056) bbox_max=(+0.182,+0.100,+0.320)
[INFO] [1784879872.613690425] [mujoco_policy_backend]: obstacle_init stamp=1784879872.350806083 depth=295191 robot_mask_received=True self_rm=12009 workspace=1728 table_rm=0 raw_obstacle=1728 persistent=105 voxels=105 mode=dynamic frame=202/5 bbox_min=(+0.163,+0.080,+0.056) bbox_max=(+0.182,+0.100,+0.320)
[INFO] [1784879872.793315959] [mujoco_policy_backend]: obstacle_init stamp=1784879872.626654391 depth=295209 robot_mask_received=True self_rm=11991 workspace=1728 table_rm=0 raw_obstacle=1728 persistent=105 voxels=105 mode=dynamic frame=203/5 bbox_min=(+0.163,+0.080,+0.056) bbox_max=(+0.182,+0.100,+0.320)
[INFO] [1784879873.127675781] [mujoco_policy_backend]: obstacle_init stamp=1784879872.887298521 depth=295214 robot_mask_received=True self_rm=11986 workspace=1728 table_rm=0 raw_obstacle=1728 persistent=105 voxels=105 mode=dynamic frame=204/5 bbox_min=(+0.163,+0.080,+0.056) bbox_max=(+0.182,+0.100,+0.320)
[INFO] [1784879873.409437294] [mujoco_policy_backend]: obstacle_init stamp=1784879873.055929935 depth=295232 robot_mask_received=True self_rm=11968 workspace=1728 table_rm=0 raw_obstacle=1728 persistent=105 voxels=105 mode=dynamic frame=205/5 bbox_min=(+0.163,+0.080,+0.056) bbox_max=(+0.182,+0.100,+0.320)
[INFO] [1784879873.411491220] [mujoco_policy_backend]: wrist_roi_diag frame=201 projected_uv=(603.1,389.6) red_uv=(561.3,287.9) offset=110.0px depth=0.104m
[INFO] [1784879873.537832365] [mujoco_policy_backend]: obstacle_init stamp=1784879873.281811805 depth=295228 robot_mask_received=True self_rm=11972 workspace=1728 table_rm=0 raw_obstacle=1728 persistent=105 voxels=105 mode=dynamic frame=206/5 bbox_min=(+0.163,+0.080,+0.056) bbox_max=(+0.182,+0.100,+0.320)
[INFO] [1784879873.823350433] [mujoco_policy_backend]: obstacle_init stamp=1784879873.592166738 depth=295231 robot_mask_received=True self_rm=11969 workspace=1728 table_rm=0 raw_obstacle=1728 persistent=105 voxels=105 mode=dynamic frame=207/5 bbox_min=(+0.163,+0.080,+0.056) bbox_max=(+0.182,+0.100,+0.320)
[INFO] [1784879874.040455301] [mujoco_policy_backend]: obstacle_init stamp=1784879873.758112251 depth=295237 robot_mask_received=True self_rm=11963 workspace=1728 table_rm=0 raw_obstacle=1728 persistent=105 voxels=105 mode=dynamic frame=208/5 bbox_min=(+0.163,+0.080,+0.056) bbox_max=(+0.182,+0.100,+0.320)
[INFO] [1784879874.204565764] [mujoco_policy_backend]: obstacle_init stamp=1784879873.981596697 depth=295249 robot_mask_received=True self_rm=11951 workspace=1728 table_rm=0 raw_obstacle=1728 persistent=105 voxels=105 mode=dynamic frame=209/5 bbox_min=(+0.163,+0.080,+0.056) bbox_max=(+0.182,+0.100,+0.320)
[INFO] [1784879874.536575685] [mujoco_policy_backend]: obstacle_init stamp=1784879874.250356250 depth=295264 robot_mask_received=True self_rm=11936 workspace=1728 table_rm=0 raw_obstacle=1728 persistent=105 voxels=105 mode=dynamic frame=210/5 bbox_min=(+0.163,+0.080,+0.056) bbox_max=(+0.182,+0.100,+0.320)
[INFO] [1784879874.630454666] [mujoco_policy_backend]: obstacle_init stamp=1784879874.424930442 depth=295264 robot_mask_received=True self_rm=11936 workspace=1801 table_rm=0 raw_obstacle=1801 persistent=105 voxels=139 mode=dynamic frame=211/5 bbox_min=(+0.163,+0.080,+0.056) bbox_max=(+0.182,+0.100,+0.320)
[INFO] [1784879874.884778721] [mujoco_policy_backend]: obstacle_init stamp=1784879874.707683712 depth=295256 robot_mask_received=True self_rm=11944 workspace=1728 table_rm=0 raw_obstacle=1728 persistent=105 voxels=139 mode=dynamic frame=212/5 bbox_min=(+0.163,+0.080,+0.056) bbox_max=(+0.182,+0.100,+0.320)
[INFO] [1784879875.242511250] [mujoco_policy_backend]: obstacle_init stamp=1784879874.971040303 depth=295256 robot_mask_received=True self_rm=11944 workspace=1728 table_rm=0 raw_obstacle=1728 persistent=105 voxels=139 mode=dynamic frame=213/5 bbox_min=(+0.163,+0.080,+0.056) bbox_max=(+0.182,+0.100,+0.320)
[INFO] [1784879875.413243961] [mujoco_policy_backend]: obstacle_init stamp=1784879875.140712125 depth=295253 robot_mask_received=True self_rm=11947 workspace=1728 table_rm=0 raw_obstacle=1728 persistent=105 voxels=139 mode=dynamic frame=214/5 bbox_min=(+0.163,+0.080,+0.056) bbox_max=(+0.182,+0.100,+0.320)
[INFO] [1784879875.598476782] [mujoco_policy_backend]: obstacle_init stamp=1784879875.361763609 depth=295238 robot_mask_received=True self_rm=11962 workspace=1728 table_rm=0 raw_obstacle=1728 persistent=105 voxels=139 mode=dynamic frame=215/5 bbox_min=(+0.163,+0.080,+0.056) bbox_max=(+0.182,+0.100,+0.320)
[INFO] [1784879875.728658792] [mujoco_policy_backend]: wrist_roi_diag frame=211 projected_uv=(656.5,383.4) red_uv=(579.6,272.8) offset=134.7px depth=0.097m
[INFO] [1784879875.798780352] [mujoco_policy_backend]: obstacle_init stamp=1784879875.632002867 depth=295249 robot_mask_received=True self_rm=11951 workspace=1728 table_rm=0 raw_obstacle=1728 persistent=105 voxels=105 mode=dynamic frame=216/5 bbox_min=(+0.163,+0.080,+0.056) bbox_max=(+0.182,+0.100,+0.320)
[INFO] [1784879876.118565252] [mujoco_policy_backend]: obstacle_init stamp=1784879875.887050426 depth=295249 robot_mask_received=True self_rm=11951 workspace=1728 table_rm=0 raw_obstacle=1728 persistent=105 voxels=105 mode=dynamic frame=217/5 bbox_min=(+0.163,+0.080,+0.056) bbox_max=(+0.182,+0.100,+0.320)
[INFO] [1784879876.319975414] [mujoco_policy_backend]: obstacle_init stamp=1784879876.068816957 depth=295251 robot_mask_received=True self_rm=11949 workspace=1728 table_rm=0 raw_obstacle=1728 persistent=105 voxels=105 mode=dynamic frame=218/5 bbox_min=(+0.163,+0.080,+0.056) bbox_max=(+0.182,+0.100,+0.320)
[INFO] [1784879876.667115223] [mujoco_policy_backend]: obstacle_init stamp=1784879876.345565188 depth=295267 robot_mask_received=True self_rm=11933 workspace=1728 table_rm=0 raw_obstacle=1728 persistent=105 voxels=105 mode=dynamic frame=219/5 bbox_min=(+0.163,+0.080,+0.056) bbox_max=(+0.182,+0.100,+0.320)
[INFO] [1784879876.852621943] [mujoco_policy_backend]: obstacle_init stamp=1784879876.551851691 depth=295261 robot_mask_received=True self_rm=11939 workspace=1728 table_rm=0 raw_obstacle=1728 persistent=105 voxels=105 mode=dynamic frame=220/5 bbox_min=(+0.163,+0.080,+0.056) bbox_max=(+0.182,+0.100,+0.320)
[INFO] [1784879877.003941933] [mujoco_policy_backend]: obstacle_init stamp=1784879876.768528629 depth=295264 robot_mask_received=True self_rm=11936 workspace=1728 table_rm=0 raw_obstacle=1728 persistent=105 voxels=105 mode=dynamic frame=221/5 bbox_min=(+0.163,+0.080,+0.056) bbox_max=(+0.182,+0.100,+0.320)
[INFO] [1784879877.337041816] [mujoco_policy_backend]: obstacle_init stamp=1784879877.089167918 depth=295276 robot_mask_received=True self_rm=11924 workspace=1728 table_rm=0 raw_obstacle=1728 persistent=105 voxels=105 mode=dynamic frame=222/5 bbox_min=(+0.163,+0.080,+0.056) bbox_max=(+0.182,+0.100,+0.320)
[INFO] [1784879877.498546874] [mujoco_policy_backend]: obstacle_init stamp=1784879877.257713795 depth=295294 robot_mask_received=True self_rm=11906 workspace=1728 table_rm=0 raw_obstacle=1728 persistent=105 voxels=105 mode=dynamic frame=223/5 bbox_min=(+0.163,+0.080,+0.056) bbox_max=(+0.182,+0.100,+0.320)
[INFO] [1784879877.703297576] [mujoco_policy_backend]: obstacle_init stamp=1784879877.499649000 depth=295288 robot_mask_received=True self_rm=11912 workspace=1728 table_rm=0 raw_obstacle=1728 persistent=105 voxels=105 mode=dynamic frame=224/5 bbox_min=(+0.163,+0.080,+0.056) bbox_max=(+0.182,+0.100,+0.320)
[INFO] [1784879878.032357186] [mujoco_policy_backend]: obstacle_init stamp=1784879877.765027317 depth=295294 robot_mask_received=True self_rm=11906 workspace=1728 table_rm=0 raw_obstacle=1728 persistent=105 voxels=105 mode=dynamic frame=225/5 bbox_min=(+0.163,+0.080,+0.056) bbox_max=(+0.182,+0.100,+0.320)
[INFO] [1784879878.072113660] [mujoco_policy_backend]: wrist_roi_diag frame=221 projected_uv=(684.8,376.2) red_uv=(585.9,258.3) offset=153.9px depth=0.092m
[INFO] [1784879878.211703512] [mujoco_policy_backend]: obstacle_init stamp=1784879877.941130407 depth=295304 robot_mask_received=True self_rm=11896 workspace=1728 table_rm=0 raw_obstacle=1728 persistent=105 voxels=105 mode=dynamic frame=226/5 bbox_min=(+0.163,+0.080,+0.056) bbox_max=(+0.182,+0.100,+0.320)
[INFO] [1784879878.416149660] [mujoco_policy_backend]: obstacle_init stamp=1784879878.177925430 depth=295312 robot_mask_received=True self_rm=11888 workspace=1728 table_rm=0 raw_obstacle=1728 persistent=105 voxels=105 mode=dynamic frame=227/5 bbox_min=(+0.163,+0.080,+0.056) bbox_max=(+0.182,+0.100,+0.320)
[INFO] [1784879878.789551595] [mujoco_policy_backend]: obstacle_init stamp=1784879878.493656394 depth=295315 robot_mask_received=True self_rm=11885 workspace=1728 table_rm=0 raw_obstacle=1728 persistent=105 voxels=105 mode=dynamic frame=228/5 bbox_min=(+0.163,+0.080,+0.056) bbox_max=(+0.182,+0.100,+0.320)
[INFO] [1784879878.907146614] [mujoco_policy_backend]: obstacle_init stamp=1784879878.668648140 depth=295325 robot_mask_received=True self_rm=11875 workspace=1728 table_rm=0 raw_obstacle=1728 persistent=105 voxels=105 mode=dynamic frame=229/5 bbox_min=(+0.163,+0.080,+0.056) bbox_max=(+0.182,+0.100,+0.320)
[INFO] [1784879879.190248812] [mujoco_policy_backend]: obstacle_init stamp=1784879879.002361256 depth=295321 robot_mask_received=True self_rm=11879 workspace=1728 table_rm=0 raw_obstacle=1728 persistent=105 voxels=105 mode=dynamic frame=230/5 bbox_min=(+0.163,+0.080,+0.056) bbox_max=(+0.182,+0.100,+0.320)
[INFO] [1784879879.407507160] [mujoco_policy_backend]: obstacle_init stamp=1784879879.199385098 depth=295329 robot_mask_received=True self_rm=11871 workspace=1728 table_rm=0 raw_obstacle=1728 persistent=105 voxels=105 mode=dynamic frame=231/5 bbox_min=(+0.163,+0.080,+0.056) bbox_max=(+0.182,+0.100,+0.320)
[INFO] [1784879879.697656128] [mujoco_policy_backend]: obstacle_init stamp=1784879879.508066861 depth=295328 robot_mask_received=True self_rm=11872 workspace=1728 table_rm=0 raw_obstacle=1728 persistent=105 voxels=105 mode=dynamic frame=232/5 bbox_min=(+0.163,+0.080,+0.056) bbox_max=(+0.182,+0.100,+0.320)
[INFO] [1784879880.038116064] [mujoco_policy_backend]: obstacle_init stamp=1784879879.770512567 depth=295312 robot_mask_received=True self_rm=11888 workspace=1728 table_rm=0 raw_obstacle=1728 persistent=105 voxels=105 mode=dynamic frame=233/5 bbox_min=(+0.163,+0.080,+0.056) bbox_max=(+0.182,+0.100,+0.320)
[INFO] [1784879880.231868877] [mujoco_policy_backend]: obstacle_init stamp=1784879879.939795649 depth=295306 robot_mask_received=True self_rm=11894 workspace=1728 table_rm=0 raw_obstacle=1728 persistent=105 voxels=105 mode=dynamic frame=234/5 bbox_min=(+0.163,+0.080,+0.056) bbox_max=(+0.182,+0.100,+0.320)
[INFO] [1784879880.395035636] [mujoco_policy_backend]: obstacle_init stamp=1784879880.160768305 depth=295300 robot_mask_received=True self_rm=11900 workspace=1728 table_rm=0 raw_obstacle=1728 persistent=105 voxels=105 mode=dynamic frame=235/5 bbox_min=(+0.163,+0.080,+0.056) bbox_max=(+0.182,+0.100,+0.320)
[INFO] [1784879880.549275942] [mujoco_policy_backend]: wrist_roi_diag frame=231 projected_uv=(704.4,366.1) red_uv=(590.2,244.3) offset=167.0px depth=0.089m
[INFO] [1784879880.695624096] [mujoco_policy_backend]: obstacle_init stamp=1784879880.438026565 depth=295297 robot_mask_received=True self_rm=11903 workspace=1728 table_rm=0 raw_obstacle=1728 persistent=105 voxels=105 mode=dynamic frame=236/5 bbox_min=(+0.163,+0.080,+0.056) bbox_max=(+0.182,+0.100,+0.320)
[INFO] [1784879880.926629607] [mujoco_policy_backend]: obstacle_init stamp=1784879880.639212818 depth=295281 robot_mask_received=True self_rm=11919 workspace=1728 table_rm=0 raw_obstacle=1728 persistent=105 voxels=105 mode=dynamic frame=237/5 bbox_min=(+0.163,+0.080,+0.056) bbox_max=(+0.182,+0.100,+0.320)
[INFO] [1784879881.089882139] [mujoco_policy_backend]: obstacle_init stamp=1784879880.858738180 depth=295275 robot_mask_received=True self_rm=11925 workspace=1728 table_rm=0 raw_obstacle=1728 persistent=105 voxels=105 mode=dynamic frame=238/5 bbox_min=(+0.163,+0.080,+0.056) bbox_max=(+0.182,+0.100,+0.320)
[INFO] [1784879881.421384827] [mujoco_policy_backend]: obstacle_init stamp=1784879881.185571645 depth=295289 robot_mask_received=True self_rm=11911 workspace=1728 table_rm=0 raw_obstacle=1728 persistent=105 voxels=105 mode=dynamic frame=239/5 bbox_min=(+0.163,+0.080,+0.056) bbox_max=(+0.182,+0.100,+0.320)
[INFO] [1784879881.671279344] [mujoco_policy_backend]: obstacle_init stamp=1784879881.355868125 depth=295282 robot_mask_received=True self_rm=11918 workspace=1728 table_rm=0 raw_obstacle=1728 persistent=105 voxels=105 mode=dynamic frame=240/5 bbox_min=(+0.163,+0.080,+0.056) bbox_max=(+0.182,+0.100,+0.320)
[INFO] [1784879881.801756859] [mujoco_policy_backend]: obstacle_init stamp=1784879881.581219004 depth=295276 robot_mask_received=True self_rm=11924 workspace=1728 table_rm=0 raw_obstacle=1728 persistent=105 voxels=105 mode=dynamic frame=241/5 bbox_min=(+0.163,+0.080,+0.056) bbox_max=(+0.182,+0.100,+0.320)
[INFO] [1784879882.118073073] [mujoco_policy_backend]: obstacle_init stamp=1784879881.892207297 depth=295263 robot_mask_received=True self_rm=11937 workspace=1728 table_rm=0 raw_obstacle=1728 persistent=105 voxels=105 mode=dynamic frame=242/5 bbox_min=(+0.163,+0.080,+0.056) bbox_max=(+0.182,+0.100,+0.320)
[INFO] [1784879882.294570478] [mujoco_policy_backend]: obstacle_init stamp=1784879882.064805747 depth=295265 robot_mask_received=True self_rm=11935 workspace=1728 table_rm=0 raw_obstacle=1728 persistent=105 voxels=105 mode=dynamic frame=243/5 bbox_min=(+0.163,+0.080,+0.056) bbox_max=(+0.182,+0.100,+0.320)
[INFO] [1784879882.717178199] [mujoco_policy_backend]: obstacle_init stamp=1784879882.360350931 depth=295262 robot_mask_received=True self_rm=11938 workspace=1728 table_rm=0 raw_obstacle=1728 persistent=105 voxels=105 mode=dynamic frame=244/5 bbox_min=(+0.163,+0.080,+0.056) bbox_max=(+0.182,+0.100,+0.320)
[INFO] [1784879882.800911699] [mujoco_policy_backend]: obstacle_init stamp=1784879882.533006823 depth=295263 robot_mask_received=True self_rm=11937 workspace=1728 table_rm=0 raw_obstacle=1728 persistent=105 voxels=105 mode=dynamic frame=245/5 bbox_min=(+0.163,+0.080,+0.056) bbox_max=(+0.182,+0.100,+0.320)
[INFO] [1784879882.887695098] [mujoco_policy_backend]: wrist_roi_diag frame=241 projected_uv=(710.8,357.5) red_uv=(591.0,234.9) offset=171.5px depth=0.088m
[INFO] [1784879883.032070564] [mujoco_policy_backend]: obstacle_init stamp=1784879882.753756152 depth=295254 robot_mask_received=True self_rm=11946 workspace=1728 table_rm=0 raw_obstacle=1728 persistent=105 voxels=105 mode=dynamic frame=246/5 bbox_min=(+0.163,+0.080,+0.056) bbox_max=(+0.182,+0.100,+0.320)
[INFO] [1784879883.208748950] [mujoco_policy_backend]: obstacle_init stamp=1784879882.976157609 depth=295258 robot_mask_received=True self_rm=11942 workspace=1728 table_rm=0 raw_obstacle=1728 persistent=105 voxels=105 mode=dynamic frame=247/5 bbox_min=(+0.163,+0.080,+0.056) bbox_max=(+0.182,+0.100,+0.320)
[INFO] [1784879883.499002761] [mujoco_policy_backend]: obstacle_init stamp=1784879883.289827888 depth=295260 robot_mask_received=True self_rm=11940 workspace=1728 table_rm=0 raw_obstacle=1728 persistent=105 voxels=105 mode=dynamic frame=248/5 bbox_min=(+0.163,+0.080,+0.056) bbox_max=(+0.182,+0.100,+0.320)
[INFO] [1784879883.708711130] [mujoco_policy_backend]: obstacle_init stamp=1784879883.459435830 depth=295262 robot_mask_received=True self_rm=11938 workspace=1728 table_rm=0 raw_obstacle=1728 persistent=105 voxels=105 mode=dynamic frame=249/5 bbox_min=(+0.163,+0.080,+0.056) bbox_max=(+0.182,+0.100,+0.320)
[INFO] [1784879884.084533283] [mujoco_policy_backend]: obstacle_init stamp=1784879883.779629430 depth=295249 robot_mask_received=True self_rm=11951 workspace=1728 table_rm=0 raw_obstacle=1728 persistent=105 voxels=105 mode=dynamic frame=250/5 bbox_min=(+0.163,+0.080,+0.056) bbox_max=(+0.182,+0.100,+0.320)
[INFO] [1784879884.198191549] [mujoco_policy_backend]: obstacle_init stamp=1784879883.980807573 depth=295250 robot_mask_received=True self_rm=11950 workspace=1728 table_rm=0 raw_obstacle=1728 persistent=105 voxels=105 mode=dynamic frame=251/5 bbox_min=(+0.163,+0.080,+0.056) bbox_max=(+0.182,+0.100,+0.320)
[INFO] [1784879884.501094891] [mujoco_policy_backend]: obstacle_init stamp=1784879884.305630442 depth=295249 robot_mask_received=True self_rm=11951 workspace=1728 table_rm=0 raw_obstacle=1728 persistent=105 voxels=105 mode=dynamic frame=252/5 bbox_min=(+0.163,+0.080,+0.056) bbox_max=(+0.182,+0.100,+0.320)
[INFO] [1784879884.806762125] [mujoco_policy_backend]: obstacle_init stamp=1784879884.594248959 depth=295254 robot_mask_received=True self_rm=11946 workspace=1728 table_rm=0 raw_obstacle=1728 persistent=105 voxels=105 mode=dynamic frame=253/5 bbox_min=(+0.163,+0.080,+0.056) bbox_max=(+0.182,+0.100,+0.320)
[INFO] [1784879884.996060494] [mujoco_policy_backend]: obstacle_init stamp=1784879884.818571727 depth=295253 robot_mask_received=True self_rm=11947 workspace=1728 table_rm=0 raw_obstacle=1728 persistent=105 voxels=105 mode=dynamic frame=254/5 bbox_min=(+0.163,+0.080,+0.056) bbox_max=(+0.182,+0.100,+0.320)
[INFO] [1784879885.303313686] [mujoco_policy_backend]: obstacle_init stamp=1784879885.092921144 depth=295248 robot_mask_received=True self_rm=11952 workspace=1728 table_rm=0 raw_obstacle=1728 persistent=105 voxels=105 mode=dynamic frame=255/5 bbox_min=(+0.163,+0.080,+0.056) bbox_max=(+0.182,+0.100,+0.320)
[INFO] [1784879885.428152021] [mujoco_policy_backend]: wrist_roi_diag frame=251 projected_uv=(717.4,356.3) red_uv=(592.0,231.8) offset=176.7px depth=0.087m
[INFO] [1784879885.491326729] [mujoco_policy_backend]: obstacle_init stamp=1784879885.319238743 depth=295233 robot_mask_received=True self_rm=11967 workspace=1728 table_rm=0 raw_obstacle=1728 persistent=105 voxels=105 mode=dynamic frame=256/5 bbox_min=(+0.163,+0.080,+0.056) bbox_max=(+0.182,+0.100,+0.320)
[INFO] [1784879885.800672038] [mujoco_policy_backend]: obstacle_init stamp=1784879885.605042237 depth=295235 robot_mask_received=True self_rm=11965 workspace=1728 table_rm=0 raw_obstacle=1728 persistent=105 voxels=105 mode=dynamic frame=257/5 bbox_min=(+0.163,+0.080,+0.056) bbox_max=(+0.182,+0.100,+0.320)
[INFO] [1784879886.017954151] [mujoco_policy_backend]: obstacle_init stamp=1784879885.809762928 depth=295237 robot_mask_received=True self_rm=11963 workspace=1728 table_rm=0 raw_obstacle=1728 persistent=105 voxels=105 mode=dynamic frame=258/5 bbox_min=(+0.163,+0.080,+0.056) bbox_max=(+0.182,+0.100,+0.320)
[INFO] [1784879886.469340175] [mujoco_policy_backend]: obstacle_init stamp=1784879886.100898267 depth=295234 robot_mask_received=True self_rm=11966 workspace=1728 table_rm=0 raw_obstacle=1728 persistent=105 voxels=105 mode=dynamic frame=259/5 bbox_min=(+0.163,+0.080,+0.056) bbox_max=(+0.182,+0.100,+0.320)
[INFO] [1784879886.500124090] [mujoco_policy_backend]: obstacle_init stamp=1784879886.279840571 depth=295230 robot_mask_received=True self_rm=11970 workspace=1728 table_rm=0 raw_obstacle=1728 persistent=105 voxels=105 mode=dynamic frame=260/5 bbox_min=(+0.163,+0.080,+0.056) bbox_max=(+0.182,+0.100,+0.320)
[INFO] [1784879886.842171651] [mujoco_policy_backend]: obstacle_init stamp=1784879886.606282524 depth=295236 robot_mask_received=True self_rm=11964 workspace=1728 table_rm=0 raw_obstacle=1728 persistent=105 voxels=105 mode=dynamic frame=261/5 bbox_min=(+0.163,+0.080,+0.056) bbox_max=(+0.182,+0.100,+0.320)
[INFO] [1784879886.983102459] [mujoco_policy_backend]: obstacle_init stamp=1784879886.783900649 depth=295229 robot_mask_received=True self_rm=11971 workspace=1728 table_rm=0 raw_obstacle=1728 persistent=105 voxels=105 mode=dynamic frame=262/5 bbox_min=(+0.163,+0.080,+0.056) bbox_max=(+0.182,+0.100,+0.320)
[INFO] [1784879887.309818499] [mujoco_policy_backend]: obstacle_init stamp=1784879887.087480125 depth=295224 robot_mask_received=True self_rm=11976 workspace=1728 table_rm=0 raw_obstacle=1728 persistent=105 voxels=105 mode=dynamic frame=263/5 bbox_min=(+0.163,+0.080,+0.056) bbox_max=(+0.182,+0.100,+0.320)
[INFO] [1784879887.513184251] [mujoco_policy_backend]: obstacle_init stamp=1784879887.258628988 depth=295216 robot_mask_received=True self_rm=11984 workspace=1728 table_rm=0 raw_obstacle=1728 persistent=105 voxels=105 mode=dynamic frame=264/5 bbox_min=(+0.163,+0.080,+0.056) bbox_max=(+0.182,+0.100,+0.320)
[INFO] [1784879887.815953916] [mujoco_policy_backend]: obstacle_init stamp=1784879887.547668379 depth=295219 robot_mask_received=True self_rm=11981 workspace=1728 table_rm=0 raw_obstacle=1728 persistent=105 voxels=105 mode=dynamic frame=265/5 bbox_min=(+0.163,+0.080,+0.056) bbox_max=(+0.182,+0.100,+0.320)
[INFO] [1784879887.856615474] [mujoco_policy_backend]: wrist_roi_diag frame=261 projected_uv=(725.4,355.9) red_uv=(593.5,229.4) offset=182.7px depth=0.086m
[INFO] [1784879888.052585605] [mujoco_policy_backend]: obstacle_init stamp=1784879887.732188175 depth=295238 robot_mask_received=True self_rm=11962 workspace=1728 table_rm=0 raw_obstacle=1728 persistent=105 voxels=105 mode=dynamic frame=266/5 bbox_min=(+0.163,+0.080,+0.056) bbox_max=(+0.182,+0.100,+0.320)
[INFO] [1784879888.235674047] [mujoco_policy_backend]: obstacle_init stamp=1784879887.954584785 depth=295220 robot_mask_received=True self_rm=11980 workspace=1728 table_rm=0 raw_obstacle=1728 persistent=105 voxels=105 mode=dynamic frame=267/5 bbox_min=(+0.163,+0.080,+0.056) bbox_max=(+0.182,+0.100,+0.320)
[INFO] [1784879888.434860538] [mujoco_policy_backend]: obstacle_init stamp=1784879888.176585310 depth=295214 robot_mask_received=True self_rm=11986 workspace=1728 table_rm=0 raw_obstacle=1728 persistent=105 voxels=105 mode=dynamic frame=268/5 bbox_min=(+0.163,+0.080,+0.056) bbox_max=(+0.182,+0.100,+0.320)
[INFO] [1784879888.723789194] [mujoco_policy_backend]: obstacle_init stamp=1784879888.497422910 depth=295214 robot_mask_received=True self_rm=11986 workspace=1728 table_rm=0 raw_obstacle=1728 persistent=105 voxels=105 mode=dynamic frame=269/5 bbox_min=(+0.163,+0.080,+0.056) bbox_max=(+0.182,+0.100,+0.320)
[ERROR] [1784879888.932270489] [mujoco_policy_backend]: Error raised in execute callback: cannot use Destroyable because destruction was requested
