[INFO] [1784882647.729148150] [mujoco_policy_backend]: MuJoCo policy backend ready: action=execute_planned_grasp
[INFO] [1784882649.997600029] [mujoco_policy_backend]: obstacle_init stamp=1784882649.613152399 depth=296770 robot_mask_received=True self_rm=10430 workspace=1728 table_rm=0 raw_obstacle=1728 persistent=105 voxels=105 mode=dynamic frame=1/5 bbox_min=(+0.163,+0.080,+0.056) bbox_max=(+0.182,+0.100,+0.320)
[INFO] [1784882650.097543367] [mujoco_policy_backend]: obstacle_init stamp=1784882649.772722505 depth=296770 robot_mask_received=True self_rm=10430 workspace=1728 table_rm=0 raw_obstacle=1728 persistent=105 voxels=105 mode=dynamic frame=2/5 bbox_min=(+0.163,+0.080,+0.056) bbox_max=(+0.182,+0.100,+0.320)
[INFO] [1784882650.263257664] [mujoco_policy_backend]: obstacle_init stamp=1784882649.918985405 depth=296770 robot_mask_received=True self_rm=10430 workspace=1728 table_rm=0 raw_obstacle=1728 persistent=105 voxels=105 mode=dynamic frame=3/5 bbox_min=(+0.163,+0.080,+0.056) bbox_max=(+0.182,+0.100,+0.320)
[INFO] [1784882650.463788859] [mujoco_policy_backend]: obstacle_init stamp=1784882650.129300914 depth=296770 robot_mask_received=True self_rm=10430 workspace=1728 table_rm=0 raw_obstacle=1728 persistent=105 voxels=105 mode=dynamic frame=4/5 bbox_min=(+0.163,+0.080,+0.056) bbox_max=(+0.182,+0.100,+0.320)
[INFO] [1784882650.672847250] [mujoco_policy_backend]: obstacle_init stamp=1784882650.333013262 depth=296770 robot_mask_received=True self_rm=10430 workspace=1728 table_rm=0 raw_obstacle=1728 persistent=105 voxels=105 mode=dynamic frame=5/5 bbox_min=(+0.163,+0.080,+0.056) bbox_max=(+0.182,+0.100,+0.320)
[INFO] [1784882665.296668226] [mujoco_policy_backend]: planned grasp pose conversion: source=sim_mjcf raw_pregrasp[frame=scene_depth_optical pos=(+0.076,+0.022,+0.506) quat=(+0.459,+0.117,+0.037,+0.880)] raw_grasp[frame=scene_depth_optical pos=(+0.093,+0.020,+0.574) quat=(+0.459,+0.117,+0.037,+0.880)] base_pregrasp[frame=base pos=(+0.396,+0.078,+0.114) quat=(+0.117,-0.459,+0.880,-0.037)] base_grasp[frame=base pos=(+0.413,+0.080,+0.046) quat=(+0.117,-0.459,+0.880,-0.037)] tracking_reference[frame=base pos=(+0.398,+0.086,+0.044) quat=(+0.000,+1.000,+0.000,+0.000)] width=89.9mm target=cube@0.42,0.08,0.021 traj_log=logs/ros2_grasp_dynamic_avoidance.jsonl
[INFO] [1784882666.622665973] [mujoco_policy_backend]: wrist_roi_diag frame=1 projected_uv=(-17722.5,-6258.7) red_uv=not_visible depth=0.004m
[INFO] [1784882666.698497401] [mujoco_policy_backend]: obstacle_init stamp=1784882666.487420424 depth=296770 robot_mask_received=True self_rm=10430 workspace=8524 table_rm=0 raw_obstacle=8524 persistent=324 voxels=324 mode=dynamic frame=6/5 bbox_min=(+0.083,-0.037,+0.057) bbox_max=(+0.355,+0.100,+0.320)
[INFO] [1784882667.188467420] [mujoco_policy_backend]: obstacle_init stamp=1784882666.935470682 depth=292580 robot_mask_received=True self_rm=14620 workspace=1495 table_rm=0 raw_obstacle=1495 persistent=118 voxels=118 mode=dynamic frame=7/5 bbox_min=(+0.185,+0.080,+0.056) bbox_max=(+0.206,+0.101,+0.320)
[INFO] [1784882667.478973473] [mujoco_policy_backend]: obstacle_init stamp=1784882667.251937147 depth=292979 robot_mask_received=True self_rm=14221 workspace=1495 table_rm=0 raw_obstacle=1495 persistent=116 voxels=116 mode=dynamic frame=8/5 bbox_min=(+0.187,+0.080,+0.056) bbox_max=(+0.206,+0.101,+0.320)
[INFO] [1784882667.679534486] [mujoco_policy_backend]: obstacle_init stamp=1784882667.422219135 depth=293448 robot_mask_received=True self_rm=13752 workspace=1491 table_rm=0 raw_obstacle=1491 persistent=118 voxels=118 mode=dynamic frame=9/5 bbox_min=(+0.187,+0.079,+0.055) bbox_max=(+0.207,+0.101,+0.320)
[INFO] [1784882667.990516964] [mujoco_policy_backend]: obstacle_init stamp=1784882667.742146603 depth=293946 robot_mask_received=True self_rm=13254 workspace=1489 table_rm=0 raw_obstacle=1489 persistent=118 voxels=118 mode=dynamic frame=10/5 bbox_min=(+0.188,+0.079,+0.055) bbox_max=(+0.207,+0.101,+0.320)
[INFO] [1784882668.153891541] [mujoco_policy_backend]: obstacle_init stamp=1784882667.927690870 depth=294276 robot_mask_received=True self_rm=12924 workspace=1481 table_rm=0 raw_obstacle=1481 persistent=117 voxels=117 mode=dynamic frame=11/5 bbox_min=(+0.188,+0.080,+0.056) bbox_max=(+0.207,+0.101,+0.320)
[INFO] [1784882668.551639910] [mujoco_policy_backend]: obstacle_init stamp=1784882668.223645624 depth=294549 robot_mask_received=True self_rm=12651 workspace=1479 table_rm=0 raw_obstacle=1479 persistent=118 voxels=118 mode=dynamic frame=12/5 bbox_min=(+0.188,+0.079,+0.055) bbox_max=(+0.208,+0.101,+0.320)
[INFO] [1784882668.688610762] [mujoco_policy_backend]: obstacle_init stamp=1784882668.406675428 depth=294761 robot_mask_received=True self_rm=12439 workspace=1480 table_rm=0 raw_obstacle=1480 persistent=111 voxels=111 mode=dynamic frame=13/5 bbox_min=(+0.189,+0.079,+0.056) bbox_max=(+0.208,+0.101,+0.320)
[INFO] [1784882668.899720699] [mujoco_policy_backend]: obstacle_init stamp=1784882668.627125602 depth=294818 robot_mask_received=True self_rm=12382 workspace=1473 table_rm=0 raw_obstacle=1473 persistent=111 voxels=111 mode=dynamic frame=14/5 bbox_min=(+0.189,+0.079,+0.055) bbox_max=(+0.209,+0.101,+0.320)
[INFO] [1784882669.093894490] [mujoco_policy_backend]: obstacle_init stamp=1784882668.855148941 depth=294770 robot_mask_received=True self_rm=12430 workspace=1469 table_rm=0 raw_obstacle=1469 persistent=110 voxels=110 mode=dynamic frame=15/5 bbox_min=(+0.189,+0.079,+0.056) bbox_max=(+0.209,+0.101,+0.320)
[INFO] [1784882669.252472359] [mujoco_policy_backend]: wrist_roi_diag frame=11 projected_uv=(352.9,88.6) red_uv=(340.5,122.9) offset=36.4px depth=0.103m
[INFO] [1784882669.407364289] [mujoco_policy_backend]: obstacle_init stamp=1784882669.166520782 depth=294749 robot_mask_received=True self_rm=12451 workspace=1471 table_rm=0 raw_obstacle=1471 persistent=103 voxels=103 mode=dynamic frame=16/5 bbox_min=(+0.189,+0.079,+0.056) bbox_max=(+0.209,+0.102,+0.320)
[INFO] [1784882669.561052283] [mujoco_policy_backend]: obstacle_init stamp=1784882669.344271015 depth=294726 robot_mask_received=True self_rm=12474 workspace=1463 table_rm=0 raw_obstacle=1463 persistent=100 voxels=100 mode=dynamic frame=17/5 bbox_min=(+0.189,+0.079,+0.056) bbox_max=(+0.209,+0.102,+0.320)
[INFO] [1784882669.948724819] [mujoco_policy_backend]: obstacle_init stamp=1784882669.648397460 depth=294716 robot_mask_received=True self_rm=12484 workspace=1463 table_rm=0 raw_obstacle=1463 persistent=99 voxels=99 mode=dynamic frame=18/5 bbox_min=(+0.189,+0.079,+0.056) bbox_max=(+0.210,+0.102,+0.320)
[INFO] [1784882670.080339776] [mujoco_policy_backend]: obstacle_init stamp=1784882669.841273904 depth=294704 robot_mask_received=True self_rm=12496 workspace=1462 table_rm=0 raw_obstacle=1462 persistent=98 voxels=98 mode=dynamic frame=19/5 bbox_min=(+0.190,+0.079,+0.056) bbox_max=(+0.210,+0.102,+0.320)
[INFO] [1784882670.379918562] [mujoco_policy_backend]: obstacle_init stamp=1784882670.144829743 depth=294731 robot_mask_received=True self_rm=12469 workspace=1462 table_rm=0 raw_obstacle=1462 persistent=97 voxels=97 mode=dynamic frame=20/5 bbox_min=(+0.190,+0.079,+0.057) bbox_max=(+0.210,+0.102,+0.320)
[INFO] [1784882670.573991392] [mujoco_policy_backend]: obstacle_init stamp=1784882670.328674008 depth=294759 robot_mask_received=True self_rm=12441 workspace=1457 table_rm=0 raw_obstacle=1457 persistent=97 voxels=97 mode=dynamic frame=21/5 bbox_min=(+0.190,+0.078,+0.057) bbox_max=(+0.210,+0.102,+0.320)
[INFO] [1784882670.886444933] [mujoco_policy_backend]: obstacle_init stamp=1784882670.618243550 depth=294778 robot_mask_received=True self_rm=12422 workspace=1454 table_rm=0 raw_obstacle=1454 persistent=98 voxels=98 mode=dynamic frame=22/5 bbox_min=(+0.190,+0.078,+0.056) bbox_max=(+0.211,+0.102,+0.320)
[INFO] [1784882670.973284589] [mujoco_policy_backend]: obstacle_init stamp=1784882670.810099710 depth=294778 robot_mask_received=True self_rm=12422 workspace=1532 table_rm=0 raw_obstacle=1532 persistent=132 voxels=132 mode=dynamic frame=23/5 bbox_min=(+0.071,-0.033,+0.057) bbox_max=(+0.358,+0.102,+0.320)
[INFO] [1784882671.452137874] [mujoco_policy_backend]: obstacle_init stamp=1784882671.284331037 depth=294847 robot_mask_received=True self_rm=12353 workspace=1454 table_rm=0 raw_obstacle=1454 persistent=94 voxels=94 mode=dynamic frame=24/5 bbox_min=(+0.190,+0.078,+0.057) bbox_max=(+0.211,+0.102,+0.320)
[INFO] [1784882671.881633783] [mujoco_policy_backend]: obstacle_init stamp=1784882671.573025648 depth=294923 robot_mask_received=True self_rm=12277 workspace=1454 table_rm=0 raw_obstacle=1454 persistent=93 voxels=93 mode=dynamic frame=25/5 bbox_min=(+0.190,+0.078,+0.057) bbox_max=(+0.211,+0.102,+0.320)
[INFO] [1784882671.883607954] [mujoco_policy_backend]: wrist_roi_diag frame=21 projected_uv=(564.0,16.1) red_uv=(526.1,82.2) offset=76.3px depth=0.094m
[INFO] [1784882671.979675517] [mujoco_policy_backend]: obstacle_init stamp=1784882671.752918777 depth=294964 robot_mask_received=True self_rm=12236 workspace=1453 table_rm=0 raw_obstacle=1453 persistent=91 voxels=91 mode=dynamic frame=26/5 bbox_min=(+0.190,+0.078,+0.057) bbox_max=(+0.211,+0.102,+0.320)
[INFO] [1784882672.290986598] [mujoco_policy_backend]: obstacle_init stamp=1784882672.064424051 depth=295013 robot_mask_received=True self_rm=12187 workspace=1453 table_rm=0 raw_obstacle=1453 persistent=92 voxels=92 mode=dynamic frame=27/5 bbox_min=(+0.190,+0.078,+0.057) bbox_max=(+0.211,+0.102,+0.320)
[INFO] [1784882672.458872749] [mujoco_policy_backend]: obstacle_init stamp=1784882672.239696079 depth=295036 robot_mask_received=True self_rm=12164 workspace=1450 table_rm=0 raw_obstacle=1450 persistent=90 voxels=90 mode=dynamic frame=28/5 bbox_min=(+0.190,+0.078,+0.057) bbox_max=(+0.212,+0.099,+0.320)
[INFO] [1784882672.779555477] [mujoco_policy_backend]: obstacle_init stamp=1784882672.569176686 depth=295077 robot_mask_received=True self_rm=12123 workspace=1449 table_rm=0 raw_obstacle=1449 persistent=89 voxels=89 mode=dynamic frame=29/5 bbox_min=(+0.190,+0.078,+0.057) bbox_max=(+0.212,+0.099,+0.320)
[INFO] [1784882672.966681510] [mujoco_policy_backend]: obstacle_init stamp=1784882672.788591444 depth=295112 robot_mask_received=True self_rm=12088 workspace=1450 table_rm=0 raw_obstacle=1450 persistent=89 voxels=89 mode=dynamic frame=30/5 bbox_min=(+0.190,+0.078,+0.055) bbox_max=(+0.212,+0.101,+0.320)
[INFO] [1784882673.294039397] [mujoco_policy_backend]: obstacle_init stamp=1784882673.088909425 depth=295165 robot_mask_received=True self_rm=12035 workspace=1450 table_rm=0 raw_obstacle=1450 persistent=89 voxels=89 mode=dynamic frame=31/5 bbox_min=(+0.190,+0.078,+0.055) bbox_max=(+0.212,+0.101,+0.320)
[INFO] [1784882673.474539582] [mujoco_policy_backend]: obstacle_init stamp=1784882673.315478566 depth=295197 robot_mask_received=True self_rm=12003 workspace=1450 table_rm=0 raw_obstacle=1450 persistent=89 voxels=89 mode=dynamic frame=32/5 bbox_min=(+0.190,+0.078,+0.055) bbox_max=(+0.212,+0.101,+0.320)
[INFO] [1784882673.842236807] [mujoco_policy_backend]: obstacle_init stamp=1784882673.573771017 depth=295223 robot_mask_received=True self_rm=11977 workspace=1449 table_rm=0 raw_obstacle=1449 persistent=89 voxels=89 mode=dynamic frame=33/5 bbox_min=(+0.190,+0.078,+0.057) bbox_max=(+0.212,+0.100,+0.320)
[INFO] [1784882673.973876009] [mujoco_policy_backend]: obstacle_init stamp=1784882673.747171733 depth=295281 robot_mask_received=True self_rm=11919 workspace=1450 table_rm=0 raw_obstacle=1450 persistent=90 voxels=90 mode=dynamic frame=34/5 bbox_min=(+0.190,+0.078,+0.057) bbox_max=(+0.212,+0.100,+0.320)
[INFO] [1784882674.317989866] [mujoco_policy_backend]: obstacle_init stamp=1784882674.019706889 depth=295315 robot_mask_received=True self_rm=11885 workspace=1453 table_rm=0 raw_obstacle=1453 persistent=92 voxels=92 mode=dynamic frame=35/5 bbox_min=(+0.190,+0.078,+0.057) bbox_max=(+0.212,+0.102,+0.320)
[INFO] [1784882674.334367429] [mujoco_policy_backend]: wrist_roi_diag frame=31 projected_uv=(631.9,-246.5) red_uv=(515.6,13.1) offset=284.5px depth=0.075m
[INFO] [1784882674.471580688] [mujoco_policy_backend]: obstacle_init stamp=1784882674.205208136 depth=295344 robot_mask_received=True self_rm=11856 workspace=1453 table_rm=0 raw_obstacle=1453 persistent=91 voxels=91 mode=dynamic frame=36/5 bbox_min=(+0.190,+0.078,+0.057) bbox_max=(+0.212,+0.102,+0.320)
[INFO] [1784882674.655790934] [mujoco_policy_backend]: obstacle_init stamp=1784882674.428678932 depth=295391 robot_mask_received=True self_rm=11809 workspace=1454 table_rm=0 raw_obstacle=1454 persistent=93 voxels=93 mode=dynamic frame=37/5 bbox_min=(+0.190,+0.078,+0.057) bbox_max=(+0.212,+0.102,+0.320)
[INFO] [1784882674.983086023] [mujoco_policy_backend]: obstacle_init stamp=1784882674.743026167 depth=295439 robot_mask_received=True self_rm=11761 workspace=1454 table_rm=0 raw_obstacle=1454 persistent=94 voxels=94 mode=dynamic frame=38/5 bbox_min=(+0.190,+0.078,+0.057) bbox_max=(+0.211,+0.102,+0.320)
[INFO] [1784882675.216858011] [mujoco_policy_backend]: obstacle_init stamp=1784882674.919491116 depth=295456 robot_mask_received=True self_rm=11744 workspace=1452 table_rm=0 raw_obstacle=1452 persistent=94 voxels=94 mode=dynamic frame=39/5 bbox_min=(+0.190,+0.078,+0.057) bbox_max=(+0.211,+0.102,+0.320)
[INFO] [1784882675.369661756] [mujoco_policy_backend]: obstacle_init stamp=1784882675.156900331 depth=295501 robot_mask_received=True self_rm=11699 workspace=1454 table_rm=0 raw_obstacle=1454 persistent=98 voxels=98 mode=dynamic frame=40/5 bbox_min=(+0.190,+0.078,+0.057) bbox_max=(+0.211,+0.102,+0.320)
[INFO] [1784882675.747449665] [mujoco_policy_backend]: obstacle_init stamp=1784882675.463709667 depth=295523 robot_mask_received=True self_rm=11677 workspace=1457 table_rm=0 raw_obstacle=1457 persistent=97 voxels=97 mode=dynamic frame=41/5 bbox_min=(+0.190,+0.078,+0.058) bbox_max=(+0.211,+0.102,+0.320)
[INFO] [1784882675.861272708] [mujoco_policy_backend]: obstacle_init stamp=1784882675.635262034 depth=295547 robot_mask_received=True self_rm=11653 workspace=1462 table_rm=0 raw_obstacle=1462 persistent=97 voxels=97 mode=dynamic frame=42/5 bbox_min=(+0.190,+0.078,+0.057) bbox_max=(+0.211,+0.102,+0.320)
[INFO] [1784882676.191872737] [mujoco_policy_backend]: obstacle_init stamp=1784882675.928396164 depth=295577 robot_mask_received=True self_rm=11623 workspace=1462 table_rm=0 raw_obstacle=1462 persistent=98 voxels=98 mode=dynamic frame=43/5 bbox_min=(+0.190,+0.078,+0.057) bbox_max=(+0.211,+0.102,+0.320)
[INFO] [1784882676.411661461] [mujoco_policy_backend]: obstacle_init stamp=1784882676.112449940 depth=295602 robot_mask_received=True self_rm=11598 workspace=1463 table_rm=0 raw_obstacle=1463 persistent=99 voxels=99 mode=dynamic frame=44/5 bbox_min=(+0.190,+0.079,+0.057) bbox_max=(+0.210,+0.102,+0.320)
[INFO] [1784882676.574666441] [mujoco_policy_backend]: obstacle_init stamp=1784882676.363698410 depth=295618 robot_mask_received=True self_rm=11582 workspace=1463 table_rm=0 raw_obstacle=1463 persistent=100 voxels=100 mode=dynamic frame=45/5 bbox_min=(+0.190,+0.079,+0.058) bbox_max=(+0.210,+0.102,+0.320)
[INFO] [1784882676.748140678] [mujoco_policy_backend]: wrist_roi_diag frame=41 projected_uv=(523.4,-619.3) red_uv=not_visible depth=0.059m
[INFO] [1784882676.884437110] [mujoco_policy_backend]: obstacle_init stamp=1784882676.660240638 depth=295645 robot_mask_received=True self_rm=11555 workspace=1471 table_rm=0 raw_obstacle=1471 persistent=103 voxels=103 mode=dynamic frame=46/5 bbox_min=(+0.190,+0.079,+0.057) bbox_max=(+0.210,+0.102,+0.320)
[INFO] [1784882677.064037857] [mujoco_policy_backend]: obstacle_init stamp=1784882676.842272791 depth=295655 robot_mask_received=True self_rm=11545 workspace=1469 table_rm=0 raw_obstacle=1469 persistent=110 voxels=110 mode=dynamic frame=47/5 bbox_min=(+0.189,+0.079,+0.058) bbox_max=(+0.210,+0.102,+0.320)
[INFO] [1784882677.430144624] [mujoco_policy_backend]: obstacle_init stamp=1784882677.157805567 depth=295671 robot_mask_received=True self_rm=11529 workspace=1473 table_rm=0 raw_obstacle=1473 persistent=111 voxels=111 mode=dynamic frame=48/5 bbox_min=(+0.189,+0.079,+0.057) bbox_max=(+0.209,+0.102,+0.320)
[INFO] [1784882677.579540836] [mujoco_policy_backend]: obstacle_init stamp=1784882677.330094864 depth=295686 robot_mask_received=True self_rm=11514 workspace=1480 table_rm=0 raw_obstacle=1480 persistent=111 voxels=111 mode=dynamic frame=49/5 bbox_min=(+0.189,+0.079,+0.057) bbox_max=(+0.209,+0.101,+0.320)
[INFO] [1784882677.939823505] [mujoco_policy_backend]: obstacle_init stamp=1784882677.647814360 depth=295706 robot_mask_received=True self_rm=11494 workspace=1479 table_rm=0 raw_obstacle=1479 persistent=118 voxels=118 mode=dynamic frame=50/5 bbox_min=(+0.189,+0.079,+0.056) bbox_max=(+0.209,+0.101,+0.320)
[INFO] [1784882678.142745630] [mujoco_policy_backend]: obstacle_init stamp=1784882677.833323827 depth=295713 robot_mask_received=True self_rm=11487 workspace=1481 table_rm=0 raw_obstacle=1481 persistent=117 voxels=117 mode=dynamic frame=51/5 bbox_min=(+0.189,+0.079,+0.056) bbox_max=(+0.209,+0.101,+0.320)
[INFO] [1784882678.263304884] [mujoco_policy_backend]: obstacle_init stamp=1784882678.054354335 depth=295720 robot_mask_received=True self_rm=11480 workspace=1489 table_rm=0 raw_obstacle=1489 persistent=118 voxels=118 mode=dynamic frame=52/5 bbox_min=(+0.189,+0.079,+0.057) bbox_max=(+0.208,+0.101,+0.320)
[INFO] [1784882678.563725127] [mujoco_policy_backend]: obstacle_init stamp=1784882678.379959163 depth=295738 robot_mask_received=True self_rm=11462 workspace=1491 table_rm=0 raw_obstacle=1491 persistent=118 voxels=118 mode=dynamic frame=53/5 bbox_min=(+0.189,+0.080,+0.056) bbox_max=(+0.208,+0.101,+0.320)
[INFO] [1784882678.924182694] [mujoco_policy_backend]: obstacle_init stamp=1784882678.616711202 depth=295749 robot_mask_received=True self_rm=11451 workspace=1495 table_rm=0 raw_obstacle=1495 persistent=116 voxels=116 mode=dynamic frame=54/5 bbox_min=(+0.188,+0.080,+0.057) bbox_max=(+0.207,+0.101,+0.320)
[INFO] [1784882679.140083734] [mujoco_policy_backend]: obstacle_init stamp=1784882678.802821653 depth=295750 robot_mask_received=True self_rm=11450 workspace=1495 table_rm=0 raw_obstacle=1495 persistent=118 voxels=118 mode=dynamic frame=55/5 bbox_min=(+0.188,+0.080,+0.057) bbox_max=(+0.207,+0.101,+0.320)
[INFO] [1784882679.180061070] [mujoco_policy_backend]: wrist_roi_diag frame=51 projected_uv=(231.5,-1127.8) red_uv=not_visible depth=0.044m
[INFO] [1784882679.274954732] [mujoco_policy_backend]: obstacle_init stamp=1784882679.044379934 depth=295768 robot_mask_received=True self_rm=11432 workspace=1501 table_rm=0 raw_obstacle=1501 persistent=110 voxels=110 mode=dynamic frame=56/5 bbox_min=(+0.188,+0.080,+0.057) bbox_max=(+0.207,+0.100,+0.320)
[INFO] [1784882679.637537622] [mujoco_policy_backend]: obstacle_init stamp=1784882679.342319670 depth=295763 robot_mask_received=True self_rm=11437 workspace=1506 table_rm=0 raw_obstacle=1506 persistent=90 voxels=90 mode=dynamic frame=57/5 bbox_min=(+0.188,+0.080,+0.057) bbox_max=(+0.206,+0.100,+0.320)
[INFO] [1784882679.771597334] [mujoco_policy_backend]: obstacle_init stamp=1784882679.517571333 depth=295780 robot_mask_received=True self_rm=11420 workspace=1511 table_rm=0 raw_obstacle=1511 persistent=96 voxels=96 mode=dynamic frame=58/5 bbox_min=(+0.188,+0.081,+0.057) bbox_max=(+0.206,+0.100,+0.320)
[INFO] [1784882679.977797152] [mujoco_policy_backend]: obstacle_init stamp=1784882679.746757607 depth=295817 robot_mask_received=True self_rm=11383 workspace=1515 table_rm=0 raw_obstacle=1515 persistent=94 voxels=94 mode=dynamic frame=59/5 bbox_min=(+0.187,+0.081,+0.057) bbox_max=(+0.205,+0.100,+0.320)
[INFO] [1784882680.278262931] [mujoco_policy_backend]: obstacle_init stamp=1784882680.000622679 depth=295848 robot_mask_received=True self_rm=11352 workspace=1519 table_rm=0 raw_obstacle=1519 persistent=95 voxels=95 mode=dynamic frame=60/5 bbox_min=(+0.187,+0.081,+0.056) bbox_max=(+0.205,+0.100,+0.320)
[INFO] [1784882680.399844679] [mujoco_policy_backend]: obstacle_init stamp=1784882680.196843337 depth=295848 robot_mask_received=True self_rm=11352 workspace=1662 table_rm=0 raw_obstacle=1662 persistent=130 voxels=130 mode=dynamic frame=61/5 bbox_min=(+0.034,-0.077,+0.056) bbox_max=(+0.303,+0.099,+0.320)
[INFO] [1784882680.669907403] [mujoco_policy_backend]: obstacle_init stamp=1784882680.518103314 depth=295932 robot_mask_received=True self_rm=11268 workspace=1529 table_rm=0 raw_obstacle=1529 persistent=76 voxels=76 mode=dynamic frame=62/5 bbox_min=(+0.179,+0.078,+0.057) bbox_max=(+0.203,+0.099,+0.320)
[INFO] [1784882680.968751783] [mujoco_policy_backend]: obstacle_init stamp=1784882680.777096808 depth=296026 robot_mask_received=True self_rm=11174 workspace=1531 table_rm=0 raw_obstacle=1531 persistent=79 voxels=79 mode=dynamic frame=63/5 bbox_min=(+0.179,+0.078,+0.057) bbox_max=(+0.203,+0.099,+0.320)
[INFO] [1784882681.171448378] [mujoco_policy_backend]: obstacle_init stamp=1784882680.970417344 depth=296087 robot_mask_received=True self_rm=11113 workspace=1542 table_rm=0 raw_obstacle=1542 persistent=85 voxels=85 mode=dynamic frame=64/5 bbox_min=(+0.179,+0.078,+0.057) bbox_max=(+0.203,+0.099,+0.320)
[INFO] [1784882681.523763820] [mujoco_policy_backend]: obstacle_init stamp=1784882681.268746289 depth=296088 robot_mask_received=True self_rm=11112 workspace=1543 table_rm=0 raw_obstacle=1543 persistent=85 voxels=85 mode=dynamic frame=65/5 bbox_min=(+0.179,+0.078,+0.057) bbox_max=(+0.202,+0.099,+0.320)
[INFO] [1784882681.576874805] [mujoco_policy_backend]: wrist_roi_diag frame=61 projected_uv=(-252.3,-1335.7) red_uv=not_visible depth=0.038m
[INFO] [1784882681.660163753] [mujoco_policy_backend]: obstacle_init stamp=1784882681.442166360 depth=296097 robot_mask_received=True self_rm=11103 workspace=1550 table_rm=0 raw_obstacle=1550 persistent=90 voxels=90 mode=dynamic frame=66/5 bbox_min=(+0.179,+0.078,+0.058) bbox_max=(+0.202,+0.099,+0.320)
[INFO] [1784882681.997189520] [mujoco_policy_backend]: obstacle_init stamp=1784882681.754887307 depth=296079 robot_mask_received=True self_rm=11121 workspace=1553 table_rm=0 raw_obstacle=1553 persistent=91 voxels=91 mode=dynamic frame=67/5 bbox_min=(+0.179,+0.078,+0.057) bbox_max=(+0.201,+0.099,+0.320)
[INFO] [1784882682.181216249] [mujoco_policy_backend]: obstacle_init stamp=1784882681.926843897 depth=296042 robot_mask_received=True self_rm=11158 workspace=1562 table_rm=0 raw_obstacle=1562 persistent=91 voxels=91 mode=dynamic frame=68/5 bbox_min=(+0.179,+0.078,+0.057) bbox_max=(+0.201,+0.099,+0.320)
[INFO] [1784882682.376316439] [mujoco_policy_backend]: obstacle_init stamp=1784882682.202954796 depth=296036 robot_mask_received=True self_rm=11164 workspace=1564 table_rm=0 raw_obstacle=1564 persistent=97 voxels=97 mode=dynamic frame=69/5 bbox_min=(+0.178,+0.078,+0.058) bbox_max=(+0.200,+0.102,+0.320)
[INFO] [1784882682.712426659] [mujoco_policy_backend]: obstacle_init stamp=1784882682.463805825 depth=296013 robot_mask_received=True self_rm=11187 workspace=1574 table_rm=0 raw_obstacle=1574 persistent=99 voxels=99 mode=dynamic frame=70/5 bbox_min=(+0.178,+0.078,+0.057) bbox_max=(+0.199,+0.102,+0.320)
[INFO] [1784882682.880835432] [mujoco_policy_backend]: obstacle_init stamp=1784882682.639994917 depth=295999 robot_mask_received=True self_rm=11201 workspace=1574 table_rm=0 raw_obstacle=1574 persistent=102 voxels=102 mode=dynamic frame=71/5 bbox_min=(+0.178,+0.079,+0.057) bbox_max=(+0.199,+0.102,+0.320)
[INFO] [1784882683.198309884] [mujoco_policy_backend]: obstacle_init stamp=1784882682.892962700 depth=295988 robot_mask_received=True self_rm=11212 workspace=1585 table_rm=0 raw_obstacle=1585 persistent=112 voxels=112 mode=dynamic frame=72/5 bbox_min=(+0.177,+0.079,+0.058) bbox_max=(+0.198,+0.102,+0.320)
[INFO] [1784882683.414976249] [mujoco_policy_backend]: obstacle_init stamp=1784882683.092552599 depth=295990 robot_mask_received=True self_rm=11210 workspace=1589 table_rm=0 raw_obstacle=1589 persistent=118 voxels=118 mode=dynamic frame=73/5 bbox_min=(+0.177,+0.079,+0.058) bbox_max=(+0.197,+0.101,+0.320)
[INFO] [1784882683.594200689] [mujoco_policy_backend]: obstacle_init stamp=1784882683.330323255 depth=295970 robot_mask_received=True self_rm=11230 workspace=1594 table_rm=0 raw_obstacle=1594 persistent=119 voxels=119 mode=dynamic frame=74/5 bbox_min=(+0.177,+0.079,+0.057) bbox_max=(+0.197,+0.101,+0.320)
[INFO] [1784882683.877837461] [mujoco_policy_backend]: obstacle_init stamp=1784882683.604113888 depth=295982 robot_mask_received=True self_rm=11218 workspace=1606 table_rm=0 raw_obstacle=1606 persistent=118 voxels=118 mode=dynamic frame=75/5 bbox_min=(+0.176,+0.079,+0.058) bbox_max=(+0.196,+0.101,+0.320)
[INFO] [1784882683.927733381] [mujoco_policy_backend]: wrist_roi_diag frame=71 projected_uv=(-1167.2,-1401.3) red_uv=not_visible depth=0.034m
[INFO] [1784882684.095786062] [mujoco_policy_backend]: obstacle_init stamp=1784882683.803063659 depth=295993 robot_mask_received=True self_rm=11207 workspace=1607 table_rm=0 raw_obstacle=1607 persistent=117 voxels=117 mode=dynamic frame=76/5 bbox_min=(+0.176,+0.080,+0.057) bbox_max=(+0.196,+0.101,+0.320)
[INFO] [1784882684.260451081] [mujoco_policy_backend]: obstacle_init stamp=1784882684.024465089 depth=296021 robot_mask_received=True self_rm=11179 workspace=1611 table_rm=0 raw_obstacle=1611 persistent=107 voxels=107 mode=dynamic frame=77/5 bbox_min=(+0.176,+0.080,+0.057) bbox_max=(+0.195,+0.101,+0.320)
[INFO] [1784882684.459668394] [mujoco_policy_backend]: obstacle_init stamp=1784882684.281004537 depth=296041 robot_mask_received=True self_rm=11159 workspace=1621 table_rm=0 raw_obstacle=1621 persistent=94 voxels=94 mode=dynamic frame=78/5 bbox_min=(+0.175,+0.080,+0.058) bbox_max=(+0.194,+0.100,+0.320)
[INFO] [1784882684.804470414] [mujoco_policy_backend]: obstacle_init stamp=1784882684.570091937 depth=296066 robot_mask_received=True self_rm=11134 workspace=1630 table_rm=0 raw_obstacle=1630 persistent=95 voxels=95 mode=dynamic frame=79/5 bbox_min=(+0.175,+0.081,+0.057) bbox_max=(+0.194,+0.100,+0.320)
[INFO] [1784882684.959565556] [mujoco_policy_backend]: obstacle_init stamp=1784882684.743427087 depth=296103 robot_mask_received=True self_rm=11097 workspace=1633 table_rm=0 raw_obstacle=1633 persistent=95 voxels=95 mode=dynamic frame=80/5 bbox_min=(+0.175,+0.078,+0.058) bbox_max=(+0.193,+0.100,+0.320)
[INFO] [1784882685.349971672] [mujoco_policy_backend]: obstacle_init stamp=1784882685.062587386 depth=296138 robot_mask_received=True self_rm=11062 workspace=1639 table_rm=0 raw_obstacle=1639 persistent=76 voxels=76 mode=dynamic frame=81/5 bbox_min=(+0.168,+0.078,+0.057) bbox_max=(+0.191,+0.100,+0.320)
[INFO] [1784882685.552446254] [mujoco_policy_backend]: obstacle_init stamp=1784882685.246374381 depth=296175 robot_mask_received=True self_rm=11025 workspace=1648 table_rm=0 raw_obstacle=1648 persistent=81 voxels=81 mode=dynamic frame=82/5 bbox_min=(+0.168,+0.078,+0.057) bbox_max=(+0.191,+0.100,+0.320)
[INFO] [1784882685.672656284] [mujoco_policy_backend]: obstacle_init stamp=1784882685.465651721 depth=296201 robot_mask_received=True self_rm=10999 workspace=1656 table_rm=0 raw_obstacle=1656 persistent=87 voxels=87 mode=dynamic frame=83/5 bbox_min=(+0.168,+0.078,+0.057) bbox_max=(+0.190,+0.099,+0.320)
[INFO] [1784882686.040307429] [mujoco_policy_backend]: obstacle_init stamp=1784882685.765243703 depth=296224 robot_mask_received=True self_rm=10976 workspace=1660 table_rm=0 raw_obstacle=1660 persistent=91 voxels=91 mode=dynamic frame=84/5 bbox_min=(+0.167,+0.078,+0.057) bbox_max=(+0.190,+0.099,+0.320)
[INFO] [1784882686.187166355] [mujoco_policy_backend]: obstacle_init stamp=1784882685.941483178 depth=296268 robot_mask_received=True self_rm=10932 workspace=1666 table_rm=0 raw_obstacle=1666 persistent=90 voxels=90 mode=dynamic frame=85/5 bbox_min=(+0.167,+0.078,+0.058) bbox_max=(+0.189,+0.099,+0.320)
[INFO] [1784882686.338153910] [mujoco_policy_backend]: wrist_roi_diag frame=81 projected_uv=(-1270.4,-689.9) red_uv=not_visible depth=0.045m
[INFO] [1784882686.488423509] [mujoco_policy_backend]: obstacle_init stamp=1784882686.253054345 depth=296300 robot_mask_received=True self_rm=10900 workspace=1676 table_rm=0 raw_obstacle=1676 persistent=97 voxels=97 mode=dynamic frame=86/5 bbox_min=(+0.167,+0.078,+0.057) bbox_max=(+0.188,+0.102,+0.320)
[INFO] [1784882686.832241076] [mujoco_policy_backend]: obstacle_init stamp=1784882686.425857854 depth=296322 robot_mask_received=True self_rm=10878 workspace=1681 table_rm=0 raw_obstacle=1681 persistent=98 voxels=98 mode=dynamic frame=87/5 bbox_min=(+0.166,+0.078,+0.057) bbox_max=(+0.188,+0.102,+0.320)
[INFO] [1784882686.872092587] [mujoco_policy_backend]: obstacle_init stamp=1784882686.651677697 depth=296352 robot_mask_received=True self_rm=10848 workspace=1689 table_rm=0 raw_obstacle=1689 persistent=103 voxels=103 mode=dynamic frame=88/5 bbox_min=(+0.166,+0.079,+0.057) bbox_max=(+0.187,+0.102,+0.320)
[INFO] [1784882687.352832033] [mujoco_policy_backend]: obstacle_init stamp=1784882686.957726234 depth=296403 robot_mask_received=True self_rm=10797 workspace=1694 table_rm=0 raw_obstacle=1694 persistent=113 voxels=113 mode=dynamic frame=89/5 bbox_min=(+0.166,+0.079,+0.057) bbox_max=(+0.186,+0.102,+0.320)
[INFO] [1784882687.353821447] [mujoco_policy_backend]: obstacle_init stamp=1784882687.149066667 depth=296453 robot_mask_received=True self_rm=10747 workspace=1702 table_rm=0 raw_obstacle=1702 persistent=118 voxels=118 mode=dynamic frame=90/5 bbox_min=(+0.165,+0.079,+0.058) bbox_max=(+0.185,+0.101,+0.320)
[INFO] [1784882687.753924512] [mujoco_policy_backend]: obstacle_init stamp=1784882687.466835821 depth=296497 robot_mask_received=True self_rm=10703 workspace=1712 table_rm=0 raw_obstacle=1712 persistent=117 voxels=117 mode=dynamic frame=91/5 bbox_min=(+0.165,+0.079,+0.057) bbox_max=(+0.185,+0.101,+0.320)
[INFO] [1784882687.860123692] [mujoco_policy_backend]: obstacle_init stamp=1784882687.642709230 depth=296550 robot_mask_received=True self_rm=10650 workspace=1717 table_rm=0 raw_obstacle=1717 persistent=118 voxels=118 mode=dynamic frame=92/5 bbox_min=(+0.165,+0.080,+0.057) bbox_max=(+0.184,+0.101,+0.320)
[INFO] [1784882688.174194098] [mujoco_policy_backend]: obstacle_init stamp=1784882687.929880430 depth=296592 robot_mask_received=True self_rm=10608 workspace=1722 table_rm=0 raw_obstacle=1722 persistent=116 voxels=116 mode=dynamic frame=93/5 bbox_min=(+0.164,+0.080,+0.057) bbox_max=(+0.183,+0.101,+0.320)
[INFO] [1784882688.394687564] [mujoco_policy_backend]: obstacle_init stamp=1784882688.106676809 depth=296639 robot_mask_received=True self_rm=10561 workspace=1728 table_rm=0 raw_obstacle=1728 persistent=96 voxels=96 mode=dynamic frame=94/5 bbox_min=(+0.164,+0.080,+0.057) bbox_max=(+0.182,+0.100,+0.320)
[INFO] [1784882688.567038146] [mujoco_policy_backend]: obstacle_init stamp=1784882688.329565670 depth=296677 robot_mask_received=True self_rm=10523 workspace=1739 table_rm=0 raw_obstacle=1739 persistent=95 voxels=95 mode=dynamic frame=95/5 bbox_min=(+0.164,+0.080,+0.056) bbox_max=(+0.187,+0.105,+0.320)
[INFO] [1784882688.700801240] [mujoco_policy_backend]: wrist_roi_diag frame=91 projected_uv=(-977.1,-37.2) red_uv=not_visible depth=0.066m
[INFO] [1784882688.768900381] [mujoco_policy_backend]: obstacle_init stamp=1784882688.594955711 depth=296723 robot_mask_received=True self_rm=10477 workspace=1745 table_rm=0 raw_obstacle=1745 persistent=95 voxels=95 mode=dynamic frame=96/5 bbox_min=(+0.163,+0.081,+0.057) bbox_max=(+0.181,+0.100,+0.320)
[INFO] [1784882689.070834970] [mujoco_policy_backend]: obstacle_init stamp=1784882688.870018963 depth=296786 robot_mask_received=True self_rm=10414 workspace=1751 table_rm=0 raw_obstacle=1751 persistent=76 voxels=76 mode=dynamic frame=97/5 bbox_min=(+0.156,+0.078,+0.058) bbox_max=(+0.179,+0.100,+0.320)
[INFO] [1784882689.263649352] [mujoco_policy_backend]: obstacle_init stamp=1784882689.080979516 depth=296834 robot_mask_received=True self_rm=10366 workspace=1755 table_rm=0 raw_obstacle=1755 persistent=80 voxels=80 mode=dynamic frame=98/5 bbox_min=(+0.156,+0.078,+0.057) bbox_max=(+0.179,+0.099,+0.320)
[INFO] [1784882689.576995060] [mujoco_policy_backend]: obstacle_init stamp=1784882689.370020776 depth=296889 robot_mask_received=True self_rm=10311 workspace=1762 table_rm=0 raw_obstacle=1762 persistent=88 voxels=88 mode=dynamic frame=99/5 bbox_min=(+0.155,+0.078,+0.057) bbox_max=(+0.178,+0.100,+0.320)
[INFO] [1784882689.753557387] [mujoco_policy_backend]: obstacle_init stamp=1784882689.579010471 depth=296931 robot_mask_received=True self_rm=10269 workspace=1770 table_rm=0 raw_obstacle=1770 persistent=89 voxels=89 mode=dynamic frame=100/5 bbox_min=(+0.155,+0.078,+0.057) bbox_max=(+0.178,+0.099,+0.320)
[INFO] [1784882690.074942499] [mujoco_policy_backend]: obstacle_init stamp=1784882689.857353060 depth=296968 robot_mask_received=True self_rm=10232 workspace=1782 table_rm=0 raw_obstacle=1782 persistent=92 voxels=92 mode=dynamic frame=101/5 bbox_min=(+0.155,+0.078,+0.057) bbox_max=(+0.177,+0.100,+0.320)
[INFO] [1784882690.502497923] [mujoco_policy_backend]: obstacle_init stamp=1784882690.093566652 depth=297002 robot_mask_received=True self_rm=10198 workspace=1785 table_rm=0 raw_obstacle=1785 persistent=95 voxels=95 mode=dynamic frame=102/5 bbox_min=(+0.155,+0.078,+0.057) bbox_max=(+0.176,+0.102,+0.320)
[INFO] [1784882690.503820044] [mujoco_policy_backend]: obstacle_init stamp=1784882690.292053941 depth=297002 robot_mask_received=True self_rm=10198 workspace=1862 table_rm=0 raw_obstacle=1862 persistent=135 voxels=135 mode=dynamic frame=103/5 bbox_min=(+0.022,-0.077,+0.057) bbox_max=(+0.292,+0.102,+0.320)
[INFO] [1784882690.872983670] [mujoco_policy_backend]: obstacle_init stamp=1784882690.637535364 depth=297057 robot_mask_received=True self_rm=10143 workspace=1798 table_rm=0 raw_obstacle=1798 persistent=103 voxels=103 mode=dynamic frame=104/5 bbox_min=(+0.154,+0.079,+0.057) bbox_max=(+0.175,+0.102,+0.320)
[INFO] [1784882691.264220296] [mujoco_policy_backend]: obstacle_init stamp=1784882690.963794882 depth=297086 robot_mask_received=True self_rm=10114 workspace=1807 table_rm=0 raw_obstacle=1807 persistent=112 voxels=112 mode=dynamic frame=105/5 bbox_min=(+0.153,+0.079,+0.057) bbox_max=(+0.174,+0.102,+0.320)
[INFO] [1784882691.285547973] [mujoco_policy_backend]: wrist_roi_diag frame=101 projected_uv=(-447.1,325.8) red_uv=not_visible depth=0.107m
[INFO] [1784882691.364397982] [mujoco_policy_backend]: obstacle_init stamp=1784882691.148841723 depth=297125 robot_mask_received=True self_rm=10075 workspace=1812 table_rm=0 raw_obstacle=1812 persistent=118 voxels=118 mode=dynamic frame=106/5 bbox_min=(+0.153,+0.079,+0.057) bbox_max=(+0.174,+0.101,+0.320)
[INFO] [1784882691.707666421] [mujoco_policy_backend]: obstacle_init stamp=1784882691.463868094 depth=297163 robot_mask_received=True self_rm=10037 workspace=1817 table_rm=0 raw_obstacle=1817 persistent=118 voxels=118 mode=dynamic frame=107/5 bbox_min=(+0.153,+0.079,+0.057) bbox_max=(+0.173,+0.101,+0.320)
[INFO] [1784882691.855243540] [mujoco_policy_backend]: obstacle_init stamp=1784882691.638711908 depth=297162 robot_mask_received=True self_rm=10038 workspace=1825 table_rm=0 raw_obstacle=1825 persistent=117 voxels=117 mode=dynamic frame=108/5 bbox_min=(+0.152,+0.079,+0.057) bbox_max=(+0.172,+0.101,+0.320)
[INFO] [1784882692.186871406] [mujoco_policy_backend]: obstacle_init stamp=1784882691.927189426 depth=297187 robot_mask_received=True self_rm=10013 workspace=1833 table_rm=0 raw_obstacle=1833 persistent=116 voxels=116 mode=dynamic frame=109/5 bbox_min=(+0.152,+0.080,+0.057) bbox_max=(+0.171,+0.101,+0.320)
[INFO] [1784882692.412113007] [mujoco_policy_backend]: obstacle_init stamp=1784882692.108378368 depth=297188 robot_mask_received=True self_rm=10012 workspace=1835 table_rm=0 raw_obstacle=1835 persistent=101 voxels=101 mode=dynamic frame=110/5 bbox_min=(+0.152,+0.080,+0.058) bbox_max=(+0.171,+0.100,+0.320)
[INFO] [1784882692.580897643] [mujoco_policy_backend]: obstacle_init stamp=1784882692.337168850 depth=297171 robot_mask_received=True self_rm=10029 workspace=1844 table_rm=0 raw_obstacle=1844 persistent=91 voxels=91 mode=dynamic frame=111/5 bbox_min=(+0.151,+0.080,+0.057) bbox_max=(+0.170,+0.100,+0.320)
[INFO] [1784882692.868744054] [mujoco_policy_backend]: obstacle_init stamp=1784882692.674491286 depth=297159 robot_mask_received=True self_rm=10041 workspace=1852 table_rm=0 raw_obstacle=1852 persistent=95 voxels=95 mode=dynamic frame=112/5 bbox_min=(+0.151,+0.081,+0.057) bbox_max=(+0.169,+0.100,+0.320)
[INFO] [1784882693.078383483] [mujoco_policy_backend]: obstacle_init stamp=1784882692.877330606 depth=297146 robot_mask_received=True self_rm=10054 workspace=1859 table_rm=0 raw_obstacle=1859 persistent=92 voxels=92 mode=dynamic frame=113/5 bbox_min=(+0.144,+0.080,+0.057) bbox_max=(+0.169,+0.100,+0.320)
[INFO] [1784882693.394210208] [mujoco_policy_backend]: obstacle_init stamp=1784882693.144538849 depth=297136 robot_mask_received=True self_rm=10064 workspace=1861 table_rm=0 raw_obstacle=1861 persistent=75 voxels=75 mode=dynamic frame=114/5 bbox_min=(+0.144,+0.078,+0.057) bbox_max=(+0.167,+0.100,+0.320)
[INFO] [1784882693.599518934] [mujoco_policy_backend]: obstacle_init stamp=1784882693.321515389 depth=297113 robot_mask_received=True self_rm=10087 workspace=1870 table_rm=0 raw_obstacle=1870 persistent=82 voxels=82 mode=dynamic frame=115/5 bbox_min=(+0.144,+0.078,+0.057) bbox_max=(+0.167,+0.099,+0.320)
[INFO] [1784882693.684424540] [mujoco_policy_backend]: wrist_roi_diag frame=111 projected_uv=(-162.7,493.1) red_uv=not_visible depth=0.142m
[INFO] [1784882693.771113988] [mujoco_policy_backend]: obstacle_init stamp=1784882693.556979434 depth=297109 robot_mask_received=True self_rm=10091 workspace=1877 table_rm=0 raw_obstacle=1877 persistent=87 voxels=87 mode=dynamic frame=116/5 bbox_min=(+0.144,+0.078,+0.057) bbox_max=(+0.166,+0.099,+0.320)
[INFO] [1784882694.121240348] [mujoco_policy_backend]: obstacle_init stamp=1784882693.857115645 depth=297075 robot_mask_received=True self_rm=10125 workspace=1879 table_rm=0 raw_obstacle=1879 persistent=91 voxels=91 mode=dynamic frame=117/5 bbox_min=(+0.143,+0.078,+0.057) bbox_max=(+0.166,+0.099,+0.320)
[INFO] [1784882694.301569490] [mujoco_policy_backend]: obstacle_init stamp=1784882694.028223946 depth=297043 robot_mask_received=True self_rm=10157 workspace=1887 table_rm=0 raw_obstacle=1887 persistent=91 voxels=91 mode=dynamic frame=118/5 bbox_min=(+0.143,+0.078,+0.057) bbox_max=(+0.165,+0.099,+0.320)
[INFO] [1784882694.493146766] [mujoco_policy_backend]: obstacle_init stamp=1784882694.260624302 depth=297029 robot_mask_received=True self_rm=10171 workspace=1892 table_rm=0 raw_obstacle=1892 persistent=93 voxels=93 mode=dynamic frame=119/5 bbox_min=(+0.143,+0.078,+0.057) bbox_max=(+0.165,+0.099,+0.320)
[INFO] [1784882694.772025053] [mujoco_policy_backend]: obstacle_init stamp=1784882694.574931981 depth=297036 robot_mask_received=True self_rm=10164 workspace=1897 table_rm=0 raw_obstacle=1897 persistent=99 voxels=99 mode=dynamic frame=120/5 bbox_min=(+0.143,+0.078,+0.057) bbox_max=(+0.164,+0.102,+0.320)
[INFO] [1784882694.972158816] [mujoco_policy_backend]: obstacle_init stamp=1784882694.784095297 depth=297044 robot_mask_received=True self_rm=10156 workspace=1903 table_rm=0 raw_obstacle=1903 persistent=101 voxels=101 mode=dynamic frame=121/5 bbox_min=(+0.142,+0.078,+0.057) bbox_max=(+0.163,+0.102,+0.320)
[INFO] [1784882695.260269958] [mujoco_policy_backend]: obstacle_init stamp=1784882695.092762595 depth=297038 robot_mask_received=True self_rm=10162 workspace=1907 table_rm=0 raw_obstacle=1907 persistent=103 voxels=103 mode=dynamic frame=122/5 bbox_min=(+0.142,+0.078,+0.057) bbox_max=(+0.163,+0.102,+0.320)
[INFO] [1784882695.572834632] [mujoco_policy_backend]: obstacle_init stamp=1784882695.382469198 depth=297011 robot_mask_received=True self_rm=10189 workspace=1913 table_rm=0 raw_obstacle=1913 persistent=104 voxels=104 mode=dynamic frame=123/5 bbox_min=(+0.142,+0.079,+0.057) bbox_max=(+0.162,+0.102,+0.320)
[INFO] [1784882695.912733778] [mujoco_policy_backend]: obstacle_init stamp=1784882695.596097874 depth=296990 robot_mask_received=True self_rm=10210 workspace=1918 table_rm=0 raw_obstacle=1918 persistent=114 voxels=114 mode=dynamic frame=124/5 bbox_min=(+0.142,+0.079,+0.057) bbox_max=(+0.162,+0.102,+0.320)
[INFO] [1784882696.143309324] [mujoco_policy_backend]: obstacle_init stamp=1784882695.814282607 depth=296979 robot_mask_received=True self_rm=10221 workspace=1923 table_rm=0 raw_obstacle=1923 persistent=118 voxels=118 mode=dynamic frame=125/5 bbox_min=(+0.141,+0.079,+0.057) bbox_max=(+0.161,+0.101,+0.320)
[INFO] [1784882696.172279174] [mujoco_policy_backend]: wrist_roi_diag frame=121 projected_uv=(19.5,518.2) red_uv=not_visible depth=0.168m
[INFO] [1784882696.270001797] [mujoco_policy_backend]: obstacle_init stamp=1784882696.041766448 depth=296985 robot_mask_received=True self_rm=10215 workspace=1931 table_rm=0 raw_obstacle=1931 persistent=119 voxels=119 mode=dynamic frame=126/5 bbox_min=(+0.141,+0.079,+0.057) bbox_max=(+0.161,+0.101,+0.320)
[INFO] [1784882696.600794192] [mujoco_policy_backend]: obstacle_init stamp=1784882696.346595580 depth=296994 robot_mask_received=True self_rm=10206 workspace=1931 table_rm=0 raw_obstacle=1931 persistent=119 voxels=119 mode=dynamic frame=127/5 bbox_min=(+0.141,+0.079,+0.057) bbox_max=(+0.160,+0.101,+0.320)
[INFO] [1784882696.762594734] [mujoco_policy_backend]: obstacle_init stamp=1784882696.529775464 depth=296995 robot_mask_received=True self_rm=10205 workspace=1940 table_rm=0 raw_obstacle=1940 persistent=118 voxels=118 mode=dynamic frame=128/5 bbox_min=(+0.140,+0.080,+0.057) bbox_max=(+0.160,+0.101,+0.320)
[INFO] [1784882696.967836024] [mujoco_policy_backend]: obstacle_init stamp=1784882696.794673079 depth=296993 robot_mask_received=True self_rm=10207 workspace=1941 table_rm=0 raw_obstacle=1941 persistent=118 voxels=118 mode=dynamic frame=129/5 bbox_min=(+0.140,+0.080,+0.057) bbox_max=(+0.159,+0.101,+0.320)
[INFO] [1784882697.280187053] [mujoco_policy_backend]: obstacle_init stamp=1784882697.070537999 depth=296993 robot_mask_received=True self_rm=10207 workspace=1949 table_rm=0 raw_obstacle=1949 persistent=111 voxels=111 mode=dynamic frame=130/5 bbox_min=(+0.140,+0.080,+0.057) bbox_max=(+0.159,+0.100,+0.320)
[INFO] [1784882697.478921440] [mujoco_policy_backend]: obstacle_init stamp=1784882697.251497268 depth=296998 robot_mask_received=True self_rm=10202 workspace=1948 table_rm=0 raw_obstacle=1948 persistent=97 voxels=97 mode=dynamic frame=131/5 bbox_min=(+0.140,+0.080,+0.058) bbox_max=(+0.158,+0.100,+0.320)
[INFO] [1784882697.773283350] [mujoco_policy_backend]: obstacle_init stamp=1784882697.588887246 depth=297020 robot_mask_received=True self_rm=10180 workspace=1955 table_rm=0 raw_obstacle=1955 persistent=93 voxels=93 mode=dynamic frame=132/5 bbox_min=(+0.140,+0.080,+0.057) bbox_max=(+0.158,+0.100,+0.320)
[INFO] [1784882698.086120811] [mujoco_policy_backend]: obstacle_init stamp=1784882697.852701454 depth=297045 robot_mask_received=True self_rm=10155 workspace=1960 table_rm=0 raw_obstacle=1960 persistent=95 voxels=95 mode=dynamic frame=133/5 bbox_min=(+0.139,+0.081,+0.057) bbox_max=(+0.157,+0.100,+0.320)
[INFO] [1784882698.307040965] [mujoco_policy_backend]: obstacle_init stamp=1784882698.023733913 depth=297067 robot_mask_received=True self_rm=10133 workspace=1965 table_rm=0 raw_obstacle=1965 persistent=95 voxels=95 mode=dynamic frame=134/5 bbox_min=(+0.139,+0.081,+0.057) bbox_max=(+0.157,+0.100,+0.320)
[INFO] [1784882698.496059697] [mujoco_policy_backend]: obstacle_init stamp=1784882698.253195372 depth=297050 robot_mask_received=True self_rm=10150 workspace=1964 table_rm=0 raw_obstacle=1964 persistent=95 voxels=95 mode=dynamic frame=135/5 bbox_min=(+0.139,+0.081,+0.057) bbox_max=(+0.157,+0.099,+0.320)
[ERROR] [1784882698.677680034] [mujoco_policy_backend]: Error raised in execute callback: cannot use Destroyable because destruction was requested
