[INFO] [1785232389.835235973] [mujoco_policy_backend]: MuJoCo policy backend ready: action=execute_planned_grasp
[INFO] [1785232391.962830341] [mujoco_policy_backend]: obstacle_init stamp=1785232391.620671600 depth=296774 robot_mask_received=True self_rm=10426 workspace=0 table_rm=0 raw_obstacle=0 persistent=0 voxels=0 mode=dynamic frame=1/5 bbox=empty
[INFO] [1785232392.063223320] [mujoco_policy_backend]: obstacle_init stamp=1785232391.773145820 depth=296774 robot_mask_received=True self_rm=10426 workspace=0 table_rm=0 raw_obstacle=0 persistent=0 voxels=0 mode=dynamic frame=2/5 bbox=empty
[INFO] [1785232392.248420328] [mujoco_policy_backend]: obstacle_init stamp=1785232391.918886548 depth=296774 robot_mask_received=True self_rm=10426 workspace=0 table_rm=0 raw_obstacle=0 persistent=0 voxels=0 mode=dynamic frame=3/5 bbox=empty
[INFO] [1785232392.447197127] [mujoco_policy_backend]: obstacle_init stamp=1785232392.143475906 depth=296774 robot_mask_received=True self_rm=10426 workspace=0 table_rm=0 raw_obstacle=0 persistent=0 voxels=0 mode=dynamic frame=4/5 bbox=empty
[INFO] [1785232392.664700190] [mujoco_policy_backend]: obstacle_init stamp=1785232392.335574415 depth=296774 robot_mask_received=True self_rm=10426 workspace=0 table_rm=0 raw_obstacle=0 persistent=0 voxels=0 mode=dynamic frame=5/5 bbox=empty
[INFO] [1785232401.881989976] [mujoco_policy_backend]: planned grasp pose conversion: source=sim_mjcf raw_pregrasp[frame=scene_depth_optical pos=(+0.076,+0.035,+0.516) quat=(+0.513,+0.135,-0.082,+0.844)] raw_grasp[frame=scene_depth_optical pos=(+0.086,+0.016,+0.582) quat=(+0.513,+0.135,-0.082,+0.844)] base_pregrasp[frame=base pos=(+0.396,+0.065,+0.104) quat=(+0.135,-0.513,+0.844,+0.082)] base_grasp[frame=base pos=(+0.406,+0.084,+0.038) quat=(+0.135,-0.513,+0.844,+0.082)] tracking_reference[frame=base pos=(+0.420,+0.080,+0.036) quat=(+0.000,+1.000,+0.000,+0.000)] width=64.9mm target=cube@0.42,0.08,0.021 traj_log=logs/dynamic_cube_tracking.jsonl
[INFO] [1785232403.053344819] [mujoco_policy_backend]: wrist_roi_diag frame=1 projected_uv=(-3019.2,-858.5) red_uv=not_visible depth=0.028m
[INFO] [1785232403.765416853] [mujoco_policy_backend]: wrist_roi_diag frame=11 projected_uv=(156.5,350.3) red_uv=(200.1,358.1) offset=44.3px depth=0.130m
[INFO] [1785232404.376912102] [mujoco_policy_backend]: wrist_roi_diag frame=21 projected_uv=(27.9,253.0) red_uv=(48.6,239.4) offset=24.7px depth=0.095m
[INFO] [1785232404.970691153] [mujoco_policy_backend]: wrist_roi_diag frame=31 projected_uv=(62.1,-210.3) red_uv=(144.4,4.7) offset=230.2px depth=0.056m
[INFO] [1785232405.578692947] [mujoco_policy_backend]: wrist_roi_diag frame=41 projected_uv=(361.0,214.6) red_uv=(523.8,261.2) offset=169.4px depth=0.062m
[INFO] [1785232406.183517918] [mujoco_policy_backend]: wrist_roi_diag frame=51 projected_uv=(673.3,183.0) red_uv=(583.3,288.5) offset=138.6px depth=0.047m
[INFO] [1785232406.819911681] [mujoco_policy_backend]: wrist_roi_diag frame=61 projected_uv=(712.5,270.8) red_uv=(559.3,149.7) offset=195.2px depth=0.062m
[INFO] [1785232407.441009201] [mujoco_policy_backend]: wrist_roi_diag frame=71 projected_uv=(585.5,408.5) red_uv=(550.5,242.4) offset=169.8px depth=0.078m
[INFO] [1785232408.049524693] [mujoco_policy_backend]: wrist_roi_diag frame=81 projected_uv=(579.2,457.5) red_uv=(537.1,363.8) offset=102.7px depth=0.074m
[INFO] [1785232408.658533448] [mujoco_policy_backend]: wrist_roi_diag frame=91 projected_uv=(595.0,487.1) red_uv=(456.4,460.8) offset=141.0px depth=0.071m
[INFO] [1785232409.264601672] [mujoco_policy_backend]: wrist_roi_diag frame=101 projected_uv=(608.7,505.8) red_uv=not_visible depth=0.069m
[INFO] [1785232409.872107776] [mujoco_policy_backend]: wrist_roi_diag frame=111 projected_uv=(614.6,512.7) red_uv=not_visible depth=0.068m
[INFO] [1785232410.481365395] [mujoco_policy_backend]: wrist_roi_diag frame=121 projected_uv=(617.7,514.7) red_uv=(556.3,360.4) offset=166.0px depth=0.068m
[INFO] [1785232411.092266701] [mujoco_policy_backend]: wrist_roi_diag frame=131 projected_uv=(619.6,514.4) red_uv=(568.8,313.6) offset=207.2px depth=0.067m
[INFO] [1785232411.662511965] [mujoco_policy_backend]: wrist_roi_diag frame=141 projected_uv=(570.9,472.8) red_uv=(525.1,293.5) offset=185.0px depth=0.070m
[INFO] [1785232412.238584602] [mujoco_policy_backend]: obstacle_init stamp=1785232412.030093967 depth=296818 robot_mask_received=True self_rm=10382 workspace=0 table_rm=0 raw_obstacle=0 persistent=0 voxels=0 mode=dynamic frame=6/5 bbox=empty
[INFO] [1785232412.368153168] [mujoco_policy_backend]: replan[1] start prompt='red cube' cloud_seq_before=1
[INFO] [1785232417.895579021] [mujoco_policy_backend]: replan[1] replan_ok points=354 candidates=8 score=0.048 elapsed=5.53s raw_grasp[frame=scene_depth_optical pos=(+0.109,+0.055,+0.588) quat=(+0.506,+0.523,-0.220,+0.650)] base_grasp[frame=base pos=(+0.429,+0.045,+0.032) quat=(+0.523,-0.506,+0.650,+0.220)]
[INFO] [1785232418.081692928] [mujoco_policy_backend]: wrist_roi_diag frame=151 projected_uv=(433.9,393.1) red_uv=not_visible depth=0.090m
[ERROR] [1785232418.583727469] [mujoco_policy_backend]: Error raised in execute callback: cannot use Destroyable because destruction was requested
