[INFO] [1786348897.299295422] [real_anygrasp_planner]: AnyGrasp planner ready: action=plan_grasp
[INFO] [1786348915.718234789] [real_anygrasp_planner]: AnyGrasp candidate[00] frame=camera_color_optical_frame score=0.033 width=58.4mm pos=(+0.201,+0.009,+0.554) approach=(-0.54,-0.41,+0.74)
[INFO] [1786348915.718590535] [real_anygrasp_planner]: AnyGrasp candidate[01] frame=camera_color_optical_frame score=0.030 width=77.0mm pos=(+0.217,-0.028,+0.571) approach=(-0.96,+0.10,+0.26)
[INFO] [1786348915.718893294] [real_anygrasp_planner]: AnyGrasp candidate[02] frame=camera_color_optical_frame score=0.029 width=60.9mm pos=(+0.156,-0.002,+0.561) approach=(+0.65,-0.31,+0.69)
[INFO] [1786348915.719181484] [real_anygrasp_planner]: AnyGrasp candidate[03] frame=camera_color_optical_frame score=0.027 width=35.6mm pos=(+0.156,-0.019,+0.599) approach=(+0.83,-0.45,+0.32)
[INFO] [1786348915.719462853] [real_anygrasp_planner]: AnyGrasp candidate[04] frame=camera_color_optical_frame score=0.026 width=22.8mm pos=(+0.227,-0.026,+0.601) approach=(-0.77,-0.52,+0.37)
[INFO] [1786348915.719743434] [real_anygrasp_planner]: AnyGrasp candidate[05] frame=camera_color_optical_frame score=0.026 width=58.6mm pos=(+0.185,-0.003,+0.559) approach=(+0.14,-0.28,+0.95)
[INFO] [1786348915.720026717] [real_anygrasp_planner]: AnyGrasp candidate[06] frame=camera_color_optical_frame score=0.025 width=26.8mm pos=(+0.209,-0.024,+0.579) approach=(-0.98,-0.20,-0.05)
[INFO] [1786348915.720292341] [real_anygrasp_planner]: AnyGrasp candidate[07] frame=camera_color_optical_frame score=0.025 width=29.3mm pos=(+0.226,-0.025,+0.600) approach=(-0.98,-0.20,-0.05)
[INFO] [1786348915.721295738] [real_anygrasp_planner]: AnyGrasp base[00] workspace=True raw=(+0.326,-0.170,+0.013) approach=(+0.80,+0.54,-0.26) offset=-40.0mm offset_world=(-0.032,-0.022,+0.010) final=(+0.294,-0.192,+0.023) pre=(+0.262,-0.213,+0.034)
[INFO] [1786348917.173925315] [real_anygrasp_planner]: AnyGrasp IK[00] pass=True reason=ok pre_err=2.3mm/0.0deg final_err=1.5mm/0.0deg joint_margin=0.190rad q_final=[-0.961,-0.519, 1.611, 1.304,-1.114, 2.113]
[INFO] [1786348917.174452448] [real_anygrasp_planner]: AnyGrasp HW[00] pass=False pre=pregrasp:wrist_flex=1247 notin[1269,3021];wrist_roll=642 notin[1151,3050] raw={'shoulder_pan': 2775, 'shoulder_lift': 2544, 'elbow_flex': 2215, 'wrist_flex': 1247, 'wrist_yaw': 1209, 'wrist_roll': 642, 'gripper': 2355} final=final:wrist_roll=710 notin[1151,3050] raw={'shoulder_pan': 2677, 'shoulder_lift': 2577, 'elbow_flex': 2201, 'wrist_flex': 1291, 'wrist_yaw': 1304, 'wrist_roll': 710, 'gripper': 2355}
[INFO] [1786348917.175223389] [real_anygrasp_planner]: AnyGrasp base[01] workspace=True raw=(+0.365,-0.188,+0.024) approach=(+0.11,+0.97,-0.23) offset=-40.0mm offset_world=(-0.005,-0.039,+0.009) final=(+0.361,-0.226,+0.033) pre=(+0.356,-0.265,+0.042)
[INFO] [1786348918.332730086] [real_anygrasp_planner]: AnyGrasp IK[01] pass=False reason=pregrasp_unreachable pre_err=164.5mm/0.4deg final_err=infmm/infdeg joint_margin=0.013rad q_final=[nan,nan,nan,nan,nan,nan]
[INFO] [1786348918.333625414] [real_anygrasp_planner]: AnyGrasp base[02] workspace=True raw=(+0.340,-0.126,+0.016) approach=(+0.68,-0.65,-0.33) offset=-40.0mm offset_world=(-0.027,+0.026,+0.013) final=(+0.313,-0.100,+0.030) pre=(+0.286,-0.074,+0.043)
[INFO] [1786348918.632906832] [real_anygrasp_planner]: AnyGrasp IK[02] pass=True reason=ok pre_err=2.3mm/0.0deg final_err=2.0mm/0.0deg joint_margin=0.365rad q_final=[-0.372,-0.796, 2.299, 1.385,-0.131,-0.063]
[INFO] [1786348918.633206222] [real_anygrasp_planner]: AnyGrasp HW[02] pass=False pre=pregrasp:wrist_flex=1206 notin[1269,3021] raw={'shoulder_pan': 2246, 'shoulder_lift': 2242, 'elbow_flex': 2879, 'wrist_flex': 1206, 'wrist_yaw': 1973, 'wrist_roll': 2202, 'gripper': 2355} final=final:wrist_flex=1239 notin[1269,3021] raw={'shoulder_pan': 2293, 'shoulder_lift': 2397, 'elbow_flex': 2650, 'wrist_flex': 1239, 'wrist_yaw': 1945, 'wrist_roll': 2128, 'gripper': 2355}
[INFO] [1786348918.634032203] [real_anygrasp_planner]: AnyGrasp base[03] workspace=False raw=(+0.378,-0.126,-0.001) approach=(+0.54,-0.84,+0.03) offset=-40.0mm offset_world=(-0.022,+0.034,-0.001) final=(+0.356,-0.092,-0.002) pre=(+0.335,-0.058,-0.003)
[INFO] [1786348918.634711514] [real_anygrasp_planner]: AnyGrasp base[04] workspace=False raw=(+0.384,-0.197,-0.000) approach=(+0.65,+0.76,+0.10) offset=-40.0mm offset_world=(-0.026,-0.030,-0.004) final=(+0.358,-0.227,-0.004) pre=(+0.332,-0.257,-0.008)
[INFO] [1786348918.635390603] [real_anygrasp_planner]: AnyGrasp base[05] workspace=True raw=(+0.339,-0.154,+0.018) approach=(+0.84,-0.14,-0.53) offset=-40.0mm offset_world=(-0.033,+0.005,+0.021) final=(+0.305,-0.149,+0.039) pre=(+0.272,-0.143,+0.060)
[INFO] [1786348918.930328806] [real_anygrasp_planner]: AnyGrasp IK[05] pass=True reason=ok pre_err=1.6mm/0.0deg final_err=1.3mm/0.0deg joint_margin=0.495rad q_final=[-0.572,-0.941, 2.255, 1.28 ,-0.226, 1.348]
[INFO] [1786348918.930635203] [real_anygrasp_planner]: AnyGrasp HW[05] pass=True pre=pregrasp:ok raw={'shoulder_pan': 2476, 'shoulder_lift': 2105, 'elbow_flex': 2836, 'wrist_flex': 1291, 'wrist_yaw': 1830, 'wrist_roll': 1211, 'gripper': 2355} final=final:ok raw={'shoulder_pan': 2423, 'shoulder_lift': 2302, 'elbow_flex': 2621, 'wrist_flex': 1308, 'wrist_yaw': 1883, 'wrist_roll': 1209, 'gripper': 2355}
