[INFO] [1786348862.910169787] [real_anygrasp_planner]: AnyGrasp planner ready: action=plan_grasp
[INFO] [1786348877.837941709] [real_anygrasp_planner]: AnyGrasp candidate[00] frame=camera_color_optical_frame score=0.156 width=87.2mm pos=(+0.028,+0.074,+0.276) approach=(+0.32,+0.13,+0.94)
[INFO] [1786348877.838189757] [real_anygrasp_planner]: AnyGrasp candidate[01] frame=camera_color_optical_frame score=0.153 width=91.9mm pos=(+0.032,+0.057,+0.292) approach=(+0.12,+0.67,+0.73)
[INFO] [1786348877.838386886] [real_anygrasp_planner]: AnyGrasp candidate[02] frame=camera_color_optical_frame score=0.126 width=65.4mm pos=(+0.025,+0.069,+0.281) approach=(+0.44,+0.47,+0.76)
[INFO] [1786348877.838575090] [real_anygrasp_planner]: AnyGrasp candidate[03] frame=camera_color_optical_frame score=0.121 width=95.4mm pos=(+0.032,+0.079,+0.273) approach=(+0.24,-0.04,+0.97)
[INFO] [1786348877.838762855] [real_anygrasp_planner]: AnyGrasp candidate[04] frame=camera_color_optical_frame score=0.119 width=71.9mm pos=(+0.040,+0.066,+0.283) approach=(-0.11,+0.37,+0.92)
[INFO] [1786348877.838951875] [real_anygrasp_planner]: AnyGrasp candidate[05] frame=camera_color_optical_frame score=0.119 width=91.7mm pos=(+0.030,+0.058,+0.291) approach=(+0.12,+0.67,+0.73)
[INFO] [1786348877.839140732] [real_anygrasp_planner]: AnyGrasp candidate[06] frame=camera_color_optical_frame score=0.107 width=89.7mm pos=(+0.040,+0.055,+0.289) approach=(-0.11,+0.37,+0.92)
[INFO] [1786348877.839330110] [real_anygrasp_planner]: AnyGrasp candidate[07] frame=camera_color_optical_frame score=0.107 width=70.9mm pos=(+0.017,+0.086,+0.279) approach=(+0.78,-0.18,+0.60)
[INFO] [1786348877.840380588] [real_anygrasp_planner]: AnyGrasp base[00] workspace=False raw=(+0.096,-0.000,+0.184) approach=(+0.52,-0.30,-0.80) offset=-40.0mm offset_world=(-0.021,+0.012,+0.032) final=(+0.075,+0.012,+0.216) pre=(+0.055,+0.024,+0.248)
[INFO] [1786348877.841117807] [real_anygrasp_planner]: AnyGrasp base[01] workspace=True raw=(+0.120,-0.005,+0.183) approach=(-0.02,-0.09,-1.00) offset=-40.0mm offset_world=(+0.001,+0.003,+0.040) final=(+0.120,-0.001,+0.223) pre=(+0.121,+0.002,+0.263)
[INFO] [1786348879.078154831] [real_anygrasp_planner]: AnyGrasp IK[01] pass=False reason=pregrasp_unreachable pre_err=33.7mm/52.2deg final_err=infmm/infdeg joint_margin=0.000rad q_final=[nan,nan,nan,nan,nan,nan]
[INFO] [1786348879.079056174] [real_anygrasp_planner]: AnyGrasp base[02] workspace=True raw=(+0.103,+0.003,+0.184) approach=(+0.15,-0.41,-0.90) offset=-40.0mm offset_world=(-0.006,+0.016,+0.036) final=(+0.097,+0.019,+0.220) pre=(+0.091,+0.036,+0.256)
[INFO] [1786348880.170695786] [real_anygrasp_planner]: AnyGrasp IK[02] pass=False reason=pregrasp_unreachable pre_err=125.0mm/64.4deg final_err=infmm/infdeg joint_margin=0.000rad q_final=[nan,nan,nan,nan,nan,nan]
[INFO] [1786348880.171579599] [real_anygrasp_planner]: AnyGrasp base[03] workspace=False raw=(+0.090,-0.004,+0.182) approach=(+0.67,-0.22,-0.71) offset=-40.0mm offset_world=(-0.027,+0.009,+0.028) final=(+0.063,+0.005,+0.211) pre=(+0.037,+0.014,+0.239)
[INFO] [1786348880.172290970] [real_anygrasp_planner]: AnyGrasp base[04] workspace=False raw=(+0.106,-0.012,+0.184) approach=(+0.34,+0.14,-0.93) offset=-40.0mm offset_world=(-0.014,-0.006,+0.037) final=(+0.092,-0.018,+0.221) pre=(+0.079,-0.024,+0.258)
[INFO] [1786348880.172991622] [real_anygrasp_planner]: AnyGrasp base[05] workspace=True raw=(+0.118,-0.002,+0.183) approach=(-0.02,-0.09,-1.00) offset=-40.0mm offset_world=(+0.001,+0.003,+0.040) final=(+0.119,+0.001,+0.223) pre=(+0.120,+0.005,+0.263)
[INFO] [1786348881.267288395] [real_anygrasp_planner]: AnyGrasp IK[05] pass=False reason=pregrasp_unreachable pre_err=34.9mm/52.9deg final_err=infmm/infdeg joint_margin=0.000rad q_final=[nan,nan,nan,nan,nan,nan]
[INFO] [1786348881.268203488] [real_anygrasp_planner]: AnyGrasp base[06] workspace=True raw=(+0.119,-0.012,+0.186) approach=(+0.34,+0.14,-0.93) offset=-40.0mm offset_world=(-0.014,-0.006,+0.037) final=(+0.105,-0.018,+0.223) pre=(+0.091,-0.024,+0.261)
[INFO] [1786348882.364575313] [real_anygrasp_planner]: AnyGrasp IK[06] pass=False reason=pregrasp_unreachable pre_err=14.2mm/66.1deg final_err=infmm/infdeg joint_margin=0.000rad q_final=[nan,nan,nan,nan,nan,nan]
[INFO] [1786348882.365465029] [real_anygrasp_planner]: AnyGrasp base[07] workspace=False raw=(+0.089,+0.011,+0.174) approach=(+0.52,-0.77,-0.36) offset=-40.0mm offset_world=(-0.021,+0.031,+0.014) final=(+0.068,+0.042,+0.188) pre=(+0.047,+0.073,+0.203)
[INFO] [1786348882.366169074] [real_anygrasp_planner]: AnyGrasp base[08] workspace=False raw=(+0.096,-0.024,+0.173) approach=(+0.54,+0.33,-0.77) offset=-40.0mm offset_world=(-0.022,-0.013,+0.031) final=(+0.074,-0.037,+0.204) pre=(+0.053,-0.050,+0.234)
[INFO] [1786348882.366823621] [real_anygrasp_planner]: AnyGrasp base[09] workspace=False raw=(+0.103,-0.018,+0.159) approach=(+0.84,+0.51,+0.19) offset=-40.0mm offset_world=(-0.034,-0.020,-0.008) final=(+0.070,-0.038,+0.152) pre=(+0.036,-0.059,+0.144)
[INFO] [1786348882.367513116] [real_anygrasp_planner]: AnyGrasp base[10] workspace=True raw=(+0.117,-0.009,+0.188) approach=(+0.20,+0.30,-0.93) offset=-40.0mm offset_world=(-0.008,-0.012,+0.037) final=(+0.109,-0.021,+0.226) pre=(+0.101,-0.033,+0.263)
[INFO] [1786348883.461419510] [real_anygrasp_planner]: AnyGrasp IK[10] pass=False reason=pregrasp_unreachable pre_err=49.2mm/76.4deg final_err=infmm/infdeg joint_margin=0.000rad q_final=[nan,nan,nan,nan,nan,nan]
[INFO] [1786348883.462313802] [real_anygrasp_planner]: AnyGrasp base[11] workspace=True raw=(+0.101,-0.023,+0.188) approach=(+0.15,+0.77,-0.62) offset=-40.0mm offset_world=(-0.006,-0.031,+0.025) final=(+0.094,-0.054,+0.212) pre=(+0.088,-0.085,+0.237)
[INFO] [1786348884.561836035] [real_anygrasp_planner]: AnyGrasp IK[11] pass=False reason=pregrasp_unreachable pre_err=69.0mm/98.8deg final_err=infmm/infdeg joint_margin=0.000rad q_final=[nan,nan,nan,nan,nan,nan]
[INFO] [1786348884.562721375] [real_anygrasp_planner]: AnyGrasp base[12] workspace=True raw=(+0.110,+0.005,+0.191) approach=(+0.22,-0.60,-0.77) offset=-40.0mm offset_world=(-0.009,+0.024,+0.031) final=(+0.102,+0.029,+0.222) pre=(+0.093,+0.053,+0.252)
[INFO] [1786348885.646019208] [real_anygrasp_planner]: AnyGrasp IK[12] pass=False reason=pregrasp_unreachable pre_err=162.6mm/5.0deg final_err=infmm/infdeg joint_margin=0.000rad q_final=[nan,nan,nan,nan,nan,nan]
[INFO] [1786348885.646893841] [real_anygrasp_planner]: AnyGrasp base[13] workspace=False raw=(+0.090,-0.006,+0.181) approach=(+0.66,+0.10,-0.74) offset=-40.0mm offset_world=(-0.026,-0.004,+0.030) final=(+0.064,-0.010,+0.211) pre=(+0.037,-0.014,+0.241)
[INFO] [1786348885.647595836] [real_anygrasp_planner]: AnyGrasp base[14] workspace=False raw=(+0.099,+0.014,+0.175) approach=(+0.34,-0.91,-0.23) offset=-40.0mm offset_world=(-0.013,+0.037,+0.009) final=(+0.085,+0.050,+0.184) pre=(+0.072,+0.087,+0.193)
[INFO] [1786348885.648300609] [real_anygrasp_planner]: AnyGrasp base[15] workspace=True raw=(+0.113,-0.028,+0.176) approach=(+0.02,+0.90,-0.42) offset=-40.0mm offset_world=(-0.001,-0.036,+0.017) final=(+0.112,-0.065,+0.193) pre=(+0.111,-0.101,+0.210)
[INFO] [1786348886.796621715] [real_anygrasp_planner]: AnyGrasp IK[15] pass=False reason=pregrasp_unreachable pre_err=63.3mm/92.2deg final_err=infmm/infdeg joint_margin=0.000rad q_final=[nan,nan,nan,nan,nan,nan]
[INFO] [1786348886.797513738] [real_anygrasp_planner]: AnyGrasp base[16] workspace=False raw=(+0.104,+0.017,+0.171) approach=(+0.34,-0.91,-0.23) offset=-40.0mm offset_world=(-0.013,+0.037,+0.009) final=(+0.091,+0.053,+0.180) pre=(+0.077,+0.090,+0.189)
[INFO] [1786348886.798218122] [real_anygrasp_planner]: AnyGrasp base[17] workspace=False raw=(+0.091,-0.009,+0.174) approach=(+0.56,+0.65,-0.52) offset=-40.0mm offset_world=(-0.022,-0.026,+0.021) final=(+0.068,-0.035,+0.194) pre=(+0.046,-0.061,+0.215)
[INFO] [1786348886.798891888] [real_anygrasp_planner]: AnyGrasp base[18] workspace=True raw=(+0.114,+0.015,+0.186) approach=(+0.13,-0.95,-0.30) offset=-40.0mm offset_world=(-0.005,+0.038,+0.012) final=(+0.109,+0.053,+0.198) pre=(+0.104,+0.091,+0.209)
[INFO] [1786348887.901340289] [real_anygrasp_planner]: AnyGrasp IK[18] pass=False reason=pregrasp_unreachable pre_err=128.1mm/6.3deg final_err=infmm/infdeg joint_margin=0.000rad q_final=[nan,nan,nan,nan,nan,nan]
[INFO] [1786348887.902230438] [real_anygrasp_planner]: AnyGrasp base[19] workspace=True raw=(+0.107,-0.022,+0.186) approach=(+0.02,+0.90,-0.42) offset=-40.0mm offset_world=(-0.001,-0.036,+0.017) final=(+0.106,-0.058,+0.203) pre=(+0.105,-0.094,+0.220)
[INFO] [1786348889.059764301] [real_anygrasp_planner]: AnyGrasp IK[19] pass=False reason=pregrasp_unreachable pre_err=74.7mm/97.2deg final_err=infmm/infdeg joint_margin=0.000rad q_final=[nan,nan,nan,nan,nan,nan]
[INFO] [1786348889.060618337] [real_anygrasp_planner]: AnyGrasp base[20] workspace=False raw=(+0.095,-0.020,+0.166) approach=(+0.47,+0.69,+0.54) offset=-40.0mm offset_world=(-0.019,-0.028,-0.022) final=(+0.077,-0.048,+0.144) pre=(+0.058,-0.076,+0.122)
[INFO] [1786348889.061328665] [real_anygrasp_planner]: AnyGrasp base[21] workspace=True raw=(+0.118,-0.028,+0.186) approach=(-0.08,+0.97,-0.21) offset=-40.0mm offset_world=(+0.003,-0.039,+0.008) final=(+0.121,-0.067,+0.195) pre=(+0.124,-0.106,+0.203)
[INFO] [1786348890.250724307] [real_anygrasp_planner]: AnyGrasp IK[21] pass=False reason=pregrasp_unreachable pre_err=80.8mm/94.4deg final_err=infmm/infdeg joint_margin=0.000rad q_final=[nan,nan,nan,nan,nan,nan]
[INFO] [1786348890.251581157] [real_anygrasp_planner]: AnyGrasp base[22] workspace=False raw=(+0.091,-0.016,+0.163) approach=(+0.47,+0.69,+0.54) offset=-40.0mm offset_world=(-0.019,-0.028,-0.022) final=(+0.072,-0.043,+0.142) pre=(+0.053,-0.071,+0.120)
[INFO] [1786348890.252304277] [real_anygrasp_planner]: AnyGrasp base[23] workspace=True raw=(+0.101,+0.019,+0.177) approach=(+0.14,-0.99,+0.09) offset=-40.0mm offset_world=(-0.006,+0.039,-0.003) final=(+0.095,+0.059,+0.173) pre=(+0.090,+0.098,+0.170)
[INFO] [1786348891.350958377] [real_anygrasp_planner]: AnyGrasp IK[23] pass=False reason=pregrasp_unreachable pre_err=86.9mm/6.6deg final_err=infmm/infdeg joint_margin=0.000rad q_final=[nan,nan,nan,nan,nan,nan]
