[INFO] [1786355994.287965579] [real_anygrasp_planner]: AnyGrasp planner ready: action=plan_grasp
[INFO] [1786356009.241118868] [real_anygrasp_planner]: AnyGrasp candidate[00] frame=camera_color_optical_frame score=0.023 width=65.5mm pos=(-0.021,+0.040,+0.525) approach=(-0.08,+0.00,+1.00)
[INFO] [1786356009.241357610] [real_anygrasp_planner]: AnyGrasp candidate[01] frame=camera_color_optical_frame score=0.021 width=51.2mm pos=(-0.062,+0.063,+0.529) approach=(+0.65,-0.31,+0.69)
[INFO] [1786356009.241550539] [real_anygrasp_planner]: AnyGrasp candidate[02] frame=camera_color_optical_frame score=0.021 width=31.7mm pos=(-0.063,+0.038,+0.550) approach=(+0.92,-0.13,+0.38)
[INFO] [1786356009.241753890] [real_anygrasp_planner]: AnyGrasp candidate[03] frame=camera_color_optical_frame score=0.019 width=75.4mm pos=(-0.038,+0.054,+0.522) approach=(+0.24,-0.04,+0.97)
[INFO] [1786356009.241966649] [real_anygrasp_planner]: AnyGrasp candidate[04] frame=camera_color_optical_frame score=0.019 width=52.8mm pos=(-0.037,+0.048,+0.523) approach=(+0.10,+0.10,+0.99)
[INFO] [1786356009.242155489] [real_anygrasp_planner]: AnyGrasp candidate[05] frame=camera_color_optical_frame score=0.019 width=18.3mm pos=(-0.058,+0.034,+0.569) approach=(+0.83,-0.31,+0.46)
[INFO] [1786356009.242340618] [real_anygrasp_planner]: AnyGrasp candidate[06] frame=camera_color_optical_frame score=0.018 width=60.7mm pos=(-0.038,+0.064,+0.517) approach=(+0.06,-0.44,+0.90)
[INFO] [1786356009.242527956] [real_anygrasp_planner]: AnyGrasp candidate[07] frame=camera_color_optical_frame score=0.018 width=65.9mm pos=(-0.059,+0.053,+0.537) approach=(+0.65,-0.31,+0.69)
[INFO] [1786356009.243591728] [real_anygrasp_planner]: AnyGrasp base[00] workspace=True raw=(+0.287,+0.052,+0.022) approach=(+0.66,+0.10,-0.74) offset=-40.0mm offset_world=(-0.026,-0.004,+0.030) final=(+0.260,+0.048,+0.051) pre=(+0.234,+0.044,+0.081)
[INFO] [1786356010.774145755] [real_anygrasp_planner]: AnyGrasp IK[00] pass=True reason=ok pre_err=3.1mm/1.0deg final_err=4.2mm/0.2deg joint_margin=0.280rad q_final=[ 0.447,-1.626, 2.133,-0.744, 0.625,-2.861]
[INFO] [1786356010.774663314] [real_anygrasp_planner]: AnyGrasp HW[00] pass=False pre=pregrasp:wrist_roll=3923 notin[1151,3050] raw={'shoulder_pan': 1737, 'shoulder_lift': 1660, 'elbow_flex': 2608, 'wrist_flex': 2764, 'wrist_yaw': 2440, 'wrist_roll': 3923, 'gripper': 2355} final=final:wrist_roll=3952 notin[1151,3050] raw={'shoulder_pan': 1759, 'shoulder_lift': 1855, 'elbow_flex': 2542, 'wrist_flex': 2626, 'wrist_yaw': 2437, 'wrist_roll': 3952, 'gripper': 2355}
[INFO] [1786356010.775461990] [real_anygrasp_planner]: AnyGrasp base[01] workspace=True raw=(+0.273,+0.094,+0.005) approach=(+0.68,-0.65,-0.33) offset=-40.0mm offset_world=(-0.027,+0.026,+0.013) final=(+0.246,+0.120,+0.019) pre=(+0.219,+0.146,+0.032)
[INFO] [1786356011.404961226] [real_anygrasp_planner]: AnyGrasp IK[01] pass=True reason=ok pre_err=3.3mm/0.0deg final_err=1.9mm/0.1deg joint_margin=0.053rad q_final=[ 0.87 ,-0.591, 1.002,-1.791, 0.721,-0.797]
[INFO] [1786356011.405258542] [real_anygrasp_planner]: AnyGrasp HW[01] pass=False pre=pregrasp:wrist_flex=3410 notin[1269,3021] raw={'shoulder_pan': 1386, 'shoulder_lift': 2517, 'elbow_flex': 1775, 'wrist_flex': 3410, 'wrist_yaw': 2438, 'wrist_roll': 2512, 'gripper': 2355} final=final:wrist_flex=3309 notin[1269,3021] raw={'shoulder_pan': 1483, 'shoulder_lift': 2530, 'elbow_flex': 1804, 'wrist_flex': 3309, 'wrist_yaw': 2500, 'wrist_roll': 2607, 'gripper': 2355}
[INFO] [1786356011.406102977] [real_anygrasp_planner]: AnyGrasp base[02] workspace=True raw=(+0.306,+0.095,+0.006) approach=(+0.34,-0.91,-0.23) offset=-40.0mm offset_world=(-0.013,+0.037,+0.009) final=(+0.292,+0.131,+0.015) pre=(+0.279,+0.168,+0.024)
[INFO] [1786356012.519812682] [real_anygrasp_planner]: AnyGrasp IK[02] pass=False reason=pregrasp_unreachable pre_err=44.9mm/20.3deg final_err=infmm/infdeg joint_margin=0.000rad q_final=[nan,nan,nan,nan,nan,nan]
[INFO] [1786356012.520743374] [real_anygrasp_planner]: AnyGrasp base[03] workspace=True raw=(+0.275,+0.069,+0.015) approach=(+0.67,-0.22,-0.71) offset=-40.0mm offset_world=(-0.027,+0.009,+0.028) final=(+0.248,+0.078,+0.044) pre=(+0.221,+0.087,+0.072)
[INFO] [1786356013.063558070] [real_anygrasp_planner]: AnyGrasp IK[03] pass=True reason=ok pre_err=1.8mm/0.0deg final_err=2.1mm/0.0deg joint_margin=0.719rad q_final=[ 0.503,-1.485, 1.961,-1.062, 0.325,-1.563]
[INFO] [1786356013.063859444] [real_anygrasp_planner]: AnyGrasp HW[03] pass=False pre=pregrasp:ok raw={'shoulder_pan': 1649, 'shoulder_lift': 1817, 'elbow_flex': 2442, 'wrist_flex': 2977, 'wrist_yaw': 2243, 'wrist_roll': 3028, 'gripper': 2355} final=final:wrist_roll=3106 notin[1151,3050] raw={'shoulder_pan': 1723, 'shoulder_lift': 1947, 'elbow_flex': 2430, 'wrist_flex': 2834, 'wrist_yaw': 2242, 'wrist_roll': 3106, 'gripper': 2355}
[INFO] [1786356013.064677785] [real_anygrasp_planner]: AnyGrasp base[04] workspace=True raw=(+0.280,+0.068,+0.019) approach=(+0.58,-0.08,-0.81) offset=-40.0mm offset_world=(-0.023,+0.003,+0.032) final=(+0.257,+0.072,+0.051) pre=(+0.233,+0.075,+0.083)
[INFO] [1786356012.925828387] [real_anygrasp_planner]: AnyGrasp IK[04] pass=True reason=ok pre_err=1.2mm/0.4deg final_err=3.4mm/0.0deg joint_margin=0.280rad q_final=[ 0.636,-1.718, 2.801, 0.609, 0.51 , 1.06 ]
[INFO] [1786356012.926140536] [real_anygrasp_planner]: AnyGrasp HW[04] pass=False pre=pregrasp:elbow_flex=3016 notin[999,3005] raw={'shoulder_pan': 1548, 'shoulder_lift': 1486, 'elbow_flex': 3016, 'wrist_flex': 2041, 'wrist_yaw': 2440, 'wrist_roll': 1352, 'gripper': 2355} final=final:ok raw={'shoulder_pan': 1636, 'shoulder_lift': 1795, 'elbow_flex': 2977, 'wrist_flex': 1745, 'wrist_yaw': 2362, 'wrist_roll': 1397, 'gripper': 2355}
[INFO] [1786356012.926961170] [real_anygrasp_planner]: AnyGrasp base[05] workspace=False raw=(+0.321,+0.089,-0.006) approach=(+0.53,-0.83,-0.17) offset=-40.0mm offset_world=(-0.021,+0.033,+0.007) final=(+0.300,+0.123,+0.001) pre=(+0.279,+0.156,+0.008)
[INFO] [1786356012.927677378] [real_anygrasp_planner]: AnyGrasp base[06] workspace=True raw=(+0.264,+0.070,+0.012) approach=(+0.92,-0.06,-0.38) offset=-40.0mm offset_world=(-0.037,+0.002,+0.015) final=(+0.227,+0.072,+0.028) pre=(+0.190,+0.074,+0.043)
[INFO] [1786356014.323842974] [real_anygrasp_planner]: AnyGrasp IK[06] pass=True reason=ok pre_err=3.5mm/0.0deg final_err=3.6mm/0.1deg joint_margin=0.278rad q_final=[ 0.886,-1.374, 2.341,-0.556, 1.172,-2.244]
[INFO] [1786356014.324142410] [real_anygrasp_planner]: AnyGrasp HW[06] pass=False pre=pregrasp:wrist_roll=3275 notin[1151,3050] raw={'shoulder_pan': 1361, 'shoulder_lift': 1940, 'elbow_flex': 2725, 'wrist_flex': 2789, 'wrist_yaw': 2777, 'wrist_roll': 3275, 'gripper': 2355} final=final:wrist_roll=3550 notin[1151,3050] raw={'shoulder_pan': 1473, 'shoulder_lift': 2020, 'elbow_flex': 2677, 'wrist_flex': 2504, 'wrist_yaw': 2794, 'wrist_roll': 3550, 'gripper': 2355}
[INFO] [1786356014.324989332] [real_anygrasp_planner]: AnyGrasp base[07] workspace=True raw=(+0.285,+0.091,+0.005) approach=(+0.68,-0.65,-0.33) offset=-40.0mm offset_world=(-0.027,+0.026,+0.013) final=(+0.258,+0.117,+0.019) pre=(+0.231,+0.143,+0.032)
[INFO] [1786356014.667460443] [real_anygrasp_planner]: AnyGrasp IK[07] pass=True reason=ok pre_err=1.9mm/0.1deg final_err=1.1mm/0.0deg joint_margin=0.063rad q_final=[ 0.956,-0.662, 2.112, 1.25 , 1.216, 0.226]
[INFO] [1786356014.667751337] [real_anygrasp_planner]: AnyGrasp HW[07] pass=True pre=pregrasp:ok raw={'shoulder_pan': 1312, 'shoulder_lift': 2393, 'elbow_flex': 2530, 'wrist_flex': 1531, 'wrist_yaw': 2934, 'wrist_roll': 1821, 'gripper': 2355} final=final:ok raw={'shoulder_pan': 1428, 'shoulder_lift': 2484, 'elbow_flex': 2527, 'wrist_flex': 1327, 'wrist_yaw': 2823, 'wrist_roll': 1940, 'gripper': 2355}
