[INFO] [1786333703.098839493] [real_anygrasp_planner]: AnyGrasp planner ready: action=plan_grasp
[INFO] [1786333721.190383495] [real_anygrasp_planner]: AnyGrasp candidate[00] frame=camera_color_optical_frame score=0.037 width=55.7mm pos=(-0.028,+0.014,+0.564) approach=(+0.35,-0.20,+0.92)
[INFO] [1786333721.190678716] [real_anygrasp_planner]: AnyGrasp candidate[01] frame=camera_color_optical_frame score=0.035 width=61.5mm pos=(-0.020,+0.018,+0.564) approach=(+0.14,-0.28,+0.95)
[INFO] [1786333721.190878298] [real_anygrasp_planner]: AnyGrasp candidate[02] frame=camera_color_optical_frame score=0.032 width=71.3mm pos=(-0.013,+0.005,+0.560) approach=(-0.02,-0.18,+0.98)
[INFO] [1786333721.191072597] [real_anygrasp_planner]: AnyGrasp candidate[03] frame=camera_color_optical_frame score=0.031 width=44.3mm pos=(-0.034,+0.011,+0.590) approach=(+0.83,-0.45,+0.32)
[INFO] [1786333721.191259364] [real_anygrasp_planner]: AnyGrasp candidate[04] frame=camera_color_optical_frame score=0.029 width=56.5mm pos=(-0.026,+0.011,+0.568) approach=(+0.24,-0.04,+0.97)
[INFO] [1786333721.191449863] [real_anygrasp_planner]: AnyGrasp candidate[05] frame=camera_color_optical_frame score=0.027 width=39.6mm pos=(+0.015,+0.004,+0.579) approach=(-0.52,-0.24,+0.82)
[INFO] [1786333721.191637116] [real_anygrasp_planner]: AnyGrasp candidate[06] frame=camera_color_optical_frame score=0.027 width=15.0mm pos=(+0.015,-0.007,+0.601) approach=(-0.91,-0.40,-0.14)
[INFO] [1786333721.191823997] [real_anygrasp_planner]: AnyGrasp candidate[07] frame=camera_color_optical_frame score=0.026 width=42.8mm pos=(+0.006,+0.014,+0.562) approach=(-0.16,-0.33,+0.93)
[INFO] [1786333721.192730828] [real_anygrasp_planner]: AnyGrasp base[00] workspace=False raw=(+0.333,+0.059,+0.010) approach=(+0.75,-0.34,-0.57) offset=-40.0mm offset_world=(-0.030,+0.013,+0.023) final=(+0.303,+0.073,+0.033) pre=(+0.250,+0.096,+0.072)
[INFO] [1786333721.193416875] [real_anygrasp_planner]: AnyGrasp base[01] workspace=False raw=(+0.330,+0.051,+0.007) approach=(+0.84,-0.14,-0.53) offset=-40.0mm offset_world=(-0.033,+0.005,+0.021) final=(+0.296,+0.057,+0.029) pre=(+0.238,+0.066,+0.066)
[INFO] [1786333721.194082602] [real_anygrasp_planner]: AnyGrasp base[02] workspace=False raw=(+0.336,+0.044,+0.018) approach=(+0.79,+0.03,-0.62) offset=-40.0mm offset_world=(-0.032,-0.001,+0.025) final=(+0.305,+0.043,+0.043) pre=(+0.249,+0.041,+0.086)
[INFO] [1786333721.194724365] [real_anygrasp_planner]: AnyGrasp base[03] workspace=False raw=(+0.352,+0.065,-0.007) approach=(+0.54,-0.84,+0.03) offset=-40.0mm offset_world=(-0.022,+0.034,-0.001) final=(+0.331,+0.099,-0.008) pre=(+0.293,+0.157,-0.010)
[INFO] [1786333721.195557095] [real_anygrasp_planner]: AnyGrasp base[04] workspace=False raw=(+0.337,+0.057,+0.008) approach=(+0.67,-0.22,-0.71) offset=-40.0mm offset_world=(-0.027,+0.009,+0.028) final=(+0.311,+0.066,+0.037) pre=(+0.264,+0.081,+0.086)
[INFO] [1786333721.196271733] [real_anygrasp_planner]: AnyGrasp base[05] workspace=False raw=(+0.350,+0.016,+0.004) approach=(+0.73,+0.52,-0.44) offset=-40.0mm offset_world=(-0.029,-0.021,+0.018) final=(+0.321,-0.005,+0.021) pre=(+0.269,-0.042,+0.052)
[INFO] [1786333721.196883486] [real_anygrasp_planner]: AnyGrasp base[06] workspace=False raw=(+0.372,+0.016,-0.005) approach=(+0.22,+0.89,+0.40) offset=-40.0mm offset_world=(-0.009,-0.036,-0.016) final=(+0.364,-0.020,-0.021) pre=(+0.348,-0.082,-0.049)
[INFO] [1786333721.197561686] [real_anygrasp_planner]: AnyGrasp base[07] workspace=False raw=(+0.330,+0.025,+0.010) approach=(+0.87,+0.16,-0.47) offset=-40.0mm offset_world=(-0.035,-0.006,+0.019) final=(+0.296,+0.019,+0.029) pre=(+0.235,+0.007,+0.062)
[INFO] [1786333721.198181354] [real_anygrasp_planner]: AnyGrasp base[08] workspace=False raw=(+0.351,+0.064,+0.000) approach=(+0.53,-0.65,-0.54) offset=-40.0mm offset_world=(-0.021,+0.026,+0.022) final=(+0.330,+0.090,+0.022) pre=(+0.293,+0.136,+0.059)
[INFO] [1786333721.198823275] [real_anygrasp_planner]: AnyGrasp base[09] workspace=False raw=(+0.372,+0.061,-0.003) approach=(-0.09,-0.92,-0.37) offset=-40.0mm offset_world=(+0.003,+0.037,+0.015) final=(+0.375,+0.098,+0.011) pre=(+0.381,+0.163,+0.037)
[INFO] [1786333721.199438973] [real_anygrasp_planner]: AnyGrasp base[10] workspace=False raw=(+0.341,+0.026,+0.018) approach=(+0.79,+0.03,-0.62) offset=-40.0mm offset_world=(-0.032,-0.001,+0.025) final=(+0.310,+0.024,+0.043) pre=(+0.255,+0.023,+0.086)
[INFO] [1786333721.200072986] [real_anygrasp_planner]: AnyGrasp base[11] workspace=False raw=(+0.360,+0.031,-0.004) approach=(+0.78,+0.63,+0.02) offset=-40.0mm offset_world=(-0.031,-0.025,-0.001) final=(+0.329,+0.006,-0.004) pre=(+0.274,-0.038,-0.006)
[INFO] [1786333721.200695689] [real_anygrasp_planner]: AnyGrasp base[12] workspace=False raw=(+0.345,+0.063,-0.003) approach=(+0.52,-0.77,-0.36) offset=-40.0mm offset_world=(-0.021,+0.031,+0.014) final=(+0.324,+0.093,+0.012) pre=(+0.287,+0.147,+0.037)
[INFO] [1786333721.201306999] [real_anygrasp_planner]: AnyGrasp base[13] workspace=False raw=(+0.347,+0.024,+0.003) approach=(+0.68,+0.42,-0.61) offset=-40.0mm offset_world=(-0.027,-0.017,+0.024) final=(+0.320,+0.007,+0.027) pre=(+0.272,-0.022,+0.070)
[INFO] [1786333721.201925281] [real_anygrasp_planner]: AnyGrasp base[14] workspace=False raw=(+0.374,+0.015,-0.004) approach=(+0.22,+0.89,+0.40) offset=-40.0mm offset_world=(-0.009,-0.036,-0.016) final=(+0.365,-0.021,-0.020) pre=(+0.350,-0.083,-0.047)
[INFO] [1786333721.202535160] [real_anygrasp_planner]: AnyGrasp base[15] workspace=False raw=(+0.327,+0.042,+0.003) approach=(+0.92,-0.06,-0.38) offset=-40.0mm offset_world=(-0.037,+0.002,+0.015) final=(+0.290,+0.044,+0.018) pre=(+0.226,+0.048,+0.045)
[INFO] [1786333721.203171333] [real_anygrasp_planner]: AnyGrasp base[16] workspace=False raw=(+0.368,+0.062,-0.004) approach=(-0.09,-0.92,-0.37) offset=-40.0mm offset_world=(+0.003,+0.037,+0.015) final=(+0.372,+0.099,+0.011) pre=(+0.378,+0.164,+0.037)
[INFO] [1786333721.203796515] [real_anygrasp_planner]: AnyGrasp base[17] workspace=False raw=(+0.341,+0.058,+0.017) approach=(+0.67,-0.22,-0.71) offset=-40.0mm offset_world=(-0.027,+0.009,+0.028) final=(+0.314,+0.067,+0.045) pre=(+0.267,+0.083,+0.094)
[INFO] [1786333721.204437258] [real_anygrasp_planner]: AnyGrasp base[18] workspace=False raw=(+0.335,+0.060,+0.012) approach=(+0.79,+0.03,-0.62) offset=-40.0mm offset_world=(-0.032,-0.001,+0.025) final=(+0.304,+0.059,+0.037) pre=(+0.248,+0.057,+0.080)
[INFO] [1786333721.205060762] [real_anygrasp_planner]: AnyGrasp base[19] workspace=False raw=(+0.333,+0.051,-0.004) approach=(+0.86,-0.32,-0.40) offset=-40.0mm offset_world=(-0.034,+0.013,+0.016) final=(+0.298,+0.064,+0.012) pre=(+0.238,+0.086,+0.040)
[INFO] [1786333721.205669656] [real_anygrasp_planner]: AnyGrasp base[20] workspace=False raw=(+0.364,+0.029,-0.006) approach=(+0.78,+0.63,+0.02) offset=-40.0mm offset_world=(-0.031,-0.025,-0.001) final=(+0.333,+0.004,-0.007) pre=(+0.278,-0.040,-0.008)
[INFO] [1786333721.206291363] [real_anygrasp_planner]: AnyGrasp base[21] workspace=False raw=(+0.330,+0.021,+0.013) approach=(+0.92,-0.06,-0.38) offset=-40.0mm offset_world=(-0.037,+0.002,+0.015) final=(+0.293,+0.024,+0.028) pre=(+0.229,+0.028,+0.055)
[INFO] [1786333721.206889363] [real_anygrasp_planner]: AnyGrasp base[22] workspace=False raw=(+0.327,+0.022,+0.006) approach=(+0.92,-0.06,-0.38) offset=-40.0mm offset_world=(-0.037,+0.002,+0.015) final=(+0.291,+0.024,+0.021) pre=(+0.226,+0.028,+0.048)
[INFO] [1786333721.207512496] [real_anygrasp_planner]: AnyGrasp base[23] workspace=False raw=(+0.353,+0.021,+0.015) approach=(+0.78,+0.63,+0.02) offset=-40.0mm offset_world=(-0.031,-0.025,-0.001) final=(+0.321,-0.004,+0.014) pre=(+0.267,-0.048,+0.012)
[INFO] [1786333721.208171317] [real_anygrasp_planner]: AnyGrasp base[24] workspace=False raw=(+0.364,+0.060,+0.004) approach=(-0.04,-0.72,-0.69) offset=-40.0mm offset_world=(+0.001,+0.029,+0.028) final=(+0.366,+0.089,+0.032) pre=(+0.368,+0.139,+0.081)
