[0.004s] Invoking command in '/home/sophie/isaac_lab/isaac_ws/rl_code/soarm100sim/third_party/orbbec_ws/build_287/orbbec_description': CMAKE_PREFIX_PATH=/opt/ros/humble /usr/bin/cmake /home/sophie/isaac_lab/isaac_ws/rl_code/soarm100sim/third_party/orbbec_ws/src/OrbbecSDK_ROS2/orbbec_description -DCMAKE_BUILD_TYPE=Release -DINSTALL_UDEV_RULES=OFF -DORBBEC_SDK_ROOT=/home/sophie/isaac_lab/isaac_ws/rl_code/soarm100sim/third_party/orbbec_sdk_2_8_7_root/opt/OrbbecSDK_v2.8.7 -DCMAKE_INSTALL_PREFIX=/home/sophie/isaac_lab/isaac_ws/rl_code/soarm100sim/third_party/orbbec_ws/install_287/orbbec_description
[0.061s] -- The C compiler identification is GNU 11.4.0
[0.109s] -- The CXX compiler identification is GNU 11.4.0
[0.114s] -- Detecting C compiler ABI info
[0.188s] -- Detecting C compiler ABI info - done
[0.199s] -- Check for working C compiler: /usr/bin/cc - skipped
[0.199s] -- Detecting C compile features
[0.199s] -- Detecting C compile features - done
[0.202s] -- Detecting CXX compiler ABI info
[0.288s] -- Detecting CXX compiler ABI info - done
[0.293s] -- Check for working CXX compiler: /usr/bin/c++ - skipped
[0.293s] -- Detecting CXX compile features
[0.293s] -- Detecting CXX compile features - done
[0.294s] -- Found ament_cmake: 1.3.14 (/opt/ros/humble/share/ament_cmake/cmake)
[0.430s] -- Found Python3: /usr/bin/python3 (found version "3.10.12") found components: Interpreter 
[0.553s] -- Configuring done
[0.554s] -- Generating done
[0.555s] CMake Warning:
[0.555s]   Manually-specified variables were not used by the project:
[0.555s] 
[0.555s]     INSTALL_UDEV_RULES
[0.555s]     ORBBEC_SDK_ROOT
[0.555s] 
[0.555s] 
[0.556s] -- Build files have been written to: /home/sophie/isaac_lab/isaac_ws/rl_code/soarm100sim/third_party/orbbec_ws/build_287/orbbec_description
[0.912s] Invoked command in '/home/sophie/isaac_lab/isaac_ws/rl_code/soarm100sim/third_party/orbbec_ws/build_287/orbbec_description' returned '0': CMAKE_PREFIX_PATH=/opt/ros/humble /usr/bin/cmake /home/sophie/isaac_lab/isaac_ws/rl_code/soarm100sim/third_party/orbbec_ws/src/OrbbecSDK_ROS2/orbbec_description -DCMAKE_BUILD_TYPE=Release -DINSTALL_UDEV_RULES=OFF -DORBBEC_SDK_ROOT=/home/sophie/isaac_lab/isaac_ws/rl_code/soarm100sim/third_party/orbbec_sdk_2_8_7_root/opt/OrbbecSDK_v2.8.7 -DCMAKE_INSTALL_PREFIX=/home/sophie/isaac_lab/isaac_ws/rl_code/soarm100sim/third_party/orbbec_ws/install_287/orbbec_description
[0.913s] Invoking command in '/home/sophie/isaac_lab/isaac_ws/rl_code/soarm100sim/third_party/orbbec_ws/build_287/orbbec_description': CMAKE_PREFIX_PATH=/opt/ros/humble /usr/bin/cmake --build /home/sophie/isaac_lab/isaac_ws/rl_code/soarm100sim/third_party/orbbec_ws/build_287/orbbec_description -- -j32 -l32
[1.141s] Invoked command in '/home/sophie/isaac_lab/isaac_ws/rl_code/soarm100sim/third_party/orbbec_ws/build_287/orbbec_description' returned '0': CMAKE_PREFIX_PATH=/opt/ros/humble /usr/bin/cmake --build /home/sophie/isaac_lab/isaac_ws/rl_code/soarm100sim/third_party/orbbec_ws/build_287/orbbec_description -- -j32 -l32
[1.150s] Invoking command in '/home/sophie/isaac_lab/isaac_ws/rl_code/soarm100sim/third_party/orbbec_ws/build_287/orbbec_description': CMAKE_PREFIX_PATH=/opt/ros/humble /usr/bin/cmake --install /home/sophie/isaac_lab/isaac_ws/rl_code/soarm100sim/third_party/orbbec_ws/build_287/orbbec_description
[1.156s] -- Install configuration: "Release"
[1.156s] -- Installing: /home/sophie/isaac_lab/isaac_ws/rl_code/soarm100sim/third_party/orbbec_ws/install_287/orbbec_description/share/orbbec_description/launch
[1.156s] -- Installing: /home/sophie/isaac_lab/isaac_ws/rl_code/soarm100sim/third_party/orbbec_ws/install_287/orbbec_description/share/orbbec_description/launch/launch_utils.py
[1.156s] -- Installing: /home/sophie/isaac_lab/isaac_ws/rl_code/soarm100sim/third_party/orbbec_ws/install_287/orbbec_description/share/orbbec_description/launch/view_model.launch.py
[1.156s] -- Installing: /home/sophie/isaac_lab/isaac_ws/rl_code/soarm100sim/third_party/orbbec_ws/install_287/orbbec_description/share/orbbec_description/meshes
[1.156s] -- Installing: /home/sophie/isaac_lab/isaac_ws/rl_code/soarm100sim/third_party/orbbec_ws/install_287/orbbec_description/share/orbbec_description/meshes/astra2
[1.156s] -- Installing: /home/sophie/isaac_lab/isaac_ws/rl_code/soarm100sim/third_party/orbbec_ws/install_287/orbbec_description/share/orbbec_description/meshes/astra2/camera_bottom_screw_frame.STL
[1.156s] -- Installing: /home/sophie/isaac_lab/isaac_ws/rl_code/soarm100sim/third_party/orbbec_ws/install_287/orbbec_description/share/orbbec_description/meshes/astra2/camera_depth_optical_frame.STL
[1.157s] -- Installing: /home/sophie/isaac_lab/isaac_ws/rl_code/soarm100sim/third_party/orbbec_ws/install_287/orbbec_description/share/orbbec_description/meshes/astra2/camera_color_optical_frame.STL
[1.157s] -- Installing: /home/sophie/isaac_lab/isaac_ws/rl_code/soarm100sim/third_party/orbbec_ws/install_287/orbbec_description/share/orbbec_description/meshes/astra2/base_link.STL
[1.158s] -- Installing: /home/sophie/isaac_lab/isaac_ws/rl_code/soarm100sim/third_party/orbbec_ws/install_287/orbbec_description/share/orbbec_description/meshes/astra2/camera_colorl_frame.STL
[1.159s] -- Installing: /home/sophie/isaac_lab/isaac_ws/rl_code/soarm100sim/third_party/orbbec_ws/install_287/orbbec_description/share/orbbec_description/meshes/astra2/camera_infra1_frame.STL
[1.159s] -- Installing: /home/sophie/isaac_lab/isaac_ws/rl_code/soarm100sim/third_party/orbbec_ws/install_287/orbbec_description/share/orbbec_description/meshes/astra2/camera_depth_frame.STL
[1.159s] -- Installing: /home/sophie/isaac_lab/isaac_ws/rl_code/soarm100sim/third_party/orbbec_ws/install_287/orbbec_description/share/orbbec_description/meshes/astra2/camera_infra1_optical_frame.STL
[1.159s] -- Installing: /home/sophie/isaac_lab/isaac_ws/rl_code/soarm100sim/third_party/orbbec_ws/install_287/orbbec_description/share/orbbec_description/meshes/gemini335L_336L
[1.159s] -- Installing: /home/sophie/isaac_lab/isaac_ws/rl_code/soarm100sim/third_party/orbbec_ws/install_287/orbbec_description/share/orbbec_description/meshes/gemini335L_336L/camera_IMU_frame.STL
[1.159s] -- Installing: /home/sophie/isaac_lab/isaac_ws/rl_code/soarm100sim/third_party/orbbec_ws/install_287/orbbec_description/share/orbbec_description/meshes/gemini335L_336L/camera_color_screw_frame.STL
[1.160s] -- Installing: /home/sophie/isaac_lab/isaac_ws/rl_code/soarm100sim/third_party/orbbec_ws/install_287/orbbec_description/share/orbbec_description/meshes/gemini335L_336L/camera_color_optical_frame.STL
[1.161s] -- Installing: /home/sophie/isaac_lab/isaac_ws/rl_code/soarm100sim/third_party/orbbec_ws/install_287/orbbec_description/share/orbbec_description/meshes/gemini335L_336L/base_link.STL
[1.164s] -- Installing: /home/sophie/isaac_lab/isaac_ws/rl_code/soarm100sim/third_party/orbbec_ws/install_287/orbbec_description/share/orbbec_description/meshes/gemini335L_336L/camera_infra2_optical_frame.STL
[1.164s] -- Installing: /home/sophie/isaac_lab/isaac_ws/rl_code/soarm100sim/third_party/orbbec_ws/install_287/orbbec_description/share/orbbec_description/meshes/gemini335L_336L/camera_color_frame.STL
[1.164s] -- Installing: /home/sophie/isaac_lab/isaac_ws/rl_code/soarm100sim/third_party/orbbec_ws/install_287/orbbec_description/share/orbbec_description/meshes/gemini335L_336L/camera_infra1_frame.STL
[1.164s] -- Installing: /home/sophie/isaac_lab/isaac_ws/rl_code/soarm100sim/third_party/orbbec_ws/install_287/orbbec_description/share/orbbec_description/meshes/gemini335L_336L/camera_depth_frame.STL
[1.165s] -- Installing: /home/sophie/isaac_lab/isaac_ws/rl_code/soarm100sim/third_party/orbbec_ws/install_287/orbbec_description/share/orbbec_description/meshes/gemini335L_336L/camera_infra2_frame.STL
[1.165s] -- Installing: /home/sophie/isaac_lab/isaac_ws/rl_code/soarm100sim/third_party/orbbec_ws/install_287/orbbec_description/share/orbbec_description/meshes/gemini335L_336L/camera_infra1_optical_frame.STL
[1.165s] -- Installing: /home/sophie/isaac_lab/isaac_ws/rl_code/soarm100sim/third_party/orbbec_ws/install_287/orbbec_description/share/orbbec_description/meshes/femto_bolt
[1.165s] -- Installing: /home/sophie/isaac_lab/isaac_ws/rl_code/soarm100sim/third_party/orbbec_ws/install_287/orbbec_description/share/orbbec_description/meshes/femto_bolt/femto_bolt.stl
[1.165s] -- Installing: /home/sophie/isaac_lab/isaac_ws/rl_code/soarm100sim/third_party/orbbec_ws/install_287/orbbec_description/share/orbbec_description/meshes/gemini2l
[1.166s] -- Installing: /home/sophie/isaac_lab/isaac_ws/rl_code/soarm100sim/third_party/orbbec_ws/install_287/orbbec_description/share/orbbec_description/meshes/gemini2l/camera_imu_frame.STL
[1.166s] -- Installing: /home/sophie/isaac_lab/isaac_ws/rl_code/soarm100sim/third_party/orbbec_ws/install_287/orbbec_description/share/orbbec_description/meshes/gemini2l/camera_IR1_optical_frame.STL
[1.166s] -- Installing: /home/sophie/isaac_lab/isaac_ws/rl_code/soarm100sim/third_party/orbbec_ws/install_287/orbbec_description/share/orbbec_description/meshes/gemini2l/camera_bottom_screw_frame.STL
[1.167s] -- Installing: /home/sophie/isaac_lab/isaac_ws/rl_code/soarm100sim/third_party/orbbec_ws/install_287/orbbec_description/share/orbbec_description/meshes/gemini2l/base_link.STL
[1.167s] -- Installing: /home/sophie/isaac_lab/isaac_ws/rl_code/soarm100sim/third_party/orbbec_ws/install_287/orbbec_description/share/orbbec_description/meshes/gemini2l/camera_IR2_optical_frame.STL
[1.167s] -- Installing: /home/sophie/isaac_lab/isaac_ws/rl_code/soarm100sim/third_party/orbbec_ws/install_287/orbbec_description/share/orbbec_description/meshes/gemini2l/camera_IR1_frame.STL
[1.167s] -- Installing: /home/sophie/isaac_lab/isaac_ws/rl_code/soarm100sim/third_party/orbbec_ws/install_287/orbbec_description/share/orbbec_description/meshes/gemini2l/camera_color_frame.STL
[1.168s] -- Installing: /home/sophie/isaac_lab/isaac_ws/rl_code/soarm100sim/third_party/orbbec_ws/install_287/orbbec_description/share/orbbec_description/meshes/gemini2l/camera_rgb_optical_frame.STL
[1.168s] -- Installing: /home/sophie/isaac_lab/isaac_ws/rl_code/soarm100sim/third_party/orbbec_ws/install_287/orbbec_description/share/orbbec_description/meshes/gemini2l/camera_depth_frame.STL
[1.168s] -- Installing: /home/sophie/isaac_lab/isaac_ws/rl_code/soarm100sim/third_party/orbbec_ws/install_287/orbbec_description/share/orbbec_description/meshes/gemini2l/camera_IR2_frame.STL
[1.168s] -- Installing: /home/sophie/isaac_lab/isaac_ws/rl_code/soarm100sim/third_party/orbbec_ws/install_287/orbbec_description/share/orbbec_description/meshes/gemini335_336
[1.168s] -- Installing: /home/sophie/isaac_lab/isaac_ws/rl_code/soarm100sim/third_party/orbbec_ws/install_287/orbbec_description/share/orbbec_description/meshes/gemini335_336/camera_left_ir_optical_frame.STL
[1.168s] -- Installing: /home/sophie/isaac_lab/isaac_ws/rl_code/soarm100sim/third_party/orbbec_ws/install_287/orbbec_description/share/orbbec_description/meshes/gemini335_336/camera_bottom_screw_frame.STL
[1.169s] -- Installing: /home/sophie/isaac_lab/isaac_ws/rl_code/soarm100sim/third_party/orbbec_ws/install_287/orbbec_description/share/orbbec_description/meshes/gemini335_336/camera_right_ir_optical_frame.STL
[1.169s] -- Installing: /home/sophie/isaac_lab/isaac_ws/rl_code/soarm100sim/third_party/orbbec_ws/install_287/orbbec_description/share/orbbec_description/meshes/gemini335_336/camera_depth_optical_frame.STL
[1.169s] -- Installing: /home/sophie/isaac_lab/isaac_ws/rl_code/soarm100sim/third_party/orbbec_ws/install_287/orbbec_description/share/orbbec_description/meshes/gemini335_336/camera_left_ir_frame.STL
[1.170s] -- Installing: /home/sophie/isaac_lab/isaac_ws/rl_code/soarm100sim/third_party/orbbec_ws/install_287/orbbec_description/share/orbbec_description/meshes/gemini335_336/camera_color_optical_frame.STL
[1.170s] -- Installing: /home/sophie/isaac_lab/isaac_ws/rl_code/soarm100sim/third_party/orbbec_ws/install_287/orbbec_description/share/orbbec_description/meshes/gemini335_336/camera_link.STL
[1.171s] -- Installing: /home/sophie/isaac_lab/isaac_ws/rl_code/soarm100sim/third_party/orbbec_ws/install_287/orbbec_description/share/orbbec_description/meshes/gemini335_336/camera_color_frame.STL
[1.171s] -- Installing: /home/sophie/isaac_lab/isaac_ws/rl_code/soarm100sim/third_party/orbbec_ws/install_287/orbbec_description/share/orbbec_description/meshes/gemini335_336/camera_right_ir_frame.STL
[1.172s] -- Installing: /home/sophie/isaac_lab/isaac_ws/rl_code/soarm100sim/third_party/orbbec_ws/install_287/orbbec_description/share/orbbec_description/meshes/gemini335_336/camera_depth_frame.STL
[1.172s] -- Installing: /home/sophie/isaac_lab/isaac_ws/rl_code/soarm100sim/third_party/orbbec_ws/install_287/orbbec_description/share/orbbec_description/meshes/AstraPlus.stl
[1.190s] -- Installing: /home/sophie/isaac_lab/isaac_ws/rl_code/soarm100sim/third_party/orbbec_ws/install_287/orbbec_description/share/orbbec_description/meshes/gemini2
[1.190s] -- Installing: /home/sophie/isaac_lab/isaac_ws/rl_code/soarm100sim/third_party/orbbec_ws/install_287/orbbec_description/share/orbbec_description/meshes/gemini2/camera_botter_screw_frame.STL
[1.190s] -- Installing: /home/sophie/isaac_lab/isaac_ws/rl_code/soarm100sim/third_party/orbbec_ws/install_287/orbbec_description/share/orbbec_description/meshes/gemini2/camera_color_optical_frame.STL
[1.190s] -- Installing: /home/sophie/isaac_lab/isaac_ws/rl_code/soarm100sim/third_party/orbbec_ws/install_287/orbbec_description/share/orbbec_description/meshes/gemini2/base_link.STL
[1.192s] -- Installing: /home/sophie/isaac_lab/isaac_ws/rl_code/soarm100sim/third_party/orbbec_ws/install_287/orbbec_description/share/orbbec_description/meshes/gemini2/camera_infra2_optical_frame.STL
[1.192s] -- Installing: /home/sophie/isaac_lab/isaac_ws/rl_code/soarm100sim/third_party/orbbec_ws/install_287/orbbec_description/share/orbbec_description/meshes/gemini2/camera_color_frame.STL
[1.192s] -- Installing: /home/sophie/isaac_lab/isaac_ws/rl_code/soarm100sim/third_party/orbbec_ws/install_287/orbbec_description/share/orbbec_description/meshes/gemini2/camera_infra1_frame.STL
[1.192s] -- Installing: /home/sophie/isaac_lab/isaac_ws/rl_code/soarm100sim/third_party/orbbec_ws/install_287/orbbec_description/share/orbbec_description/meshes/gemini2/camera_depth_frame.STL
[1.193s] -- Installing: /home/sophie/isaac_lab/isaac_ws/rl_code/soarm100sim/third_party/orbbec_ws/install_287/orbbec_description/share/orbbec_description/meshes/gemini2/camera_infra2_frame.STL
[1.193s] -- Installing: /home/sophie/isaac_lab/isaac_ws/rl_code/soarm100sim/third_party/orbbec_ws/install_287/orbbec_description/share/orbbec_description/meshes/gemini2/camera_infra1_optical_frame.STL
[1.193s] -- Installing: /home/sophie/isaac_lab/isaac_ws/rl_code/soarm100sim/third_party/orbbec_ws/install_287/orbbec_description/share/orbbec_description/meshes/gemini335Le
[1.193s] -- Installing: /home/sophie/isaac_lab/isaac_ws/rl_code/soarm100sim/third_party/orbbec_ws/install_287/orbbec_description/share/orbbec_description/meshes/gemini335Le/base_Link.STL
[1.195s] -- Installing: /home/sophie/isaac_lab/isaac_ws/rl_code/soarm100sim/third_party/orbbec_ws/install_287/orbbec_description/share/orbbec_description/meshes/gemini335Le/canera_left_IR_ROS_frame.STL
[1.195s] -- Installing: /home/sophie/isaac_lab/isaac_ws/rl_code/soarm100sim/third_party/orbbec_ws/install_287/orbbec_description/share/orbbec_description/meshes/gemini335Le/camera_botton_screw_frame.STL
[1.197s] -- Installing: /home/sophie/isaac_lab/isaac_ws/rl_code/soarm100sim/third_party/orbbec_ws/install_287/orbbec_description/share/orbbec_description/meshes/gemini335Le/canera_IMU_ROS_frame.STL
[1.197s] -- Installing: /home/sophie/isaac_lab/isaac_ws/rl_code/soarm100sim/third_party/orbbec_ws/install_287/orbbec_description/share/orbbec_description/meshes/gemini335Le/canera_right_IR_ROS_frame.STL
[1.198s] -- Installing: /home/sophie/isaac_lab/isaac_ws/rl_code/soarm100sim/third_party/orbbec_ws/install_287/orbbec_description/share/orbbec_description/meshes/gemini335Le/canera_RGB_ROS_frame.STL
[1.198s] -- Installing: /home/sophie/isaac_lab/isaac_ws/rl_code/soarm100sim/third_party/orbbec_ws/install_287/orbbec_description/share/orbbec_description/meshes/gemini335Lg
[1.198s] -- Installing: /home/sophie/isaac_lab/isaac_ws/rl_code/soarm100sim/third_party/orbbec_ws/install_287/orbbec_description/share/orbbec_description/meshes/gemini335Lg/camera_bottom_screw_frame.STL
[1.199s] -- Installing: /home/sophie/isaac_lab/isaac_ws/rl_code/soarm100sim/third_party/orbbec_ws/install_287/orbbec_description/share/orbbec_description/meshes/gemini335Lg/camera_IMU_frame.STL
[1.199s] -- Installing: /home/sophie/isaac_lab/isaac_ws/rl_code/soarm100sim/third_party/orbbec_ws/install_287/orbbec_description/share/orbbec_description/meshes/gemini335Lg/camera_color_optical_frame.STL
[1.199s] -- Installing: /home/sophie/isaac_lab/isaac_ws/rl_code/soarm100sim/third_party/orbbec_ws/install_287/orbbec_description/share/orbbec_description/meshes/gemini335Lg/base_link.STL
[1.201s] -- Installing: /home/sophie/isaac_lab/isaac_ws/rl_code/soarm100sim/third_party/orbbec_ws/install_287/orbbec_description/share/orbbec_description/meshes/gemini335Lg/camera_infra2_optical_frame.STL
[1.201s] -- Installing: /home/sophie/isaac_lab/isaac_ws/rl_code/soarm100sim/third_party/orbbec_ws/install_287/orbbec_description/share/orbbec_description/meshes/gemini335Lg/camera_color_frame.STL
[1.201s] -- Installing: /home/sophie/isaac_lab/isaac_ws/rl_code/soarm100sim/third_party/orbbec_ws/install_287/orbbec_description/share/orbbec_description/meshes/gemini335Lg/camera_infra1_frame.STL
[1.202s] -- Installing: /home/sophie/isaac_lab/isaac_ws/rl_code/soarm100sim/third_party/orbbec_ws/install_287/orbbec_description/share/orbbec_description/meshes/gemini335Lg/camera_depth_frame.STL
[1.202s] -- Installing: /home/sophie/isaac_lab/isaac_ws/rl_code/soarm100sim/third_party/orbbec_ws/install_287/orbbec_description/share/orbbec_description/meshes/gemini335Lg/camera_infra2_frame.STL
[1.202s] -- Installing: /home/sophie/isaac_lab/isaac_ws/rl_code/soarm100sim/third_party/orbbec_ws/install_287/orbbec_description/share/orbbec_description/meshes/gemini335Lg/camera_infra1_optical_frame.STL
[1.202s] -- Installing: /home/sophie/isaac_lab/isaac_ws/rl_code/soarm100sim/third_party/orbbec_ws/install_287/orbbec_description/share/orbbec_description/urdf
[1.202s] -- Installing: /home/sophie/isaac_lab/isaac_ws/rl_code/soarm100sim/third_party/orbbec_ws/install_287/orbbec_description/share/orbbec_description/urdf/test_femto_bolt.urdf.xacro
[1.203s] -- Installing: /home/sophie/isaac_lab/isaac_ws/rl_code/soarm100sim/third_party/orbbec_ws/install_287/orbbec_description/share/orbbec_description/urdf/test_gemini_335.urdf.xacro
[1.203s] -- Installing: /home/sophie/isaac_lab/isaac_ws/rl_code/soarm100sim/third_party/orbbec_ws/install_287/orbbec_description/share/orbbec_description/urdf/gemini335Lg.urdf.xacro
[1.203s] -- Installing: /home/sophie/isaac_lab/isaac_ws/rl_code/soarm100sim/third_party/orbbec_ws/install_287/orbbec_description/share/orbbec_description/urdf/test_gemini335L.urdf.xacro
[1.203s] -- Installing: /home/sophie/isaac_lab/isaac_ws/rl_code/soarm100sim/third_party/orbbec_ws/install_287/orbbec_description/share/orbbec_description/urdf/test_gemini2.urdf.xacro
[1.203s] -- Installing: /home/sophie/isaac_lab/isaac_ws/rl_code/soarm100sim/third_party/orbbec_ws/install_287/orbbec_description/share/orbbec_description/urdf/gemini335L_336L.urdf.xacro
[1.203s] -- Installing: /home/sophie/isaac_lab/isaac_ws/rl_code/soarm100sim/third_party/orbbec_ws/install_287/orbbec_description/share/orbbec_description/urdf/test_gemini335Lg.urdf.xacro
[1.203s] -- Installing: /home/sophie/isaac_lab/isaac_ws/rl_code/soarm100sim/third_party/orbbec_ws/install_287/orbbec_description/share/orbbec_description/urdf/test_gemini2L.urdf.xacro
[1.203s] -- Installing: /home/sophie/isaac_lab/isaac_ws/rl_code/soarm100sim/third_party/orbbec_ws/install_287/orbbec_description/share/orbbec_description/urdf/gemini_335_336.urdf.xacro
[1.203s] -- Installing: /home/sophie/isaac_lab/isaac_ws/rl_code/soarm100sim/third_party/orbbec_ws/install_287/orbbec_description/share/orbbec_description/urdf/gemini335Le.urdf.xacro
[1.203s] -- Installing: /home/sophie/isaac_lab/isaac_ws/rl_code/soarm100sim/third_party/orbbec_ws/install_287/orbbec_description/share/orbbec_description/urdf/test_gemini336L.urdf.xacro
[1.203s] -- Installing: /home/sophie/isaac_lab/isaac_ws/rl_code/soarm100sim/third_party/orbbec_ws/install_287/orbbec_description/share/orbbec_description/urdf/gemini2L.urdf.xacro
[1.203s] -- Installing: /home/sophie/isaac_lab/isaac_ws/rl_code/soarm100sim/third_party/orbbec_ws/install_287/orbbec_description/share/orbbec_description/urdf/test_gemini_336.urdf.xacro
[1.203s] -- Installing: /home/sophie/isaac_lab/isaac_ws/rl_code/soarm100sim/third_party/orbbec_ws/install_287/orbbec_description/share/orbbec_description/urdf/gemini2.urdf.xacro
[1.203s] -- Installing: /home/sophie/isaac_lab/isaac_ws/rl_code/soarm100sim/third_party/orbbec_ws/install_287/orbbec_description/share/orbbec_description/urdf/femto_bolt.urdf.xacro
[1.203s] -- Installing: /home/sophie/isaac_lab/isaac_ws/rl_code/soarm100sim/third_party/orbbec_ws/install_287/orbbec_description/share/orbbec_description/urdf/astra2.urdf.xacro
[1.203s] -- Installing: /home/sophie/isaac_lab/isaac_ws/rl_code/soarm100sim/third_party/orbbec_ws/install_287/orbbec_description/share/orbbec_description/urdf/test_gemini335Le.urdf.xacro
[1.203s] -- Installing: /home/sophie/isaac_lab/isaac_ws/rl_code/soarm100sim/third_party/orbbec_ws/install_287/orbbec_description/share/orbbec_description/urdf/test_astra2.urdf.xacro
[1.203s] -- Installing: /home/sophie/isaac_lab/isaac_ws/rl_code/soarm100sim/third_party/orbbec_ws/install_287/orbbec_description/share/orbbec_description/rviz
[1.203s] -- Installing: /home/sophie/isaac_lab/isaac_ws/rl_code/soarm100sim/third_party/orbbec_ws/install_287/orbbec_description/share/orbbec_description/rviz/urdf.rviz
[1.203s] -- Installing: /home/sophie/isaac_lab/isaac_ws/rl_code/soarm100sim/third_party/orbbec_ws/install_287/orbbec_description/share/ament_index/resource_index/package_run_dependencies/orbbec_description
[1.203s] -- Installing: /home/sophie/isaac_lab/isaac_ws/rl_code/soarm100sim/third_party/orbbec_ws/install_287/orbbec_description/share/ament_index/resource_index/parent_prefix_path/orbbec_description
[1.203s] -- Installing: /home/sophie/isaac_lab/isaac_ws/rl_code/soarm100sim/third_party/orbbec_ws/install_287/orbbec_description/share/orbbec_description/environment/ament_prefix_path.sh
[1.203s] -- Installing: /home/sophie/isaac_lab/isaac_ws/rl_code/soarm100sim/third_party/orbbec_ws/install_287/orbbec_description/share/orbbec_description/environment/ament_prefix_path.dsv
[1.204s] -- Installing: /home/sophie/isaac_lab/isaac_ws/rl_code/soarm100sim/third_party/orbbec_ws/install_287/orbbec_description/share/orbbec_description/environment/path.sh
[1.204s] -- Installing: /home/sophie/isaac_lab/isaac_ws/rl_code/soarm100sim/third_party/orbbec_ws/install_287/orbbec_description/share/orbbec_description/environment/path.dsv
[1.204s] -- Installing: /home/sophie/isaac_lab/isaac_ws/rl_code/soarm100sim/third_party/orbbec_ws/install_287/orbbec_description/share/orbbec_description/local_setup.bash
[1.204s] -- Installing: /home/sophie/isaac_lab/isaac_ws/rl_code/soarm100sim/third_party/orbbec_ws/install_287/orbbec_description/share/orbbec_description/local_setup.sh
[1.204s] -- Installing: /home/sophie/isaac_lab/isaac_ws/rl_code/soarm100sim/third_party/orbbec_ws/install_287/orbbec_description/share/orbbec_description/local_setup.zsh
[1.204s] -- Installing: /home/sophie/isaac_lab/isaac_ws/rl_code/soarm100sim/third_party/orbbec_ws/install_287/orbbec_description/share/orbbec_description/local_setup.dsv
[1.204s] -- Installing: /home/sophie/isaac_lab/isaac_ws/rl_code/soarm100sim/third_party/orbbec_ws/install_287/orbbec_description/share/orbbec_description/package.dsv
[1.204s] -- Installing: /home/sophie/isaac_lab/isaac_ws/rl_code/soarm100sim/third_party/orbbec_ws/install_287/orbbec_description/share/ament_index/resource_index/packages/orbbec_description
[1.204s] -- Installing: /home/sophie/isaac_lab/isaac_ws/rl_code/soarm100sim/third_party/orbbec_ws/install_287/orbbec_description/share/orbbec_description/cmake/orbbec_descriptionConfig.cmake
[1.204s] -- Installing: /home/sophie/isaac_lab/isaac_ws/rl_code/soarm100sim/third_party/orbbec_ws/install_287/orbbec_description/share/orbbec_description/cmake/orbbec_descriptionConfig-version.cmake
[1.204s] -- Installing: /home/sophie/isaac_lab/isaac_ws/rl_code/soarm100sim/third_party/orbbec_ws/install_287/orbbec_description/share/orbbec_description/package.xml
[1.486s] Invoked command in '/home/sophie/isaac_lab/isaac_ws/rl_code/soarm100sim/third_party/orbbec_ws/build_287/orbbec_description' returned '0': CMAKE_PREFIX_PATH=/opt/ros/humble /usr/bin/cmake --install /home/sophie/isaac_lab/isaac_ws/rl_code/soarm100sim/third_party/orbbec_ws/build_287/orbbec_description
