-- The C compiler identification is GNU 11.4.0
-- The CXX compiler identification is GNU 11.4.0
-- Detecting C compiler ABI info
-- Detecting C compiler ABI info - done
-- Check for working C compiler: /usr/bin/cc - skipped
-- Detecting C compile features
-- Detecting C compile features - done
-- Detecting CXX compiler ABI info
-- Detecting CXX compiler ABI info - done
-- Check for working CXX compiler: /usr/bin/c++ - skipped
-- Detecting CXX compile features
-- Detecting CXX compile features - done
-- Found ament_cmake: 1.3.14 (/opt/ros/humble/share/ament_cmake/cmake)
-- Found Python3: /usr/bin/python3 (found version "3.10.12") found components: Interpreter 
-- Configuring done
-- Generating done
CMake Warning:
  Manually-specified variables were not used by the project:

    INSTALL_UDEV_RULES


-- Build files have been written to: /home/sophie/isaac_lab/isaac_ws/rl_code/soarm100sim/third_party/orbbec_293_ws/build/orbbec_description
-- Install configuration: "Release"
-- Installing: /home/sophie/isaac_lab/isaac_ws/rl_code/soarm100sim/third_party/orbbec_293_ws/install/orbbec_description/share/orbbec_description/launch
-- Installing: /home/sophie/isaac_lab/isaac_ws/rl_code/soarm100sim/third_party/orbbec_293_ws/install/orbbec_description/share/orbbec_description/launch/launch_utils.py
-- Installing: /home/sophie/isaac_lab/isaac_ws/rl_code/soarm100sim/third_party/orbbec_293_ws/install/orbbec_description/share/orbbec_description/launch/view_model.launch.py
-- Installing: /home/sophie/isaac_lab/isaac_ws/rl_code/soarm100sim/third_party/orbbec_293_ws/install/orbbec_description/share/orbbec_description/meshes
-- Installing: /home/sophie/isaac_lab/isaac_ws/rl_code/soarm100sim/third_party/orbbec_293_ws/install/orbbec_description/share/orbbec_description/meshes/astra2
-- Installing: /home/sophie/isaac_lab/isaac_ws/rl_code/soarm100sim/third_party/orbbec_293_ws/install/orbbec_description/share/orbbec_description/meshes/astra2/camera_bottom_screw_frame.STL
-- Installing: /home/sophie/isaac_lab/isaac_ws/rl_code/soarm100sim/third_party/orbbec_293_ws/install/orbbec_description/share/orbbec_description/meshes/astra2/camera_depth_optical_frame.STL
-- Installing: /home/sophie/isaac_lab/isaac_ws/rl_code/soarm100sim/third_party/orbbec_293_ws/install/orbbec_description/share/orbbec_description/meshes/astra2/camera_color_optical_frame.STL
-- Installing: /home/sophie/isaac_lab/isaac_ws/rl_code/soarm100sim/third_party/orbbec_293_ws/install/orbbec_description/share/orbbec_description/meshes/astra2/base_link.STL
-- Installing: /home/sophie/isaac_lab/isaac_ws/rl_code/soarm100sim/third_party/orbbec_293_ws/install/orbbec_description/share/orbbec_description/meshes/astra2/camera_colorl_frame.STL
-- Installing: /home/sophie/isaac_lab/isaac_ws/rl_code/soarm100sim/third_party/orbbec_293_ws/install/orbbec_description/share/orbbec_description/meshes/astra2/camera_infra1_frame.STL
-- Installing: /home/sophie/isaac_lab/isaac_ws/rl_code/soarm100sim/third_party/orbbec_293_ws/install/orbbec_description/share/orbbec_description/meshes/astra2/camera_depth_frame.STL
-- Installing: /home/sophie/isaac_lab/isaac_ws/rl_code/soarm100sim/third_party/orbbec_293_ws/install/orbbec_description/share/orbbec_description/meshes/astra2/camera_infra1_optical_frame.STL
-- Installing: /home/sophie/isaac_lab/isaac_ws/rl_code/soarm100sim/third_party/orbbec_293_ws/install/orbbec_description/share/orbbec_description/meshes/gemini335L_336L
-- Installing: /home/sophie/isaac_lab/isaac_ws/rl_code/soarm100sim/third_party/orbbec_293_ws/install/orbbec_description/share/orbbec_description/meshes/gemini335L_336L/camera_IMU_frame.STL
-- Installing: /home/sophie/isaac_lab/isaac_ws/rl_code/soarm100sim/third_party/orbbec_293_ws/install/orbbec_description/share/orbbec_description/meshes/gemini335L_336L/camera_color_screw_frame.STL
-- Installing: /home/sophie/isaac_lab/isaac_ws/rl_code/soarm100sim/third_party/orbbec_293_ws/install/orbbec_description/share/orbbec_description/meshes/gemini335L_336L/camera_color_optical_frame.STL
-- Installing: /home/sophie/isaac_lab/isaac_ws/rl_code/soarm100sim/third_party/orbbec_293_ws/install/orbbec_description/share/orbbec_description/meshes/gemini335L_336L/base_link.STL
-- Installing: /home/sophie/isaac_lab/isaac_ws/rl_code/soarm100sim/third_party/orbbec_293_ws/install/orbbec_description/share/orbbec_description/meshes/gemini335L_336L/camera_infra2_optical_frame.STL
-- Installing: /home/sophie/isaac_lab/isaac_ws/rl_code/soarm100sim/third_party/orbbec_293_ws/install/orbbec_description/share/orbbec_description/meshes/gemini335L_336L/camera_color_frame.STL
-- Installing: /home/sophie/isaac_lab/isaac_ws/rl_code/soarm100sim/third_party/orbbec_293_ws/install/orbbec_description/share/orbbec_description/meshes/gemini335L_336L/camera_infra1_frame.STL
-- Installing: /home/sophie/isaac_lab/isaac_ws/rl_code/soarm100sim/third_party/orbbec_293_ws/install/orbbec_description/share/orbbec_description/meshes/gemini335L_336L/camera_depth_frame.STL
-- Installing: /home/sophie/isaac_lab/isaac_ws/rl_code/soarm100sim/third_party/orbbec_293_ws/install/orbbec_description/share/orbbec_description/meshes/gemini335L_336L/camera_infra2_frame.STL
-- Installing: /home/sophie/isaac_lab/isaac_ws/rl_code/soarm100sim/third_party/orbbec_293_ws/install/orbbec_description/share/orbbec_description/meshes/gemini335L_336L/camera_infra1_optical_frame.STL
-- Installing: /home/sophie/isaac_lab/isaac_ws/rl_code/soarm100sim/third_party/orbbec_293_ws/install/orbbec_description/share/orbbec_description/meshes/gemini345
-- Installing: /home/sophie/isaac_lab/isaac_ws/rl_code/soarm100sim/third_party/orbbec_293_ws/install/orbbec_description/share/orbbec_description/meshes/gemini345/camera_left_ir_optical_frame.STL
-- Installing: /home/sophie/isaac_lab/isaac_ws/rl_code/soarm100sim/third_party/orbbec_293_ws/install/orbbec_description/share/orbbec_description/meshes/gemini345/camera_bottom_screw_frame.STL
-- Installing: /home/sophie/isaac_lab/isaac_ws/rl_code/soarm100sim/third_party/orbbec_293_ws/install/orbbec_description/share/orbbec_description/meshes/gemini345/camera_IMU_frame.STL
-- Installing: /home/sophie/isaac_lab/isaac_ws/rl_code/soarm100sim/third_party/orbbec_293_ws/install/orbbec_description/share/orbbec_description/meshes/gemini345/camera_right_ir_optical_frame.STL
-- Installing: /home/sophie/isaac_lab/isaac_ws/rl_code/soarm100sim/third_party/orbbec_293_ws/install/orbbec_description/share/orbbec_description/meshes/gemini345/camera_left_ir_frame.STL
-- Installing: /home/sophie/isaac_lab/isaac_ws/rl_code/soarm100sim/third_party/orbbec_293_ws/install/orbbec_description/share/orbbec_description/meshes/gemini345/camera_color_optical_frame.STL
-- Installing: /home/sophie/isaac_lab/isaac_ws/rl_code/soarm100sim/third_party/orbbec_293_ws/install/orbbec_description/share/orbbec_description/meshes/gemini345/camera_link.STL
-- Installing: /home/sophie/isaac_lab/isaac_ws/rl_code/soarm100sim/third_party/orbbec_293_ws/install/orbbec_description/share/orbbec_description/meshes/gemini345/camera_color_frame.STL
-- Installing: /home/sophie/isaac_lab/isaac_ws/rl_code/soarm100sim/third_party/orbbec_293_ws/install/orbbec_description/share/orbbec_description/meshes/gemini345/camera_right_ir_frame.STL
-- Installing: /home/sophie/isaac_lab/isaac_ws/rl_code/soarm100sim/third_party/orbbec_293_ws/install/orbbec_description/share/orbbec_description/meshes/gemini345/camera_depth_frame.STL
-- Installing: /home/sophie/isaac_lab/isaac_ws/rl_code/soarm100sim/third_party/orbbec_293_ws/install/orbbec_description/share/orbbec_description/meshes/femto_bolt
-- Installing: /home/sophie/isaac_lab/isaac_ws/rl_code/soarm100sim/third_party/orbbec_293_ws/install/orbbec_description/share/orbbec_description/meshes/femto_bolt/femto_bolt.stl
-- Installing: /home/sophie/isaac_lab/isaac_ws/rl_code/soarm100sim/third_party/orbbec_293_ws/install/orbbec_description/share/orbbec_description/meshes/gemini309_g
-- Installing: /home/sophie/isaac_lab/isaac_ws/rl_code/soarm100sim/third_party/orbbec_293_ws/install/orbbec_description/share/orbbec_description/meshes/gemini309_g/USB.STL
-- Installing: /home/sophie/isaac_lab/isaac_ws/rl_code/soarm100sim/third_party/orbbec_293_ws/install/orbbec_description/share/orbbec_description/meshes/gemini309_g/RGB_L.STL
-- Installing: /home/sophie/isaac_lab/isaac_ws/rl_code/soarm100sim/third_party/orbbec_293_ws/install/orbbec_description/share/orbbec_description/meshes/gemini309_g/RGB_R.STL
-- Installing: /home/sophie/isaac_lab/isaac_ws/rl_code/soarm100sim/third_party/orbbec_293_ws/install/orbbec_description/share/orbbec_description/meshes/gemini309_g/FAKRA.STL
-- Installing: /home/sophie/isaac_lab/isaac_ws/rl_code/soarm100sim/third_party/orbbec_293_ws/install/orbbec_description/share/orbbec_description/meshes/gemini309_g/camera_bottom_screw.STL
-- Installing: /home/sophie/isaac_lab/isaac_ws/rl_code/soarm100sim/third_party/orbbec_293_ws/install/orbbec_description/share/orbbec_description/meshes/gemini309_g/camera_rear_screw_R.STL
-- Installing: /home/sophie/isaac_lab/isaac_ws/rl_code/soarm100sim/third_party/orbbec_293_ws/install/orbbec_description/share/orbbec_description/meshes/gemini309_g/camera_rear_screw_L.STL
-- Installing: /home/sophie/isaac_lab/isaac_ws/rl_code/soarm100sim/third_party/orbbec_293_ws/install/orbbec_description/share/orbbec_description/meshes/gemini2l
-- Installing: /home/sophie/isaac_lab/isaac_ws/rl_code/soarm100sim/third_party/orbbec_293_ws/install/orbbec_description/share/orbbec_description/meshes/gemini2l/camera_imu_frame.STL
-- Installing: /home/sophie/isaac_lab/isaac_ws/rl_code/soarm100sim/third_party/orbbec_293_ws/install/orbbec_description/share/orbbec_description/meshes/gemini2l/camera_IR1_optical_frame.STL
-- Installing: /home/sophie/isaac_lab/isaac_ws/rl_code/soarm100sim/third_party/orbbec_293_ws/install/orbbec_description/share/orbbec_description/meshes/gemini2l/camera_bottom_screw_frame.STL
-- Installing: /home/sophie/isaac_lab/isaac_ws/rl_code/soarm100sim/third_party/orbbec_293_ws/install/orbbec_description/share/orbbec_description/meshes/gemini2l/base_link.STL
-- Installing: /home/sophie/isaac_lab/isaac_ws/rl_code/soarm100sim/third_party/orbbec_293_ws/install/orbbec_description/share/orbbec_description/meshes/gemini2l/camera_IR2_optical_frame.STL
-- Installing: /home/sophie/isaac_lab/isaac_ws/rl_code/soarm100sim/third_party/orbbec_293_ws/install/orbbec_description/share/orbbec_description/meshes/gemini2l/camera_IR1_frame.STL
-- Installing: /home/sophie/isaac_lab/isaac_ws/rl_code/soarm100sim/third_party/orbbec_293_ws/install/orbbec_description/share/orbbec_description/meshes/gemini2l/camera_color_frame.STL
-- Installing: /home/sophie/isaac_lab/isaac_ws/rl_code/soarm100sim/third_party/orbbec_293_ws/install/orbbec_description/share/orbbec_description/meshes/gemini2l/camera_rgb_optical_frame.STL
-- Installing: /home/sophie/isaac_lab/isaac_ws/rl_code/soarm100sim/third_party/orbbec_293_ws/install/orbbec_description/share/orbbec_description/meshes/gemini2l/camera_depth_frame.STL
-- Installing: /home/sophie/isaac_lab/isaac_ws/rl_code/soarm100sim/third_party/orbbec_293_ws/install/orbbec_description/share/orbbec_description/meshes/gemini2l/camera_IR2_frame.STL
-- Installing: /home/sophie/isaac_lab/isaac_ws/rl_code/soarm100sim/third_party/orbbec_293_ws/install/orbbec_description/share/orbbec_description/meshes/gemini345Lg
-- Installing: /home/sophie/isaac_lab/isaac_ws/rl_code/soarm100sim/third_party/orbbec_293_ws/install/orbbec_description/share/orbbec_description/meshes/gemini345Lg/camera_left_ir_optical_frame.STL
-- Installing: /home/sophie/isaac_lab/isaac_ws/rl_code/soarm100sim/third_party/orbbec_293_ws/install/orbbec_description/share/orbbec_description/meshes/gemini345Lg/camera_bottom_screw_frame.STL
-- Installing: /home/sophie/isaac_lab/isaac_ws/rl_code/soarm100sim/third_party/orbbec_293_ws/install/orbbec_description/share/orbbec_description/meshes/gemini345Lg/camera_IMU_frame.STL
-- Installing: /home/sophie/isaac_lab/isaac_ws/rl_code/soarm100sim/third_party/orbbec_293_ws/install/orbbec_description/share/orbbec_description/meshes/gemini345Lg/camera_right_ir_optical_frame.STL
-- Installing: /home/sophie/isaac_lab/isaac_ws/rl_code/soarm100sim/third_party/orbbec_293_ws/install/orbbec_description/share/orbbec_description/meshes/gemini345Lg/camera_left_ir_frame.STL
-- Installing: /home/sophie/isaac_lab/isaac_ws/rl_code/soarm100sim/third_party/orbbec_293_ws/install/orbbec_description/share/orbbec_description/meshes/gemini345Lg/camera_color_optical_frame.STL
-- Installing: /home/sophie/isaac_lab/isaac_ws/rl_code/soarm100sim/third_party/orbbec_293_ws/install/orbbec_description/share/orbbec_description/meshes/gemini345Lg/camera_link.STL
-- Installing: /home/sophie/isaac_lab/isaac_ws/rl_code/soarm100sim/third_party/orbbec_293_ws/install/orbbec_description/share/orbbec_description/meshes/gemini345Lg/camera_color_frame.STL
-- Installing: /home/sophie/isaac_lab/isaac_ws/rl_code/soarm100sim/third_party/orbbec_293_ws/install/orbbec_description/share/orbbec_description/meshes/gemini345Lg/camera_right_ir_frame.STL
-- Installing: /home/sophie/isaac_lab/isaac_ws/rl_code/soarm100sim/third_party/orbbec_293_ws/install/orbbec_description/share/orbbec_description/meshes/gemini345Lg/camera_depth_frame.STL
-- Installing: /home/sophie/isaac_lab/isaac_ws/rl_code/soarm100sim/third_party/orbbec_293_ws/install/orbbec_description/share/orbbec_description/meshes/gemini335_336
-- Installing: /home/sophie/isaac_lab/isaac_ws/rl_code/soarm100sim/third_party/orbbec_293_ws/install/orbbec_description/share/orbbec_description/meshes/gemini335_336/camera_left_ir_optical_frame.STL
-- Installing: /home/sophie/isaac_lab/isaac_ws/rl_code/soarm100sim/third_party/orbbec_293_ws/install/orbbec_description/share/orbbec_description/meshes/gemini335_336/camera_bottom_screw_frame.STL
-- Installing: /home/sophie/isaac_lab/isaac_ws/rl_code/soarm100sim/third_party/orbbec_293_ws/install/orbbec_description/share/orbbec_description/meshes/gemini335_336/camera_right_ir_optical_frame.STL
-- Installing: /home/sophie/isaac_lab/isaac_ws/rl_code/soarm100sim/third_party/orbbec_293_ws/install/orbbec_description/share/orbbec_description/meshes/gemini335_336/camera_depth_optical_frame.STL
-- Installing: /home/sophie/isaac_lab/isaac_ws/rl_code/soarm100sim/third_party/orbbec_293_ws/install/orbbec_description/share/orbbec_description/meshes/gemini335_336/camera_left_ir_frame.STL
-- Installing: /home/sophie/isaac_lab/isaac_ws/rl_code/soarm100sim/third_party/orbbec_293_ws/install/orbbec_description/share/orbbec_description/meshes/gemini335_336/camera_color_optical_frame.STL
-- Installing: /home/sophie/isaac_lab/isaac_ws/rl_code/soarm100sim/third_party/orbbec_293_ws/install/orbbec_description/share/orbbec_description/meshes/gemini335_336/camera_link.STL
-- Installing: /home/sophie/isaac_lab/isaac_ws/rl_code/soarm100sim/third_party/orbbec_293_ws/install/orbbec_description/share/orbbec_description/meshes/gemini335_336/camera_color_frame.STL
-- Installing: /home/sophie/isaac_lab/isaac_ws/rl_code/soarm100sim/third_party/orbbec_293_ws/install/orbbec_description/share/orbbec_description/meshes/gemini335_336/camera_right_ir_frame.STL
-- Installing: /home/sophie/isaac_lab/isaac_ws/rl_code/soarm100sim/third_party/orbbec_293_ws/install/orbbec_description/share/orbbec_description/meshes/gemini335_336/camera_depth_frame.STL
-- Installing: /home/sophie/isaac_lab/isaac_ws/rl_code/soarm100sim/third_party/orbbec_293_ws/install/orbbec_description/share/orbbec_description/meshes/AstraPlus.stl
-- Installing: /home/sophie/isaac_lab/isaac_ws/rl_code/soarm100sim/third_party/orbbec_293_ws/install/orbbec_description/share/orbbec_description/meshes/dabai_dcw2
-- Installing: /home/sophie/isaac_lab/isaac_ws/rl_code/soarm100sim/third_party/orbbec_293_ws/install/orbbec_description/share/orbbec_description/meshes/dabai_dcw2/camera_bottom_screw_frame.STL
-- Installing: /home/sophie/isaac_lab/isaac_ws/rl_code/soarm100sim/third_party/orbbec_293_ws/install/orbbec_description/share/orbbec_description/meshes/dabai_dcw2/camera_left_ir_frame.STL
-- Installing: /home/sophie/isaac_lab/isaac_ws/rl_code/soarm100sim/third_party/orbbec_293_ws/install/orbbec_description/share/orbbec_description/meshes/dabai_dcw2/base_link.STL
-- Installing: /home/sophie/isaac_lab/isaac_ws/rl_code/soarm100sim/third_party/orbbec_293_ws/install/orbbec_description/share/orbbec_description/meshes/dabai_dcw2/camera_color_frame.STL
-- Installing: /home/sophie/isaac_lab/isaac_ws/rl_code/soarm100sim/third_party/orbbec_293_ws/install/orbbec_description/share/orbbec_description/meshes/dabai_dcw2/camera_right_ir_frame.STL
-- Installing: /home/sophie/isaac_lab/isaac_ws/rl_code/soarm100sim/third_party/orbbec_293_ws/install/orbbec_description/share/orbbec_description/meshes/dabai_dcw2/camera_usb_frame.STL
-- Installing: /home/sophie/isaac_lab/isaac_ws/rl_code/soarm100sim/third_party/orbbec_293_ws/install/orbbec_description/share/orbbec_description/meshes/dabai_dcw2/camera_depth_frame.STL
-- Installing: /home/sophie/isaac_lab/isaac_ws/rl_code/soarm100sim/third_party/orbbec_293_ws/install/orbbec_description/share/orbbec_description/meshes/gemini2
-- Installing: /home/sophie/isaac_lab/isaac_ws/rl_code/soarm100sim/third_party/orbbec_293_ws/install/orbbec_description/share/orbbec_description/meshes/gemini2/camera_botter_screw_frame.STL
-- Installing: /home/sophie/isaac_lab/isaac_ws/rl_code/soarm100sim/third_party/orbbec_293_ws/install/orbbec_description/share/orbbec_description/meshes/gemini2/camera_color_optical_frame.STL
-- Installing: /home/sophie/isaac_lab/isaac_ws/rl_code/soarm100sim/third_party/orbbec_293_ws/install/orbbec_description/share/orbbec_description/meshes/gemini2/base_link.STL
-- Installing: /home/sophie/isaac_lab/isaac_ws/rl_code/soarm100sim/third_party/orbbec_293_ws/install/orbbec_description/share/orbbec_description/meshes/gemini2/camera_infra2_optical_frame.STL
-- Installing: /home/sophie/isaac_lab/isaac_ws/rl_code/soarm100sim/third_party/orbbec_293_ws/install/orbbec_description/share/orbbec_description/meshes/gemini2/camera_color_frame.STL
-- Installing: /home/sophie/isaac_lab/isaac_ws/rl_code/soarm100sim/third_party/orbbec_293_ws/install/orbbec_description/share/orbbec_description/meshes/gemini2/camera_infra1_frame.STL
-- Installing: /home/sophie/isaac_lab/isaac_ws/rl_code/soarm100sim/third_party/orbbec_293_ws/install/orbbec_description/share/orbbec_description/meshes/gemini2/camera_depth_frame.STL
-- Installing: /home/sophie/isaac_lab/isaac_ws/rl_code/soarm100sim/third_party/orbbec_293_ws/install/orbbec_description/share/orbbec_description/meshes/gemini2/camera_infra2_frame.STL
-- Installing: /home/sophie/isaac_lab/isaac_ws/rl_code/soarm100sim/third_party/orbbec_293_ws/install/orbbec_description/share/orbbec_description/meshes/gemini2/camera_infra1_optical_frame.STL
-- Installing: /home/sophie/isaac_lab/isaac_ws/rl_code/soarm100sim/third_party/orbbec_293_ws/install/orbbec_description/share/orbbec_description/meshes/dabai_max_pro
-- Installing: /home/sophie/isaac_lab/isaac_ws/rl_code/soarm100sim/third_party/orbbec_293_ws/install/orbbec_description/share/orbbec_description/meshes/dabai_max_pro/camera_left_ir_optical_frame.STL
-- Installing: /home/sophie/isaac_lab/isaac_ws/rl_code/soarm100sim/third_party/orbbec_293_ws/install/orbbec_description/share/orbbec_description/meshes/dabai_max_pro/camera_bottom_screw_frame.STL
-- Installing: /home/sophie/isaac_lab/isaac_ws/rl_code/soarm100sim/third_party/orbbec_293_ws/install/orbbec_description/share/orbbec_description/meshes/dabai_max_pro/camera_right_ir_optical_frame.STL
-- Installing: /home/sophie/isaac_lab/isaac_ws/rl_code/soarm100sim/third_party/orbbec_293_ws/install/orbbec_description/share/orbbec_description/meshes/dabai_max_pro/camera_depth_optical_frame.STL
-- Installing: /home/sophie/isaac_lab/isaac_ws/rl_code/soarm100sim/third_party/orbbec_293_ws/install/orbbec_description/share/orbbec_description/meshes/dabai_max_pro/camera_left_ir_frame.STL
-- Installing: /home/sophie/isaac_lab/isaac_ws/rl_code/soarm100sim/third_party/orbbec_293_ws/install/orbbec_description/share/orbbec_description/meshes/dabai_max_pro/camera_color_optical_frame.STL
-- Installing: /home/sophie/isaac_lab/isaac_ws/rl_code/soarm100sim/third_party/orbbec_293_ws/install/orbbec_description/share/orbbec_description/meshes/dabai_max_pro/base_link.STL
-- Installing: /home/sophie/isaac_lab/isaac_ws/rl_code/soarm100sim/third_party/orbbec_293_ws/install/orbbec_description/share/orbbec_description/meshes/dabai_max_pro/camera_color_frame.STL
-- Installing: /home/sophie/isaac_lab/isaac_ws/rl_code/soarm100sim/third_party/orbbec_293_ws/install/orbbec_description/share/orbbec_description/meshes/dabai_max_pro/camera_right_ir_frame.STL
-- Installing: /home/sophie/isaac_lab/isaac_ws/rl_code/soarm100sim/third_party/orbbec_293_ws/install/orbbec_description/share/orbbec_description/meshes/dabai_max_pro/camera_depth_frame.STL
-- Installing: /home/sophie/isaac_lab/isaac_ws/rl_code/soarm100sim/third_party/orbbec_293_ws/install/orbbec_description/share/orbbec_description/meshes/gemini335Le
-- Installing: /home/sophie/isaac_lab/isaac_ws/rl_code/soarm100sim/third_party/orbbec_293_ws/install/orbbec_description/share/orbbec_description/meshes/gemini335Le/base_Link.STL
-- Installing: /home/sophie/isaac_lab/isaac_ws/rl_code/soarm100sim/third_party/orbbec_293_ws/install/orbbec_description/share/orbbec_description/meshes/gemini335Le/canera_left_IR_ROS_frame.STL
-- Installing: /home/sophie/isaac_lab/isaac_ws/rl_code/soarm100sim/third_party/orbbec_293_ws/install/orbbec_description/share/orbbec_description/meshes/gemini335Le/camera_botton_screw_frame.STL
-- Installing: /home/sophie/isaac_lab/isaac_ws/rl_code/soarm100sim/third_party/orbbec_293_ws/install/orbbec_description/share/orbbec_description/meshes/gemini335Le/canera_IMU_ROS_frame.STL
-- Installing: /home/sophie/isaac_lab/isaac_ws/rl_code/soarm100sim/third_party/orbbec_293_ws/install/orbbec_description/share/orbbec_description/meshes/gemini335Le/canera_right_IR_ROS_frame.STL
-- Installing: /home/sophie/isaac_lab/isaac_ws/rl_code/soarm100sim/third_party/orbbec_293_ws/install/orbbec_description/share/orbbec_description/meshes/gemini335Le/canera_RGB_ROS_frame.STL
-- Installing: /home/sophie/isaac_lab/isaac_ws/rl_code/soarm100sim/third_party/orbbec_293_ws/install/orbbec_description/share/orbbec_description/meshes/gemini305_g
-- Installing: /home/sophie/isaac_lab/isaac_ws/rl_code/soarm100sim/third_party/orbbec_293_ws/install/orbbec_description/share/orbbec_description/meshes/gemini305_g/USB.STL
-- Installing: /home/sophie/isaac_lab/isaac_ws/rl_code/soarm100sim/third_party/orbbec_293_ws/install/orbbec_description/share/orbbec_description/meshes/gemini305_g/RGB_L.STL
-- Installing: /home/sophie/isaac_lab/isaac_ws/rl_code/soarm100sim/third_party/orbbec_293_ws/install/orbbec_description/share/orbbec_description/meshes/gemini305_g/RGB_R.STL
-- Installing: /home/sophie/isaac_lab/isaac_ws/rl_code/soarm100sim/third_party/orbbec_293_ws/install/orbbec_description/share/orbbec_description/meshes/gemini305_g/base_link.STL
-- Installing: /home/sophie/isaac_lab/isaac_ws/rl_code/soarm100sim/third_party/orbbec_293_ws/install/orbbec_description/share/orbbec_description/meshes/gemini305_g/FAKRA.STL
-- Installing: /home/sophie/isaac_lab/isaac_ws/rl_code/soarm100sim/third_party/orbbec_293_ws/install/orbbec_description/share/orbbec_description/meshes/gemini305_g/camera_bottom_screw.STL
-- Installing: /home/sophie/isaac_lab/isaac_ws/rl_code/soarm100sim/third_party/orbbec_293_ws/install/orbbec_description/share/orbbec_description/meshes/gemini305_g/camera_rear_screw_R.STL
-- Installing: /home/sophie/isaac_lab/isaac_ws/rl_code/soarm100sim/third_party/orbbec_293_ws/install/orbbec_description/share/orbbec_description/meshes/gemini305_g/camera_rear_screw_L.STL
-- Installing: /home/sophie/isaac_lab/isaac_ws/rl_code/soarm100sim/third_party/orbbec_293_ws/install/orbbec_description/share/orbbec_description/meshes/gemini305
-- Installing: /home/sophie/isaac_lab/isaac_ws/rl_code/soarm100sim/third_party/orbbec_293_ws/install/orbbec_description/share/orbbec_description/meshes/gemini305/USB.STL
-- Installing: /home/sophie/isaac_lab/isaac_ws/rl_code/soarm100sim/third_party/orbbec_293_ws/install/orbbec_description/share/orbbec_description/meshes/gemini305/RGB_L.STL
-- Installing: /home/sophie/isaac_lab/isaac_ws/rl_code/soarm100sim/third_party/orbbec_293_ws/install/orbbec_description/share/orbbec_description/meshes/gemini305/RGB_R.STL
-- Installing: /home/sophie/isaac_lab/isaac_ws/rl_code/soarm100sim/third_party/orbbec_293_ws/install/orbbec_description/share/orbbec_description/meshes/gemini305/base_link.STL
-- Installing: /home/sophie/isaac_lab/isaac_ws/rl_code/soarm100sim/third_party/orbbec_293_ws/install/orbbec_description/share/orbbec_description/meshes/gemini305/camera_bottom_screw.STL
-- Installing: /home/sophie/isaac_lab/isaac_ws/rl_code/soarm100sim/third_party/orbbec_293_ws/install/orbbec_description/share/orbbec_description/meshes/gemini305/camera_rear_screw_R.STL
-- Installing: /home/sophie/isaac_lab/isaac_ws/rl_code/soarm100sim/third_party/orbbec_293_ws/install/orbbec_description/share/orbbec_description/meshes/gemini305/camera_rear_screw_L.STL
-- Installing: /home/sophie/isaac_lab/isaac_ws/rl_code/soarm100sim/third_party/orbbec_293_ws/install/orbbec_description/share/orbbec_description/meshes/gemini335Lg
-- Installing: /home/sophie/isaac_lab/isaac_ws/rl_code/soarm100sim/third_party/orbbec_293_ws/install/orbbec_description/share/orbbec_description/meshes/gemini335Lg/camera_bottom_screw_frame.STL
-- Installing: /home/sophie/isaac_lab/isaac_ws/rl_code/soarm100sim/third_party/orbbec_293_ws/install/orbbec_description/share/orbbec_description/meshes/gemini335Lg/camera_IMU_frame.STL
-- Installing: /home/sophie/isaac_lab/isaac_ws/rl_code/soarm100sim/third_party/orbbec_293_ws/install/orbbec_description/share/orbbec_description/meshes/gemini335Lg/camera_color_optical_frame.STL
-- Installing: /home/sophie/isaac_lab/isaac_ws/rl_code/soarm100sim/third_party/orbbec_293_ws/install/orbbec_description/share/orbbec_description/meshes/gemini335Lg/base_link.STL
-- Installing: /home/sophie/isaac_lab/isaac_ws/rl_code/soarm100sim/third_party/orbbec_293_ws/install/orbbec_description/share/orbbec_description/meshes/gemini335Lg/camera_infra2_optical_frame.STL
-- Installing: /home/sophie/isaac_lab/isaac_ws/rl_code/soarm100sim/third_party/orbbec_293_ws/install/orbbec_description/share/orbbec_description/meshes/gemini335Lg/camera_color_frame.STL
-- Installing: /home/sophie/isaac_lab/isaac_ws/rl_code/soarm100sim/third_party/orbbec_293_ws/install/orbbec_description/share/orbbec_description/meshes/gemini335Lg/camera_infra1_frame.STL
-- Installing: /home/sophie/isaac_lab/isaac_ws/rl_code/soarm100sim/third_party/orbbec_293_ws/install/orbbec_description/share/orbbec_description/meshes/gemini335Lg/camera_depth_frame.STL
-- Installing: /home/sophie/isaac_lab/isaac_ws/rl_code/soarm100sim/third_party/orbbec_293_ws/install/orbbec_description/share/orbbec_description/meshes/gemini335Lg/camera_infra2_frame.STL
-- Installing: /home/sophie/isaac_lab/isaac_ws/rl_code/soarm100sim/third_party/orbbec_293_ws/install/orbbec_description/share/orbbec_description/meshes/gemini335Lg/camera_infra1_optical_frame.STL
-- Installing: /home/sophie/isaac_lab/isaac_ws/rl_code/soarm100sim/third_party/orbbec_293_ws/install/orbbec_description/share/orbbec_description/urdf
-- Installing: /home/sophie/isaac_lab/isaac_ws/rl_code/soarm100sim/third_party/orbbec_293_ws/install/orbbec_description/share/orbbec_description/urdf/test_femto_bolt.urdf.xacro
-- Installing: /home/sophie/isaac_lab/isaac_ws/rl_code/soarm100sim/third_party/orbbec_293_ws/install/orbbec_description/share/orbbec_description/urdf/gemini_345_Lg.urdf.xacro
-- Installing: /home/sophie/isaac_lab/isaac_ws/rl_code/soarm100sim/third_party/orbbec_293_ws/install/orbbec_description/share/orbbec_description/urdf/test_gemini_335.urdf.xacro
-- Installing: /home/sophie/isaac_lab/isaac_ws/rl_code/soarm100sim/third_party/orbbec_293_ws/install/orbbec_description/share/orbbec_description/urdf/test_dabai_dcw2.urdf.xacro
-- Installing: /home/sophie/isaac_lab/isaac_ws/rl_code/soarm100sim/third_party/orbbec_293_ws/install/orbbec_description/share/orbbec_description/urdf/test_gemini_345_Lg.urdf.xacro
-- Installing: /home/sophie/isaac_lab/isaac_ws/rl_code/soarm100sim/third_party/orbbec_293_ws/install/orbbec_description/share/orbbec_description/urdf/dabai_max_pro.urdf.xacro
-- Installing: /home/sophie/isaac_lab/isaac_ws/rl_code/soarm100sim/third_party/orbbec_293_ws/install/orbbec_description/share/orbbec_description/urdf/gemini_305.urdf.xacro
-- Installing: /home/sophie/isaac_lab/isaac_ws/rl_code/soarm100sim/third_party/orbbec_293_ws/install/orbbec_description/share/orbbec_description/urdf/test_dabai_max_pro.urdf.xacro
-- Installing: /home/sophie/isaac_lab/isaac_ws/rl_code/soarm100sim/third_party/orbbec_293_ws/install/orbbec_description/share/orbbec_description/urdf/test_gemini_345.urdf.xacro
-- Installing: /home/sophie/isaac_lab/isaac_ws/rl_code/soarm100sim/third_party/orbbec_293_ws/install/orbbec_description/share/orbbec_description/urdf/gemini_335_L_336_L.urdf.xacro
-- Installing: /home/sophie/isaac_lab/isaac_ws/rl_code/soarm100sim/third_party/orbbec_293_ws/install/orbbec_description/share/orbbec_description/urdf/test_gemini_335_L.urdf.xacro
-- Installing: /home/sophie/isaac_lab/isaac_ws/rl_code/soarm100sim/third_party/orbbec_293_ws/install/orbbec_description/share/orbbec_description/urdf/gemini_335_Lg.urdf.xacro
-- Installing: /home/sophie/isaac_lab/isaac_ws/rl_code/soarm100sim/third_party/orbbec_293_ws/install/orbbec_description/share/orbbec_description/urdf/gemini_335_336.urdf.xacro
-- Installing: /home/sophie/isaac_lab/isaac_ws/rl_code/soarm100sim/third_party/orbbec_293_ws/install/orbbec_description/share/orbbec_description/urdf/gemini_305_g.urdf.xacro
-- Installing: /home/sophie/isaac_lab/isaac_ws/rl_code/soarm100sim/third_party/orbbec_293_ws/install/orbbec_description/share/orbbec_description/urdf/test_gemini_336_L.urdf.xacro
-- Installing: /home/sophie/isaac_lab/isaac_ws/rl_code/soarm100sim/third_party/orbbec_293_ws/install/orbbec_description/share/orbbec_description/urdf/gemini_2_L.urdf.xacro
-- Installing: /home/sophie/isaac_lab/isaac_ws/rl_code/soarm100sim/third_party/orbbec_293_ws/install/orbbec_description/share/orbbec_description/urdf/test_gemini_305.urdf.xacro
-- Installing: /home/sophie/isaac_lab/isaac_ws/rl_code/soarm100sim/third_party/orbbec_293_ws/install/orbbec_description/share/orbbec_description/urdf/astra_2.urdf.xacro
-- Installing: /home/sophie/isaac_lab/isaac_ws/rl_code/soarm100sim/third_party/orbbec_293_ws/install/orbbec_description/share/orbbec_description/urdf/test_gemini_335_Lg.urdf.xacro
-- Installing: /home/sophie/isaac_lab/isaac_ws/rl_code/soarm100sim/third_party/orbbec_293_ws/install/orbbec_description/share/orbbec_description/urdf/test_gemini_336.urdf.xacro
-- Installing: /home/sophie/isaac_lab/isaac_ws/rl_code/soarm100sim/third_party/orbbec_293_ws/install/orbbec_description/share/orbbec_description/urdf/gemini_335_Le.urdf.xacro
-- Installing: /home/sophie/isaac_lab/isaac_ws/rl_code/soarm100sim/third_party/orbbec_293_ws/install/orbbec_description/share/orbbec_description/urdf/femto_bolt.urdf.xacro
-- Installing: /home/sophie/isaac_lab/isaac_ws/rl_code/soarm100sim/third_party/orbbec_293_ws/install/orbbec_description/share/orbbec_description/urdf/test_gemini_2_L.urdf.xacro
-- Installing: /home/sophie/isaac_lab/isaac_ws/rl_code/soarm100sim/third_party/orbbec_293_ws/install/orbbec_description/share/orbbec_description/urdf/test_gemini_335_Le.urdf.xacro
-- Installing: /home/sophie/isaac_lab/isaac_ws/rl_code/soarm100sim/third_party/orbbec_293_ws/install/orbbec_description/share/orbbec_description/urdf/test_astra_2.urdf.xacro
-- Installing: /home/sophie/isaac_lab/isaac_ws/rl_code/soarm100sim/third_party/orbbec_293_ws/install/orbbec_description/share/orbbec_description/urdf/gemini_309_g.urdf.xacro
-- Installing: /home/sophie/isaac_lab/isaac_ws/rl_code/soarm100sim/third_party/orbbec_293_ws/install/orbbec_description/share/orbbec_description/urdf/test_gemini_309_g.urdf.xacro
-- Installing: /home/sophie/isaac_lab/isaac_ws/rl_code/soarm100sim/third_party/orbbec_293_ws/install/orbbec_description/share/orbbec_description/urdf/gemini_2.urdf.xacro
-- Installing: /home/sophie/isaac_lab/isaac_ws/rl_code/soarm100sim/third_party/orbbec_293_ws/install/orbbec_description/share/orbbec_description/urdf/dabai_dcw2.urdf.xacro
-- Installing: /home/sophie/isaac_lab/isaac_ws/rl_code/soarm100sim/third_party/orbbec_293_ws/install/orbbec_description/share/orbbec_description/urdf/gemini_345.urdf.xacro
-- Installing: /home/sophie/isaac_lab/isaac_ws/rl_code/soarm100sim/third_party/orbbec_293_ws/install/orbbec_description/share/orbbec_description/urdf/test_gemini_305_g.urdf.xacro
-- Installing: /home/sophie/isaac_lab/isaac_ws/rl_code/soarm100sim/third_party/orbbec_293_ws/install/orbbec_description/share/orbbec_description/urdf/test_gemini_2.urdf.xacro
-- Installing: /home/sophie/isaac_lab/isaac_ws/rl_code/soarm100sim/third_party/orbbec_293_ws/install/orbbec_description/share/orbbec_description/rviz
-- Installing: /home/sophie/isaac_lab/isaac_ws/rl_code/soarm100sim/third_party/orbbec_293_ws/install/orbbec_description/share/orbbec_description/rviz/urdf.rviz
-- Installing: /home/sophie/isaac_lab/isaac_ws/rl_code/soarm100sim/third_party/orbbec_293_ws/install/orbbec_description/share/ament_index/resource_index/package_run_dependencies/orbbec_description
-- Installing: /home/sophie/isaac_lab/isaac_ws/rl_code/soarm100sim/third_party/orbbec_293_ws/install/orbbec_description/share/ament_index/resource_index/parent_prefix_path/orbbec_description
-- Installing: /home/sophie/isaac_lab/isaac_ws/rl_code/soarm100sim/third_party/orbbec_293_ws/install/orbbec_description/share/orbbec_description/environment/ament_prefix_path.sh
-- Installing: /home/sophie/isaac_lab/isaac_ws/rl_code/soarm100sim/third_party/orbbec_293_ws/install/orbbec_description/share/orbbec_description/environment/ament_prefix_path.dsv
-- Installing: /home/sophie/isaac_lab/isaac_ws/rl_code/soarm100sim/third_party/orbbec_293_ws/install/orbbec_description/share/orbbec_description/environment/path.sh
-- Installing: /home/sophie/isaac_lab/isaac_ws/rl_code/soarm100sim/third_party/orbbec_293_ws/install/orbbec_description/share/orbbec_description/environment/path.dsv
-- Installing: /home/sophie/isaac_lab/isaac_ws/rl_code/soarm100sim/third_party/orbbec_293_ws/install/orbbec_description/share/orbbec_description/local_setup.bash
-- Installing: /home/sophie/isaac_lab/isaac_ws/rl_code/soarm100sim/third_party/orbbec_293_ws/install/orbbec_description/share/orbbec_description/local_setup.sh
-- Installing: /home/sophie/isaac_lab/isaac_ws/rl_code/soarm100sim/third_party/orbbec_293_ws/install/orbbec_description/share/orbbec_description/local_setup.zsh
-- Installing: /home/sophie/isaac_lab/isaac_ws/rl_code/soarm100sim/third_party/orbbec_293_ws/install/orbbec_description/share/orbbec_description/local_setup.dsv
-- Installing: /home/sophie/isaac_lab/isaac_ws/rl_code/soarm100sim/third_party/orbbec_293_ws/install/orbbec_description/share/orbbec_description/package.dsv
-- Installing: /home/sophie/isaac_lab/isaac_ws/rl_code/soarm100sim/third_party/orbbec_293_ws/install/orbbec_description/share/ament_index/resource_index/packages/orbbec_description
-- Installing: /home/sophie/isaac_lab/isaac_ws/rl_code/soarm100sim/third_party/orbbec_293_ws/install/orbbec_description/share/orbbec_description/cmake/orbbec_descriptionConfig.cmake
-- Installing: /home/sophie/isaac_lab/isaac_ws/rl_code/soarm100sim/third_party/orbbec_293_ws/install/orbbec_description/share/orbbec_description/cmake/orbbec_descriptionConfig-version.cmake
-- Installing: /home/sophie/isaac_lab/isaac_ws/rl_code/soarm100sim/third_party/orbbec_293_ws/install/orbbec_description/share/orbbec_description/package.xml
