[0.007s] Invoking command in '/home/sophie/isaac_lab/isaac_ws/rl_code/soarm100sim/ros2/build/so100_plus_description': CMAKE_PREFIX_PATH=${CMAKE_PREFIX_PATH}:/opt/ros/humble CONDA_PROMPT_MODIFIER=(base) /usr/bin/cmake /home/sophie/isaac_lab/isaac_ws/rl_code/soarm100sim/ros2/so100_plus_description -DAMENT_CMAKE_SYMLINK_INSTALL=1 -DCMAKE_INSTALL_PREFIX=/home/sophie/isaac_lab/isaac_ws/rl_code/soarm100sim/ros2/install/so100_plus_description
[0.016s] -- Found ament_cmake: 1.3.14 (/opt/ros/humble/share/ament_cmake/cmake)
[0.115s] -- Override CMake install command with custom implementation using symlinks instead of copying resources
[0.185s] -- Configuring done
[0.187s] -- Generating done
[0.188s] -- Build files have been written to: /home/sophie/isaac_lab/isaac_ws/rl_code/soarm100sim/ros2/build/so100_plus_description
[30.030s] Invoked command in '/home/sophie/isaac_lab/isaac_ws/rl_code/soarm100sim/ros2/build/so100_plus_description' returned '0': CMAKE_PREFIX_PATH=${CMAKE_PREFIX_PATH}:/opt/ros/humble CONDA_PROMPT_MODIFIER=(base) /usr/bin/cmake /home/sophie/isaac_lab/isaac_ws/rl_code/soarm100sim/ros2/so100_plus_description -DAMENT_CMAKE_SYMLINK_INSTALL=1 -DCMAKE_INSTALL_PREFIX=/home/sophie/isaac_lab/isaac_ws/rl_code/soarm100sim/ros2/install/so100_plus_description
[30.033s] Invoking command in '/home/sophie/isaac_lab/isaac_ws/rl_code/soarm100sim/ros2/build/so100_plus_description': CMAKE_PREFIX_PATH=${CMAKE_PREFIX_PATH}:/opt/ros/humble CONDA_PROMPT_MODIFIER=(base) /usr/bin/cmake --build /home/sophie/isaac_lab/isaac_ws/rl_code/soarm100sim/ros2/build/so100_plus_description -- -j32 -l32
[30.089s] Invoked command in '/home/sophie/isaac_lab/isaac_ws/rl_code/soarm100sim/ros2/build/so100_plus_description' returned '0': CMAKE_PREFIX_PATH=${CMAKE_PREFIX_PATH}:/opt/ros/humble CONDA_PROMPT_MODIFIER=(base) /usr/bin/cmake --build /home/sophie/isaac_lab/isaac_ws/rl_code/soarm100sim/ros2/build/so100_plus_description -- -j32 -l32
[30.099s] Invoking command in '/home/sophie/isaac_lab/isaac_ws/rl_code/soarm100sim/ros2/build/so100_plus_description': CMAKE_PREFIX_PATH=${CMAKE_PREFIX_PATH}:/opt/ros/humble CONDA_PROMPT_MODIFIER=(base) /usr/bin/cmake --install /home/sophie/isaac_lab/isaac_ws/rl_code/soarm100sim/ros2/build/so100_plus_description
[30.109s] -- Install configuration: ""
[30.110s] -- Execute custom install script
[30.110s] -- Symlinking: /home/sophie/isaac_lab/isaac_ws/rl_code/soarm100sim/ros2/install/so100_plus_description/lib/so100_plus_description/static_joint_publisher.py
[30.119s] -- Symlinking: /home/sophie/isaac_lab/isaac_ws/rl_code/soarm100sim/ros2/install/so100_plus_description/lib/so100_plus_description/compare_fk_mujoco_urdf.py
[30.124s] -- Symlinking: /home/sophie/isaac_lab/isaac_ws/rl_code/soarm100sim/ros2/install/so100_plus_description/share/so100_plus_description/urdf/so100_plus.urdf
[30.132s] -- Symlinking: /home/sophie/isaac_lab/isaac_ws/rl_code/soarm100sim/ros2/install/so100_plus_description/share/so100_plus_description/launch/display.launch.py
[30.140s] -- Symlinking: /home/sophie/isaac_lab/isaac_ws/rl_code/soarm100sim/ros2/install/so100_plus_description/share/so100_plus_description/rviz/so100_plus.rviz
[30.152s] -- Symlinking: /home/sophie/isaac_lab/isaac_ws/rl_code/soarm100sim/ros2/install/so100_plus_description/share/ament_index/resource_index/package_run_dependencies/so100_plus_description
[30.163s] -- Symlinking: /home/sophie/isaac_lab/isaac_ws/rl_code/soarm100sim/ros2/install/so100_plus_description/share/ament_index/resource_index/parent_prefix_path/so100_plus_description
[30.175s] -- Symlinking: /home/sophie/isaac_lab/isaac_ws/rl_code/soarm100sim/ros2/install/so100_plus_description/share/so100_plus_description/environment/ament_prefix_path.sh
[30.186s] -- Symlinking: /home/sophie/isaac_lab/isaac_ws/rl_code/soarm100sim/ros2/install/so100_plus_description/share/so100_plus_description/environment/ament_prefix_path.dsv
[30.197s] -- Symlinking: /home/sophie/isaac_lab/isaac_ws/rl_code/soarm100sim/ros2/install/so100_plus_description/share/so100_plus_description/environment/path.sh
[30.208s] -- Symlinking: /home/sophie/isaac_lab/isaac_ws/rl_code/soarm100sim/ros2/install/so100_plus_description/share/so100_plus_description/environment/path.dsv
[30.219s] -- Symlinking: /home/sophie/isaac_lab/isaac_ws/rl_code/soarm100sim/ros2/install/so100_plus_description/share/so100_plus_description/local_setup.bash
[30.231s] -- Symlinking: /home/sophie/isaac_lab/isaac_ws/rl_code/soarm100sim/ros2/install/so100_plus_description/share/so100_plus_description/local_setup.sh
[30.242s] -- Symlinking: /home/sophie/isaac_lab/isaac_ws/rl_code/soarm100sim/ros2/install/so100_plus_description/share/so100_plus_description/local_setup.zsh
[30.252s] -- Symlinking: /home/sophie/isaac_lab/isaac_ws/rl_code/soarm100sim/ros2/install/so100_plus_description/share/so100_plus_description/local_setup.dsv
[30.260s] -- Symlinking: /home/sophie/isaac_lab/isaac_ws/rl_code/soarm100sim/ros2/install/so100_plus_description/share/so100_plus_description/package.dsv
[30.268s] -- Symlinking: /home/sophie/isaac_lab/isaac_ws/rl_code/soarm100sim/ros2/install/so100_plus_description/share/ament_index/resource_index/packages/so100_plus_description
[30.275s] -- Symlinking: /home/sophie/isaac_lab/isaac_ws/rl_code/soarm100sim/ros2/install/so100_plus_description/share/so100_plus_description/cmake/so100_plus_descriptionConfig.cmake
[30.282s] -- Symlinking: /home/sophie/isaac_lab/isaac_ws/rl_code/soarm100sim/ros2/install/so100_plus_description/share/so100_plus_description/cmake/so100_plus_descriptionConfig-version.cmake
[30.288s] -- Symlinking: /home/sophie/isaac_lab/isaac_ws/rl_code/soarm100sim/ros2/install/so100_plus_description/share/so100_plus_description/package.xml
[30.294s] -- Up-to-date: /home/sophie/isaac_lab/isaac_ws/rl_code/soarm100sim/ros2/install/so100_plus_description/share/so100_plus_description/meshes
[30.294s] -- Up-to-date: /home/sophie/isaac_lab/isaac_ws/rl_code/soarm100sim/ros2/install/so100_plus_description/share/so100_plus_description/meshes/shoulder_pitch.STL
[30.294s] -- Up-to-date: /home/sophie/isaac_lab/isaac_ws/rl_code/soarm100sim/ros2/install/so100_plus_description/share/so100_plus_description/meshes/gripper.STL
[30.294s] -- Up-to-date: /home/sophie/isaac_lab/isaac_ws/rl_code/soarm100sim/ros2/install/so100_plus_description/share/so100_plus_description/meshes/table
[30.294s] -- Up-to-date: /home/sophie/isaac_lab/isaac_ws/rl_code/soarm100sim/ros2/install/so100_plus_description/share/so100_plus_description/meshes/shoulder_rotation.STL
[30.294s] -- Up-to-date: /home/sophie/isaac_lab/isaac_ws/rl_code/soarm100sim/ros2/install/so100_plus_description/share/so100_plus_description/meshes/base_link.STL
[30.294s] -- Up-to-date: /home/sophie/isaac_lab/isaac_ws/rl_code/soarm100sim/ros2/install/so100_plus_description/share/so100_plus_description/meshes/wrist_jaw.STL
[30.294s] -- Up-to-date: /home/sophie/isaac_lab/isaac_ws/rl_code/soarm100sim/ros2/install/so100_plus_description/share/so100_plus_description/meshes/wrist_roll.STL
[30.294s] -- Up-to-date: /home/sophie/isaac_lab/isaac_ws/rl_code/soarm100sim/ros2/install/so100_plus_description/share/so100_plus_description/meshes/ellbow.STL
[30.294s] -- Up-to-date: /home/sophie/isaac_lab/isaac_ws/rl_code/soarm100sim/ros2/install/so100_plus_description/share/so100_plus_description/meshes/wrist_pitch.STL
[60.060s] Invoked command in '/home/sophie/isaac_lab/isaac_ws/rl_code/soarm100sim/ros2/build/so100_plus_description' returned '0': CMAKE_PREFIX_PATH=${CMAKE_PREFIX_PATH}:/opt/ros/humble CONDA_PROMPT_MODIFIER=(base) /usr/bin/cmake --install /home/sophie/isaac_lab/isaac_ws/rl_code/soarm100sim/ros2/build/so100_plus_description
