[0.070s] colcon DEBUG Command line arguments: ['/usr/bin/colcon', '--log-base', 'log_287', 'build', '--base-paths', 'src/OrbbecSDK_ROS2', '--build-base', 'build_287', '--install-base', 'install_287', '--cmake-args', '-DCMAKE_BUILD_TYPE=Release', '-DINSTALL_UDEV_RULES=OFF', '-DORBBEC_SDK_ROOT=/home/sophie/isaac_lab/isaac_ws/rl_code/soarm100sim/third_party/orbbec_sdk_2_8_7_root/opt/OrbbecSDK_v2.8.7']
[0.070s] colcon DEBUG Parsed command line arguments: Namespace(log_base='log_287', log_level=None, verb_name='build', build_base='/home/sophie/isaac_lab/isaac_ws/rl_code/soarm100sim/third_party/orbbec_ws/build_287', install_base='/home/sophie/isaac_lab/isaac_ws/rl_code/soarm100sim/third_party/orbbec_ws/install_287', merge_install=False, symlink_install=False, test_result_base=None, continue_on_error=False, executor='parallel', parallel_workers=32, event_handlers=None, ignore_user_meta=False, metas=['./colcon.meta'], base_paths=['src/OrbbecSDK_ROS2'], packages_ignore=None, packages_ignore_regex=None, paths=None, packages_up_to=None, packages_up_to_regex=None, packages_above=None, packages_above_and_dependencies=None, packages_above_depth=None, packages_select_by_dep=None, packages_skip_by_dep=None, packages_skip_up_to=None, packages_select_build_failed=False, packages_skip_build_finished=False, packages_select_test_failures=False, packages_skip_test_passed=False, packages_select=None, packages_skip=None, packages_select_regex=None, packages_skip_regex=None, packages_start=None, packages_end=None, allow_overriding=[], cmake_args=['-DCMAKE_BUILD_TYPE=Release', '-DINSTALL_UDEV_RULES=OFF', '-DORBBEC_SDK_ROOT=/home/sophie/isaac_lab/isaac_ws/rl_code/soarm100sim/third_party/orbbec_sdk_2_8_7_root/opt/OrbbecSDK_v2.8.7'], cmake_target=None, cmake_target_skip_unavailable=False, cmake_clean_cache=False, cmake_clean_first=False, cmake_force_configure=False, ament_cmake_args=None, catkin_cmake_args=None, catkin_skip_building_tests=False, verb_parser=<colcon_defaults.argument_parser.defaults.DefaultArgumentsDecorator object at 0x7fd1b9a4c490>, verb_extension=<colcon_core.verb.build.BuildVerb object at 0x7fd1b9a0ffd0>, main=<bound method BuildVerb.main of <colcon_core.verb.build.BuildVerb object at 0x7fd1b9a0ffd0>>)
[0.178s] colcon.colcon_core.package_discovery Level 1 discover_packages(colcon_meta) check parameters
[0.178s] colcon.colcon_core.package_discovery Level 1 discover_packages(recursive) check parameters
[0.178s] colcon.colcon_core.package_discovery Level 1 discover_packages(ignore) check parameters
[0.178s] colcon.colcon_core.package_discovery Level 1 discover_packages(path) check parameters
[0.179s] colcon.colcon_core.package_discovery Level 1 discover_packages(recursive) discover
[0.179s] colcon.colcon_core.package_discovery INFO Crawling recursively for packages in '/home/sophie/isaac_lab/isaac_ws/rl_code/soarm100sim/third_party/orbbec_ws/src/OrbbecSDK_ROS2'
[0.179s] colcon.colcon_core.package_identification Level 1 _identify(src/OrbbecSDK_ROS2) by extensions ['ignore', 'ignore_ament_install']
[0.179s] colcon.colcon_core.package_identification Level 1 _identify(src/OrbbecSDK_ROS2) by extension 'ignore'
[0.179s] colcon.colcon_core.package_identification Level 1 _identify(src/OrbbecSDK_ROS2) by extension 'ignore_ament_install'
[0.179s] colcon.colcon_core.package_identification Level 1 _identify(src/OrbbecSDK_ROS2) by extensions ['colcon_pkg']
[0.179s] colcon.colcon_core.package_identification Level 1 _identify(src/OrbbecSDK_ROS2) by extension 'colcon_pkg'
[0.179s] colcon.colcon_core.package_identification Level 1 _identify(src/OrbbecSDK_ROS2) by extensions ['colcon_meta']
[0.179s] colcon.colcon_core.package_identification Level 1 _identify(src/OrbbecSDK_ROS2) by extension 'colcon_meta'
[0.179s] colcon.colcon_core.package_identification Level 1 _identify(src/OrbbecSDK_ROS2) by extensions ['ros']
[0.179s] colcon.colcon_core.package_identification Level 1 _identify(src/OrbbecSDK_ROS2) by extension 'ros'
[0.201s] colcon.colcon_core.package_identification Level 1 _identify(src/OrbbecSDK_ROS2) by extensions ['cmake', 'python']
[0.202s] colcon.colcon_core.package_identification Level 1 _identify(src/OrbbecSDK_ROS2) by extension 'cmake'
[0.202s] colcon.colcon_core.package_identification Level 1 _identify(src/OrbbecSDK_ROS2) by extension 'python'
[0.202s] colcon.colcon_core.package_identification Level 1 _identify(src/OrbbecSDK_ROS2) by extensions ['python_setup_py']
[0.202s] colcon.colcon_core.package_identification Level 1 _identify(src/OrbbecSDK_ROS2) by extension 'python_setup_py'
[0.202s] colcon.colcon_core.package_identification Level 1 _identify(src/OrbbecSDK_ROS2/orbbec_camera) by extensions ['ignore', 'ignore_ament_install']
[0.202s] colcon.colcon_core.package_identification Level 1 _identify(src/OrbbecSDK_ROS2/orbbec_camera) by extension 'ignore'
[0.202s] colcon.colcon_core.package_identification Level 1 _identify(src/OrbbecSDK_ROS2/orbbec_camera) by extension 'ignore_ament_install'
[0.202s] colcon.colcon_core.package_identification Level 1 _identify(src/OrbbecSDK_ROS2/orbbec_camera) by extensions ['colcon_pkg']
[0.202s] colcon.colcon_core.package_identification Level 1 _identify(src/OrbbecSDK_ROS2/orbbec_camera) by extension 'colcon_pkg'
[0.202s] colcon.colcon_core.package_identification Level 1 _identify(src/OrbbecSDK_ROS2/orbbec_camera) by extensions ['colcon_meta']
[0.202s] colcon.colcon_core.package_identification Level 1 _identify(src/OrbbecSDK_ROS2/orbbec_camera) by extension 'colcon_meta'
[0.202s] colcon.colcon_core.package_identification Level 1 _identify(src/OrbbecSDK_ROS2/orbbec_camera) by extensions ['ros']
[0.202s] colcon.colcon_core.package_identification Level 1 _identify(src/OrbbecSDK_ROS2/orbbec_camera) by extension 'ros'
[0.205s] colcon.colcon_core.package_identification DEBUG Package 'src/OrbbecSDK_ROS2/orbbec_camera' with type 'ros.ament_cmake' and name 'orbbec_camera'
[0.205s] colcon.colcon_core.package_identification Level 1 _identify(src/OrbbecSDK_ROS2/orbbec_camera_msgs) by extensions ['ignore', 'ignore_ament_install']
[0.205s] colcon.colcon_core.package_identification Level 1 _identify(src/OrbbecSDK_ROS2/orbbec_camera_msgs) by extension 'ignore'
[0.205s] colcon.colcon_core.package_identification Level 1 _identify(src/OrbbecSDK_ROS2/orbbec_camera_msgs) by extension 'ignore_ament_install'
[0.205s] colcon.colcon_core.package_identification Level 1 _identify(src/OrbbecSDK_ROS2/orbbec_camera_msgs) by extensions ['colcon_pkg']
[0.205s] colcon.colcon_core.package_identification Level 1 _identify(src/OrbbecSDK_ROS2/orbbec_camera_msgs) by extension 'colcon_pkg'
[0.205s] colcon.colcon_core.package_identification Level 1 _identify(src/OrbbecSDK_ROS2/orbbec_camera_msgs) by extensions ['colcon_meta']
[0.205s] colcon.colcon_core.package_identification Level 1 _identify(src/OrbbecSDK_ROS2/orbbec_camera_msgs) by extension 'colcon_meta'
[0.205s] colcon.colcon_core.package_identification Level 1 _identify(src/OrbbecSDK_ROS2/orbbec_camera_msgs) by extensions ['ros']
[0.205s] colcon.colcon_core.package_identification Level 1 _identify(src/OrbbecSDK_ROS2/orbbec_camera_msgs) by extension 'ros'
[0.205s] colcon.colcon_core.package_identification DEBUG Package 'src/OrbbecSDK_ROS2/orbbec_camera_msgs' with type 'ros.ament_cmake' and name 'orbbec_camera_msgs'
[0.205s] colcon.colcon_core.package_identification Level 1 _identify(src/OrbbecSDK_ROS2/orbbec_description) by extensions ['ignore', 'ignore_ament_install']
[0.205s] colcon.colcon_core.package_identification Level 1 _identify(src/OrbbecSDK_ROS2/orbbec_description) by extension 'ignore'
[0.205s] colcon.colcon_core.package_identification Level 1 _identify(src/OrbbecSDK_ROS2/orbbec_description) by extension 'ignore_ament_install'
[0.206s] colcon.colcon_core.package_identification Level 1 _identify(src/OrbbecSDK_ROS2/orbbec_description) by extensions ['colcon_pkg']
[0.206s] colcon.colcon_core.package_identification Level 1 _identify(src/OrbbecSDK_ROS2/orbbec_description) by extension 'colcon_pkg'
[0.206s] colcon.colcon_core.package_identification Level 1 _identify(src/OrbbecSDK_ROS2/orbbec_description) by extensions ['colcon_meta']
[0.206s] colcon.colcon_core.package_identification Level 1 _identify(src/OrbbecSDK_ROS2/orbbec_description) by extension 'colcon_meta'
[0.206s] colcon.colcon_core.package_identification Level 1 _identify(src/OrbbecSDK_ROS2/orbbec_description) by extensions ['ros']
[0.206s] colcon.colcon_core.package_identification Level 1 _identify(src/OrbbecSDK_ROS2/orbbec_description) by extension 'ros'
[0.206s] colcon.colcon_core.package_identification DEBUG Package 'src/OrbbecSDK_ROS2/orbbec_description' with type 'ros.ament_cmake' and name 'orbbec_description'
[0.206s] colcon.colcon_core.package_discovery Level 1 discover_packages(recursive) using defaults
[0.216s] colcon.colcon_core.package_discovery Level 1 discover_packages(prefix_path) check parameters
[0.216s] colcon.colcon_core.package_discovery Level 1 discover_packages(prefix_path) discover
[0.218s] colcon.colcon_installed_package_information.package_discovery DEBUG Found 380 installed packages in /opt/ros/humble
[0.219s] colcon.colcon_core.package_discovery Level 1 discover_packages(prefix_path) using defaults
[0.245s] colcon.colcon_core.verb Level 5 set package 'orbbec_camera_msgs' build argument 'cmake_args' from command line to '['-DCMAKE_BUILD_TYPE=Release', '-DINSTALL_UDEV_RULES=OFF', '-DORBBEC_SDK_ROOT=/home/sophie/isaac_lab/isaac_ws/rl_code/soarm100sim/third_party/orbbec_sdk_2_8_7_root/opt/OrbbecSDK_v2.8.7']'
[0.245s] colcon.colcon_core.verb Level 5 set package 'orbbec_camera_msgs' build argument 'cmake_target' from command line to 'None'
[0.245s] colcon.colcon_core.verb Level 5 set package 'orbbec_camera_msgs' build argument 'cmake_target_skip_unavailable' from command line to 'False'
[0.245s] colcon.colcon_core.verb Level 5 set package 'orbbec_camera_msgs' build argument 'cmake_clean_cache' from command line to 'False'
[0.245s] colcon.colcon_core.verb Level 5 set package 'orbbec_camera_msgs' build argument 'cmake_clean_first' from command line to 'False'
[0.245s] colcon.colcon_core.verb Level 5 set package 'orbbec_camera_msgs' build argument 'cmake_force_configure' from command line to 'False'
[0.245s] colcon.colcon_core.verb Level 5 set package 'orbbec_camera_msgs' build argument 'ament_cmake_args' from command line to 'None'
[0.245s] colcon.colcon_core.verb Level 5 set package 'orbbec_camera_msgs' build argument 'catkin_cmake_args' from command line to 'None'
[0.245s] colcon.colcon_core.verb Level 5 set package 'orbbec_camera_msgs' build argument 'catkin_skip_building_tests' from command line to 'False'
[0.245s] colcon.colcon_core.verb DEBUG Building package 'orbbec_camera_msgs' with the following arguments: {'ament_cmake_args': None, 'build_base': '/home/sophie/isaac_lab/isaac_ws/rl_code/soarm100sim/third_party/orbbec_ws/build_287/orbbec_camera_msgs', 'catkin_cmake_args': None, 'catkin_skip_building_tests': False, 'cmake_args': ['-DCMAKE_BUILD_TYPE=Release', '-DINSTALL_UDEV_RULES=OFF', '-DORBBEC_SDK_ROOT=/home/sophie/isaac_lab/isaac_ws/rl_code/soarm100sim/third_party/orbbec_sdk_2_8_7_root/opt/OrbbecSDK_v2.8.7'], 'cmake_clean_cache': False, 'cmake_clean_first': False, 'cmake_force_configure': False, 'cmake_target': None, 'cmake_target_skip_unavailable': False, 'install_base': '/home/sophie/isaac_lab/isaac_ws/rl_code/soarm100sim/third_party/orbbec_ws/install_287/orbbec_camera_msgs', 'merge_install': False, 'path': '/home/sophie/isaac_lab/isaac_ws/rl_code/soarm100sim/third_party/orbbec_ws/src/OrbbecSDK_ROS2/orbbec_camera_msgs', 'symlink_install': False, 'test_result_base': None}
[0.245s] colcon.colcon_core.verb Level 5 set package 'orbbec_description' build argument 'cmake_args' from command line to '['-DCMAKE_BUILD_TYPE=Release', '-DINSTALL_UDEV_RULES=OFF', '-DORBBEC_SDK_ROOT=/home/sophie/isaac_lab/isaac_ws/rl_code/soarm100sim/third_party/orbbec_sdk_2_8_7_root/opt/OrbbecSDK_v2.8.7']'
[0.245s] colcon.colcon_core.verb Level 5 set package 'orbbec_description' build argument 'cmake_target' from command line to 'None'
[0.245s] colcon.colcon_core.verb Level 5 set package 'orbbec_description' build argument 'cmake_target_skip_unavailable' from command line to 'False'
[0.245s] colcon.colcon_core.verb Level 5 set package 'orbbec_description' build argument 'cmake_clean_cache' from command line to 'False'
[0.245s] colcon.colcon_core.verb Level 5 set package 'orbbec_description' build argument 'cmake_clean_first' from command line to 'False'
[0.245s] colcon.colcon_core.verb Level 5 set package 'orbbec_description' build argument 'cmake_force_configure' from command line to 'False'
[0.245s] colcon.colcon_core.verb Level 5 set package 'orbbec_description' build argument 'ament_cmake_args' from command line to 'None'
[0.245s] colcon.colcon_core.verb Level 5 set package 'orbbec_description' build argument 'catkin_cmake_args' from command line to 'None'
[0.245s] colcon.colcon_core.verb Level 5 set package 'orbbec_description' build argument 'catkin_skip_building_tests' from command line to 'False'
[0.245s] colcon.colcon_core.verb DEBUG Building package 'orbbec_description' with the following arguments: {'ament_cmake_args': None, 'build_base': '/home/sophie/isaac_lab/isaac_ws/rl_code/soarm100sim/third_party/orbbec_ws/build_287/orbbec_description', 'catkin_cmake_args': None, 'catkin_skip_building_tests': False, 'cmake_args': ['-DCMAKE_BUILD_TYPE=Release', '-DINSTALL_UDEV_RULES=OFF', '-DORBBEC_SDK_ROOT=/home/sophie/isaac_lab/isaac_ws/rl_code/soarm100sim/third_party/orbbec_sdk_2_8_7_root/opt/OrbbecSDK_v2.8.7'], 'cmake_clean_cache': False, 'cmake_clean_first': False, 'cmake_force_configure': False, 'cmake_target': None, 'cmake_target_skip_unavailable': False, 'install_base': '/home/sophie/isaac_lab/isaac_ws/rl_code/soarm100sim/third_party/orbbec_ws/install_287/orbbec_description', 'merge_install': False, 'path': '/home/sophie/isaac_lab/isaac_ws/rl_code/soarm100sim/third_party/orbbec_ws/src/OrbbecSDK_ROS2/orbbec_description', 'symlink_install': False, 'test_result_base': None}
[0.245s] colcon.colcon_core.verb Level 5 set package 'orbbec_camera' build argument 'cmake_args' from command line to '['-DCMAKE_BUILD_TYPE=Release', '-DINSTALL_UDEV_RULES=OFF', '-DORBBEC_SDK_ROOT=/home/sophie/isaac_lab/isaac_ws/rl_code/soarm100sim/third_party/orbbec_sdk_2_8_7_root/opt/OrbbecSDK_v2.8.7']'
[0.245s] colcon.colcon_core.verb Level 5 set package 'orbbec_camera' build argument 'cmake_target' from command line to 'None'
[0.245s] colcon.colcon_core.verb Level 5 set package 'orbbec_camera' build argument 'cmake_target_skip_unavailable' from command line to 'False'
[0.245s] colcon.colcon_core.verb Level 5 set package 'orbbec_camera' build argument 'cmake_clean_cache' from command line to 'False'
[0.245s] colcon.colcon_core.verb Level 5 set package 'orbbec_camera' build argument 'cmake_clean_first' from command line to 'False'
[0.245s] colcon.colcon_core.verb Level 5 set package 'orbbec_camera' build argument 'cmake_force_configure' from command line to 'False'
[0.245s] colcon.colcon_core.verb Level 5 set package 'orbbec_camera' build argument 'ament_cmake_args' from command line to 'None'
[0.245s] colcon.colcon_core.verb Level 5 set package 'orbbec_camera' build argument 'catkin_cmake_args' from command line to 'None'
[0.245s] colcon.colcon_core.verb Level 5 set package 'orbbec_camera' build argument 'catkin_skip_building_tests' from command line to 'False'
[0.245s] colcon.colcon_core.verb DEBUG Building package 'orbbec_camera' with the following arguments: {'ament_cmake_args': None, 'build_base': '/home/sophie/isaac_lab/isaac_ws/rl_code/soarm100sim/third_party/orbbec_ws/build_287/orbbec_camera', 'catkin_cmake_args': None, 'catkin_skip_building_tests': False, 'cmake_args': ['-DCMAKE_BUILD_TYPE=Release', '-DINSTALL_UDEV_RULES=OFF', '-DORBBEC_SDK_ROOT=/home/sophie/isaac_lab/isaac_ws/rl_code/soarm100sim/third_party/orbbec_sdk_2_8_7_root/opt/OrbbecSDK_v2.8.7'], 'cmake_clean_cache': False, 'cmake_clean_first': False, 'cmake_force_configure': False, 'cmake_target': None, 'cmake_target_skip_unavailable': False, 'install_base': '/home/sophie/isaac_lab/isaac_ws/rl_code/soarm100sim/third_party/orbbec_ws/install_287/orbbec_camera', 'merge_install': False, 'path': '/home/sophie/isaac_lab/isaac_ws/rl_code/soarm100sim/third_party/orbbec_ws/src/OrbbecSDK_ROS2/orbbec_camera', 'symlink_install': False, 'test_result_base': None}
[0.245s] colcon.colcon_core.executor INFO Executing jobs using 'parallel' executor
[0.246s] colcon.colcon_parallel_executor.executor.parallel DEBUG run_until_complete
[0.246s] colcon.colcon_ros.task.ament_cmake.build INFO Building ROS package in '/home/sophie/isaac_lab/isaac_ws/rl_code/soarm100sim/third_party/orbbec_ws/src/OrbbecSDK_ROS2/orbbec_camera_msgs' with build type 'ament_cmake'
[0.246s] colcon.colcon_cmake.task.cmake.build INFO Building CMake package in '/home/sophie/isaac_lab/isaac_ws/rl_code/soarm100sim/third_party/orbbec_ws/src/OrbbecSDK_ROS2/orbbec_camera_msgs'
[0.247s] colcon.colcon_core.plugin_system INFO Skipping extension 'colcon_core.shell.bat': Not used on non-Windows systems
[0.247s] colcon.colcon_core.shell INFO Skip shell extension 'powershell' for command environment: Not usable outside of PowerShell
[0.248s] colcon.colcon_core.shell DEBUG Skip shell extension 'dsv' for command environment
[0.250s] colcon.colcon_ros.task.ament_cmake.build INFO Building ROS package in '/home/sophie/isaac_lab/isaac_ws/rl_code/soarm100sim/third_party/orbbec_ws/src/OrbbecSDK_ROS2/orbbec_description' with build type 'ament_cmake'
[0.250s] colcon.colcon_cmake.task.cmake.build INFO Building CMake package in '/home/sophie/isaac_lab/isaac_ws/rl_code/soarm100sim/third_party/orbbec_ws/src/OrbbecSDK_ROS2/orbbec_description'
[0.250s] colcon.colcon_core.shell INFO Skip shell extension 'powershell' for command environment: Not usable outside of PowerShell
[0.250s] colcon.colcon_core.shell DEBUG Skip shell extension 'dsv' for command environment
[0.253s] colcon.colcon_core.event_handler.log_command DEBUG Invoking command in '/home/sophie/isaac_lab/isaac_ws/rl_code/soarm100sim/third_party/orbbec_ws/build_287/orbbec_camera_msgs': CMAKE_PREFIX_PATH=/opt/ros/humble /usr/bin/cmake /home/sophie/isaac_lab/isaac_ws/rl_code/soarm100sim/third_party/orbbec_ws/src/OrbbecSDK_ROS2/orbbec_camera_msgs -DCMAKE_BUILD_TYPE=Release -DINSTALL_UDEV_RULES=OFF -DORBBEC_SDK_ROOT=/home/sophie/isaac_lab/isaac_ws/rl_code/soarm100sim/third_party/orbbec_sdk_2_8_7_root/opt/OrbbecSDK_v2.8.7 -DCMAKE_INSTALL_PREFIX=/home/sophie/isaac_lab/isaac_ws/rl_code/soarm100sim/third_party/orbbec_ws/install_287/orbbec_camera_msgs
[0.254s] colcon.colcon_core.event_handler.log_command DEBUG Invoking command in '/home/sophie/isaac_lab/isaac_ws/rl_code/soarm100sim/third_party/orbbec_ws/build_287/orbbec_description': CMAKE_PREFIX_PATH=/opt/ros/humble /usr/bin/cmake /home/sophie/isaac_lab/isaac_ws/rl_code/soarm100sim/third_party/orbbec_ws/src/OrbbecSDK_ROS2/orbbec_description -DCMAKE_BUILD_TYPE=Release -DINSTALL_UDEV_RULES=OFF -DORBBEC_SDK_ROOT=/home/sophie/isaac_lab/isaac_ws/rl_code/soarm100sim/third_party/orbbec_sdk_2_8_7_root/opt/OrbbecSDK_v2.8.7 -DCMAKE_INSTALL_PREFIX=/home/sophie/isaac_lab/isaac_ws/rl_code/soarm100sim/third_party/orbbec_ws/install_287/orbbec_description
[1.162s] colcon.colcon_core.event_handler.log_command DEBUG Invoked command in '/home/sophie/isaac_lab/isaac_ws/rl_code/soarm100sim/third_party/orbbec_ws/build_287/orbbec_description' returned '0': CMAKE_PREFIX_PATH=/opt/ros/humble /usr/bin/cmake /home/sophie/isaac_lab/isaac_ws/rl_code/soarm100sim/third_party/orbbec_ws/src/OrbbecSDK_ROS2/orbbec_description -DCMAKE_BUILD_TYPE=Release -DINSTALL_UDEV_RULES=OFF -DORBBEC_SDK_ROOT=/home/sophie/isaac_lab/isaac_ws/rl_code/soarm100sim/third_party/orbbec_sdk_2_8_7_root/opt/OrbbecSDK_v2.8.7 -DCMAKE_INSTALL_PREFIX=/home/sophie/isaac_lab/isaac_ws/rl_code/soarm100sim/third_party/orbbec_ws/install_287/orbbec_description
[1.163s] colcon.colcon_core.event_handler.log_command DEBUG Invoking command in '/home/sophie/isaac_lab/isaac_ws/rl_code/soarm100sim/third_party/orbbec_ws/build_287/orbbec_description': CMAKE_PREFIX_PATH=/opt/ros/humble /usr/bin/cmake --build /home/sophie/isaac_lab/isaac_ws/rl_code/soarm100sim/third_party/orbbec_ws/build_287/orbbec_description -- -j32 -l32
[1.391s] colcon.colcon_core.event_handler.log_command DEBUG Invoked command in '/home/sophie/isaac_lab/isaac_ws/rl_code/soarm100sim/third_party/orbbec_ws/build_287/orbbec_description' returned '0': CMAKE_PREFIX_PATH=/opt/ros/humble /usr/bin/cmake --build /home/sophie/isaac_lab/isaac_ws/rl_code/soarm100sim/third_party/orbbec_ws/build_287/orbbec_description -- -j32 -l32
[1.400s] colcon.colcon_core.event_handler.log_command DEBUG Invoking command in '/home/sophie/isaac_lab/isaac_ws/rl_code/soarm100sim/third_party/orbbec_ws/build_287/orbbec_description': CMAKE_PREFIX_PATH=/opt/ros/humble /usr/bin/cmake --install /home/sophie/isaac_lab/isaac_ws/rl_code/soarm100sim/third_party/orbbec_ws/build_287/orbbec_description
[1.735s] colcon.colcon_core.environment Level 1 create_environment_scripts_only(orbbec_description)
[1.736s] colcon.colcon_core.event_handler.log_command DEBUG Invoked command in '/home/sophie/isaac_lab/isaac_ws/rl_code/soarm100sim/third_party/orbbec_ws/build_287/orbbec_description' returned '0': CMAKE_PREFIX_PATH=/opt/ros/humble /usr/bin/cmake --install /home/sophie/isaac_lab/isaac_ws/rl_code/soarm100sim/third_party/orbbec_ws/build_287/orbbec_description
[1.737s] colcon.colcon_core.environment Level 1 checking '/home/sophie/isaac_lab/isaac_ws/rl_code/soarm100sim/third_party/orbbec_ws/install_287/orbbec_description' for CMake module files
[1.737s] colcon.colcon_core.environment Level 1 checking '/home/sophie/isaac_lab/isaac_ws/rl_code/soarm100sim/third_party/orbbec_ws/install_287/orbbec_description' for CMake config files
[1.737s] colcon.colcon_core.shell Level 1 create_environment_hook('orbbec_description', 'cmake_prefix_path')
[1.738s] colcon.colcon_core.shell INFO Creating environment hook '/home/sophie/isaac_lab/isaac_ws/rl_code/soarm100sim/third_party/orbbec_ws/install_287/orbbec_description/share/orbbec_description/hook/cmake_prefix_path.ps1'
[1.738s] colcon.colcon_core.shell INFO Creating environment descriptor '/home/sophie/isaac_lab/isaac_ws/rl_code/soarm100sim/third_party/orbbec_ws/install_287/orbbec_description/share/orbbec_description/hook/cmake_prefix_path.dsv'
[1.738s] colcon.colcon_core.shell INFO Creating environment hook '/home/sophie/isaac_lab/isaac_ws/rl_code/soarm100sim/third_party/orbbec_ws/install_287/orbbec_description/share/orbbec_description/hook/cmake_prefix_path.sh'
[1.739s] colcon.colcon_core.environment Level 1 checking '/home/sophie/isaac_lab/isaac_ws/rl_code/soarm100sim/third_party/orbbec_ws/install_287/orbbec_description/bin'
[1.739s] colcon.colcon_core.environment Level 1 checking '/home/sophie/isaac_lab/isaac_ws/rl_code/soarm100sim/third_party/orbbec_ws/install_287/orbbec_description/lib/pkgconfig/orbbec_description.pc'
[1.739s] colcon.colcon_core.environment Level 1 checking '/home/sophie/isaac_lab/isaac_ws/rl_code/soarm100sim/third_party/orbbec_ws/install_287/orbbec_description/lib/python3.10/site-packages'
[1.739s] colcon.colcon_core.environment Level 1 checking '/home/sophie/isaac_lab/isaac_ws/rl_code/soarm100sim/third_party/orbbec_ws/install_287/orbbec_description/bin'
[1.739s] colcon.colcon_core.shell INFO Creating package script '/home/sophie/isaac_lab/isaac_ws/rl_code/soarm100sim/third_party/orbbec_ws/install_287/orbbec_description/share/orbbec_description/package.ps1'
[1.740s] colcon.colcon_core.shell INFO Creating package descriptor '/home/sophie/isaac_lab/isaac_ws/rl_code/soarm100sim/third_party/orbbec_ws/install_287/orbbec_description/share/orbbec_description/package.dsv'
[1.740s] colcon.colcon_core.shell INFO Creating package script '/home/sophie/isaac_lab/isaac_ws/rl_code/soarm100sim/third_party/orbbec_ws/install_287/orbbec_description/share/orbbec_description/package.sh'
[1.741s] colcon.colcon_core.shell INFO Creating package script '/home/sophie/isaac_lab/isaac_ws/rl_code/soarm100sim/third_party/orbbec_ws/install_287/orbbec_description/share/orbbec_description/package.bash'
[1.741s] colcon.colcon_core.shell INFO Creating package script '/home/sophie/isaac_lab/isaac_ws/rl_code/soarm100sim/third_party/orbbec_ws/install_287/orbbec_description/share/orbbec_description/package.zsh'
[1.741s] colcon.colcon_core.environment Level 1 create_file_with_runtime_dependencies(/home/sophie/isaac_lab/isaac_ws/rl_code/soarm100sim/third_party/orbbec_ws/install_287/orbbec_description/share/colcon-core/packages/orbbec_description)
[1.742s] colcon.colcon_core.environment Level 1 create_environment_scripts_only(orbbec_description)
[1.742s] colcon.colcon_core.environment Level 1 checking '/home/sophie/isaac_lab/isaac_ws/rl_code/soarm100sim/third_party/orbbec_ws/install_287/orbbec_description' for CMake module files
[1.742s] colcon.colcon_core.environment Level 1 checking '/home/sophie/isaac_lab/isaac_ws/rl_code/soarm100sim/third_party/orbbec_ws/install_287/orbbec_description' for CMake config files
[1.742s] colcon.colcon_core.shell Level 1 create_environment_hook('orbbec_description', 'cmake_prefix_path')
[1.743s] colcon.colcon_core.shell INFO Creating environment hook '/home/sophie/isaac_lab/isaac_ws/rl_code/soarm100sim/third_party/orbbec_ws/install_287/orbbec_description/share/orbbec_description/hook/cmake_prefix_path.ps1'
[1.743s] colcon.colcon_core.shell INFO Creating environment descriptor '/home/sophie/isaac_lab/isaac_ws/rl_code/soarm100sim/third_party/orbbec_ws/install_287/orbbec_description/share/orbbec_description/hook/cmake_prefix_path.dsv'
[1.743s] colcon.colcon_core.shell INFO Creating environment hook '/home/sophie/isaac_lab/isaac_ws/rl_code/soarm100sim/third_party/orbbec_ws/install_287/orbbec_description/share/orbbec_description/hook/cmake_prefix_path.sh'
[1.743s] colcon.colcon_core.environment Level 1 checking '/home/sophie/isaac_lab/isaac_ws/rl_code/soarm100sim/third_party/orbbec_ws/install_287/orbbec_description/bin'
[1.743s] colcon.colcon_core.environment Level 1 checking '/home/sophie/isaac_lab/isaac_ws/rl_code/soarm100sim/third_party/orbbec_ws/install_287/orbbec_description/lib/pkgconfig/orbbec_description.pc'
[1.744s] colcon.colcon_core.environment Level 1 checking '/home/sophie/isaac_lab/isaac_ws/rl_code/soarm100sim/third_party/orbbec_ws/install_287/orbbec_description/lib/python3.10/site-packages'
[1.744s] colcon.colcon_core.environment Level 1 checking '/home/sophie/isaac_lab/isaac_ws/rl_code/soarm100sim/third_party/orbbec_ws/install_287/orbbec_description/bin'
[1.744s] colcon.colcon_core.shell INFO Creating package script '/home/sophie/isaac_lab/isaac_ws/rl_code/soarm100sim/third_party/orbbec_ws/install_287/orbbec_description/share/orbbec_description/package.ps1'
[1.744s] colcon.colcon_core.shell INFO Creating package descriptor '/home/sophie/isaac_lab/isaac_ws/rl_code/soarm100sim/third_party/orbbec_ws/install_287/orbbec_description/share/orbbec_description/package.dsv'
[1.745s] colcon.colcon_core.shell INFO Creating package script '/home/sophie/isaac_lab/isaac_ws/rl_code/soarm100sim/third_party/orbbec_ws/install_287/orbbec_description/share/orbbec_description/package.sh'
[1.745s] colcon.colcon_core.shell INFO Creating package script '/home/sophie/isaac_lab/isaac_ws/rl_code/soarm100sim/third_party/orbbec_ws/install_287/orbbec_description/share/orbbec_description/package.bash'
[1.745s] colcon.colcon_core.shell INFO Creating package script '/home/sophie/isaac_lab/isaac_ws/rl_code/soarm100sim/third_party/orbbec_ws/install_287/orbbec_description/share/orbbec_description/package.zsh'
[1.746s] colcon.colcon_core.environment Level 1 create_file_with_runtime_dependencies(/home/sophie/isaac_lab/isaac_ws/rl_code/soarm100sim/third_party/orbbec_ws/install_287/orbbec_description/share/colcon-core/packages/orbbec_description)
[31.778s] colcon.colcon_core.event_handler.log_command DEBUG Invoked command in '/home/sophie/isaac_lab/isaac_ws/rl_code/soarm100sim/third_party/orbbec_ws/build_287/orbbec_camera_msgs' returned '0': CMAKE_PREFIX_PATH=/opt/ros/humble /usr/bin/cmake /home/sophie/isaac_lab/isaac_ws/rl_code/soarm100sim/third_party/orbbec_ws/src/OrbbecSDK_ROS2/orbbec_camera_msgs -DCMAKE_BUILD_TYPE=Release -DINSTALL_UDEV_RULES=OFF -DORBBEC_SDK_ROOT=/home/sophie/isaac_lab/isaac_ws/rl_code/soarm100sim/third_party/orbbec_sdk_2_8_7_root/opt/OrbbecSDK_v2.8.7 -DCMAKE_INSTALL_PREFIX=/home/sophie/isaac_lab/isaac_ws/rl_code/soarm100sim/third_party/orbbec_ws/install_287/orbbec_camera_msgs
[31.778s] colcon.colcon_core.event_handler.log_command DEBUG Invoking command in '/home/sophie/isaac_lab/isaac_ws/rl_code/soarm100sim/third_party/orbbec_ws/build_287/orbbec_camera_msgs': CMAKE_PREFIX_PATH=/opt/ros/humble /usr/bin/cmake --build /home/sophie/isaac_lab/isaac_ws/rl_code/soarm100sim/third_party/orbbec_ws/build_287/orbbec_camera_msgs -- -j32 -l32
[61.803s] colcon.colcon_core.event_handler.log_command DEBUG Invoked command in '/home/sophie/isaac_lab/isaac_ws/rl_code/soarm100sim/third_party/orbbec_ws/build_287/orbbec_camera_msgs' returned '0': CMAKE_PREFIX_PATH=/opt/ros/humble /usr/bin/cmake --build /home/sophie/isaac_lab/isaac_ws/rl_code/soarm100sim/third_party/orbbec_ws/build_287/orbbec_camera_msgs -- -j32 -l32
[61.804s] colcon.colcon_core.event_handler.log_command DEBUG Invoking command in '/home/sophie/isaac_lab/isaac_ws/rl_code/soarm100sim/third_party/orbbec_ws/build_287/orbbec_camera_msgs': CMAKE_PREFIX_PATH=/opt/ros/humble /usr/bin/cmake --install /home/sophie/isaac_lab/isaac_ws/rl_code/soarm100sim/third_party/orbbec_ws/build_287/orbbec_camera_msgs
[91.833s] colcon.colcon_core.environment Level 1 create_environment_scripts_only(orbbec_camera_msgs)
[91.833s] colcon.colcon_core.event_handler.log_command DEBUG Invoked command in '/home/sophie/isaac_lab/isaac_ws/rl_code/soarm100sim/third_party/orbbec_ws/build_287/orbbec_camera_msgs' returned '0': CMAKE_PREFIX_PATH=/opt/ros/humble /usr/bin/cmake --install /home/sophie/isaac_lab/isaac_ws/rl_code/soarm100sim/third_party/orbbec_ws/build_287/orbbec_camera_msgs
[91.834s] colcon.colcon_core.environment Level 1 checking '/home/sophie/isaac_lab/isaac_ws/rl_code/soarm100sim/third_party/orbbec_ws/install_287/orbbec_camera_msgs' for CMake module files
[91.836s] colcon.colcon_core.environment Level 1 checking '/home/sophie/isaac_lab/isaac_ws/rl_code/soarm100sim/third_party/orbbec_ws/install_287/orbbec_camera_msgs' for CMake config files
[91.837s] colcon.colcon_core.shell Level 1 create_environment_hook('orbbec_camera_msgs', 'cmake_prefix_path')
[91.838s] colcon.colcon_core.shell INFO Creating environment hook '/home/sophie/isaac_lab/isaac_ws/rl_code/soarm100sim/third_party/orbbec_ws/install_287/orbbec_camera_msgs/share/orbbec_camera_msgs/hook/cmake_prefix_path.ps1'
[91.839s] colcon.colcon_core.shell INFO Creating environment descriptor '/home/sophie/isaac_lab/isaac_ws/rl_code/soarm100sim/third_party/orbbec_ws/install_287/orbbec_camera_msgs/share/orbbec_camera_msgs/hook/cmake_prefix_path.dsv'
[91.839s] colcon.colcon_core.shell INFO Creating environment hook '/home/sophie/isaac_lab/isaac_ws/rl_code/soarm100sim/third_party/orbbec_ws/install_287/orbbec_camera_msgs/share/orbbec_camera_msgs/hook/cmake_prefix_path.sh'
[91.840s] colcon.colcon_core.environment Level 1 checking '/home/sophie/isaac_lab/isaac_ws/rl_code/soarm100sim/third_party/orbbec_ws/install_287/orbbec_camera_msgs/lib'
[91.840s] colcon.colcon_core.shell Level 1 create_environment_hook('orbbec_camera_msgs', 'ld_library_path_lib')
[91.841s] colcon.colcon_core.shell INFO Creating environment hook '/home/sophie/isaac_lab/isaac_ws/rl_code/soarm100sim/third_party/orbbec_ws/install_287/orbbec_camera_msgs/share/orbbec_camera_msgs/hook/ld_library_path_lib.ps1'
[91.841s] colcon.colcon_core.shell INFO Creating environment descriptor '/home/sophie/isaac_lab/isaac_ws/rl_code/soarm100sim/third_party/orbbec_ws/install_287/orbbec_camera_msgs/share/orbbec_camera_msgs/hook/ld_library_path_lib.dsv'
[91.842s] colcon.colcon_core.shell INFO Creating environment hook '/home/sophie/isaac_lab/isaac_ws/rl_code/soarm100sim/third_party/orbbec_ws/install_287/orbbec_camera_msgs/share/orbbec_camera_msgs/hook/ld_library_path_lib.sh'
[91.842s] colcon.colcon_core.environment Level 1 checking '/home/sophie/isaac_lab/isaac_ws/rl_code/soarm100sim/third_party/orbbec_ws/install_287/orbbec_camera_msgs/bin'
[91.842s] colcon.colcon_core.environment Level 1 checking '/home/sophie/isaac_lab/isaac_ws/rl_code/soarm100sim/third_party/orbbec_ws/install_287/orbbec_camera_msgs/lib/pkgconfig/orbbec_camera_msgs.pc'
[91.843s] colcon.colcon_core.environment Level 1 checking '/home/sophie/isaac_lab/isaac_ws/rl_code/soarm100sim/third_party/orbbec_ws/install_287/orbbec_camera_msgs/lib/python3.10/site-packages'
[91.843s] colcon.colcon_core.environment Level 1 checking '/home/sophie/isaac_lab/isaac_ws/rl_code/soarm100sim/third_party/orbbec_ws/install_287/orbbec_camera_msgs/bin'
[91.844s] colcon.colcon_core.shell INFO Creating package script '/home/sophie/isaac_lab/isaac_ws/rl_code/soarm100sim/third_party/orbbec_ws/install_287/orbbec_camera_msgs/share/orbbec_camera_msgs/package.ps1'
[91.845s] colcon.colcon_core.shell INFO Creating package descriptor '/home/sophie/isaac_lab/isaac_ws/rl_code/soarm100sim/third_party/orbbec_ws/install_287/orbbec_camera_msgs/share/orbbec_camera_msgs/package.dsv'
[91.846s] colcon.colcon_core.shell INFO Creating package script '/home/sophie/isaac_lab/isaac_ws/rl_code/soarm100sim/third_party/orbbec_ws/install_287/orbbec_camera_msgs/share/orbbec_camera_msgs/package.sh'
[91.846s] colcon.colcon_core.shell INFO Creating package script '/home/sophie/isaac_lab/isaac_ws/rl_code/soarm100sim/third_party/orbbec_ws/install_287/orbbec_camera_msgs/share/orbbec_camera_msgs/package.bash'
[91.847s] colcon.colcon_core.shell INFO Creating package script '/home/sophie/isaac_lab/isaac_ws/rl_code/soarm100sim/third_party/orbbec_ws/install_287/orbbec_camera_msgs/share/orbbec_camera_msgs/package.zsh'
[91.847s] colcon.colcon_core.environment Level 1 create_file_with_runtime_dependencies(/home/sophie/isaac_lab/isaac_ws/rl_code/soarm100sim/third_party/orbbec_ws/install_287/orbbec_camera_msgs/share/colcon-core/packages/orbbec_camera_msgs)
[91.848s] colcon.colcon_core.environment Level 1 create_environment_scripts_only(orbbec_camera_msgs)
[91.848s] colcon.colcon_core.environment Level 1 checking '/home/sophie/isaac_lab/isaac_ws/rl_code/soarm100sim/third_party/orbbec_ws/install_287/orbbec_camera_msgs' for CMake module files
[91.849s] colcon.colcon_core.environment Level 1 checking '/home/sophie/isaac_lab/isaac_ws/rl_code/soarm100sim/third_party/orbbec_ws/install_287/orbbec_camera_msgs' for CMake config files
[91.849s] colcon.colcon_core.shell Level 1 create_environment_hook('orbbec_camera_msgs', 'cmake_prefix_path')
[91.849s] colcon.colcon_core.shell INFO Creating environment hook '/home/sophie/isaac_lab/isaac_ws/rl_code/soarm100sim/third_party/orbbec_ws/install_287/orbbec_camera_msgs/share/orbbec_camera_msgs/hook/cmake_prefix_path.ps1'
[91.850s] colcon.colcon_core.shell INFO Creating environment descriptor '/home/sophie/isaac_lab/isaac_ws/rl_code/soarm100sim/third_party/orbbec_ws/install_287/orbbec_camera_msgs/share/orbbec_camera_msgs/hook/cmake_prefix_path.dsv'
[91.850s] colcon.colcon_core.shell INFO Creating environment hook '/home/sophie/isaac_lab/isaac_ws/rl_code/soarm100sim/third_party/orbbec_ws/install_287/orbbec_camera_msgs/share/orbbec_camera_msgs/hook/cmake_prefix_path.sh'
[91.850s] colcon.colcon_core.environment Level 1 checking '/home/sophie/isaac_lab/isaac_ws/rl_code/soarm100sim/third_party/orbbec_ws/install_287/orbbec_camera_msgs/lib'
[91.850s] colcon.colcon_core.shell Level 1 create_environment_hook('orbbec_camera_msgs', 'ld_library_path_lib')
[91.851s] colcon.colcon_core.shell INFO Creating environment hook '/home/sophie/isaac_lab/isaac_ws/rl_code/soarm100sim/third_party/orbbec_ws/install_287/orbbec_camera_msgs/share/orbbec_camera_msgs/hook/ld_library_path_lib.ps1'
[91.851s] colcon.colcon_core.shell INFO Creating environment descriptor '/home/sophie/isaac_lab/isaac_ws/rl_code/soarm100sim/third_party/orbbec_ws/install_287/orbbec_camera_msgs/share/orbbec_camera_msgs/hook/ld_library_path_lib.dsv'
[91.851s] colcon.colcon_core.shell INFO Creating environment hook '/home/sophie/isaac_lab/isaac_ws/rl_code/soarm100sim/third_party/orbbec_ws/install_287/orbbec_camera_msgs/share/orbbec_camera_msgs/hook/ld_library_path_lib.sh'
[91.851s] colcon.colcon_core.environment Level 1 checking '/home/sophie/isaac_lab/isaac_ws/rl_code/soarm100sim/third_party/orbbec_ws/install_287/orbbec_camera_msgs/bin'
[91.851s] colcon.colcon_core.environment Level 1 checking '/home/sophie/isaac_lab/isaac_ws/rl_code/soarm100sim/third_party/orbbec_ws/install_287/orbbec_camera_msgs/lib/pkgconfig/orbbec_camera_msgs.pc'
[91.851s] colcon.colcon_core.environment Level 1 checking '/home/sophie/isaac_lab/isaac_ws/rl_code/soarm100sim/third_party/orbbec_ws/install_287/orbbec_camera_msgs/lib/python3.10/site-packages'
[91.852s] colcon.colcon_core.environment Level 1 checking '/home/sophie/isaac_lab/isaac_ws/rl_code/soarm100sim/third_party/orbbec_ws/install_287/orbbec_camera_msgs/bin'
[91.852s] colcon.colcon_core.shell INFO Creating package script '/home/sophie/isaac_lab/isaac_ws/rl_code/soarm100sim/third_party/orbbec_ws/install_287/orbbec_camera_msgs/share/orbbec_camera_msgs/package.ps1'
[91.852s] colcon.colcon_core.shell INFO Creating package descriptor '/home/sophie/isaac_lab/isaac_ws/rl_code/soarm100sim/third_party/orbbec_ws/install_287/orbbec_camera_msgs/share/orbbec_camera_msgs/package.dsv'
[91.853s] colcon.colcon_core.shell INFO Creating package script '/home/sophie/isaac_lab/isaac_ws/rl_code/soarm100sim/third_party/orbbec_ws/install_287/orbbec_camera_msgs/share/orbbec_camera_msgs/package.sh'
[91.853s] colcon.colcon_core.shell INFO Creating package script '/home/sophie/isaac_lab/isaac_ws/rl_code/soarm100sim/third_party/orbbec_ws/install_287/orbbec_camera_msgs/share/orbbec_camera_msgs/package.bash'
[91.853s] colcon.colcon_core.shell INFO Creating package script '/home/sophie/isaac_lab/isaac_ws/rl_code/soarm100sim/third_party/orbbec_ws/install_287/orbbec_camera_msgs/share/orbbec_camera_msgs/package.zsh'
[91.854s] colcon.colcon_core.environment Level 1 create_file_with_runtime_dependencies(/home/sophie/isaac_lab/isaac_ws/rl_code/soarm100sim/third_party/orbbec_ws/install_287/orbbec_camera_msgs/share/colcon-core/packages/orbbec_camera_msgs)
[91.854s] colcon.colcon_ros.task.ament_cmake.build INFO Building ROS package in '/home/sophie/isaac_lab/isaac_ws/rl_code/soarm100sim/third_party/orbbec_ws/src/OrbbecSDK_ROS2/orbbec_camera' with build type 'ament_cmake'
[91.854s] colcon.colcon_cmake.task.cmake.build INFO Building CMake package in '/home/sophie/isaac_lab/isaac_ws/rl_code/soarm100sim/third_party/orbbec_ws/src/OrbbecSDK_ROS2/orbbec_camera'
[91.854s] colcon.colcon_core.shell INFO Skip shell extension 'powershell' for command environment: Not usable outside of PowerShell
[91.854s] colcon.colcon_core.shell DEBUG Skip shell extension 'dsv' for command environment
[91.867s] colcon.colcon_core.event_handler.log_command DEBUG Invoking command in '/home/sophie/isaac_lab/isaac_ws/rl_code/soarm100sim/third_party/orbbec_ws/build_287/orbbec_camera': AMENT_PREFIX_PATH=/home/sophie/isaac_lab/isaac_ws/rl_code/soarm100sim/third_party/orbbec_ws/install_287/orbbec_camera_msgs:${AMENT_PREFIX_PATH} CMAKE_PREFIX_PATH=/home/sophie/isaac_lab/isaac_ws/rl_code/soarm100sim/third_party/orbbec_ws/install_287/orbbec_camera_msgs:/opt/ros/humble LD_LIBRARY_PATH=/home/sophie/isaac_lab/isaac_ws/rl_code/soarm100sim/third_party/orbbec_ws/install_287/orbbec_camera_msgs/lib:${LD_LIBRARY_PATH} PYTHONPATH=/home/sophie/isaac_lab/isaac_ws/rl_code/soarm100sim/third_party/orbbec_ws/install_287/orbbec_camera_msgs/local/lib/python3.10/dist-packages:${PYTHONPATH} /usr/bin/cmake /home/sophie/isaac_lab/isaac_ws/rl_code/soarm100sim/third_party/orbbec_ws/src/OrbbecSDK_ROS2/orbbec_camera -DCMAKE_BUILD_TYPE=Release -DINSTALL_UDEV_RULES=OFF -DORBBEC_SDK_ROOT=/home/sophie/isaac_lab/isaac_ws/rl_code/soarm100sim/third_party/orbbec_sdk_2_8_7_root/opt/OrbbecSDK_v2.8.7 -DCMAKE_INSTALL_PREFIX=/home/sophie/isaac_lab/isaac_ws/rl_code/soarm100sim/third_party/orbbec_ws/install_287/orbbec_camera
[93.463s] colcon.colcon_core.event_handler.log_command DEBUG Invoked command in '/home/sophie/isaac_lab/isaac_ws/rl_code/soarm100sim/third_party/orbbec_ws/build_287/orbbec_camera' returned '0': AMENT_PREFIX_PATH=/home/sophie/isaac_lab/isaac_ws/rl_code/soarm100sim/third_party/orbbec_ws/install_287/orbbec_camera_msgs:${AMENT_PREFIX_PATH} CMAKE_PREFIX_PATH=/home/sophie/isaac_lab/isaac_ws/rl_code/soarm100sim/third_party/orbbec_ws/install_287/orbbec_camera_msgs:/opt/ros/humble LD_LIBRARY_PATH=/home/sophie/isaac_lab/isaac_ws/rl_code/soarm100sim/third_party/orbbec_ws/install_287/orbbec_camera_msgs/lib:${LD_LIBRARY_PATH} PYTHONPATH=/home/sophie/isaac_lab/isaac_ws/rl_code/soarm100sim/third_party/orbbec_ws/install_287/orbbec_camera_msgs/local/lib/python3.10/dist-packages:${PYTHONPATH} /usr/bin/cmake /home/sophie/isaac_lab/isaac_ws/rl_code/soarm100sim/third_party/orbbec_ws/src/OrbbecSDK_ROS2/orbbec_camera -DCMAKE_BUILD_TYPE=Release -DINSTALL_UDEV_RULES=OFF -DORBBEC_SDK_ROOT=/home/sophie/isaac_lab/isaac_ws/rl_code/soarm100sim/third_party/orbbec_sdk_2_8_7_root/opt/OrbbecSDK_v2.8.7 -DCMAKE_INSTALL_PREFIX=/home/sophie/isaac_lab/isaac_ws/rl_code/soarm100sim/third_party/orbbec_ws/install_287/orbbec_camera
[93.463s] colcon.colcon_core.event_handler.log_command DEBUG Invoking command in '/home/sophie/isaac_lab/isaac_ws/rl_code/soarm100sim/third_party/orbbec_ws/build_287/orbbec_camera': AMENT_PREFIX_PATH=/home/sophie/isaac_lab/isaac_ws/rl_code/soarm100sim/third_party/orbbec_ws/install_287/orbbec_camera_msgs:${AMENT_PREFIX_PATH} CMAKE_PREFIX_PATH=/home/sophie/isaac_lab/isaac_ws/rl_code/soarm100sim/third_party/orbbec_ws/install_287/orbbec_camera_msgs:/opt/ros/humble LD_LIBRARY_PATH=/home/sophie/isaac_lab/isaac_ws/rl_code/soarm100sim/third_party/orbbec_ws/install_287/orbbec_camera_msgs/lib:${LD_LIBRARY_PATH} PYTHONPATH=/home/sophie/isaac_lab/isaac_ws/rl_code/soarm100sim/third_party/orbbec_ws/install_287/orbbec_camera_msgs/local/lib/python3.10/dist-packages:${PYTHONPATH} /usr/bin/cmake --build /home/sophie/isaac_lab/isaac_ws/rl_code/soarm100sim/third_party/orbbec_ws/build_287/orbbec_camera -- -j32 -l32
[151.877s] colcon.colcon_core.event_handler.log_command DEBUG Invoked command in '/home/sophie/isaac_lab/isaac_ws/rl_code/soarm100sim/third_party/orbbec_ws/build_287/orbbec_camera' returned '0': AMENT_PREFIX_PATH=/home/sophie/isaac_lab/isaac_ws/rl_code/soarm100sim/third_party/orbbec_ws/install_287/orbbec_camera_msgs:${AMENT_PREFIX_PATH} CMAKE_PREFIX_PATH=/home/sophie/isaac_lab/isaac_ws/rl_code/soarm100sim/third_party/orbbec_ws/install_287/orbbec_camera_msgs:/opt/ros/humble LD_LIBRARY_PATH=/home/sophie/isaac_lab/isaac_ws/rl_code/soarm100sim/third_party/orbbec_ws/install_287/orbbec_camera_msgs/lib:${LD_LIBRARY_PATH} PYTHONPATH=/home/sophie/isaac_lab/isaac_ws/rl_code/soarm100sim/third_party/orbbec_ws/install_287/orbbec_camera_msgs/local/lib/python3.10/dist-packages:${PYTHONPATH} /usr/bin/cmake --build /home/sophie/isaac_lab/isaac_ws/rl_code/soarm100sim/third_party/orbbec_ws/build_287/orbbec_camera -- -j32 -l32
[151.879s] colcon.colcon_core.event_handler.log_command DEBUG Invoking command in '/home/sophie/isaac_lab/isaac_ws/rl_code/soarm100sim/third_party/orbbec_ws/build_287/orbbec_camera': AMENT_PREFIX_PATH=/home/sophie/isaac_lab/isaac_ws/rl_code/soarm100sim/third_party/orbbec_ws/install_287/orbbec_camera_msgs:${AMENT_PREFIX_PATH} CMAKE_PREFIX_PATH=/home/sophie/isaac_lab/isaac_ws/rl_code/soarm100sim/third_party/orbbec_ws/install_287/orbbec_camera_msgs:/opt/ros/humble LD_LIBRARY_PATH=/home/sophie/isaac_lab/isaac_ws/rl_code/soarm100sim/third_party/orbbec_ws/install_287/orbbec_camera_msgs/lib:${LD_LIBRARY_PATH} PYTHONPATH=/home/sophie/isaac_lab/isaac_ws/rl_code/soarm100sim/third_party/orbbec_ws/install_287/orbbec_camera_msgs/local/lib/python3.10/dist-packages:${PYTHONPATH} /usr/bin/cmake --install /home/sophie/isaac_lab/isaac_ws/rl_code/soarm100sim/third_party/orbbec_ws/build_287/orbbec_camera
[182.322s] colcon.colcon_core.environment Level 1 create_environment_scripts_only(orbbec_camera)
[182.323s] colcon.colcon_core.environment Level 1 checking '/home/sophie/isaac_lab/isaac_ws/rl_code/soarm100sim/third_party/orbbec_ws/install_287/orbbec_camera' for CMake module files
[182.323s] colcon.colcon_core.event_handler.log_command DEBUG Invoked command in '/home/sophie/isaac_lab/isaac_ws/rl_code/soarm100sim/third_party/orbbec_ws/build_287/orbbec_camera' returned '0': AMENT_PREFIX_PATH=/home/sophie/isaac_lab/isaac_ws/rl_code/soarm100sim/third_party/orbbec_ws/install_287/orbbec_camera_msgs:${AMENT_PREFIX_PATH} CMAKE_PREFIX_PATH=/home/sophie/isaac_lab/isaac_ws/rl_code/soarm100sim/third_party/orbbec_ws/install_287/orbbec_camera_msgs:/opt/ros/humble LD_LIBRARY_PATH=/home/sophie/isaac_lab/isaac_ws/rl_code/soarm100sim/third_party/orbbec_ws/install_287/orbbec_camera_msgs/lib:${LD_LIBRARY_PATH} PYTHONPATH=/home/sophie/isaac_lab/isaac_ws/rl_code/soarm100sim/third_party/orbbec_ws/install_287/orbbec_camera_msgs/local/lib/python3.10/dist-packages:${PYTHONPATH} /usr/bin/cmake --install /home/sophie/isaac_lab/isaac_ws/rl_code/soarm100sim/third_party/orbbec_ws/build_287/orbbec_camera
[182.324s] colcon.colcon_core.environment Level 1 checking '/home/sophie/isaac_lab/isaac_ws/rl_code/soarm100sim/third_party/orbbec_ws/install_287/orbbec_camera' for CMake config files
[182.325s] colcon.colcon_core.shell Level 1 create_environment_hook('orbbec_camera', 'cmake_prefix_path')
[182.325s] colcon.colcon_core.shell INFO Creating environment hook '/home/sophie/isaac_lab/isaac_ws/rl_code/soarm100sim/third_party/orbbec_ws/install_287/orbbec_camera/share/orbbec_camera/hook/cmake_prefix_path.ps1'
[182.326s] colcon.colcon_core.shell INFO Creating environment descriptor '/home/sophie/isaac_lab/isaac_ws/rl_code/soarm100sim/third_party/orbbec_ws/install_287/orbbec_camera/share/orbbec_camera/hook/cmake_prefix_path.dsv'
[182.326s] colcon.colcon_core.shell INFO Creating environment hook '/home/sophie/isaac_lab/isaac_ws/rl_code/soarm100sim/third_party/orbbec_ws/install_287/orbbec_camera/share/orbbec_camera/hook/cmake_prefix_path.sh'
[182.326s] colcon.colcon_core.environment Level 1 checking '/home/sophie/isaac_lab/isaac_ws/rl_code/soarm100sim/third_party/orbbec_ws/install_287/orbbec_camera/lib'
[182.327s] colcon.colcon_core.shell Level 1 create_environment_hook('orbbec_camera', 'ld_library_path_lib')
[182.327s] colcon.colcon_core.shell INFO Creating environment hook '/home/sophie/isaac_lab/isaac_ws/rl_code/soarm100sim/third_party/orbbec_ws/install_287/orbbec_camera/share/orbbec_camera/hook/ld_library_path_lib.ps1'
[182.327s] colcon.colcon_core.shell INFO Creating environment descriptor '/home/sophie/isaac_lab/isaac_ws/rl_code/soarm100sim/third_party/orbbec_ws/install_287/orbbec_camera/share/orbbec_camera/hook/ld_library_path_lib.dsv'
[182.327s] colcon.colcon_core.shell INFO Creating environment hook '/home/sophie/isaac_lab/isaac_ws/rl_code/soarm100sim/third_party/orbbec_ws/install_287/orbbec_camera/share/orbbec_camera/hook/ld_library_path_lib.sh'
[182.328s] colcon.colcon_core.environment Level 1 checking '/home/sophie/isaac_lab/isaac_ws/rl_code/soarm100sim/third_party/orbbec_ws/install_287/orbbec_camera/bin'
[182.328s] colcon.colcon_core.environment Level 1 checking '/home/sophie/isaac_lab/isaac_ws/rl_code/soarm100sim/third_party/orbbec_ws/install_287/orbbec_camera/lib/pkgconfig/orbbec_camera.pc'
[182.328s] colcon.colcon_core.environment Level 1 checking '/home/sophie/isaac_lab/isaac_ws/rl_code/soarm100sim/third_party/orbbec_ws/install_287/orbbec_camera/lib/python3.10/site-packages'
[182.329s] colcon.colcon_core.environment Level 1 checking '/home/sophie/isaac_lab/isaac_ws/rl_code/soarm100sim/third_party/orbbec_ws/install_287/orbbec_camera/bin'
[182.329s] colcon.colcon_core.shell INFO Creating package script '/home/sophie/isaac_lab/isaac_ws/rl_code/soarm100sim/third_party/orbbec_ws/install_287/orbbec_camera/share/orbbec_camera/package.ps1'
[182.330s] colcon.colcon_core.shell INFO Creating package descriptor '/home/sophie/isaac_lab/isaac_ws/rl_code/soarm100sim/third_party/orbbec_ws/install_287/orbbec_camera/share/orbbec_camera/package.dsv'
[182.330s] colcon.colcon_core.shell INFO Creating package script '/home/sophie/isaac_lab/isaac_ws/rl_code/soarm100sim/third_party/orbbec_ws/install_287/orbbec_camera/share/orbbec_camera/package.sh'
[182.331s] colcon.colcon_core.shell INFO Creating package script '/home/sophie/isaac_lab/isaac_ws/rl_code/soarm100sim/third_party/orbbec_ws/install_287/orbbec_camera/share/orbbec_camera/package.bash'
[182.331s] colcon.colcon_core.shell INFO Creating package script '/home/sophie/isaac_lab/isaac_ws/rl_code/soarm100sim/third_party/orbbec_ws/install_287/orbbec_camera/share/orbbec_camera/package.zsh'
[182.331s] colcon.colcon_core.environment Level 1 create_file_with_runtime_dependencies(/home/sophie/isaac_lab/isaac_ws/rl_code/soarm100sim/third_party/orbbec_ws/install_287/orbbec_camera/share/colcon-core/packages/orbbec_camera)
[182.332s] colcon.colcon_core.environment Level 1 create_environment_scripts_only(orbbec_camera)
[182.332s] colcon.colcon_core.environment Level 1 checking '/home/sophie/isaac_lab/isaac_ws/rl_code/soarm100sim/third_party/orbbec_ws/install_287/orbbec_camera' for CMake module files
[182.333s] colcon.colcon_core.environment Level 1 checking '/home/sophie/isaac_lab/isaac_ws/rl_code/soarm100sim/third_party/orbbec_ws/install_287/orbbec_camera' for CMake config files
[182.333s] colcon.colcon_core.shell Level 1 create_environment_hook('orbbec_camera', 'cmake_prefix_path')
[182.333s] colcon.colcon_core.shell INFO Creating environment hook '/home/sophie/isaac_lab/isaac_ws/rl_code/soarm100sim/third_party/orbbec_ws/install_287/orbbec_camera/share/orbbec_camera/hook/cmake_prefix_path.ps1'
[182.334s] colcon.colcon_core.shell INFO Creating environment descriptor '/home/sophie/isaac_lab/isaac_ws/rl_code/soarm100sim/third_party/orbbec_ws/install_287/orbbec_camera/share/orbbec_camera/hook/cmake_prefix_path.dsv'
[182.335s] colcon.colcon_core.shell INFO Creating environment hook '/home/sophie/isaac_lab/isaac_ws/rl_code/soarm100sim/third_party/orbbec_ws/install_287/orbbec_camera/share/orbbec_camera/hook/cmake_prefix_path.sh'
[182.336s] colcon.colcon_core.environment Level 1 checking '/home/sophie/isaac_lab/isaac_ws/rl_code/soarm100sim/third_party/orbbec_ws/install_287/orbbec_camera/lib'
[182.336s] colcon.colcon_core.shell Level 1 create_environment_hook('orbbec_camera', 'ld_library_path_lib')
[182.336s] colcon.colcon_core.shell INFO Creating environment hook '/home/sophie/isaac_lab/isaac_ws/rl_code/soarm100sim/third_party/orbbec_ws/install_287/orbbec_camera/share/orbbec_camera/hook/ld_library_path_lib.ps1'
[182.337s] colcon.colcon_core.shell INFO Creating environment descriptor '/home/sophie/isaac_lab/isaac_ws/rl_code/soarm100sim/third_party/orbbec_ws/install_287/orbbec_camera/share/orbbec_camera/hook/ld_library_path_lib.dsv'
[182.337s] colcon.colcon_core.shell INFO Creating environment hook '/home/sophie/isaac_lab/isaac_ws/rl_code/soarm100sim/third_party/orbbec_ws/install_287/orbbec_camera/share/orbbec_camera/hook/ld_library_path_lib.sh'
[182.337s] colcon.colcon_core.environment Level 1 checking '/home/sophie/isaac_lab/isaac_ws/rl_code/soarm100sim/third_party/orbbec_ws/install_287/orbbec_camera/bin'
[182.337s] colcon.colcon_core.environment Level 1 checking '/home/sophie/isaac_lab/isaac_ws/rl_code/soarm100sim/third_party/orbbec_ws/install_287/orbbec_camera/lib/pkgconfig/orbbec_camera.pc'
[182.338s] colcon.colcon_core.environment Level 1 checking '/home/sophie/isaac_lab/isaac_ws/rl_code/soarm100sim/third_party/orbbec_ws/install_287/orbbec_camera/lib/python3.10/site-packages'
[182.338s] colcon.colcon_core.environment Level 1 checking '/home/sophie/isaac_lab/isaac_ws/rl_code/soarm100sim/third_party/orbbec_ws/install_287/orbbec_camera/bin'
[182.338s] colcon.colcon_core.shell INFO Creating package script '/home/sophie/isaac_lab/isaac_ws/rl_code/soarm100sim/third_party/orbbec_ws/install_287/orbbec_camera/share/orbbec_camera/package.ps1'
[182.339s] colcon.colcon_core.shell INFO Creating package descriptor '/home/sophie/isaac_lab/isaac_ws/rl_code/soarm100sim/third_party/orbbec_ws/install_287/orbbec_camera/share/orbbec_camera/package.dsv'
[182.339s] colcon.colcon_core.shell INFO Creating package script '/home/sophie/isaac_lab/isaac_ws/rl_code/soarm100sim/third_party/orbbec_ws/install_287/orbbec_camera/share/orbbec_camera/package.sh'
[182.340s] colcon.colcon_core.shell INFO Creating package script '/home/sophie/isaac_lab/isaac_ws/rl_code/soarm100sim/third_party/orbbec_ws/install_287/orbbec_camera/share/orbbec_camera/package.bash'
[182.340s] colcon.colcon_core.shell INFO Creating package script '/home/sophie/isaac_lab/isaac_ws/rl_code/soarm100sim/third_party/orbbec_ws/install_287/orbbec_camera/share/orbbec_camera/package.zsh'
[182.340s] colcon.colcon_core.environment Level 1 create_file_with_runtime_dependencies(/home/sophie/isaac_lab/isaac_ws/rl_code/soarm100sim/third_party/orbbec_ws/install_287/orbbec_camera/share/colcon-core/packages/orbbec_camera)
[182.341s] colcon.colcon_parallel_executor.executor.parallel DEBUG closing loop
[182.341s] colcon.colcon_parallel_executor.executor.parallel DEBUG loop closed
[182.341s] colcon.colcon_parallel_executor.executor.parallel DEBUG run_until_complete finished with '0'
[182.341s] colcon.colcon_core.event_reactor DEBUG joining thread
[182.345s] colcon.colcon_core.plugin_system INFO Skipping extension 'colcon_notification.desktop_notification.terminal_notifier': Not used on non-Darwin systems
[182.346s] colcon.colcon_core.plugin_system INFO Skipping extension 'colcon_notification.desktop_notification.win32': Not used on non-Windows systems
[182.346s] colcon.colcon_notification.desktop_notification INFO Sending desktop notification using 'notify2'
[182.346s] colcon.colcon_notification.desktop_notification.notify2 DEBUG Failed to initialize notify2: org.freedesktop.DBus.Error.NotSupported: Unable to autolaunch a dbus-daemon without a $DISPLAY for X11
[182.346s] colcon.colcon_core.event_reactor DEBUG joined thread
[182.346s] colcon.colcon_core.shell INFO Creating prefix script '/home/sophie/isaac_lab/isaac_ws/rl_code/soarm100sim/third_party/orbbec_ws/install_287/local_setup.ps1'
[182.347s] colcon.colcon_core.shell INFO Creating prefix util module '/home/sophie/isaac_lab/isaac_ws/rl_code/soarm100sim/third_party/orbbec_ws/install_287/_local_setup_util_ps1.py'
[182.348s] colcon.colcon_core.shell INFO Creating prefix chain script '/home/sophie/isaac_lab/isaac_ws/rl_code/soarm100sim/third_party/orbbec_ws/install_287/setup.ps1'
[182.349s] colcon.colcon_core.shell INFO Creating prefix script '/home/sophie/isaac_lab/isaac_ws/rl_code/soarm100sim/third_party/orbbec_ws/install_287/local_setup.sh'
[182.349s] colcon.colcon_core.shell INFO Creating prefix util module '/home/sophie/isaac_lab/isaac_ws/rl_code/soarm100sim/third_party/orbbec_ws/install_287/_local_setup_util_sh.py'
[182.350s] colcon.colcon_core.shell INFO Creating prefix chain script '/home/sophie/isaac_lab/isaac_ws/rl_code/soarm100sim/third_party/orbbec_ws/install_287/setup.sh'
[182.350s] colcon.colcon_core.shell INFO Creating prefix script '/home/sophie/isaac_lab/isaac_ws/rl_code/soarm100sim/third_party/orbbec_ws/install_287/local_setup.bash'
[182.351s] colcon.colcon_core.shell INFO Creating prefix chain script '/home/sophie/isaac_lab/isaac_ws/rl_code/soarm100sim/third_party/orbbec_ws/install_287/setup.bash'
[182.351s] colcon.colcon_core.shell INFO Creating prefix script '/home/sophie/isaac_lab/isaac_ws/rl_code/soarm100sim/third_party/orbbec_ws/install_287/local_setup.zsh'
[182.352s] colcon.colcon_core.shell INFO Creating prefix chain script '/home/sophie/isaac_lab/isaac_ws/rl_code/soarm100sim/third_party/orbbec_ws/install_287/setup.zsh'
