[0.008s] Invoking command in '/home/sophie/isaac_lab/isaac_ws/rl_code/soarm100sim/third_party/orbbec_293_ws/build/orbbec_camera': AMENT_PREFIX_PATH=/home/sophie/isaac_lab/isaac_ws/rl_code/soarm100sim/third_party/orbbec_293_ws/install/orbbec_camera_msgs:${AMENT_PREFIX_PATH} CMAKE_PREFIX_PATH=/home/sophie/isaac_lab/isaac_ws/rl_code/soarm100sim/third_party/orbbec_293_ws/install/orbbec_camera_msgs:/opt/ros/humble LD_LIBRARY_PATH=/home/sophie/isaac_lab/isaac_ws/rl_code/soarm100sim/third_party/orbbec_293_ws/install/orbbec_camera_msgs/lib:${LD_LIBRARY_PATH} PYTHONPATH=/home/sophie/isaac_lab/isaac_ws/rl_code/soarm100sim/third_party/orbbec_293_ws/install/orbbec_camera_msgs/local/lib/python3.10/dist-packages:${PYTHONPATH} /usr/bin/cmake /home/sophie/isaac_lab/isaac_ws/rl_code/soarm100sim/third_party/orbbec_293_ws/src/OrbbecSDK_ROS2/orbbec_camera -DCMAKE_BUILD_TYPE=Release -DINSTALL_UDEV_RULES=OFF -DCMAKE_INSTALL_PREFIX=/home/sophie/isaac_lab/isaac_ws/rl_code/soarm100sim/third_party/orbbec_293_ws/install/orbbec_camera
[0.075s] -- The C compiler identification is GNU 11.4.0
[0.118s] -- The CXX compiler identification is GNU 11.4.0
[0.123s] -- Detecting C compiler ABI info
[0.192s] -- Detecting C compiler ABI info - done
[0.199s] -- Check for working C compiler: /usr/bin/cc - skipped
[0.200s] -- Detecting C compile features
[0.200s] -- Detecting C compile features - done
[0.202s] -- Detecting CXX compiler ABI info
[0.284s] -- Detecting CXX compiler ABI info - done
[0.293s] -- Check for working CXX compiler: /usr/bin/c++ - skipped
[0.293s] -- Detecting CXX compile features
[0.294s] -- Detecting CXX compile features - done
[0.296s] -- Found ament_cmake: 1.3.14 (/opt/ros/humble/share/ament_cmake/cmake)
[0.450s] -- Found Python3: /usr/bin/python3 (found version "3.10.12") found components: Interpreter 
[0.516s] -- Found ament_index_cpp: 1.4.1 (/opt/ros/humble/share/ament_index_cpp/cmake)
[0.524s] -- Found builtin_interfaces: 1.2.2 (/opt/ros/humble/share/builtin_interfaces/cmake)
[0.548s] -- Found rosidl_generator_c: 3.1.8 (/opt/ros/humble/share/rosidl_generator_c/cmake)
[0.552s] -- Found rosidl_adapter: 3.1.8 (/opt/ros/humble/share/rosidl_adapter/cmake)
[0.557s] -- Found rosidl_generator_cpp: 3.1.8 (/opt/ros/humble/share/rosidl_generator_cpp/cmake)
[0.565s] -- Using all available rosidl_typesupport_c: rosidl_typesupport_fastrtps_c;rosidl_typesupport_introspection_c
[0.575s] -- Using all available rosidl_typesupport_cpp: rosidl_typesupport_fastrtps_cpp;rosidl_typesupport_introspection_cpp
[0.586s] -- Found cv_bridge: 3.2.1 (/opt/ros/humble/share/cv_bridge/cmake)
[0.624s] -- Found camera_info_manager: 3.1.12 (/opt/ros/humble/share/camera_info_manager/cmake)
[0.650s] -- Found rmw_implementation_cmake: 6.1.2 (/opt/ros/humble/share/rmw_implementation_cmake/cmake)
[0.652s] -- Found rmw_fastrtps_cpp: 6.2.10 (/opt/ros/humble/share/rmw_fastrtps_cpp/cmake)
[0.736s] -- Found OpenSSL: /usr/lib/x86_64-linux-gnu/libcrypto.so (found version "3.0.2")  
[0.756s] -- Found FastRTPS: /opt/ros/humble/include  
[0.782s] -- Using RMW implementation 'rmw_fastrtps_cpp' as default
[0.788s] -- Looking for pthread.h
[0.888s] -- Looking for pthread.h - found
[0.888s] -- Performing Test CMAKE_HAVE_LIBC_PTHREAD
[0.984s] -- Performing Test CMAKE_HAVE_LIBC_PTHREAD - Success
[0.985s] -- Found Threads: TRUE  
[1.018s] -- Found image_transport: 3.1.12 (/opt/ros/humble/share/image_transport/cmake)
[1.038s] -- Found image_publisher: 3.0.9 (/opt/ros/humble/share/image_publisher/cmake)
[1.056s] -- Found OpenCV: /usr (found version "4.5.4") 
[1.056s] -- Found orbbec_camera_msgs: 2.9.3 (/home/sophie/isaac_lab/isaac_ws/rl_code/soarm100sim/third_party/orbbec_293_ws/install/orbbec_camera_msgs/share/orbbec_camera_msgs/cmake)
[1.067s] -- Found std_srvs: 4.9.1 (/opt/ros/humble/share/std_srvs/cmake)
[1.074s] -- Found tf2: 0.25.20 (/opt/ros/humble/share/tf2/cmake)
[1.077s] -- Found tf2_msgs: 0.25.20 (/opt/ros/humble/share/tf2_msgs/cmake)
[1.104s] -- Found tf2_ros: 0.25.20 (/opt/ros/humble/share/tf2_ros/cmake)
[1.117s] -- Found tf2_sensor_msgs: 0.25.20 (/opt/ros/humble/share/tf2_sensor_msgs/cmake)
[1.122s] -- Found diagnostic_updater: 4.0.7 (/opt/ros/humble/share/diagnostic_updater/cmake)
[1.140s] -- Found PkgConfig: /usr/bin/pkg-config (found version "0.29.2") 
[1.150s] -- ORRBEC Machine : x86_64
[1.150s] 
[1.150s] -- ORRBEC Machine Bits : 64
[1.151s] 
[1.286s] -- Found ament_lint_auto: 0.12.15 (/opt/ros/humble/share/ament_lint_auto/cmake)
[1.360s] -- Configuring done
[1.532s] -- Generating done
[1.577s] -- Build files have been written to: /home/sophie/isaac_lab/isaac_ws/rl_code/soarm100sim/third_party/orbbec_293_ws/build/orbbec_camera
[30.029s] Invoked command in '/home/sophie/isaac_lab/isaac_ws/rl_code/soarm100sim/third_party/orbbec_293_ws/build/orbbec_camera' returned '0': AMENT_PREFIX_PATH=/home/sophie/isaac_lab/isaac_ws/rl_code/soarm100sim/third_party/orbbec_293_ws/install/orbbec_camera_msgs:${AMENT_PREFIX_PATH} CMAKE_PREFIX_PATH=/home/sophie/isaac_lab/isaac_ws/rl_code/soarm100sim/third_party/orbbec_293_ws/install/orbbec_camera_msgs:/opt/ros/humble LD_LIBRARY_PATH=/home/sophie/isaac_lab/isaac_ws/rl_code/soarm100sim/third_party/orbbec_293_ws/install/orbbec_camera_msgs/lib:${LD_LIBRARY_PATH} PYTHONPATH=/home/sophie/isaac_lab/isaac_ws/rl_code/soarm100sim/third_party/orbbec_293_ws/install/orbbec_camera_msgs/local/lib/python3.10/dist-packages:${PYTHONPATH} /usr/bin/cmake /home/sophie/isaac_lab/isaac_ws/rl_code/soarm100sim/third_party/orbbec_293_ws/src/OrbbecSDK_ROS2/orbbec_camera -DCMAKE_BUILD_TYPE=Release -DINSTALL_UDEV_RULES=OFF -DCMAKE_INSTALL_PREFIX=/home/sophie/isaac_lab/isaac_ws/rl_code/soarm100sim/third_party/orbbec_293_ws/install/orbbec_camera
[30.031s] Invoking command in '/home/sophie/isaac_lab/isaac_ws/rl_code/soarm100sim/third_party/orbbec_293_ws/build/orbbec_camera': AMENT_PREFIX_PATH=/home/sophie/isaac_lab/isaac_ws/rl_code/soarm100sim/third_party/orbbec_293_ws/install/orbbec_camera_msgs:${AMENT_PREFIX_PATH} CMAKE_PREFIX_PATH=/home/sophie/isaac_lab/isaac_ws/rl_code/soarm100sim/third_party/orbbec_293_ws/install/orbbec_camera_msgs:/opt/ros/humble LD_LIBRARY_PATH=/home/sophie/isaac_lab/isaac_ws/rl_code/soarm100sim/third_party/orbbec_293_ws/install/orbbec_camera_msgs/lib:${LD_LIBRARY_PATH} PYTHONPATH=/home/sophie/isaac_lab/isaac_ws/rl_code/soarm100sim/third_party/orbbec_293_ws/install/orbbec_camera_msgs/local/lib/python3.10/dist-packages:${PYTHONPATH} /usr/bin/cmake --build /home/sophie/isaac_lab/isaac_ws/rl_code/soarm100sim/third_party/orbbec_293_ws/build/orbbec_camera -- -j32 -l32
[30.098s] [  2%] Building CXX object CMakeFiles/orbbec_camera_node.dir/rclcpp_components/node_main_orbbec_camera_node.cpp.o
[30.099s] [  4%] Building CXX object CMakeFiles/orbbec_camera.dir/src/image_publisher.cpp.o
[30.099s] [  6%] Building CXX object CMakeFiles/orbbec_camera.dir/src/dynamic_params.cpp.o
[30.100s] [  8%] Building CXX object CMakeFiles/orbbec_camera.dir/src/frame_timestamp_csv_logger.cpp.o
[30.102s] [ 10%] Building CXX object CMakeFiles/orbbec_camera.dir/src/ros_param_backend.cpp.o
[30.102s] [ 12%] Building CXX object CMakeFiles/orbbec_camera.dir/src/ros_service.cpp.o
[30.103s] [ 14%] Building CXX object CMakeFiles/frame_latency_node.dir/rclcpp_components/node_main_frame_latency_node.cpp.o
[30.103s] [ 16%] Building CXX object CMakeFiles/multi_save_rgbir_node.dir/rclcpp_components/node_main_multi_save_rgbir_node.cpp.o
[30.103s] [ 18%] Building CXX object CMakeFiles/orbbec_camera.dir/src/d2c_viewer.cpp.o
[30.103s] [ 20%] Building CXX object CMakeFiles/orbbec_camera.dir/src/ob_camera_node_driver.cpp.o
[30.103s] [ 26%] Building CXX object CMakeFiles/frame_latency.dir/tools/frame_latency.cpp.o
[30.103s] [ 24%] Building CXX object CMakeFiles/start_benchmark_node.dir/rclcpp_components/node_main_start_benchmark_node.cpp.o
[30.103s] [ 26%] Building CXX object CMakeFiles/orbbec_camera.dir/src/ob_camera_node.cpp.o
[30.104s] [ 28%] Building CXX object CMakeFiles/orbbec_camera.dir/src/utils.cpp.o
[30.104s] [ 30%] Building CXX object CMakeFiles/multi_save_rgbir.dir/tools/multi_save_rgbir.cpp.o
[30.104s] [ 32%] Building CXX object CMakeFiles/orbbec_camera.dir/src/ob_lidar_node.cpp.o
[30.104s] [ 34%] Building CXX object CMakeFiles/multi_save_rgbir.dir/src/utils.cpp.o
[30.104s] [ 38%] Building CXX object CMakeFiles/orbbec_camera.dir/src/synced_imu_publisher.cpp.o
[30.104s] [ 38%] Building CXX object CMakeFiles/start_benchmark.dir/tools/start_benchmark.cpp.o
[30.105s] [ 40%] Building CXX object CMakeFiles/orbbec_camera.dir/src/jpeg_decoder.cpp.o
[32.467s] [ 42%] Linking CXX executable start_benchmark_node
[32.557s] [ 42%] Built target start_benchmark_node
[32.797s] [ 44%] Linking CXX executable orbbec_camera_node
[32.913s] [ 44%] Built target orbbec_camera_node
[33.137s] [ 46%] Linking CXX executable frame_latency_node
[33.217s] [ 46%] Built target frame_latency_node
[33.586s] [ 48%] Linking CXX executable multi_save_rgbir_node
[33.701s] [ 48%] Built target multi_save_rgbir_node
[46.509s] [ 50%] Linking CXX shared library libstart_benchmark.so
[46.722s] [ 50%] Built target start_benchmark
[48.652s] [ 52%] Linking CXX shared library libmulti_save_rgbir.so
[49.117s] [ 52%] Built target multi_save_rgbir
[53.196s] [ 54%] Linking CXX shared library libframe_latency.so
[53.500s] [ 54%] Built target frame_latency
[65.762s] [ 56%] Linking CXX shared library liborbbec_camera.so
[66.262s] [ 56%] Built target orbbec_camera
[66.286s] [ 62%] Building CXX object CMakeFiles/ip_config_tool.dir/tools/ip_config_tool.cpp.o
[66.286s] [ 62%] Building CXX object CMakeFiles/list_depth_work_mode_node.dir/tools/list_depth_work_mode.cpp.o
[66.286s] [ 62%] Building CXX object CMakeFiles/list_camera_profile_mode_node.dir/tools/list_camera_profile.cpp.o
[66.286s] [ 64%] Building CXX object CMakeFiles/topic_statistics_node.dir/tools/topic_statistics.cpp.o
[66.289s] [ 68%] Building CXX object CMakeFiles/ob_benchmark_node.dir/tools/ob_benchmark.cpp.o
[66.290s] [ 68%] Building CXX object CMakeFiles/firmware_update_tool.dir/tools/firmware_update_tool.cpp.o
[66.291s] [ 70%] Building CXX object CMakeFiles/list_devices_node.dir/tools/list_devices_node.cpp.o
[66.291s] [ 72%] Building CXX object CMakeFiles/435le_example_node.dir/examples/Gemini_435Le_example_node/camera_example_node.cpp.o
[66.292s] [ 76%] Building CXX object CMakeFiles/set_device_ip.dir/tools/ip_config_tool.cpp.o
[66.292s] [ 76%] Building CXX object CMakeFiles/service_benchmark_node.dir/scripts/service_benchmark_node.cpp.o
[66.294s] [ 78%] Building CXX object CMakeFiles/image_sync_example_node.dir/examples/multi_camera_time_sync/image_sync_example_node.cpp.o
[70.907s] [ 80%] Linking CXX executable firmware_update_tool
[71.307s] [ 80%] Built target firmware_update_tool
[71.766s] [ 82%] Linking CXX executable list_depth_work_mode_node
[71.919s] [ 82%] Built target list_depth_work_mode_node
[72.860s] [ 84%] Linking CXX executable list_devices_node
[73.066s] [ 86%] Linking CXX executable list_camera_profile_mode_node
[73.262s] [ 86%] Built target list_devices_node
[73.436s] [ 86%] Built target list_camera_profile_mode_node
[74.042s] [ 88%] Linking CXX executable ip_config_tool
[74.161s] [ 90%] Linking CXX executable set_device_ip
[74.423s] [ 90%] Built target ip_config_tool
[74.547s] [ 90%] Built target set_device_ip
[75.332s] [ 92%] Linking CXX executable ob_benchmark_node
[75.480s] [ 92%] Built target ob_benchmark_node
[75.752s] [ 94%] Linking CXX executable 435le_example_node
[75.931s] [ 94%] Built target 435le_example_node
[76.691s] [ 96%] Linking CXX executable topic_statistics_node
[76.881s] [ 96%] Built target topic_statistics_node
[79.399s] [ 98%] Linking CXX executable service_benchmark_node
[79.564s] [ 98%] Built target service_benchmark_node
[83.301s] [100%] Linking CXX executable image_sync_example_node
[83.697s] [100%] Built target image_sync_example_node
[83.709s] Invoked command in '/home/sophie/isaac_lab/isaac_ws/rl_code/soarm100sim/third_party/orbbec_293_ws/build/orbbec_camera' returned '0': AMENT_PREFIX_PATH=/home/sophie/isaac_lab/isaac_ws/rl_code/soarm100sim/third_party/orbbec_293_ws/install/orbbec_camera_msgs:${AMENT_PREFIX_PATH} CMAKE_PREFIX_PATH=/home/sophie/isaac_lab/isaac_ws/rl_code/soarm100sim/third_party/orbbec_293_ws/install/orbbec_camera_msgs:/opt/ros/humble LD_LIBRARY_PATH=/home/sophie/isaac_lab/isaac_ws/rl_code/soarm100sim/third_party/orbbec_293_ws/install/orbbec_camera_msgs/lib:${LD_LIBRARY_PATH} PYTHONPATH=/home/sophie/isaac_lab/isaac_ws/rl_code/soarm100sim/third_party/orbbec_293_ws/install/orbbec_camera_msgs/local/lib/python3.10/dist-packages:${PYTHONPATH} /usr/bin/cmake --build /home/sophie/isaac_lab/isaac_ws/rl_code/soarm100sim/third_party/orbbec_293_ws/build/orbbec_camera -- -j32 -l32
[83.710s] Invoking command in '/home/sophie/isaac_lab/isaac_ws/rl_code/soarm100sim/third_party/orbbec_293_ws/build/orbbec_camera': AMENT_PREFIX_PATH=/home/sophie/isaac_lab/isaac_ws/rl_code/soarm100sim/third_party/orbbec_293_ws/install/orbbec_camera_msgs:${AMENT_PREFIX_PATH} CMAKE_PREFIX_PATH=/home/sophie/isaac_lab/isaac_ws/rl_code/soarm100sim/third_party/orbbec_293_ws/install/orbbec_camera_msgs:/opt/ros/humble LD_LIBRARY_PATH=/home/sophie/isaac_lab/isaac_ws/rl_code/soarm100sim/third_party/orbbec_293_ws/install/orbbec_camera_msgs/lib:${LD_LIBRARY_PATH} PYTHONPATH=/home/sophie/isaac_lab/isaac_ws/rl_code/soarm100sim/third_party/orbbec_293_ws/install/orbbec_camera_msgs/local/lib/python3.10/dist-packages:${PYTHONPATH} /usr/bin/cmake --install /home/sophie/isaac_lab/isaac_ws/rl_code/soarm100sim/third_party/orbbec_293_ws/build/orbbec_camera
[83.720s] -- Install configuration: "Release"
[83.720s] -- Installing: /home/sophie/isaac_lab/isaac_ws/rl_code/soarm100sim/third_party/orbbec_293_ws/install/orbbec_camera/lib/orbbec_camera/orbbec_camera_node
[83.720s] -- Set runtime path of "/home/sophie/isaac_lab/isaac_ws/rl_code/soarm100sim/third_party/orbbec_293_ws/install/orbbec_camera/lib/orbbec_camera/orbbec_camera_node" to ":/home/sophie/isaac_lab/isaac_ws/rl_code/soarm100sim/third_party/orbbec_293_ws/src/OrbbecSDK_ROS2/orbbec_camera/SDK/lib/x64"
[83.720s] -- Installing: /home/sophie/isaac_lab/isaac_ws/rl_code/soarm100sim/third_party/orbbec_293_ws/install/orbbec_camera/lib/orbbec_camera/common_benchmark_node.py
[83.720s] -- Installing: /home/sophie/isaac_lab/isaac_ws/rl_code/soarm100sim/third_party/orbbec_293_ws/install/orbbec_camera/lib/orbbec_camera/service_benchmark_node.py
[83.721s] -- Installing: /home/sophie/isaac_lab/isaac_ws/rl_code/soarm100sim/third_party/orbbec_293_ws/install/orbbec_camera/lib/orbbec_camera/frame_latency_node
[83.721s] -- Set runtime path of "/home/sophie/isaac_lab/isaac_ws/rl_code/soarm100sim/third_party/orbbec_293_ws/install/orbbec_camera/lib/orbbec_camera/frame_latency_node" to ":/home/sophie/isaac_lab/isaac_ws/rl_code/soarm100sim/third_party/orbbec_293_ws/src/OrbbecSDK_ROS2/orbbec_camera/SDK/lib/x64"
[83.721s] -- Installing: /home/sophie/isaac_lab/isaac_ws/rl_code/soarm100sim/third_party/orbbec_293_ws/install/orbbec_camera/lib/orbbec_camera/start_benchmark_node
[83.721s] -- Set runtime path of "/home/sophie/isaac_lab/isaac_ws/rl_code/soarm100sim/third_party/orbbec_293_ws/install/orbbec_camera/lib/orbbec_camera/start_benchmark_node" to ":/home/sophie/isaac_lab/isaac_ws/rl_code/soarm100sim/third_party/orbbec_293_ws/src/OrbbecSDK_ROS2/orbbec_camera/SDK/lib/x64"
[83.721s] -- Installing: /home/sophie/isaac_lab/isaac_ws/rl_code/soarm100sim/third_party/orbbec_293_ws/install/orbbec_camera/lib/orbbec_camera/multi_save_rgbir_node
[83.721s] -- Set runtime path of "/home/sophie/isaac_lab/isaac_ws/rl_code/soarm100sim/third_party/orbbec_293_ws/install/orbbec_camera/lib/orbbec_camera/multi_save_rgbir_node" to ":/home/sophie/isaac_lab/isaac_ws/rl_code/soarm100sim/third_party/orbbec_293_ws/src/OrbbecSDK_ROS2/orbbec_camera/SDK/lib/x64"
[83.721s] -- Installing: /home/sophie/isaac_lab/isaac_ws/rl_code/soarm100sim/third_party/orbbec_293_ws/install/orbbec_camera/lib/liborbbec_camera.so
[83.726s] -- Set runtime path of "/home/sophie/isaac_lab/isaac_ws/rl_code/soarm100sim/third_party/orbbec_293_ws/install/orbbec_camera/lib/liborbbec_camera.so" to ":/home/sophie/isaac_lab/isaac_ws/rl_code/soarm100sim/third_party/orbbec_293_ws/src/OrbbecSDK_ROS2/orbbec_camera/SDK/lib/x64"
[83.726s] -- Installing: /home/sophie/isaac_lab/isaac_ws/rl_code/soarm100sim/third_party/orbbec_293_ws/install/orbbec_camera/lib/libframe_latency.so
[83.729s] -- Set runtime path of "/home/sophie/isaac_lab/isaac_ws/rl_code/soarm100sim/third_party/orbbec_293_ws/install/orbbec_camera/lib/libframe_latency.so" to ":/home/sophie/isaac_lab/isaac_ws/rl_code/soarm100sim/third_party/orbbec_293_ws/src/OrbbecSDK_ROS2/orbbec_camera/SDK/lib/x64"
[83.729s] -- Installing: /home/sophie/isaac_lab/isaac_ws/rl_code/soarm100sim/third_party/orbbec_293_ws/install/orbbec_camera/lib/libstart_benchmark.so
[83.730s] -- Set runtime path of "/home/sophie/isaac_lab/isaac_ws/rl_code/soarm100sim/third_party/orbbec_293_ws/install/orbbec_camera/lib/libstart_benchmark.so" to ":/home/sophie/isaac_lab/isaac_ws/rl_code/soarm100sim/third_party/orbbec_293_ws/src/OrbbecSDK_ROS2/orbbec_camera/SDK/lib/x64"
[83.731s] -- Installing: /home/sophie/isaac_lab/isaac_ws/rl_code/soarm100sim/third_party/orbbec_293_ws/install/orbbec_camera/lib/libmulti_save_rgbir.so
[83.732s] -- Set runtime path of "/home/sophie/isaac_lab/isaac_ws/rl_code/soarm100sim/third_party/orbbec_293_ws/install/orbbec_camera/lib/libmulti_save_rgbir.so" to ":/home/sophie/isaac_lab/isaac_ws/rl_code/soarm100sim/third_party/orbbec_293_ws/src/OrbbecSDK_ROS2/orbbec_camera/SDK/lib/x64"
[83.732s] -- Installing: /home/sophie/isaac_lab/isaac_ws/rl_code/soarm100sim/third_party/orbbec_293_ws/install/orbbec_camera/include
[83.732s] -- Installing: /home/sophie/isaac_lab/isaac_ws/rl_code/soarm100sim/third_party/orbbec_293_ws/install/orbbec_camera/include/orbbec_camera
[83.732s] -- Installing: /home/sophie/isaac_lab/isaac_ws/rl_code/soarm100sim/third_party/orbbec_293_ws/install/orbbec_camera/include/orbbec_camera/frame_timestamp_csv_logger.h
[83.732s] -- Installing: /home/sophie/isaac_lab/isaac_ws/rl_code/soarm100sim/third_party/orbbec_293_ws/install/orbbec_camera/include/orbbec_camera/dynamic_params.h
[83.732s] -- Installing: /home/sophie/isaac_lab/isaac_ws/rl_code/soarm100sim/third_party/orbbec_293_ws/install/orbbec_camera/include/orbbec_camera/ob_camera_node_driver.h
[83.732s] -- Installing: /home/sophie/isaac_lab/isaac_ws/rl_code/soarm100sim/third_party/orbbec_293_ws/install/orbbec_camera/include/orbbec_camera/jpeg_decoder.h
[83.732s] -- Installing: /home/sophie/isaac_lab/isaac_ws/rl_code/soarm100sim/third_party/orbbec_293_ws/install/orbbec_camera/include/orbbec_camera/ob_lidar_node.h
[83.732s] -- Installing: /home/sophie/isaac_lab/isaac_ws/rl_code/soarm100sim/third_party/orbbec_293_ws/install/orbbec_camera/include/orbbec_camera/synced_imu_publisher.h
[83.732s] -- Installing: /home/sophie/isaac_lab/isaac_ws/rl_code/soarm100sim/third_party/orbbec_293_ws/install/orbbec_camera/include/orbbec_camera/fps_counter.hpp
[83.732s] -- Installing: /home/sophie/isaac_lab/isaac_ws/rl_code/soarm100sim/third_party/orbbec_293_ws/install/orbbec_camera/include/orbbec_camera/jetson_nv_decoder.h
[83.732s] -- Installing: /home/sophie/isaac_lab/isaac_ws/rl_code/soarm100sim/third_party/orbbec_293_ws/install/orbbec_camera/include/orbbec_camera/image_publisher.h
[83.732s] -- Installing: /home/sophie/isaac_lab/isaac_ws/rl_code/soarm100sim/third_party/orbbec_293_ws/install/orbbec_camera/include/orbbec_camera/utils.h
[83.733s] -- Installing: /home/sophie/isaac_lab/isaac_ws/rl_code/soarm100sim/third_party/orbbec_293_ws/install/orbbec_camera/include/orbbec_camera/constants.h
[83.733s] -- Installing: /home/sophie/isaac_lab/isaac_ws/rl_code/soarm100sim/third_party/orbbec_293_ws/install/orbbec_camera/include/orbbec_camera/rk_mpp_decoder.h
[83.733s] -- Installing: /home/sophie/isaac_lab/isaac_ws/rl_code/soarm100sim/third_party/orbbec_293_ws/install/orbbec_camera/include/orbbec_camera/ros_param_backend.h
[83.733s] -- Installing: /home/sophie/isaac_lab/isaac_ws/rl_code/soarm100sim/third_party/orbbec_293_ws/install/orbbec_camera/include/orbbec_camera/fps_delay_status.hpp
[83.733s] -- Installing: /home/sophie/isaac_lab/isaac_ws/rl_code/soarm100sim/third_party/orbbec_293_ws/install/orbbec_camera/include/orbbec_camera/d2c_viewer.h
[83.733s] -- Installing: /home/sophie/isaac_lab/isaac_ws/rl_code/soarm100sim/third_party/orbbec_293_ws/install/orbbec_camera/include/orbbec_camera/ob_camera_node.h
[83.733s] -- Installing: /home/sophie/isaac_lab/isaac_ws/rl_code/soarm100sim/third_party/orbbec_293_ws/install/orbbec_camera/include/magic_enum
[83.733s] -- Installing: /home/sophie/isaac_lab/isaac_ws/rl_code/soarm100sim/third_party/orbbec_293_ws/install/orbbec_camera/include/magic_enum/magic_enum.hpp
[83.733s] -- Installing: /home/sophie/isaac_lab/isaac_ws/rl_code/soarm100sim/third_party/orbbec_293_ws/install/orbbec_camera/share/orbbec_camera//launch
[83.733s] -- Installing: /home/sophie/isaac_lab/isaac_ws/rl_code/soarm100sim/third_party/orbbec_293_ws/install/orbbec_camera/share/orbbec_camera//launch/gemini_intra_process_demo_launch.py
[83.733s] -- Installing: /home/sophie/isaac_lab/isaac_ws/rl_code/soarm100sim/third_party/orbbec_293_ws/install/orbbec_camera/share/orbbec_camera//launch/dabai_max_pro.launch.py
[83.734s] -- Installing: /home/sophie/isaac_lab/isaac_ws/rl_code/soarm100sim/third_party/orbbec_293_ws/install/orbbec_camera/share/orbbec_camera//launch/gemini345_lg.launch.py
[83.734s] -- Installing: /home/sophie/isaac_lab/isaac_ws/rl_code/soarm100sim/third_party/orbbec_293_ws/install/orbbec_camera/share/orbbec_camera//launch/gemini_330_series_low_cpu.launch.py
[83.734s] -- Installing: /home/sophie/isaac_lab/isaac_ws/rl_code/soarm100sim/third_party/orbbec_293_ws/install/orbbec_camera/share/orbbec_camera//launch/femto.launch.py
[83.734s] -- Installing: /home/sophie/isaac_lab/isaac_ws/rl_code/soarm100sim/third_party/orbbec_293_ws/install/orbbec_camera/share/orbbec_camera//launch/gemini435_le.launch.py
[83.735s] -- Installing: /home/sophie/isaac_lab/isaac_ws/rl_code/soarm100sim/third_party/orbbec_293_ws/install/orbbec_camera/share/orbbec_camera//launch/dabai_dcw2.launch.py
[83.735s] -- Installing: /home/sophie/isaac_lab/isaac_ws/rl_code/soarm100sim/third_party/orbbec_293_ws/install/orbbec_camera/share/orbbec_camera//launch/multi_camera.launch.py
[83.735s] -- Installing: /home/sophie/isaac_lab/isaac_ws/rl_code/soarm100sim/third_party/orbbec_293_ws/install/orbbec_camera/share/orbbec_camera//launch/gemini345.launch.py
[83.735s] -- Installing: /home/sophie/isaac_lab/isaac_ws/rl_code/soarm100sim/third_party/orbbec_293_ws/install/orbbec_camera/share/orbbec_camera//launch/astra2.launch.py
[83.735s] -- Installing: /home/sophie/isaac_lab/isaac_ws/rl_code/soarm100sim/third_party/orbbec_293_ws/install/orbbec_camera/share/orbbec_camera//launch/femto_mega.launch.py
[83.735s] -- Installing: /home/sophie/isaac_lab/isaac_ws/rl_code/soarm100sim/third_party/orbbec_293_ws/install/orbbec_camera/share/orbbec_camera//launch/gemini_330_series.launch.py
[83.736s] -- Installing: /home/sophie/isaac_lab/isaac_ws/rl_code/soarm100sim/third_party/orbbec_293_ws/install/orbbec_camera/share/orbbec_camera//launch/dabai_al.launch.py
[83.736s] -- Installing: /home/sophie/isaac_lab/isaac_ws/rl_code/soarm100sim/third_party/orbbec_293_ws/install/orbbec_camera/share/orbbec_camera//launch/astra.launch.py
[83.736s] -- Installing: /home/sophie/isaac_lab/isaac_ws/rl_code/soarm100sim/third_party/orbbec_293_ws/install/orbbec_camera/share/orbbec_camera//launch/gemini_330_series_sdk_json.launch.py
[83.736s] -- Installing: /home/sophie/isaac_lab/isaac_ws/rl_code/soarm100sim/third_party/orbbec_293_ws/install/orbbec_camera/share/orbbec_camera//launch/gemini2.launch.py
[83.736s] -- Installing: /home/sophie/isaac_lab/isaac_ws/rl_code/soarm100sim/third_party/orbbec_293_ws/install/orbbec_camera/share/orbbec_camera//launch/multi_lidar.launch.py
[83.736s] -- Installing: /home/sophie/isaac_lab/isaac_ws/rl_code/soarm100sim/third_party/orbbec_293_ws/install/orbbec_camera/share/orbbec_camera//launch/gemini_301_series.launch.py
[83.737s] -- Installing: /home/sophie/isaac_lab/isaac_ws/rl_code/soarm100sim/third_party/orbbec_293_ws/install/orbbec_camera/share/orbbec_camera//launch/dabai_a.launch.py
[83.737s] -- Installing: /home/sophie/isaac_lab/isaac_ws/rl_code/soarm100sim/third_party/orbbec_293_ws/install/orbbec_camera/share/orbbec_camera//launch/femto_bolt.launch.py
[83.737s] -- Installing: /home/sophie/isaac_lab/isaac_ws/rl_code/soarm100sim/third_party/orbbec_293_ws/install/orbbec_camera/share/orbbec_camera//launch/multi_camera_synced.launch.py
[83.737s] -- Installing: /home/sophie/isaac_lab/isaac_ws/rl_code/soarm100sim/third_party/orbbec_293_ws/install/orbbec_camera/share/orbbec_camera//launch/utils_yaml.py
[83.737s] -- Installing: /home/sophie/isaac_lab/isaac_ws/rl_code/soarm100sim/third_party/orbbec_293_ws/install/orbbec_camera/share/orbbec_camera//launch/gemini2L.launch.py
[83.738s] -- Installing: /home/sophie/isaac_lab/isaac_ws/rl_code/soarm100sim/third_party/orbbec_293_ws/install/orbbec_camera/share/orbbec_camera//launch/lidar.launch.py
[83.738s] -- Installing: /home/sophie/isaac_lab/isaac_ws/rl_code/soarm100sim/third_party/orbbec_293_ws/install/orbbec_camera/share/orbbec_camera//launch/gemini210.launch.py
[83.738s] -- Installing: /home/sophie/isaac_lab/isaac_ws/rl_code/soarm100sim/third_party/orbbec_293_ws/install/orbbec_camera/share/orbbec_camera//config
[83.738s] -- Installing: /home/sophie/isaac_lab/isaac_ws/rl_code/soarm100sim/third_party/orbbec_293_ws/install/orbbec_camera/share/orbbec_camera//config/camera_secondary_params.yaml
[83.738s] -- Installing: /home/sophie/isaac_lab/isaac_ws/rl_code/soarm100sim/third_party/orbbec_293_ws/install/orbbec_camera/share/orbbec_camera//config/depthfilter
[83.738s] -- Installing: /home/sophie/isaac_lab/isaac_ws/rl_code/soarm100sim/third_party/orbbec_293_ws/install/orbbec_camera/share/orbbec_camera//config/depthfilter/Gemini2_v1.7.json
[83.738s] -- Installing: /home/sophie/isaac_lab/isaac_ws/rl_code/soarm100sim/third_party/orbbec_293_ws/install/orbbec_camera/share/orbbec_camera//config/depthfilter/Openni_device.json
[83.738s] -- Installing: /home/sophie/isaac_lab/isaac_ws/rl_code/soarm100sim/third_party/orbbec_293_ws/install/orbbec_camera/share/orbbec_camera//config/tools
[83.739s] -- Installing: /home/sophie/isaac_lab/isaac_ws/rl_code/soarm100sim/third_party/orbbec_293_ws/install/orbbec_camera/share/orbbec_camera//config/tools/startbenchmark
[83.739s] -- Installing: /home/sophie/isaac_lab/isaac_ws/rl_code/soarm100sim/third_party/orbbec_293_ws/install/orbbec_camera/share/orbbec_camera//config/tools/startbenchmark/start_benchmark_params.json
[83.739s] -- Installing: /home/sophie/isaac_lab/isaac_ws/rl_code/soarm100sim/third_party/orbbec_293_ws/install/orbbec_camera/share/orbbec_camera//config/tools/multisavergbir
[83.739s] -- Installing: /home/sophie/isaac_lab/isaac_ws/rl_code/soarm100sim/third_party/orbbec_293_ws/install/orbbec_camera/share/orbbec_camera//config/tools/multisavergbir/multi_save_rgbir_params.json
[83.739s] -- Installing: /home/sophie/isaac_lab/isaac_ws/rl_code/soarm100sim/third_party/orbbec_293_ws/install/orbbec_camera/share/orbbec_camera//config/gemini305_dual_color.yaml
[83.739s] -- Installing: /home/sophie/isaac_lab/isaac_ws/rl_code/soarm100sim/third_party/orbbec_293_ws/install/orbbec_camera/share/orbbec_camera//config/.gitkeep
[83.739s] -- Installing: /home/sophie/isaac_lab/isaac_ws/rl_code/soarm100sim/third_party/orbbec_293_ws/install/orbbec_camera/share/orbbec_camera//config/camera_params.yaml
[83.739s] -- Installing: /home/sophie/isaac_lab/isaac_ws/rl_code/soarm100sim/third_party/orbbec_293_ws/install/orbbec_camera/share/orbbec_camera//config/OrbbecSDKConfig_v2.0.xml
[83.740s] -- Installing: /home/sophie/isaac_lab/isaac_ws/rl_code/soarm100sim/third_party/orbbec_293_ws/install/orbbec_camera/share/orbbec_camera//config/gemini2L_dual_ir.yaml
[83.740s] -- Installing: /home/sophie/isaac_lab/isaac_ws/rl_code/soarm100sim/third_party/orbbec_293_ws/install/orbbec_camera/share/orbbec_camera//examples
[83.740s] -- Installing: /home/sophie/isaac_lab/isaac_ws/rl_code/soarm100sim/third_party/orbbec_293_ws/install/orbbec_camera/share/orbbec_camera//examples/README.MD
[83.740s] -- Installing: /home/sophie/isaac_lab/isaac_ws/rl_code/soarm100sim/third_party/orbbec_293_ws/install/orbbec_camera/share/orbbec_camera//examples/multi_camera_synced_verification_tool
[83.740s] -- Installing: /home/sophie/isaac_lab/isaac_ws/rl_code/soarm100sim/third_party/orbbec_293_ws/install/orbbec_camera/share/orbbec_camera//examples/multi_camera_synced_verification_tool/gemini_synced_verify.launch.py
[83.740s] -- Installing: /home/sophie/isaac_lab/isaac_ws/rl_code/soarm100sim/third_party/orbbec_293_ws/install/orbbec_camera/share/orbbec_camera//examples/multi_camera_synced_verification_tool/multicamera_sync
[83.740s] -- Installing: /home/sophie/isaac_lab/isaac_ws/rl_code/soarm100sim/third_party/orbbec_293_ws/install/orbbec_camera/share/orbbec_camera//examples/multi_camera_synced_verification_tool/multicamera_sync/Python
[83.740s] -- Installing: /home/sophie/isaac_lab/isaac_ws/rl_code/soarm100sim/third_party/orbbec_293_ws/install/orbbec_camera/share/orbbec_camera//examples/multi_camera_synced_verification_tool/multicamera_sync/Python/README.md
[83.740s] -- Installing: /home/sophie/isaac_lab/isaac_ws/rl_code/soarm100sim/third_party/orbbec_293_ws/install/orbbec_camera/share/orbbec_camera//examples/multi_camera_synced_verification_tool/multicamera_sync/Python/SyncFramesMain.py
[83.741s] -- Installing: /home/sophie/isaac_lab/isaac_ws/rl_code/soarm100sim/third_party/orbbec_293_ws/install/orbbec_camera/share/orbbec_camera//examples/multi_camera_synced_verification_tool/multicamera_sync/Python/Config.ini
[83.741s] -- Installing: /home/sophie/isaac_lab/isaac_ws/rl_code/soarm100sim/third_party/orbbec_293_ws/install/orbbec_camera/share/orbbec_camera//examples/multi_camera_synced_verification_tool/multicamera_sync/Python/script
[83.741s] -- Installing: /home/sophie/isaac_lab/isaac_ws/rl_code/soarm100sim/third_party/orbbec_293_ws/install/orbbec_camera/share/orbbec_camera//examples/multi_camera_synced_verification_tool/multicamera_sync/Python/script/config_frameMatch-Astra2_new.py
[83.741s] -- Installing: /home/sophie/isaac_lab/isaac_ws/rl_code/soarm100sim/third_party/orbbec_293_ws/install/orbbec_camera/share/orbbec_camera//examples/multi_camera_synced_verification_tool/multicamera_sync/Python/script/config_frameMatch.py
[83.741s] -- Installing: /home/sophie/isaac_lab/isaac_ws/rl_code/soarm100sim/third_party/orbbec_293_ws/install/orbbec_camera/share/orbbec_camera//examples/multi_camera_synced_verification_tool/multicamera_sync/Python/script/config_frameMatch_Gemini2VL.py
[83.741s] -- Installing: /home/sophie/isaac_lab/isaac_ws/rl_code/soarm100sim/third_party/orbbec_293_ws/install/orbbec_camera/share/orbbec_camera//examples/multi_camera_synced_verification_tool/multicamera_sync/Python/script/config_frameMatch-systemTimestamp.py
[83.742s] -- Installing: /home/sophie/isaac_lab/isaac_ws/rl_code/soarm100sim/third_party/orbbec_293_ws/install/orbbec_camera/share/orbbec_camera//examples/multi_camera_synced_verification_tool/multicamera_sync/Python/script/config_frameMatch_g330.py
[83.742s] -- Installing: /home/sophie/isaac_lab/isaac_ws/rl_code/soarm100sim/third_party/orbbec_293_ws/install/orbbec_camera/share/orbbec_camera//examples/multi_camera_synced_verification_tool/multicamera_sync/output
[83.742s] -- Installing: /home/sophie/isaac_lab/isaac_ws/rl_code/soarm100sim/third_party/orbbec_293_ws/install/orbbec_camera/share/orbbec_camera//examples/multi_camera_synced_verification_tool/multicamera_sync/output/20250218102900
[83.742s] -- Installing: /home/sophie/isaac_lab/isaac_ws/rl_code/soarm100sim/third_party/orbbec_293_ws/install/orbbec_camera/share/orbbec_camera//examples/multi_camera_synced_verification_tool/multicamera_sync/output/20250218102900/results-2025-02-25_163648
[83.742s] -- Installing: /home/sophie/isaac_lab/isaac_ws/rl_code/soarm100sim/third_party/orbbec_293_ws/install/orbbec_camera/share/orbbec_camera//examples/multi_camera_synced_verification_tool/multicamera_sync/output/20250218102900/results-2025-02-25_163648/frameMatchLog.txt
[83.742s] -- Installing: /home/sophie/isaac_lab/isaac_ws/rl_code/soarm100sim/third_party/orbbec_293_ws/install/orbbec_camera/share/orbbec_camera//examples/multi_camera_synced_verification_tool/multicamera_sync/output/20250218102900/results-2025-02-25_163648/matchFrames
[83.742s] -- Installing: /home/sophie/isaac_lab/isaac_ws/rl_code/soarm100sim/third_party/orbbec_293_ws/install/orbbec_camera/share/orbbec_camera//examples/multi_camera_synced_verification_tool/multicamera_sync/output/20250218102900/results-2025-02-25_163648/matchFrames/2_color_SNCP1L44P00051_Index1_1739874543460_[0].jpg
[83.743s] -- Installing: /home/sophie/isaac_lab/isaac_ws/rl_code/soarm100sim/third_party/orbbec_293_ws/install/orbbec_camera/share/orbbec_camera//examples/multi_camera_synced_verification_tool/multicamera_sync/output/20250218102900/results-2025-02-25_163648/matchFrames/4_ir_left_SNCP1E5420006D_Index0_1739874543361_[1].jpg
[83.743s] -- Installing: /home/sophie/isaac_lab/isaac_ws/rl_code/soarm100sim/third_party/orbbec_293_ws/install/orbbec_camera/share/orbbec_camera//examples/multi_camera_synced_verification_tool/multicamera_sync/output/20250218102900/results-2025-02-25_163648/matchFrames/7_ir_left_SNCP1L44P00051_Index1_1739874543427_[0].jpg
[83.743s] -- Installing: /home/sophie/isaac_lab/isaac_ws/rl_code/soarm100sim/third_party/orbbec_293_ws/install/orbbec_camera/share/orbbec_camera//examples/multi_camera_synced_verification_tool/multicamera_sync/output/20250218102900/results-2025-02-25_163648/matchFrames/7_ir_left_SNCP1E5420006D_Index0_1739874543427_[0].jpg
[83.744s] -- Installing: /home/sophie/isaac_lab/isaac_ws/rl_code/soarm100sim/third_party/orbbec_293_ws/install/orbbec_camera/share/orbbec_camera//examples/multi_camera_synced_verification_tool/multicamera_sync/output/20250218102900/results-2025-02-25_163648/matchFrames/3_ir_left_SNCP1E5420006D_Index0_1739874543260_[0].jpg
[83.744s] -- Installing: /home/sophie/isaac_lab/isaac_ws/rl_code/soarm100sim/third_party/orbbec_293_ws/install/orbbec_camera/share/orbbec_camera//examples/multi_camera_synced_verification_tool/multicamera_sync/output/20250218102900/results-2025-02-25_163648/matchFrames/1_ir_left_SNCP1E5420006D_Index0_1739874543494_[0].jpg
[83.744s] -- Installing: /home/sophie/isaac_lab/isaac_ws/rl_code/soarm100sim/third_party/orbbec_293_ws/install/orbbec_camera/share/orbbec_camera//examples/multi_camera_synced_verification_tool/multicamera_sync/output/20250218102900/results-2025-02-25_163648/matchFrames/2_ir_left_SNCP1E5420006D_Index0_1739874543461_[1].jpg
[83.744s] -- Installing: /home/sophie/isaac_lab/isaac_ws/rl_code/soarm100sim/third_party/orbbec_293_ws/install/orbbec_camera/share/orbbec_camera//examples/multi_camera_synced_verification_tool/multicamera_sync/output/20250218102900/results-2025-02-25_163648/matchFrames/2_ir_left_SNCP1L44P00051_Index1_1739874543460_[0].jpg
[83.744s] -- Installing: /home/sophie/isaac_lab/isaac_ws/rl_code/soarm100sim/third_party/orbbec_293_ws/install/orbbec_camera/share/orbbec_camera//examples/multi_camera_synced_verification_tool/multicamera_sync/output/20250218102900/results-2025-02-25_163648/matchFrames/1_color_SNCP1E5420006D_Index0_1739874543494_[0].jpg
[83.745s] -- Installing: /home/sophie/isaac_lab/isaac_ws/rl_code/soarm100sim/third_party/orbbec_293_ws/install/orbbec_camera/share/orbbec_camera//examples/multi_camera_synced_verification_tool/multicamera_sync/output/20250218102900/results-2025-02-25_163648/matchFrames/9_ir_left_SNCP1L44P00051_Index1_1739874543394_[1].jpg
[83.745s] -- Installing: /home/sophie/isaac_lab/isaac_ws/rl_code/soarm100sim/third_party/orbbec_293_ws/install/orbbec_camera/share/orbbec_camera//examples/multi_camera_synced_verification_tool/multicamera_sync/output/20250218102900/results-2025-02-25_163648/matchFrames/6_ir_left_SNCP1E5420006D_Index0_1739874543561_[1].jpg
[83.745s] -- Installing: /home/sophie/isaac_lab/isaac_ws/rl_code/soarm100sim/third_party/orbbec_293_ws/install/orbbec_camera/share/orbbec_camera//examples/multi_camera_synced_verification_tool/multicamera_sync/output/20250218102900/results-2025-02-25_163648/matchFrames/10_ir_left_SNCP1L44P00051_Index1_1739874543227_[0].jpg
[83.745s] -- Installing: /home/sophie/isaac_lab/isaac_ws/rl_code/soarm100sim/third_party/orbbec_293_ws/install/orbbec_camera/share/orbbec_camera//examples/multi_camera_synced_verification_tool/multicamera_sync/output/20250218102900/results-2025-02-25_163648/matchFrames/0_color_SNCP1L44P00051_Index1_1739874543527_[0].jpg
[83.746s] -- Installing: /home/sophie/isaac_lab/isaac_ws/rl_code/soarm100sim/third_party/orbbec_293_ws/install/orbbec_camera/share/orbbec_camera//examples/multi_camera_synced_verification_tool/multicamera_sync/output/20250218102900/results-2025-02-25_163648/matchFrames/8_color_SNCP1L44P00051_Index1_1739874543293_[0].jpg
[83.746s] -- Installing: /home/sophie/isaac_lab/isaac_ws/rl_code/soarm100sim/third_party/orbbec_293_ws/install/orbbec_camera/share/orbbec_camera//examples/multi_camera_synced_verification_tool/multicamera_sync/output/20250218102900/results-2025-02-25_163648/matchFrames/0_ir_left_SNCP1L44P00051_Index1_1739874543527_[0].jpg
[83.746s] -- Installing: /home/sophie/isaac_lab/isaac_ws/rl_code/soarm100sim/third_party/orbbec_293_ws/install/orbbec_camera/share/orbbec_camera//examples/multi_camera_synced_verification_tool/multicamera_sync/output/20250218102900/results-2025-02-25_163648/matchFrames/8_color_SNCP1E5420006D_Index0_1739874543294_[1].jpg
[83.747s] -- Installing: /home/sophie/isaac_lab/isaac_ws/rl_code/soarm100sim/third_party/orbbec_293_ws/install/orbbec_camera/share/orbbec_camera//examples/multi_camera_synced_verification_tool/multicamera_sync/output/20250218102900/results-2025-02-25_163648/matchFrames/2_color_SNCP1E5420006D_Index0_1739874543461_[1].jpg
[83.747s] -- Installing: /home/sophie/isaac_lab/isaac_ws/rl_code/soarm100sim/third_party/orbbec_293_ws/install/orbbec_camera/share/orbbec_camera//examples/multi_camera_synced_verification_tool/multicamera_sync/output/20250218102900/results-2025-02-25_163648/matchFrames/4_ir_left_SNCP1L44P00051_Index1_1739874543360_[0].jpg
[83.747s] -- Installing: /home/sophie/isaac_lab/isaac_ws/rl_code/soarm100sim/third_party/orbbec_293_ws/install/orbbec_camera/share/orbbec_camera//examples/multi_camera_synced_verification_tool/multicamera_sync/output/20250218102900/results-2025-02-25_163648/matchFrames/6_color_SNCP1L44P00051_Index1_1739874543560_[0].jpg
[83.748s] -- Installing: /home/sophie/isaac_lab/isaac_ws/rl_code/soarm100sim/third_party/orbbec_293_ws/install/orbbec_camera/share/orbbec_camera//examples/multi_camera_synced_verification_tool/multicamera_sync/output/20250218102900/results-2025-02-25_163648/matchFrames/8_ir_left_SNCP1E5420006D_Index0_1739874543294_[1].jpg
[83.748s] -- Installing: /home/sophie/isaac_lab/isaac_ws/rl_code/soarm100sim/third_party/orbbec_293_ws/install/orbbec_camera/share/orbbec_camera//examples/multi_camera_synced_verification_tool/multicamera_sync/output/20250218102900/results-2025-02-25_163648/matchFrames/10_color_SNCP1E5420006D_Index0_1739874543227_[0].jpg
[83.748s] -- Installing: /home/sophie/isaac_lab/isaac_ws/rl_code/soarm100sim/third_party/orbbec_293_ws/install/orbbec_camera/share/orbbec_camera//examples/multi_camera_synced_verification_tool/multicamera_sync/output/20250218102900/results-2025-02-25_163648/matchFrames/1_color_SNCP1L44P00051_Index1_1739874543494_[0].jpg
[83.748s] -- Installing: /home/sophie/isaac_lab/isaac_ws/rl_code/soarm100sim/third_party/orbbec_293_ws/install/orbbec_camera/share/orbbec_camera//examples/multi_camera_synced_verification_tool/multicamera_sync/output/20250218102900/results-2025-02-25_163648/matchFrames/6_ir_left_SNCP1L44P00051_Index1_1739874543560_[0].jpg
[83.749s] -- Installing: /home/sophie/isaac_lab/isaac_ws/rl_code/soarm100sim/third_party/orbbec_293_ws/install/orbbec_camera/share/orbbec_camera//examples/multi_camera_synced_verification_tool/multicamera_sync/output/20250218102900/results-2025-02-25_163648/matchFrames/6_color_SNCP1E5420006D_Index0_1739874543561_[1].jpg
[83.749s] -- Installing: /home/sophie/isaac_lab/isaac_ws/rl_code/soarm100sim/third_party/orbbec_293_ws/install/orbbec_camera/share/orbbec_camera//examples/multi_camera_synced_verification_tool/multicamera_sync/output/20250218102900/results-2025-02-25_163648/matchFrames/4_color_SNCP1L44P00051_Index1_1739874543360_[0].jpg
[83.749s] -- Installing: /home/sophie/isaac_lab/isaac_ws/rl_code/soarm100sim/third_party/orbbec_293_ws/install/orbbec_camera/share/orbbec_camera//examples/multi_camera_synced_verification_tool/multicamera_sync/output/20250218102900/results-2025-02-25_163648/matchFrames/7_color_SNCP1L44P00051_Index1_1739874543427_[0].jpg
[83.749s] -- Installing: /home/sophie/isaac_lab/isaac_ws/rl_code/soarm100sim/third_party/orbbec_293_ws/install/orbbec_camera/share/orbbec_camera//examples/multi_camera_synced_verification_tool/multicamera_sync/output/20250218102900/results-2025-02-25_163648/matchFrames/10_color_SNCP1L44P00051_Index1_1739874543227_[0].jpg
[83.750s] -- Installing: /home/sophie/isaac_lab/isaac_ws/rl_code/soarm100sim/third_party/orbbec_293_ws/install/orbbec_camera/share/orbbec_camera//examples/multi_camera_synced_verification_tool/multicamera_sync/output/20250218102900/results-2025-02-25_163648/matchFrames/7_color_SNCP1E5420006D_Index0_1739874543427_[0].jpg
[83.750s] -- Installing: /home/sophie/isaac_lab/isaac_ws/rl_code/soarm100sim/third_party/orbbec_293_ws/install/orbbec_camera/share/orbbec_camera//examples/multi_camera_synced_verification_tool/multicamera_sync/output/20250218102900/results-2025-02-25_163648/matchFrames/9_color_SNCP1L44P00051_Index1_1739874543393_[0].jpg
[83.750s] -- Installing: /home/sophie/isaac_lab/isaac_ws/rl_code/soarm100sim/third_party/orbbec_293_ws/install/orbbec_camera/share/orbbec_camera//examples/multi_camera_synced_verification_tool/multicamera_sync/output/20250218102900/results-2025-02-25_163648/matchFrames/5_ir_left_SNCP1L44P00051_Index1_1739874543327_[0].jpg
[83.751s] -- Installing: /home/sophie/isaac_lab/isaac_ws/rl_code/soarm100sim/third_party/orbbec_293_ws/install/orbbec_camera/share/orbbec_camera//examples/multi_camera_synced_verification_tool/multicamera_sync/output/20250218102900/results-2025-02-25_163648/matchFrames/5_color_SNCP1E5420006D_Index0_1739874543327_[0].jpg
[83.751s] -- Installing: /home/sophie/isaac_lab/isaac_ws/rl_code/soarm100sim/third_party/orbbec_293_ws/install/orbbec_camera/share/orbbec_camera//examples/multi_camera_synced_verification_tool/multicamera_sync/output/20250218102900/results-2025-02-25_163648/matchFrames/10_ir_left_SNCP1E5420006D_Index0_1739874543227_[0].jpg
[83.751s] -- Installing: /home/sophie/isaac_lab/isaac_ws/rl_code/soarm100sim/third_party/orbbec_293_ws/install/orbbec_camera/share/orbbec_camera//examples/multi_camera_synced_verification_tool/multicamera_sync/output/20250218102900/results-2025-02-25_163648/matchFrames/3_color_SNCP1L44P00051_Index1_1739874543260_[0].jpg
[83.751s] -- Installing: /home/sophie/isaac_lab/isaac_ws/rl_code/soarm100sim/third_party/orbbec_293_ws/install/orbbec_camera/share/orbbec_camera//examples/multi_camera_synced_verification_tool/multicamera_sync/output/20250218102900/results-2025-02-25_163648/matchFrames/3_color_SNCP1E5420006D_Index0_1739874543260_[0].jpg
[83.752s] -- Installing: /home/sophie/isaac_lab/isaac_ws/rl_code/soarm100sim/third_party/orbbec_293_ws/install/orbbec_camera/share/orbbec_camera//examples/multi_camera_synced_verification_tool/multicamera_sync/output/20250218102900/results-2025-02-25_163648/matchFrames/0_ir_left_SNCP1E5420006D_Index0_1739874543527_[0].jpg
[83.752s] -- Installing: /home/sophie/isaac_lab/isaac_ws/rl_code/soarm100sim/third_party/orbbec_293_ws/install/orbbec_camera/share/orbbec_camera//examples/multi_camera_synced_verification_tool/multicamera_sync/output/20250218102900/results-2025-02-25_163648/matchFrames/0_color_SNCP1E5420006D_Index0_1739874543527_[0].jpg
[83.753s] -- Installing: /home/sophie/isaac_lab/isaac_ws/rl_code/soarm100sim/third_party/orbbec_293_ws/install/orbbec_camera/share/orbbec_camera//examples/multi_camera_synced_verification_tool/multicamera_sync/output/20250218102900/results-2025-02-25_163648/matchFrames/8_ir_left_SNCP1L44P00051_Index1_1739874543294_[1].jpg
[83.753s] -- Installing: /home/sophie/isaac_lab/isaac_ws/rl_code/soarm100sim/third_party/orbbec_293_ws/install/orbbec_camera/share/orbbec_camera//examples/multi_camera_synced_verification_tool/multicamera_sync/output/20250218102900/results-2025-02-25_163648/matchFrames/9_ir_left_SNCP1E5420006D_Index0_1739874543394_[1].jpg
[83.753s] -- Installing: /home/sophie/isaac_lab/isaac_ws/rl_code/soarm100sim/third_party/orbbec_293_ws/install/orbbec_camera/share/orbbec_camera//examples/multi_camera_synced_verification_tool/multicamera_sync/output/20250218102900/results-2025-02-25_163648/matchFrames/5_color_SNCP1L44P00051_Index1_1739874543327_[0].jpg
[83.753s] -- Installing: /home/sophie/isaac_lab/isaac_ws/rl_code/soarm100sim/third_party/orbbec_293_ws/install/orbbec_camera/share/orbbec_camera//examples/multi_camera_synced_verification_tool/multicamera_sync/output/20250218102900/results-2025-02-25_163648/matchFrames/1_ir_left_SNCP1L44P00051_Index1_1739874543494_[0].jpg
[83.753s] -- Installing: /home/sophie/isaac_lab/isaac_ws/rl_code/soarm100sim/third_party/orbbec_293_ws/install/orbbec_camera/share/orbbec_camera//examples/multi_camera_synced_verification_tool/multicamera_sync/output/20250218102900/results-2025-02-25_163648/matchFrames/5_ir_left_SNCP1E5420006D_Index0_1739874543327_[0].jpg
[83.754s] -- Installing: /home/sophie/isaac_lab/isaac_ws/rl_code/soarm100sim/third_party/orbbec_293_ws/install/orbbec_camera/share/orbbec_camera//examples/multi_camera_synced_verification_tool/multicamera_sync/output/20250218102900/results-2025-02-25_163648/matchFrames/4_color_SNCP1E5420006D_Index0_1739874543360_[0].jpg
[83.754s] -- Installing: /home/sophie/isaac_lab/isaac_ws/rl_code/soarm100sim/third_party/orbbec_293_ws/install/orbbec_camera/share/orbbec_camera//examples/multi_camera_synced_verification_tool/multicamera_sync/output/20250218102900/results-2025-02-25_163648/matchFrames/3_ir_left_SNCP1L44P00051_Index1_1739874543260_[0].jpg
[83.754s] -- Installing: /home/sophie/isaac_lab/isaac_ws/rl_code/soarm100sim/third_party/orbbec_293_ws/install/orbbec_camera/share/orbbec_camera//examples/multi_camera_synced_verification_tool/multicamera_sync/output/20250218102900/results-2025-02-25_163648/matchFrames/9_color_SNCP1E5420006D_Index0_1739874543394_[1].jpg
[83.755s] -- Installing: /home/sophie/isaac_lab/isaac_ws/rl_code/soarm100sim/third_party/orbbec_293_ws/install/orbbec_camera/share/orbbec_camera//examples/multi_camera_synced_verification_tool/multicamera_sync/output/20250218102900/DevicesInfo.txt
[83.755s] -- Installing: /home/sophie/isaac_lab/isaac_ws/rl_code/soarm100sim/third_party/orbbec_293_ws/install/orbbec_camera/share/orbbec_camera//examples/multi_camera_synced_verification_tool/multicamera_sync/output/20250218102900/TotalModeFrames
[83.755s] -- Installing: /home/sophie/isaac_lab/isaac_ws/rl_code/soarm100sim/third_party/orbbec_293_ws/install/orbbec_camera/share/orbbec_camera//examples/multi_camera_synced_verification_tool/multicamera_sync/output/20250218102900/TotalModeFrames/SNCP1L44P00051_Index1
[83.755s] -- Installing: /home/sophie/isaac_lab/isaac_ws/rl_code/soarm100sim/third_party/orbbec_293_ws/install/orbbec_camera/share/orbbec_camera//examples/multi_camera_synced_verification_tool/multicamera_sync/output/20250218102900/TotalModeFrames/SNCP1L44P00051_Index1/ir#left_SNCP1L44P00051_Index1_g1739874543394_f5_s1739874543661_e5000_d16_.jpg
[83.755s] -- Installing: /home/sophie/isaac_lab/isaac_ws/rl_code/soarm100sim/third_party/orbbec_293_ws/install/orbbec_camera/share/orbbec_camera//examples/multi_camera_synced_verification_tool/multicamera_sync/output/20250218102900/TotalModeFrames/SNCP1L44P00051_Index1/color_SNCP1L44P00051_Index1_g1739874543360_f4_s1739874543468_e50_d16_.jpg
[83.756s] -- Installing: /home/sophie/isaac_lab/isaac_ws/rl_code/soarm100sim/third_party/orbbec_293_ws/install/orbbec_camera/share/orbbec_camera//examples/multi_camera_synced_verification_tool/multicamera_sync/output/20250218102900/TotalModeFrames/SNCP1L44P00051_Index1/ir#left_SNCP1L44P00051_Index1_g1739874543294_f2_s1739874543319_e5000_d16_.jpg
[83.756s] -- Installing: /home/sophie/isaac_lab/isaac_ws/rl_code/soarm100sim/third_party/orbbec_293_ws/install/orbbec_camera/share/orbbec_camera//examples/multi_camera_synced_verification_tool/multicamera_sync/output/20250218102900/TotalModeFrames/SNCP1L44P00051_Index1/color_SNCP1L44P00051_Index1_g1739874543227_f0_s1739874543304_e50_d16_.jpg
[83.756s] -- Installing: /home/sophie/isaac_lab/isaac_ws/rl_code/soarm100sim/third_party/orbbec_293_ws/install/orbbec_camera/share/orbbec_camera//examples/multi_camera_synced_verification_tool/multicamera_sync/output/20250218102900/TotalModeFrames/SNCP1L44P00051_Index1/color_SNCP1L44P00051_Index1_g1739874543427_f6_s1739874543485_e50_d16_.jpg
[83.756s] -- Installing: /home/sophie/isaac_lab/isaac_ws/rl_code/soarm100sim/third_party/orbbec_293_ws/install/orbbec_camera/share/orbbec_camera//examples/multi_camera_synced_verification_tool/multicamera_sync/output/20250218102900/TotalModeFrames/SNCP1L44P00051_Index1/ir#left_SNCP1L44P00051_Index1_g1739874543360_f4_s1739874543460_e5000_d16_.jpg
[83.757s] -- Installing: /home/sophie/isaac_lab/isaac_ws/rl_code/soarm100sim/third_party/orbbec_293_ws/install/orbbec_camera/share/orbbec_camera//examples/multi_camera_synced_verification_tool/multicamera_sync/output/20250218102900/TotalModeFrames/SNCP1L44P00051_Index1/ir#left_SNCP1L44P00051_Index1_g1739874543527_f10_s1739874543687_e5000_d16_.jpg
[83.757s] -- Installing: /home/sophie/isaac_lab/isaac_ws/rl_code/soarm100sim/third_party/orbbec_293_ws/install/orbbec_camera/share/orbbec_camera//examples/multi_camera_synced_verification_tool/multicamera_sync/output/20250218102900/TotalModeFrames/SNCP1L44P00051_Index1/color_SNCP1L44P00051_Index1_g1739874543460_f7_s1739874543505_e50_d16_.jpg
[83.757s] -- Installing: /home/sophie/isaac_lab/isaac_ws/rl_code/soarm100sim/third_party/orbbec_293_ws/install/orbbec_camera/share/orbbec_camera//examples/multi_camera_synced_verification_tool/multicamera_sync/output/20250218102900/TotalModeFrames/SNCP1L44P00051_Index1/ir#left_SNCP1L44P00051_Index1_g1739874543327_f3_s1739874543460_e5000_d16_.jpg
[83.757s] -- Installing: /home/sophie/isaac_lab/isaac_ws/rl_code/soarm100sim/third_party/orbbec_293_ws/install/orbbec_camera/share/orbbec_camera//examples/multi_camera_synced_verification_tool/multicamera_sync/output/20250218102900/TotalModeFrames/SNCP1L44P00051_Index1/color_SNCP1L44P00051_Index1_g1739874543393_f5_s1739874543470_e50_d16_.jpg
[83.758s] -- Installing: /home/sophie/isaac_lab/isaac_ws/rl_code/soarm100sim/third_party/orbbec_293_ws/install/orbbec_camera/share/orbbec_camera//examples/multi_camera_synced_verification_tool/multicamera_sync/output/20250218102900/TotalModeFrames/SNCP1L44P00051_Index1/ir#left_SNCP1L44P00051_Index1_g1739874543494_f8_s1739874543687_e5000_d16_.jpg
[83.758s] -- Installing: /home/sophie/isaac_lab/isaac_ws/rl_code/soarm100sim/third_party/orbbec_293_ws/install/orbbec_camera/share/orbbec_camera//examples/multi_camera_synced_verification_tool/multicamera_sync/output/20250218102900/TotalModeFrames/SNCP1L44P00051_Index1/color_SNCP1L44P00051_Index1_g1739874543527_f9_s1739874543616_e50_d16_.jpg
[83.758s] -- Installing: /home/sophie/isaac_lab/isaac_ws/rl_code/soarm100sim/third_party/orbbec_293_ws/install/orbbec_camera/share/orbbec_camera//examples/multi_camera_synced_verification_tool/multicamera_sync/output/20250218102900/TotalModeFrames/SNCP1L44P00051_Index1/ir#left_SNCP1L44P00051_Index1_g1739874543260_f1_s1739874543294_e5000_d16_.jpg
[83.758s] -- Installing: /home/sophie/isaac_lab/isaac_ws/rl_code/soarm100sim/third_party/orbbec_293_ws/install/orbbec_camera/share/orbbec_camera//examples/multi_camera_synced_verification_tool/multicamera_sync/output/20250218102900/TotalModeFrames/SNCP1L44P00051_Index1/ir#left_SNCP1L44P00051_Index1_g1739874543560_f11_s1739874543687_e5000_d16_.jpg
[83.759s] -- Installing: /home/sophie/isaac_lab/isaac_ws/rl_code/soarm100sim/third_party/orbbec_293_ws/install/orbbec_camera/share/orbbec_camera//examples/multi_camera_synced_verification_tool/multicamera_sync/output/20250218102900/TotalModeFrames/SNCP1L44P00051_Index1/ir#left_SNCP1L44P00051_Index1_g1739874543227_f0_s1739874543250_e5000_d16_.jpg
[83.759s] -- Installing: /home/sophie/isaac_lab/isaac_ws/rl_code/soarm100sim/third_party/orbbec_293_ws/install/orbbec_camera/share/orbbec_camera//examples/multi_camera_synced_verification_tool/multicamera_sync/output/20250218102900/TotalModeFrames/SNCP1L44P00051_Index1/color_SNCP1L44P00051_Index1_g1739874543293_f2_s1739874543446_e50_d16_.jpg
[83.759s] -- Installing: /home/sophie/isaac_lab/isaac_ws/rl_code/soarm100sim/third_party/orbbec_293_ws/install/orbbec_camera/share/orbbec_camera//examples/multi_camera_synced_verification_tool/multicamera_sync/output/20250218102900/TotalModeFrames/SNCP1L44P00051_Index1/color_SNCP1L44P00051_Index1_g1739874543327_f3_s1739874543458_e50_d16_.jpg
[83.759s] -- Installing: /home/sophie/isaac_lab/isaac_ws/rl_code/soarm100sim/third_party/orbbec_293_ws/install/orbbec_camera/share/orbbec_camera//examples/multi_camera_synced_verification_tool/multicamera_sync/output/20250218102900/TotalModeFrames/SNCP1L44P00051_Index1/color_SNCP1L44P00051_Index1_g1739874543494_f8_s1739874543540_e50_d16_.jpg
[83.760s] -- Installing: /home/sophie/isaac_lab/isaac_ws/rl_code/soarm100sim/third_party/orbbec_293_ws/install/orbbec_camera/share/orbbec_camera//examples/multi_camera_synced_verification_tool/multicamera_sync/output/20250218102900/TotalModeFrames/SNCP1L44P00051_Index1/ir#left_SNCP1L44P00051_Index1_g1739874543427_f6_s1739874543684_e5000_d16_.jpg
[83.760s] -- Installing: /home/sophie/isaac_lab/isaac_ws/rl_code/soarm100sim/third_party/orbbec_293_ws/install/orbbec_camera/share/orbbec_camera//examples/multi_camera_synced_verification_tool/multicamera_sync/output/20250218102900/TotalModeFrames/SNCP1L44P00051_Index1/ir#left_SNCP1L44P00051_Index1_g1739874543460_f7_s1739874543685_e5000_d16_.jpg
[83.760s] -- Installing: /home/sophie/isaac_lab/isaac_ws/rl_code/soarm100sim/third_party/orbbec_293_ws/install/orbbec_camera/share/orbbec_camera//examples/multi_camera_synced_verification_tool/multicamera_sync/output/20250218102900/TotalModeFrames/SNCP1L44P00051_Index1/color_SNCP1L44P00051_Index1_g1739874543560_f10_s1739874543618_e50_d16_.jpg
[83.760s] -- Installing: /home/sophie/isaac_lab/isaac_ws/rl_code/soarm100sim/third_party/orbbec_293_ws/install/orbbec_camera/share/orbbec_camera//examples/multi_camera_synced_verification_tool/multicamera_sync/output/20250218102900/TotalModeFrames/SNCP1L44P00051_Index1/color_SNCP1L44P00051_Index1_g1739874543260_f1_s1739874543345_e50_d16_.jpg
[83.761s] -- Installing: /home/sophie/isaac_lab/isaac_ws/rl_code/soarm100sim/third_party/orbbec_293_ws/install/orbbec_camera/share/orbbec_camera//examples/multi_camera_synced_verification_tool/multicamera_sync/output/20250218102900/TotalModeFrames/SNCP1E5420006D_Index0
[83.761s] -- Installing: /home/sophie/isaac_lab/isaac_ws/rl_code/soarm100sim/third_party/orbbec_293_ws/install/orbbec_camera/share/orbbec_camera//examples/multi_camera_synced_verification_tool/multicamera_sync/output/20250218102900/TotalModeFrames/SNCP1E5420006D_Index0/ir#left_SNCP1E5420006D_Index0_g1739874543394_f5_s1739874543473_e5000_d16_.jpg
[83.761s] -- Installing: /home/sophie/isaac_lab/isaac_ws/rl_code/soarm100sim/third_party/orbbec_293_ws/install/orbbec_camera/share/orbbec_camera//examples/multi_camera_synced_verification_tool/multicamera_sync/output/20250218102900/TotalModeFrames/SNCP1E5420006D_Index0/ir#left_SNCP1E5420006D_Index0_g1739874543561_f10_s1739874543628_e5000_d16_.jpg
[83.761s] -- Installing: /home/sophie/isaac_lab/isaac_ws/rl_code/soarm100sim/third_party/orbbec_293_ws/install/orbbec_camera/share/orbbec_camera//examples/multi_camera_synced_verification_tool/multicamera_sync/output/20250218102900/TotalModeFrames/SNCP1E5420006D_Index0/color_SNCP1E5420006D_Index0_g1739874543427_f6_s1739874543518_e50_d16_.jpg
[83.762s] -- Installing: /home/sophie/isaac_lab/isaac_ws/rl_code/soarm100sim/third_party/orbbec_293_ws/install/orbbec_camera/share/orbbec_camera//examples/multi_camera_synced_verification_tool/multicamera_sync/output/20250218102900/TotalModeFrames/SNCP1E5420006D_Index0/ir#left_SNCP1E5420006D_Index0_g1739874543494_f8_s1739874543528_e5000_d16_.jpg
[83.762s] -- Installing: /home/sophie/isaac_lab/isaac_ws/rl_code/soarm100sim/third_party/orbbec_293_ws/install/orbbec_camera/share/orbbec_camera//examples/multi_camera_synced_verification_tool/multicamera_sync/output/20250218102900/TotalModeFrames/SNCP1E5420006D_Index0/color_SNCP1E5420006D_Index0_g1739874543394_f5_s1739874543506_e50_d16_.jpg
[83.762s] -- Installing: /home/sophie/isaac_lab/isaac_ws/rl_code/soarm100sim/third_party/orbbec_293_ws/install/orbbec_camera/share/orbbec_camera//examples/multi_camera_synced_verification_tool/multicamera_sync/output/20250218102900/TotalModeFrames/SNCP1E5420006D_Index0/color_SNCP1E5420006D_Index0_g1739874543294_f2_s1739874543359_e50_d16_.jpg
[83.763s] -- Installing: /home/sophie/isaac_lab/isaac_ws/rl_code/soarm100sim/third_party/orbbec_293_ws/install/orbbec_camera/share/orbbec_camera//examples/multi_camera_synced_verification_tool/multicamera_sync/output/20250218102900/TotalModeFrames/SNCP1E5420006D_Index0/ir#left_SNCP1E5420006D_Index0_g1739874543427_f6_s1739874543474_e5000_d16_.jpg
[83.763s] -- Installing: /home/sophie/isaac_lab/isaac_ws/rl_code/soarm100sim/third_party/orbbec_293_ws/install/orbbec_camera/share/orbbec_camera//examples/multi_camera_synced_verification_tool/multicamera_sync/output/20250218102900/TotalModeFrames/SNCP1E5420006D_Index0/color_SNCP1E5420006D_Index0_g1739874543527_f9_s1739874543603_e50_d16_.jpg
[83.763s] -- Installing: /home/sophie/isaac_lab/isaac_ws/rl_code/soarm100sim/third_party/orbbec_293_ws/install/orbbec_camera/share/orbbec_camera//examples/multi_camera_synced_verification_tool/multicamera_sync/output/20250218102900/TotalModeFrames/SNCP1E5420006D_Index0/color_SNCP1E5420006D_Index0_g1739874543494_f8_s1739874543548_e50_d16_.jpg
[83.764s] -- Installing: /home/sophie/isaac_lab/isaac_ws/rl_code/soarm100sim/third_party/orbbec_293_ws/install/orbbec_camera/share/orbbec_camera//examples/multi_camera_synced_verification_tool/multicamera_sync/output/20250218102900/TotalModeFrames/SNCP1E5420006D_Index0/color_SNCP1E5420006D_Index0_g1739874543327_f3_s1739874543441_e50_d16_.jpg
[83.764s] -- Installing: /home/sophie/isaac_lab/isaac_ws/rl_code/soarm100sim/third_party/orbbec_293_ws/install/orbbec_camera/share/orbbec_camera//examples/multi_camera_synced_verification_tool/multicamera_sync/output/20250218102900/TotalModeFrames/SNCP1E5420006D_Index0/ir#left_SNCP1E5420006D_Index0_g1739874543227_f0_s1739874543250_e5000_d16_.jpg
[83.764s] -- Installing: /home/sophie/isaac_lab/isaac_ws/rl_code/soarm100sim/third_party/orbbec_293_ws/install/orbbec_camera/share/orbbec_camera//examples/multi_camera_synced_verification_tool/multicamera_sync/output/20250218102900/TotalModeFrames/SNCP1E5420006D_Index0/ir#left_SNCP1E5420006D_Index0_g1739874543260_f1_s1739874543310_e5000_d16_.jpg
[83.764s] -- Installing: /home/sophie/isaac_lab/isaac_ws/rl_code/soarm100sim/third_party/orbbec_293_ws/install/orbbec_camera/share/orbbec_camera//examples/multi_camera_synced_verification_tool/multicamera_sync/output/20250218102900/TotalModeFrames/SNCP1E5420006D_Index0/ir#left_SNCP1E5420006D_Index0_g1739874543294_f2_s1739874543329_e5000_d16_.jpg
[83.764s] -- Installing: /home/sophie/isaac_lab/isaac_ws/rl_code/soarm100sim/third_party/orbbec_293_ws/install/orbbec_camera/share/orbbec_camera//examples/multi_camera_synced_verification_tool/multicamera_sync/output/20250218102900/TotalModeFrames/SNCP1E5420006D_Index0/color_SNCP1E5420006D_Index0_g1739874543461_f7_s1739874543520_e50_d16_.jpg
[83.765s] -- Installing: /home/sophie/isaac_lab/isaac_ws/rl_code/soarm100sim/third_party/orbbec_293_ws/install/orbbec_camera/share/orbbec_camera//examples/multi_camera_synced_verification_tool/multicamera_sync/output/20250218102900/TotalModeFrames/SNCP1E5420006D_Index0/ir#left_SNCP1E5420006D_Index0_g1739874543527_f9_s1739874543627_e5000_d16_.jpg
[83.765s] -- Installing: /home/sophie/isaac_lab/isaac_ws/rl_code/soarm100sim/third_party/orbbec_293_ws/install/orbbec_camera/share/orbbec_camera//examples/multi_camera_synced_verification_tool/multicamera_sync/output/20250218102900/TotalModeFrames/SNCP1E5420006D_Index0/ir#left_SNCP1E5420006D_Index0_g1739874543327_f3_s1739874543393_e5000_d16_.jpg
[83.765s] -- Installing: /home/sophie/isaac_lab/isaac_ws/rl_code/soarm100sim/third_party/orbbec_293_ws/install/orbbec_camera/share/orbbec_camera//examples/multi_camera_synced_verification_tool/multicamera_sync/output/20250218102900/TotalModeFrames/SNCP1E5420006D_Index0/color_SNCP1E5420006D_Index0_g1739874543360_f4_s1739874543442_e50_d16_.jpg
[83.766s] -- Installing: /home/sophie/isaac_lab/isaac_ws/rl_code/soarm100sim/third_party/orbbec_293_ws/install/orbbec_camera/share/orbbec_camera//examples/multi_camera_synced_verification_tool/multicamera_sync/output/20250218102900/TotalModeFrames/SNCP1E5420006D_Index0/ir#left_SNCP1E5420006D_Index0_g1739874543361_f4_s1739874543405_e5000_d16_.jpg
[83.766s] -- Installing: /home/sophie/isaac_lab/isaac_ws/rl_code/soarm100sim/third_party/orbbec_293_ws/install/orbbec_camera/share/orbbec_camera//examples/multi_camera_synced_verification_tool/multicamera_sync/output/20250218102900/TotalModeFrames/SNCP1E5420006D_Index0/color_SNCP1E5420006D_Index0_g1739874543227_f0_s1739874543327_e50_d16_.jpg
[83.766s] -- Installing: /home/sophie/isaac_lab/isaac_ws/rl_code/soarm100sim/third_party/orbbec_293_ws/install/orbbec_camera/share/orbbec_camera//examples/multi_camera_synced_verification_tool/multicamera_sync/output/20250218102900/TotalModeFrames/SNCP1E5420006D_Index0/color_SNCP1E5420006D_Index0_g1739874543561_f10_s1739874543648_e50_d16_.jpg
[83.767s] -- Installing: /home/sophie/isaac_lab/isaac_ws/rl_code/soarm100sim/third_party/orbbec_293_ws/install/orbbec_camera/share/orbbec_camera//examples/multi_camera_synced_verification_tool/multicamera_sync/output/20250218102900/TotalModeFrames/SNCP1E5420006D_Index0/color_SNCP1E5420006D_Index0_g1739874543260_f1_s1739874543351_e50_d16_.jpg
[83.767s] -- Installing: /home/sophie/isaac_lab/isaac_ws/rl_code/soarm100sim/third_party/orbbec_293_ws/install/orbbec_camera/share/orbbec_camera//examples/multi_camera_synced_verification_tool/multicamera_sync/output/20250218102900/TotalModeFrames/SNCP1E5420006D_Index0/ir#left_SNCP1E5420006D_Index0_g1739874543461_f7_s1739874543493_e5000_d16_.jpg
[83.767s] -- Installing: /home/sophie/isaac_lab/isaac_ws/rl_code/soarm100sim/third_party/orbbec_293_ws/install/orbbec_camera/share/orbbec_camera//examples/multi_camera_synced_verification_tool/multicamera_sync/output/20250218102900/StreamProfileInfo.txt
[83.768s] -- Installing: /home/sophie/isaac_lab/isaac_ws/rl_code/soarm100sim/third_party/orbbec_293_ws/install/orbbec_camera/share/orbbec_camera//examples/multi_camera_synced_verification_tool/gemini_330_series_synced_verify.launch.py
[83.768s] -- Installing: /home/sophie/isaac_lab/isaac_ws/rl_code/soarm100sim/third_party/orbbec_293_ws/install/orbbec_camera/share/orbbec_camera//examples/multi_camera_synced_verification_tool/multi_camera_synced_verify.launch.py
[83.768s] -- Installing: /home/sophie/isaac_lab/isaac_ws/rl_code/soarm100sim/third_party/orbbec_293_ws/install/orbbec_camera/share/orbbec_camera//examples/benchmark
[83.768s] -- Installing: /home/sophie/isaac_lab/isaac_ws/rl_code/soarm100sim/third_party/orbbec_293_ws/install/orbbec_camera/share/orbbec_camera//examples/benchmark/gemini_330_series_benchmark.launch.py
[83.768s] -- Installing: /home/sophie/isaac_lab/isaac_ws/rl_code/soarm100sim/third_party/orbbec_293_ws/install/orbbec_camera/share/orbbec_camera//examples/benchmark/ob_benchmark_0.launch.py
[83.768s] -- Installing: /home/sophie/isaac_lab/isaac_ws/rl_code/soarm100sim/third_party/orbbec_293_ws/install/orbbec_camera/share/orbbec_camera//examples/benchmark/ob_benchmark_1.launch.py
[83.769s] -- Installing: /home/sophie/isaac_lab/isaac_ws/rl_code/soarm100sim/third_party/orbbec_293_ws/install/orbbec_camera/share/orbbec_camera//examples/net_camera
[83.769s] -- Installing: /home/sophie/isaac_lab/isaac_ws/rl_code/soarm100sim/third_party/orbbec_293_ws/install/orbbec_camera/share/orbbec_camera//examples/net_camera/multi_net_camera.launch.py
[83.769s] -- Installing: /home/sophie/isaac_lab/isaac_ws/rl_code/soarm100sim/third_party/orbbec_293_ws/install/orbbec_camera/share/orbbec_camera//examples/multi_camera_time_sync
[83.769s] -- Installing: /home/sophie/isaac_lab/isaac_ws/rl_code/soarm100sim/third_party/orbbec_293_ws/install/orbbec_camera/share/orbbec_camera//examples/multi_camera_time_sync/image_sync_example_node.cpp
[83.769s] -- Installing: /home/sophie/isaac_lab/isaac_ws/rl_code/soarm100sim/third_party/orbbec_293_ws/install/orbbec_camera/share/orbbec_camera//examples/gmsl_camera
[83.769s] -- Installing: /home/sophie/isaac_lab/isaac_ws/rl_code/soarm100sim/third_party/orbbec_293_ws/install/orbbec_camera/share/orbbec_camera//examples/gmsl_camera/multi_gmsl_camera.launch.py
[83.769s] -- Installing: /home/sophie/isaac_lab/isaac_ws/rl_code/soarm100sim/third_party/orbbec_293_ws/install/orbbec_camera/share/orbbec_camera//examples/gmsl_camera/gemini_330_gmsl.launch.py
[83.769s] -- Installing: /home/sophie/isaac_lab/isaac_ws/rl_code/soarm100sim/third_party/orbbec_293_ws/install/orbbec_camera/share/orbbec_camera//examples/gmsl_camera/multi_gmsl_camera_synced.launch.py
[83.770s] -- Installing: /home/sophie/isaac_lab/isaac_ws/rl_code/soarm100sim/third_party/orbbec_293_ws/install/orbbec_camera/share/orbbec_camera//examples/Gemini_435Le_example_node
[83.770s] -- Installing: /home/sophie/isaac_lab/isaac_ws/rl_code/soarm100sim/third_party/orbbec_293_ws/install/orbbec_camera/share/orbbec_camera//examples/Gemini_435Le_example_node/README.MD
[83.770s] -- Installing: /home/sophie/isaac_lab/isaac_ws/rl_code/soarm100sim/third_party/orbbec_293_ws/install/orbbec_camera/share/orbbec_camera//examples/Gemini_435Le_example_node/camera_example_node.cpp
[83.770s] -- Installing: /home/sophie/isaac_lab/isaac_ws/rl_code/soarm100sim/third_party/orbbec_293_ws/install/orbbec_camera/share/orbbec_camera/SDK/licenses
[83.770s] -- Installing: /home/sophie/isaac_lab/isaac_ws/rl_code/soarm100sim/third_party/orbbec_293_ws/install/orbbec_camera/share/orbbec_camera/SDK/licenses/libuvc
[83.770s] -- Installing: /home/sophie/isaac_lab/isaac_ws/rl_code/soarm100sim/third_party/orbbec_293_ws/install/orbbec_camera/share/orbbec_camera/SDK/licenses/libuvc/LICENSE.txt
[83.770s] -- Installing: /home/sophie/isaac_lab/isaac_ws/rl_code/soarm100sim/third_party/orbbec_293_ws/install/orbbec_camera/share/orbbec_camera/SDK/licenses/libyuv
[83.771s] -- Installing: /home/sophie/isaac_lab/isaac_ws/rl_code/soarm100sim/third_party/orbbec_293_ws/install/orbbec_camera/share/orbbec_camera/SDK/licenses/libyuv/LICENSE
[83.771s] -- Installing: /home/sophie/isaac_lab/isaac_ws/rl_code/soarm100sim/third_party/orbbec_293_ws/install/orbbec_camera/share/orbbec_camera/SDK/licenses/libjpeg
[83.771s] -- Installing: /home/sophie/isaac_lab/isaac_ws/rl_code/soarm100sim/third_party/orbbec_293_ws/install/orbbec_camera/share/orbbec_camera/SDK/licenses/libjpeg/LICENSE.md
[83.771s] -- Installing: /home/sophie/isaac_lab/isaac_ws/rl_code/soarm100sim/third_party/orbbec_293_ws/install/orbbec_camera/share/orbbec_camera/SDK/licenses/spdlog
[83.771s] -- Installing: /home/sophie/isaac_lab/isaac_ws/rl_code/soarm100sim/third_party/orbbec_293_ws/install/orbbec_camera/share/orbbec_camera/SDK/licenses/spdlog/LICENSE
[83.771s] -- Installing: /home/sophie/isaac_lab/isaac_ws/rl_code/soarm100sim/third_party/orbbec_293_ws/install/orbbec_camera/share/orbbec_camera/SDK/licenses/dylib
[83.771s] -- Installing: /home/sophie/isaac_lab/isaac_ws/rl_code/soarm100sim/third_party/orbbec_293_ws/install/orbbec_camera/share/orbbec_camera/SDK/licenses/dylib/LICENSE
[83.771s] -- Installing: /home/sophie/isaac_lab/isaac_ws/rl_code/soarm100sim/third_party/orbbec_293_ws/install/orbbec_camera/share/orbbec_camera/SDK/licenses/mdns
[83.771s] -- Installing: /home/sophie/isaac_lab/isaac_ws/rl_code/soarm100sim/third_party/orbbec_293_ws/install/orbbec_camera/share/orbbec_camera/SDK/licenses/mdns/LICENSE
[83.772s] -- Installing: /home/sophie/isaac_lab/isaac_ws/rl_code/soarm100sim/third_party/orbbec_293_ws/install/orbbec_camera/share/orbbec_camera/SDK/licenses/jsoncpp
[83.772s] -- Installing: /home/sophie/isaac_lab/isaac_ws/rl_code/soarm100sim/third_party/orbbec_293_ws/install/orbbec_camera/share/orbbec_camera/SDK/licenses/jsoncpp/LICENSE
[83.772s] -- Installing: /home/sophie/isaac_lab/isaac_ws/rl_code/soarm100sim/third_party/orbbec_293_ws/install/orbbec_camera/share/orbbec_camera/SDK/licenses/libusb
[83.772s] -- Installing: /home/sophie/isaac_lab/isaac_ws/rl_code/soarm100sim/third_party/orbbec_293_ws/install/orbbec_camera/share/orbbec_camera/SDK/licenses/libusb/COPYING
[83.772s] -- Installing: /home/sophie/isaac_lab/isaac_ws/rl_code/soarm100sim/third_party/orbbec_293_ws/install/orbbec_camera/share/orbbec_camera/SDK/licenses/live555
[83.772s] -- Installing: /home/sophie/isaac_lab/isaac_ws/rl_code/soarm100sim/third_party/orbbec_293_ws/install/orbbec_camera/share/orbbec_camera/SDK/licenses/live555/COPYING
[83.772s] -- Installing: /home/sophie/isaac_lab/isaac_ws/rl_code/soarm100sim/third_party/orbbec_293_ws/install/orbbec_camera/share/orbbec_camera/SDK/licenses/live555/COPYING.LESSER
[83.772s] -- Installing: /home/sophie/isaac_lab/isaac_ws/rl_code/soarm100sim/third_party/orbbec_293_ws/install/orbbec_camera/share/orbbec_camera/SDK/licenses/rosbag
[83.773s] -- Installing: /home/sophie/isaac_lab/isaac_ws/rl_code/soarm100sim/third_party/orbbec_293_ws/install/orbbec_camera/share/orbbec_camera/SDK/licenses/rosbag/LICENSE
[83.773s] -- Installing: /home/sophie/isaac_lab/isaac_ws/rl_code/soarm100sim/third_party/orbbec_293_ws/install/orbbec_camera/share/orbbec_camera/SDK/licenses/THIRD_PARTY_LICENSES.md
[83.773s] -- Installing: /home/sophie/isaac_lab/isaac_ws/rl_code/soarm100sim/third_party/orbbec_293_ws/install/orbbec_camera/share/orbbec_camera/SDK/licenses/cmrc
[83.773s] -- Installing: /home/sophie/isaac_lab/isaac_ws/rl_code/soarm100sim/third_party/orbbec_293_ws/install/orbbec_camera/share/orbbec_camera/SDK/licenses/cmrc/LICENSE.txt
[83.773s] -- Installing: /home/sophie/isaac_lab/isaac_ws/rl_code/soarm100sim/third_party/orbbec_293_ws/install/orbbec_camera/share/orbbec_camera/SDK/licenses/tinyxml2
[83.773s] -- Installing: /home/sophie/isaac_lab/isaac_ws/rl_code/soarm100sim/third_party/orbbec_293_ws/install/orbbec_camera/share/orbbec_camera/SDK/licenses/tinyxml2/LICENSE.txt
[83.773s] -- Up-to-date: /home/sophie/isaac_lab/isaac_ws/rl_code/soarm100sim/third_party/orbbec_293_ws/install/orbbec_camera/include
[83.773s] -- Installing: /home/sophie/isaac_lab/isaac_ws/rl_code/soarm100sim/third_party/orbbec_293_ws/install/orbbec_camera/include/libobsensor
[83.774s] -- Installing: /home/sophie/isaac_lab/isaac_ws/rl_code/soarm100sim/third_party/orbbec_293_ws/install/orbbec_camera/include/libobsensor/ObSensor.h
[83.774s] -- Installing: /home/sophie/isaac_lab/isaac_ws/rl_code/soarm100sim/third_party/orbbec_293_ws/install/orbbec_camera/include/libobsensor/h
[83.774s] -- Installing: /home/sophie/isaac_lab/isaac_ws/rl_code/soarm100sim/third_party/orbbec_293_ws/install/orbbec_camera/include/libobsensor/h/Advanced.h
[83.774s] -- Installing: /home/sophie/isaac_lab/isaac_ws/rl_code/soarm100sim/third_party/orbbec_293_ws/install/orbbec_camera/include/libobsensor/h/Frame.h
[83.774s] -- Installing: /home/sophie/isaac_lab/isaac_ws/rl_code/soarm100sim/third_party/orbbec_293_ws/install/orbbec_camera/include/libobsensor/h/Device.h
[83.774s] -- Installing: /home/sophie/isaac_lab/isaac_ws/rl_code/soarm100sim/third_party/orbbec_293_ws/install/orbbec_camera/include/libobsensor/h/Pipeline.h
[83.774s] -- Installing: /home/sophie/isaac_lab/isaac_ws/rl_code/soarm100sim/third_party/orbbec_293_ws/install/orbbec_camera/include/libobsensor/h/Export.h
[83.774s] -- Installing: /home/sophie/isaac_lab/isaac_ws/rl_code/soarm100sim/third_party/orbbec_293_ws/install/orbbec_camera/include/libobsensor/h/MultipleDevices.h
[83.774s] -- Installing: /home/sophie/isaac_lab/isaac_ws/rl_code/soarm100sim/third_party/orbbec_293_ws/install/orbbec_camera/include/libobsensor/h/TypeHelper.h
[83.774s] -- Installing: /home/sophie/isaac_lab/isaac_ws/rl_code/soarm100sim/third_party/orbbec_293_ws/install/orbbec_camera/include/libobsensor/h/Context.h
[83.775s] -- Installing: /home/sophie/isaac_lab/isaac_ws/rl_code/soarm100sim/third_party/orbbec_293_ws/install/orbbec_camera/include/libobsensor/h/Sensor.h
[83.775s] -- Installing: /home/sophie/isaac_lab/isaac_ws/rl_code/soarm100sim/third_party/orbbec_293_ws/install/orbbec_camera/include/libobsensor/h/Version.h
[83.775s] -- Installing: /home/sophie/isaac_lab/isaac_ws/rl_code/soarm100sim/third_party/orbbec_293_ws/install/orbbec_camera/include/libobsensor/h/Filter.h
[83.775s] -- Installing: /home/sophie/isaac_lab/isaac_ws/rl_code/soarm100sim/third_party/orbbec_293_ws/install/orbbec_camera/include/libobsensor/h/StreamProfile.h
[83.775s] -- Installing: /home/sophie/isaac_lab/isaac_ws/rl_code/soarm100sim/third_party/orbbec_293_ws/install/orbbec_camera/include/libobsensor/h/ApplicationConfig.h
[83.775s] -- Installing: /home/sophie/isaac_lab/isaac_ws/rl_code/soarm100sim/third_party/orbbec_293_ws/install/orbbec_camera/include/libobsensor/h/RecordPlayback.h
[83.775s] -- Installing: /home/sophie/isaac_lab/isaac_ws/rl_code/soarm100sim/third_party/orbbec_293_ws/install/orbbec_camera/include/libobsensor/h/ObTypes.h
[83.775s] -- Installing: /home/sophie/isaac_lab/isaac_ws/rl_code/soarm100sim/third_party/orbbec_293_ws/install/orbbec_camera/include/libobsensor/h/Error.h
[83.775s] -- Installing: /home/sophie/isaac_lab/isaac_ws/rl_code/soarm100sim/third_party/orbbec_293_ws/install/orbbec_camera/include/libobsensor/h/Property.h
[83.775s] -- Installing: /home/sophie/isaac_lab/isaac_ws/rl_code/soarm100sim/third_party/orbbec_293_ws/install/orbbec_camera/include/libobsensor/h/Utils.h
[83.776s] -- Installing: /home/sophie/isaac_lab/isaac_ws/rl_code/soarm100sim/third_party/orbbec_293_ws/install/orbbec_camera/include/libobsensor/hpp
[83.776s] -- Installing: /home/sophie/isaac_lab/isaac_ws/rl_code/soarm100sim/third_party/orbbec_293_ws/install/orbbec_camera/include/libobsensor/hpp/Sensor.hpp
[83.776s] -- Installing: /home/sophie/isaac_lab/isaac_ws/rl_code/soarm100sim/third_party/orbbec_293_ws/install/orbbec_camera/include/libobsensor/hpp/Frame.hpp
[83.776s] -- Installing: /home/sophie/isaac_lab/isaac_ws/rl_code/soarm100sim/third_party/orbbec_293_ws/install/orbbec_camera/include/libobsensor/hpp/Utils.hpp
[83.776s] -- Installing: /home/sophie/isaac_lab/isaac_ws/rl_code/soarm100sim/third_party/orbbec_293_ws/install/orbbec_camera/include/libobsensor/hpp/ApplicationConfig.hpp
[83.776s] -- Installing: /home/sophie/isaac_lab/isaac_ws/rl_code/soarm100sim/third_party/orbbec_293_ws/install/orbbec_camera/include/libobsensor/hpp/Device.hpp
[83.776s] -- Installing: /home/sophie/isaac_lab/isaac_ws/rl_code/soarm100sim/third_party/orbbec_293_ws/install/orbbec_camera/include/libobsensor/hpp/Filter.hpp
[83.776s] -- Installing: /home/sophie/isaac_lab/isaac_ws/rl_code/soarm100sim/third_party/orbbec_293_ws/install/orbbec_camera/include/libobsensor/hpp/StreamProfile.hpp
[83.776s] -- Installing: /home/sophie/isaac_lab/isaac_ws/rl_code/soarm100sim/third_party/orbbec_293_ws/install/orbbec_camera/include/libobsensor/hpp/Version.hpp
[83.776s] -- Installing: /home/sophie/isaac_lab/isaac_ws/rl_code/soarm100sim/third_party/orbbec_293_ws/install/orbbec_camera/include/libobsensor/hpp/RecordPlayback.hpp
[83.777s] -- Installing: /home/sophie/isaac_lab/isaac_ws/rl_code/soarm100sim/third_party/orbbec_293_ws/install/orbbec_camera/include/libobsensor/hpp/Context.hpp
[83.777s] -- Installing: /home/sophie/isaac_lab/isaac_ws/rl_code/soarm100sim/third_party/orbbec_293_ws/install/orbbec_camera/include/libobsensor/hpp/Pipeline.hpp
[83.777s] -- Installing: /home/sophie/isaac_lab/isaac_ws/rl_code/soarm100sim/third_party/orbbec_293_ws/install/orbbec_camera/include/libobsensor/hpp/TypeHelper.hpp
[83.777s] -- Installing: /home/sophie/isaac_lab/isaac_ws/rl_code/soarm100sim/third_party/orbbec_293_ws/install/orbbec_camera/include/libobsensor/hpp/Error.hpp
[83.777s] -- Installing: /home/sophie/isaac_lab/isaac_ws/rl_code/soarm100sim/third_party/orbbec_293_ws/install/orbbec_camera/include/libobsensor/hpp/Types.hpp
[83.777s] -- Installing: /home/sophie/isaac_lab/isaac_ws/rl_code/soarm100sim/third_party/orbbec_293_ws/install/orbbec_camera/include/libobsensor/ObSensor.hpp
[83.777s] -- Up-to-date: /home/sophie/isaac_lab/isaac_ws/rl_code/soarm100sim/third_party/orbbec_293_ws/install/orbbec_camera/lib/
[83.777s] -- Installing: /home/sophie/isaac_lab/isaac_ws/rl_code/soarm100sim/third_party/orbbec_293_ws/install/orbbec_camera/lib//libOrbbecSDK.so
[83.777s] -- Installing: /home/sophie/isaac_lab/isaac_ws/rl_code/soarm100sim/third_party/orbbec_293_ws/install/orbbec_camera/lib//libOrbbecSDK.so.2
[83.777s] -- Installing: /home/sophie/isaac_lab/isaac_ws/rl_code/soarm100sim/third_party/orbbec_293_ws/install/orbbec_camera/lib//extensions
[83.777s] -- Installing: /home/sophie/isaac_lab/isaac_ws/rl_code/soarm100sim/third_party/orbbec_293_ws/install/orbbec_camera/lib//extensions/frameprocessor
[83.777s] -- Installing: /home/sophie/isaac_lab/isaac_ws/rl_code/soarm100sim/third_party/orbbec_293_ws/install/orbbec_camera/lib//extensions/frameprocessor/libob_frame_processor.so
[83.778s] -- Installing: /home/sophie/isaac_lab/isaac_ws/rl_code/soarm100sim/third_party/orbbec_293_ws/install/orbbec_camera/lib//extensions/depthengine
[83.778s] -- Installing: /home/sophie/isaac_lab/isaac_ws/rl_code/soarm100sim/third_party/orbbec_293_ws/install/orbbec_camera/lib//extensions/depthengine/libdepthengine.so.2.0
[83.779s] -- Installing: /home/sophie/isaac_lab/isaac_ws/rl_code/soarm100sim/third_party/orbbec_293_ws/install/orbbec_camera/lib//extensions/depthengine/libdepthengine.so
[83.779s] -- Installing: /home/sophie/isaac_lab/isaac_ws/rl_code/soarm100sim/third_party/orbbec_293_ws/install/orbbec_camera/lib//extensions/filters
[83.779s] -- Installing: /home/sophie/isaac_lab/isaac_ws/rl_code/soarm100sim/third_party/orbbec_293_ws/install/orbbec_camera/lib//extensions/filters/libFilterProcessor.so
[83.780s] -- Installing: /home/sophie/isaac_lab/isaac_ws/rl_code/soarm100sim/third_party/orbbec_293_ws/install/orbbec_camera/lib//extensions/filters/libob_priv_filter.so
[83.780s] -- Installing: /home/sophie/isaac_lab/isaac_ws/rl_code/soarm100sim/third_party/orbbec_293_ws/install/orbbec_camera/lib//extensions/firmwareupdater
[83.780s] -- Installing: /home/sophie/isaac_lab/isaac_ws/rl_code/soarm100sim/third_party/orbbec_293_ws/install/orbbec_camera/lib//extensions/firmwareupdater/libfirmwareupdater.so
[83.781s] -- Installing: /home/sophie/isaac_lab/isaac_ws/rl_code/soarm100sim/third_party/orbbec_293_ws/install/orbbec_camera/lib//libOrbbecSDK.so.2.9.3
[83.793s] -- Installing: /home/sophie/isaac_lab/isaac_ws/rl_code/soarm100sim/third_party/orbbec_293_ws/install/orbbec_camera/lib/extensions/libdepthengine.so
[83.793s] -- Installing: /home/sophie/isaac_lab/isaac_ws/rl_code/soarm100sim/third_party/orbbec_293_ws/install/orbbec_camera/lib/extensions/libdepthengine.so.2.0
[83.793s] -- Installing: /home/sophie/isaac_lab/isaac_ws/rl_code/soarm100sim/third_party/orbbec_293_ws/install/orbbec_camera/lib/extensions/libFilterProcessor.so
[83.793s] -- Installing: /home/sophie/isaac_lab/isaac_ws/rl_code/soarm100sim/third_party/orbbec_293_ws/install/orbbec_camera/lib/extensions/libob_priv_filter.so
[83.793s] -- Installing: /home/sophie/isaac_lab/isaac_ws/rl_code/soarm100sim/third_party/orbbec_293_ws/install/orbbec_camera/lib/extensions/libfirmwareupdater.so
[83.794s] -- Installing: /home/sophie/isaac_lab/isaac_ws/rl_code/soarm100sim/third_party/orbbec_293_ws/install/orbbec_camera/lib/extensions/libob_frame_processor.so
[83.794s] -- Installing: /home/sophie/isaac_lab/isaac_ws/rl_code/soarm100sim/third_party/orbbec_293_ws/install/orbbec_camera/lib/orbbec_camera/list_devices_node
[83.794s] -- Set runtime path of "/home/sophie/isaac_lab/isaac_ws/rl_code/soarm100sim/third_party/orbbec_293_ws/install/orbbec_camera/lib/orbbec_camera/list_devices_node" to ":/home/sophie/isaac_lab/isaac_ws/rl_code/soarm100sim/third_party/orbbec_293_ws/src/OrbbecSDK_ROS2/orbbec_camera/SDK/lib/x64"
[83.794s] -- Installing: /home/sophie/isaac_lab/isaac_ws/rl_code/soarm100sim/third_party/orbbec_293_ws/install/orbbec_camera/lib/orbbec_camera/list_depth_work_mode_node
[83.794s] -- Set runtime path of "/home/sophie/isaac_lab/isaac_ws/rl_code/soarm100sim/third_party/orbbec_293_ws/install/orbbec_camera/lib/orbbec_camera/list_depth_work_mode_node" to ":/home/sophie/isaac_lab/isaac_ws/rl_code/soarm100sim/third_party/orbbec_293_ws/src/OrbbecSDK_ROS2/orbbec_camera/SDK/lib/x64"
[83.794s] -- Installing: /home/sophie/isaac_lab/isaac_ws/rl_code/soarm100sim/third_party/orbbec_293_ws/install/orbbec_camera/lib/orbbec_camera/list_camera_profile_mode_node
[83.795s] -- Set runtime path of "/home/sophie/isaac_lab/isaac_ws/rl_code/soarm100sim/third_party/orbbec_293_ws/install/orbbec_camera/lib/orbbec_camera/list_camera_profile_mode_node" to ":/home/sophie/isaac_lab/isaac_ws/rl_code/soarm100sim/third_party/orbbec_293_ws/src/OrbbecSDK_ROS2/orbbec_camera/SDK/lib/x64"
[83.795s] -- Installing: /home/sophie/isaac_lab/isaac_ws/rl_code/soarm100sim/third_party/orbbec_293_ws/install/orbbec_camera/lib/orbbec_camera/firmware_update_tool
[83.795s] -- Set runtime path of "/home/sophie/isaac_lab/isaac_ws/rl_code/soarm100sim/third_party/orbbec_293_ws/install/orbbec_camera/lib/orbbec_camera/firmware_update_tool" to ":/home/sophie/isaac_lab/isaac_ws/rl_code/soarm100sim/third_party/orbbec_293_ws/src/OrbbecSDK_ROS2/orbbec_camera/SDK/lib/x64"
[83.795s] -- Installing: /home/sophie/isaac_lab/isaac_ws/rl_code/soarm100sim/third_party/orbbec_293_ws/install/orbbec_camera/lib/orbbec_camera/topic_statistics_node
[83.795s] -- Set runtime path of "/home/sophie/isaac_lab/isaac_ws/rl_code/soarm100sim/third_party/orbbec_293_ws/install/orbbec_camera/lib/orbbec_camera/topic_statistics_node" to ":/home/sophie/isaac_lab/isaac_ws/rl_code/soarm100sim/third_party/orbbec_293_ws/src/OrbbecSDK_ROS2/orbbec_camera/SDK/lib/x64"
[83.796s] -- Installing: /home/sophie/isaac_lab/isaac_ws/rl_code/soarm100sim/third_party/orbbec_293_ws/install/orbbec_camera/lib/orbbec_camera/service_benchmark_node
[83.796s] -- Set runtime path of "/home/sophie/isaac_lab/isaac_ws/rl_code/soarm100sim/third_party/orbbec_293_ws/install/orbbec_camera/lib/orbbec_camera/service_benchmark_node" to ":/home/sophie/isaac_lab/isaac_ws/rl_code/soarm100sim/third_party/orbbec_293_ws/src/OrbbecSDK_ROS2/orbbec_camera/SDK/lib/x64"
[83.796s] -- Installing: /home/sophie/isaac_lab/isaac_ws/rl_code/soarm100sim/third_party/orbbec_293_ws/install/orbbec_camera/lib/orbbec_camera/ob_benchmark_node
[83.796s] -- Set runtime path of "/home/sophie/isaac_lab/isaac_ws/rl_code/soarm100sim/third_party/orbbec_293_ws/install/orbbec_camera/lib/orbbec_camera/ob_benchmark_node" to ":/home/sophie/isaac_lab/isaac_ws/rl_code/soarm100sim/third_party/orbbec_293_ws/src/OrbbecSDK_ROS2/orbbec_camera/SDK/lib/x64"
[83.796s] -- Installing: /home/sophie/isaac_lab/isaac_ws/rl_code/soarm100sim/third_party/orbbec_293_ws/install/orbbec_camera/lib/orbbec_camera/435le_example_node
[83.797s] -- Set runtime path of "/home/sophie/isaac_lab/isaac_ws/rl_code/soarm100sim/third_party/orbbec_293_ws/install/orbbec_camera/lib/orbbec_camera/435le_example_node" to ":/home/sophie/isaac_lab/isaac_ws/rl_code/soarm100sim/third_party/orbbec_293_ws/src/OrbbecSDK_ROS2/orbbec_camera/SDK/lib/x64"
[83.797s] -- Installing: /home/sophie/isaac_lab/isaac_ws/rl_code/soarm100sim/third_party/orbbec_293_ws/install/orbbec_camera/lib/orbbec_camera/ip_config_tool
[83.797s] -- Set runtime path of "/home/sophie/isaac_lab/isaac_ws/rl_code/soarm100sim/third_party/orbbec_293_ws/install/orbbec_camera/lib/orbbec_camera/ip_config_tool" to ":/home/sophie/isaac_lab/isaac_ws/rl_code/soarm100sim/third_party/orbbec_293_ws/src/OrbbecSDK_ROS2/orbbec_camera/SDK/lib/x64"
[83.797s] -- Installing: /home/sophie/isaac_lab/isaac_ws/rl_code/soarm100sim/third_party/orbbec_293_ws/install/orbbec_camera/lib/orbbec_camera/set_device_ip
[83.797s] -- Set runtime path of "/home/sophie/isaac_lab/isaac_ws/rl_code/soarm100sim/third_party/orbbec_293_ws/install/orbbec_camera/lib/orbbec_camera/set_device_ip" to ":/home/sophie/isaac_lab/isaac_ws/rl_code/soarm100sim/third_party/orbbec_293_ws/src/OrbbecSDK_ROS2/orbbec_camera/SDK/lib/x64"
[83.797s] -- Installing: /home/sophie/isaac_lab/isaac_ws/rl_code/soarm100sim/third_party/orbbec_293_ws/install/orbbec_camera/lib/orbbec_camera/image_sync_example_node
[83.798s] -- Set runtime path of "/home/sophie/isaac_lab/isaac_ws/rl_code/soarm100sim/third_party/orbbec_293_ws/install/orbbec_camera/lib/orbbec_camera/image_sync_example_node" to ":/home/sophie/isaac_lab/isaac_ws/rl_code/soarm100sim/third_party/orbbec_293_ws/src/OrbbecSDK_ROS2/orbbec_camera/SDK/lib/x64"
[83.798s] -- Installing: /home/sophie/isaac_lab/isaac_ws/rl_code/soarm100sim/third_party/orbbec_293_ws/install/orbbec_camera/share/orbbec_camera/environment/library_path.sh
[83.798s] -- Installing: /home/sophie/isaac_lab/isaac_ws/rl_code/soarm100sim/third_party/orbbec_293_ws/install/orbbec_camera/share/orbbec_camera/environment/library_path.dsv
[83.798s] -- Installing: /home/sophie/isaac_lab/isaac_ws/rl_code/soarm100sim/third_party/orbbec_293_ws/install/orbbec_camera/share/ament_index/resource_index/package_run_dependencies/orbbec_camera
[83.798s] -- Installing: /home/sophie/isaac_lab/isaac_ws/rl_code/soarm100sim/third_party/orbbec_293_ws/install/orbbec_camera/share/ament_index/resource_index/parent_prefix_path/orbbec_camera
[83.799s] -- Installing: /home/sophie/isaac_lab/isaac_ws/rl_code/soarm100sim/third_party/orbbec_293_ws/install/orbbec_camera/share/orbbec_camera/environment/ament_prefix_path.sh
[83.799s] -- Installing: /home/sophie/isaac_lab/isaac_ws/rl_code/soarm100sim/third_party/orbbec_293_ws/install/orbbec_camera/share/orbbec_camera/environment/ament_prefix_path.dsv
[83.799s] -- Installing: /home/sophie/isaac_lab/isaac_ws/rl_code/soarm100sim/third_party/orbbec_293_ws/install/orbbec_camera/share/orbbec_camera/environment/path.sh
[83.799s] -- Installing: /home/sophie/isaac_lab/isaac_ws/rl_code/soarm100sim/third_party/orbbec_293_ws/install/orbbec_camera/share/orbbec_camera/environment/path.dsv
[83.799s] -- Installing: /home/sophie/isaac_lab/isaac_ws/rl_code/soarm100sim/third_party/orbbec_293_ws/install/orbbec_camera/share/orbbec_camera/local_setup.bash
[83.799s] -- Installing: /home/sophie/isaac_lab/isaac_ws/rl_code/soarm100sim/third_party/orbbec_293_ws/install/orbbec_camera/share/orbbec_camera/local_setup.sh
[83.799s] -- Installing: /home/sophie/isaac_lab/isaac_ws/rl_code/soarm100sim/third_party/orbbec_293_ws/install/orbbec_camera/share/orbbec_camera/local_setup.zsh
[83.799s] -- Installing: /home/sophie/isaac_lab/isaac_ws/rl_code/soarm100sim/third_party/orbbec_293_ws/install/orbbec_camera/share/orbbec_camera/local_setup.dsv
[83.799s] -- Installing: /home/sophie/isaac_lab/isaac_ws/rl_code/soarm100sim/third_party/orbbec_293_ws/install/orbbec_camera/share/orbbec_camera/package.dsv
[83.799s] -- Installing: /home/sophie/isaac_lab/isaac_ws/rl_code/soarm100sim/third_party/orbbec_293_ws/install/orbbec_camera/share/ament_index/resource_index/packages/orbbec_camera
[83.800s] -- Installing: /home/sophie/isaac_lab/isaac_ws/rl_code/soarm100sim/third_party/orbbec_293_ws/install/orbbec_camera/share/ament_index/resource_index/rclcpp_components/orbbec_camera
[83.800s] -- Installing: /home/sophie/isaac_lab/isaac_ws/rl_code/soarm100sim/third_party/orbbec_293_ws/install/orbbec_camera/share/orbbec_camera/cmake/ament_cmake_export_include_directories-extras.cmake
[83.800s] -- Installing: /home/sophie/isaac_lab/isaac_ws/rl_code/soarm100sim/third_party/orbbec_293_ws/install/orbbec_camera/share/orbbec_camera/cmake/ament_cmake_export_libraries-extras.cmake
[83.800s] -- Installing: /home/sophie/isaac_lab/isaac_ws/rl_code/soarm100sim/third_party/orbbec_293_ws/install/orbbec_camera/share/orbbec_camera/cmake/ament_cmake_export_dependencies-extras.cmake
[83.800s] -- Installing: /home/sophie/isaac_lab/isaac_ws/rl_code/soarm100sim/third_party/orbbec_293_ws/install/orbbec_camera/share/orbbec_camera/cmake/orbbec_cameraConfig.cmake
[83.800s] -- Installing: /home/sophie/isaac_lab/isaac_ws/rl_code/soarm100sim/third_party/orbbec_293_ws/install/orbbec_camera/share/orbbec_camera/cmake/orbbec_cameraConfig-version.cmake
[83.800s] -- Installing: /home/sophie/isaac_lab/isaac_ws/rl_code/soarm100sim/third_party/orbbec_293_ws/install/orbbec_camera/share/orbbec_camera/package.xml
[90.043s] Invoked command in '/home/sophie/isaac_lab/isaac_ws/rl_code/soarm100sim/third_party/orbbec_293_ws/build/orbbec_camera' returned '0': AMENT_PREFIX_PATH=/home/sophie/isaac_lab/isaac_ws/rl_code/soarm100sim/third_party/orbbec_293_ws/install/orbbec_camera_msgs:${AMENT_PREFIX_PATH} CMAKE_PREFIX_PATH=/home/sophie/isaac_lab/isaac_ws/rl_code/soarm100sim/third_party/orbbec_293_ws/install/orbbec_camera_msgs:/opt/ros/humble LD_LIBRARY_PATH=/home/sophie/isaac_lab/isaac_ws/rl_code/soarm100sim/third_party/orbbec_293_ws/install/orbbec_camera_msgs/lib:${LD_LIBRARY_PATH} PYTHONPATH=/home/sophie/isaac_lab/isaac_ws/rl_code/soarm100sim/third_party/orbbec_293_ws/install/orbbec_camera_msgs/local/lib/python3.10/dist-packages:${PYTHONPATH} /usr/bin/cmake --install /home/sophie/isaac_lab/isaac_ws/rl_code/soarm100sim/third_party/orbbec_293_ws/build/orbbec_camera
