[INFO] [1785923709.044686987] [so100_plus_policy_reach]: policy reach ready: checkpoint loaded, MuJoCo FK only, target=(+0.350,+0.020,+0.260), rate=10.0Hz max_step=0.020rad start_on_launch=True
[WARN] [1785923709.145252272] [so100_plus_policy_reach]: starting from a hardware-safe pose outside the MuJoCo training range; policy success is not guaranteed: shoulder_pitch_joint=-3.2678rad outside training [-3.1416,+0.2000]
[INFO] [1785923710.047952909] [so100_plus_policy_reach]: reach tick=10 pos_err=176.6mm ori_err=87.1deg |dq|=0.0472
[INFO] [1785923711.049320539] [so100_plus_policy_reach]: reach tick=20 pos_err=177.8mm ori_err=86.8deg |dq|=0.0450
[INFO] [1785923712.048244459] [so100_plus_policy_reach]: reach tick=30 pos_err=179.5mm ori_err=86.7deg |dq|=0.0454
[INFO] [1785923713.048747421] [so100_plus_policy_reach]: reach tick=40 pos_err=180.5mm ori_err=86.6deg |dq|=0.0430
[INFO] [1785923714.049871621] [so100_plus_policy_reach]: reach tick=50 pos_err=180.6mm ori_err=86.6deg |dq|=0.0437
[INFO] [1785923715.048288718] [so100_plus_policy_reach]: reach tick=60 pos_err=180.8mm ori_err=86.6deg |dq|=0.0425
[INFO] [1785923716.049091317] [so100_plus_policy_reach]: reach tick=70 pos_err=180.8mm ori_err=86.6deg |dq|=0.0425
[INFO] [1785923717.049436753] [so100_plus_policy_reach]: reach tick=80 pos_err=180.8mm ori_err=86.6deg |dq|=0.0425
[INFO] [1785923718.047846575] [so100_plus_policy_reach]: reach tick=90 pos_err=180.8mm ori_err=86.6deg |dq|=0.0425
[INFO] [1785923719.048151524] [so100_plus_policy_reach]: reach tick=100 pos_err=180.8mm ori_err=86.6deg |dq|=0.0425
[INFO] [1785923720.048516224] [so100_plus_policy_reach]: reach tick=110 pos_err=180.8mm ori_err=86.6deg |dq|=0.0425
[INFO] [1785923721.049809551] [so100_plus_policy_reach]: reach tick=120 pos_err=180.8mm ori_err=86.6deg |dq|=0.0425
[INFO] [1785923722.049547728] [so100_plus_policy_reach]: reach tick=130 pos_err=180.8mm ori_err=86.6deg |dq|=0.0425
[INFO] [1785923723.048890692] [so100_plus_policy_reach]: reach tick=140 pos_err=180.8mm ori_err=86.6deg |dq|=0.0425
[INFO] [1785923724.048128836] [so100_plus_policy_reach]: reach tick=150 pos_err=180.8mm ori_err=86.6deg |dq|=0.0425
[INFO] [1785923725.048406406] [so100_plus_policy_reach]: reach tick=160 pos_err=180.8mm ori_err=86.6deg |dq|=0.0425
[WARN] [1785923725.945566210] [so100_plus_policy_reach]: policy reach stopped: JOINT_STATE_TIMEOUT {}
Traceback (most recent call last):
  File "/home/sophie/isaac_lab/isaac_ws/rl_code/soarm100sim/ros2/soarm100_vision/soarm100_vision/policy_reach_node.py", line 327, in <module>
    main()
  File "/home/sophie/isaac_lab/isaac_ws/rl_code/soarm100sim/ros2/soarm100_vision/soarm100_vision/policy_reach_node.py", line 317, in main
    rclpy.spin(node)
  File "/opt/ros/humble/local/lib/python3.10/dist-packages/rclpy/__init__.py", line 229, in spin
    executor.spin_once()
  File "/opt/ros/humble/local/lib/python3.10/dist-packages/rclpy/executors.py", line 808, in spin_once
    self._spin_once_impl(timeout_sec)
  File "/opt/ros/humble/local/lib/python3.10/dist-packages/rclpy/executors.py", line 797, in _spin_once_impl
    handler, entity, node = self.wait_for_ready_callbacks(timeout_sec=timeout_sec)
  File "/opt/ros/humble/local/lib/python3.10/dist-packages/rclpy/executors.py", line 780, in wait_for_ready_callbacks
    return next(self._cb_iter)
  File "/opt/ros/humble/local/lib/python3.10/dist-packages/rclpy/executors.py", line 681, in _wait_for_ready_callbacks
    raise ExternalShutdownException()
rclpy.executors.ExternalShutdownException
