[0.008s] Invoking command in '/home/sophie/isaac_lab/isaac_ws/rl_code/soarm100sim/ros2/build/soarm100_interfaces': CMAKE_PREFIX_PATH=${CMAKE_PREFIX_PATH}:/home/sophie/isaac_lab/isaac_ws/rl_code/soarm100sim/ros2/install/soarm100_vision:/opt/ros/humble CONDA_PROMPT_MODIFIER=(base) /usr/bin/cmake --build /home/sophie/isaac_lab/isaac_ws/rl_code/soarm100sim/ros2/build/soarm100_interfaces -- -j32 -l32
[0.063s] [  1%] Built target soarm100_interfaces__rs
[0.063s] [  1%] Built target soarm100_interfaces__cpp
[0.066s] [ 13%] Built target soarm100_interfaces__rosidl_generator_c
[0.069s] [ 13%] Built target ament_cmake_python_symlink_soarm100_interfaces
[0.084s] [ 25%] Built target soarm100_interfaces__rosidl_typesupport_introspection_cpp
[0.086s] [ 37%] Built target soarm100_interfaces__rosidl_typesupport_cpp
[0.086s] [ 48%] Built target soarm100_interfaces__rosidl_typesupport_c
[0.088s] [ 59%] Built target soarm100_interfaces__rosidl_typesupport_introspection_c
[0.089s] [ 71%] Built target soarm100_interfaces__rosidl_typesupport_fastrtps_cpp
[0.091s] [ 82%] Built target soarm100_interfaces__rosidl_typesupport_fastrtps_c
[0.107s] [ 82%] Built target soarm100_interfaces
[0.124s] [ 83%] Built target soarm100_interfaces__py
[0.144s] [ 94%] Built target soarm100_interfaces__rosidl_generator_py
[0.162s] [ 96%] Built target soarm100_interfaces__rosidl_typesupport_c__pyext
[0.162s] [ 98%] Built target soarm100_interfaces__rosidl_typesupport_fastrtps_c__pyext
[0.164s] [100%] Built target soarm100_interfaces__rosidl_typesupport_introspection_c__pyext
[0.235s] running egg_info
[0.236s] writing soarm100_interfaces.egg-info/PKG-INFO
[0.236s] writing dependency_links to soarm100_interfaces.egg-info/dependency_links.txt
[0.236s] writing top-level names to soarm100_interfaces.egg-info/top_level.txt
[0.237s] reading manifest file 'soarm100_interfaces.egg-info/SOURCES.txt'
[0.238s] writing manifest file 'soarm100_interfaces.egg-info/SOURCES.txt'
[0.254s] [100%] Built target ament_cmake_python_build_soarm100_interfaces_egg
[0.264s] Invoked command in '/home/sophie/isaac_lab/isaac_ws/rl_code/soarm100sim/ros2/build/soarm100_interfaces' returned '0': CMAKE_PREFIX_PATH=${CMAKE_PREFIX_PATH}:/home/sophie/isaac_lab/isaac_ws/rl_code/soarm100sim/ros2/install/soarm100_vision:/opt/ros/humble CONDA_PROMPT_MODIFIER=(base) /usr/bin/cmake --build /home/sophie/isaac_lab/isaac_ws/rl_code/soarm100sim/ros2/build/soarm100_interfaces -- -j32 -l32
[0.270s] Invoking command in '/home/sophie/isaac_lab/isaac_ws/rl_code/soarm100sim/ros2/build/soarm100_interfaces': CMAKE_PREFIX_PATH=${CMAKE_PREFIX_PATH}:/home/sophie/isaac_lab/isaac_ws/rl_code/soarm100sim/ros2/install/soarm100_vision:/opt/ros/humble CONDA_PROMPT_MODIFIER=(base) /usr/bin/cmake --install /home/sophie/isaac_lab/isaac_ws/rl_code/soarm100sim/ros2/build/soarm100_interfaces
[0.278s] -- Install configuration: ""
[0.279s] -- Execute custom install script
[0.280s] -- Up-to-date symlink: /home/sophie/isaac_lab/isaac_ws/rl_code/soarm100sim/ros2/install/soarm100_interfaces/share/ament_index/resource_index/rosidl_interfaces/soarm100_interfaces
[0.281s] -- Up-to-date symlink: /home/sophie/isaac_lab/isaac_ws/rl_code/soarm100sim/ros2/install/soarm100_interfaces/include/soarm100_interfaces/soarm100_interfaces/action/detail/execute_grasp__functions.h
[0.281s] -- Up-to-date symlink: /home/sophie/isaac_lab/isaac_ws/rl_code/soarm100sim/ros2/install/soarm100_interfaces/include/soarm100_interfaces/soarm100_interfaces/action/detail/execute_grasp__struct.h
[0.281s] -- Up-to-date symlink: /home/sophie/isaac_lab/isaac_ws/rl_code/soarm100sim/ros2/install/soarm100_interfaces/include/soarm100_interfaces/soarm100_interfaces/action/detail/execute_grasp__type_support.h
[0.281s] -- Up-to-date symlink: /home/sophie/isaac_lab/isaac_ws/rl_code/soarm100sim/ros2/install/soarm100_interfaces/include/soarm100_interfaces/soarm100_interfaces/action/detail/execute_planned_grasp__functions.h
[0.281s] -- Up-to-date symlink: /home/sophie/isaac_lab/isaac_ws/rl_code/soarm100sim/ros2/install/soarm100_interfaces/include/soarm100_interfaces/soarm100_interfaces/action/detail/execute_planned_grasp__struct.h
[0.281s] -- Up-to-date symlink: /home/sophie/isaac_lab/isaac_ws/rl_code/soarm100sim/ros2/install/soarm100_interfaces/include/soarm100_interfaces/soarm100_interfaces/action/detail/execute_planned_grasp__type_support.h
[0.281s] -- Up-to-date symlink: /home/sophie/isaac_lab/isaac_ws/rl_code/soarm100sim/ros2/install/soarm100_interfaces/include/soarm100_interfaces/soarm100_interfaces/action/detail/plan_grasp__functions.h
[0.282s] -- Up-to-date symlink: /home/sophie/isaac_lab/isaac_ws/rl_code/soarm100sim/ros2/install/soarm100_interfaces/include/soarm100_interfaces/soarm100_interfaces/action/detail/plan_grasp__struct.h
[0.282s] -- Up-to-date symlink: /home/sophie/isaac_lab/isaac_ws/rl_code/soarm100sim/ros2/install/soarm100_interfaces/include/soarm100_interfaces/soarm100_interfaces/action/detail/plan_grasp__type_support.h
[0.282s] -- Up-to-date symlink: /home/sophie/isaac_lab/isaac_ws/rl_code/soarm100sim/ros2/install/soarm100_interfaces/include/soarm100_interfaces/soarm100_interfaces/action/execute_grasp.h
[0.282s] -- Up-to-date symlink: /home/sophie/isaac_lab/isaac_ws/rl_code/soarm100sim/ros2/install/soarm100_interfaces/include/soarm100_interfaces/soarm100_interfaces/action/execute_planned_grasp.h
[0.282s] -- Up-to-date symlink: /home/sophie/isaac_lab/isaac_ws/rl_code/soarm100sim/ros2/install/soarm100_interfaces/include/soarm100_interfaces/soarm100_interfaces/action/plan_grasp.h
[0.282s] -- Up-to-date symlink: /home/sophie/isaac_lab/isaac_ws/rl_code/soarm100sim/ros2/install/soarm100_interfaces/include/soarm100_interfaces/soarm100_interfaces/msg/detail/tracked_target2_d__functions.h
[0.282s] -- Up-to-date symlink: /home/sophie/isaac_lab/isaac_ws/rl_code/soarm100sim/ros2/install/soarm100_interfaces/include/soarm100_interfaces/soarm100_interfaces/msg/detail/tracked_target2_d__struct.h
[0.282s] -- Up-to-date symlink: /home/sophie/isaac_lab/isaac_ws/rl_code/soarm100sim/ros2/install/soarm100_interfaces/include/soarm100_interfaces/soarm100_interfaces/msg/detail/tracked_target2_d__type_support.h
[0.282s] -- Up-to-date symlink: /home/sophie/isaac_lab/isaac_ws/rl_code/soarm100sim/ros2/install/soarm100_interfaces/include/soarm100_interfaces/soarm100_interfaces/msg/rosidl_generator_c__visibility_control.h
[0.282s] -- Up-to-date symlink: /home/sophie/isaac_lab/isaac_ws/rl_code/soarm100sim/ros2/install/soarm100_interfaces/include/soarm100_interfaces/soarm100_interfaces/msg/tracked_target2_d.h
[0.283s] -- Up-to-date symlink: /home/sophie/isaac_lab/isaac_ws/rl_code/soarm100sim/ros2/install/soarm100_interfaces/include/soarm100_interfaces/soarm100_interfaces/srv/detail/move_joint_delta__functions.h
[0.283s] -- Up-to-date symlink: /home/sophie/isaac_lab/isaac_ws/rl_code/soarm100sim/ros2/install/soarm100_interfaces/include/soarm100_interfaces/soarm100_interfaces/srv/detail/move_joint_delta__struct.h
[0.283s] -- Up-to-date symlink: /home/sophie/isaac_lab/isaac_ws/rl_code/soarm100sim/ros2/install/soarm100_interfaces/include/soarm100_interfaces/soarm100_interfaces/srv/detail/move_joint_delta__type_support.h
[0.283s] -- Up-to-date symlink: /home/sophie/isaac_lab/isaac_ws/rl_code/soarm100sim/ros2/install/soarm100_interfaces/include/soarm100_interfaces/soarm100_interfaces/srv/detail/move_joint_target__functions.h
[0.283s] -- Up-to-date symlink: /home/sophie/isaac_lab/isaac_ws/rl_code/soarm100sim/ros2/install/soarm100_interfaces/include/soarm100_interfaces/soarm100_interfaces/srv/detail/move_joint_target__struct.h
[0.283s] -- Up-to-date symlink: /home/sophie/isaac_lab/isaac_ws/rl_code/soarm100sim/ros2/install/soarm100_interfaces/include/soarm100_interfaces/soarm100_interfaces/srv/detail/move_joint_target__type_support.h
[0.283s] -- Up-to-date symlink: /home/sophie/isaac_lab/isaac_ws/rl_code/soarm100sim/ros2/install/soarm100_interfaces/include/soarm100_interfaces/soarm100_interfaces/srv/detail/move_named_pose__functions.h
[0.283s] -- Up-to-date symlink: /home/sophie/isaac_lab/isaac_ws/rl_code/soarm100sim/ros2/install/soarm100_interfaces/include/soarm100_interfaces/soarm100_interfaces/srv/detail/move_named_pose__struct.h
[0.283s] -- Up-to-date symlink: /home/sophie/isaac_lab/isaac_ws/rl_code/soarm100sim/ros2/install/soarm100_interfaces/include/soarm100_interfaces/soarm100_interfaces/srv/detail/move_named_pose__type_support.h
[0.284s] -- Up-to-date symlink: /home/sophie/isaac_lab/isaac_ws/rl_code/soarm100sim/ros2/install/soarm100_interfaces/include/soarm100_interfaces/soarm100_interfaces/srv/detail/move_single_joint__functions.h
[0.284s] -- Up-to-date symlink: /home/sophie/isaac_lab/isaac_ws/rl_code/soarm100sim/ros2/install/soarm100_interfaces/include/soarm100_interfaces/soarm100_interfaces/srv/detail/move_single_joint__struct.h
[0.284s] -- Up-to-date symlink: /home/sophie/isaac_lab/isaac_ws/rl_code/soarm100sim/ros2/install/soarm100_interfaces/include/soarm100_interfaces/soarm100_interfaces/srv/detail/move_single_joint__type_support.h
[0.284s] -- Up-to-date symlink: /home/sophie/isaac_lab/isaac_ws/rl_code/soarm100sim/ros2/install/soarm100_interfaces/include/soarm100_interfaces/soarm100_interfaces/srv/detail/segment_target__functions.h
[0.284s] -- Up-to-date symlink: /home/sophie/isaac_lab/isaac_ws/rl_code/soarm100sim/ros2/install/soarm100_interfaces/include/soarm100_interfaces/soarm100_interfaces/srv/detail/segment_target__struct.h
[0.284s] -- Up-to-date symlink: /home/sophie/isaac_lab/isaac_ws/rl_code/soarm100sim/ros2/install/soarm100_interfaces/include/soarm100_interfaces/soarm100_interfaces/srv/detail/segment_target__type_support.h
[0.284s] -- Up-to-date symlink: /home/sophie/isaac_lab/isaac_ws/rl_code/soarm100sim/ros2/install/soarm100_interfaces/include/soarm100_interfaces/soarm100_interfaces/srv/detail/set_avoidance__functions.h
[0.284s] -- Up-to-date symlink: /home/sophie/isaac_lab/isaac_ws/rl_code/soarm100sim/ros2/install/soarm100_interfaces/include/soarm100_interfaces/soarm100_interfaces/srv/detail/set_avoidance__struct.h
[0.284s] -- Up-to-date symlink: /home/sophie/isaac_lab/isaac_ws/rl_code/soarm100sim/ros2/install/soarm100_interfaces/include/soarm100_interfaces/soarm100_interfaces/srv/detail/set_avoidance__type_support.h
[0.285s] -- Up-to-date symlink: /home/sophie/isaac_lab/isaac_ws/rl_code/soarm100sim/ros2/install/soarm100_interfaces/include/soarm100_interfaces/soarm100_interfaces/srv/detail/set_hardware_torque__functions.h
[0.285s] -- Up-to-date symlink: /home/sophie/isaac_lab/isaac_ws/rl_code/soarm100sim/ros2/install/soarm100_interfaces/include/soarm100_interfaces/soarm100_interfaces/srv/detail/set_hardware_torque__struct.h
[0.285s] -- Up-to-date symlink: /home/sophie/isaac_lab/isaac_ws/rl_code/soarm100sim/ros2/install/soarm100_interfaces/include/soarm100_interfaces/soarm100_interfaces/srv/detail/set_hardware_torque__type_support.h
[0.285s] -- Up-to-date symlink: /home/sophie/isaac_lab/isaac_ws/rl_code/soarm100sim/ros2/install/soarm100_interfaces/include/soarm100_interfaces/soarm100_interfaces/srv/move_joint_delta.h
[0.285s] -- Up-to-date symlink: /home/sophie/isaac_lab/isaac_ws/rl_code/soarm100sim/ros2/install/soarm100_interfaces/include/soarm100_interfaces/soarm100_interfaces/srv/move_joint_target.h
[0.285s] -- Up-to-date symlink: /home/sophie/isaac_lab/isaac_ws/rl_code/soarm100sim/ros2/install/soarm100_interfaces/include/soarm100_interfaces/soarm100_interfaces/srv/move_named_pose.h
[0.285s] -- Up-to-date symlink: /home/sophie/isaac_lab/isaac_ws/rl_code/soarm100sim/ros2/install/soarm100_interfaces/include/soarm100_interfaces/soarm100_interfaces/srv/move_single_joint.h
[0.285s] -- Up-to-date symlink: /home/sophie/isaac_lab/isaac_ws/rl_code/soarm100sim/ros2/install/soarm100_interfaces/include/soarm100_interfaces/soarm100_interfaces/srv/segment_target.h
[0.285s] -- Up-to-date symlink: /home/sophie/isaac_lab/isaac_ws/rl_code/soarm100sim/ros2/install/soarm100_interfaces/include/soarm100_interfaces/soarm100_interfaces/srv/set_avoidance.h
[0.285s] -- Up-to-date symlink: /home/sophie/isaac_lab/isaac_ws/rl_code/soarm100sim/ros2/install/soarm100_interfaces/include/soarm100_interfaces/soarm100_interfaces/srv/set_hardware_torque.h
[0.286s] -- Up-to-date symlink: /home/sophie/isaac_lab/isaac_ws/rl_code/soarm100sim/ros2/install/soarm100_interfaces/share/soarm100_interfaces/environment/library_path.sh
[0.286s] -- Up-to-date symlink: /home/sophie/isaac_lab/isaac_ws/rl_code/soarm100sim/ros2/install/soarm100_interfaces/share/soarm100_interfaces/environment/library_path.dsv
[0.286s] -- Up-to-date symlink: /home/sophie/isaac_lab/isaac_ws/rl_code/soarm100sim/ros2/install/soarm100_interfaces/include/soarm100_interfaces/soarm100_interfaces/action/detail/execute_grasp__rosidl_typesupport_fastrtps_c.h
[0.286s] -- Up-to-date symlink: /home/sophie/isaac_lab/isaac_ws/rl_code/soarm100sim/ros2/install/soarm100_interfaces/include/soarm100_interfaces/soarm100_interfaces/action/detail/execute_planned_grasp__rosidl_typesupport_fastrtps_c.h
[0.287s] -- Up-to-date symlink: /home/sophie/isaac_lab/isaac_ws/rl_code/soarm100sim/ros2/install/soarm100_interfaces/include/soarm100_interfaces/soarm100_interfaces/action/detail/plan_grasp__rosidl_typesupport_fastrtps_c.h
[0.287s] -- Up-to-date symlink: /home/sophie/isaac_lab/isaac_ws/rl_code/soarm100sim/ros2/install/soarm100_interfaces/include/soarm100_interfaces/soarm100_interfaces/msg/detail/tracked_target2_d__rosidl_typesupport_fastrtps_c.h
[0.287s] -- Up-to-date symlink: /home/sophie/isaac_lab/isaac_ws/rl_code/soarm100sim/ros2/install/soarm100_interfaces/include/soarm100_interfaces/soarm100_interfaces/msg/rosidl_typesupport_fastrtps_c__visibility_control.h
[0.287s] -- Up-to-date symlink: /home/sophie/isaac_lab/isaac_ws/rl_code/soarm100sim/ros2/install/soarm100_interfaces/include/soarm100_interfaces/soarm100_interfaces/srv/detail/move_joint_delta__rosidl_typesupport_fastrtps_c.h
[0.287s] -- Up-to-date symlink: /home/sophie/isaac_lab/isaac_ws/rl_code/soarm100sim/ros2/install/soarm100_interfaces/include/soarm100_interfaces/soarm100_interfaces/srv/detail/move_joint_target__rosidl_typesupport_fastrtps_c.h
[0.287s] -- Up-to-date symlink: /home/sophie/isaac_lab/isaac_ws/rl_code/soarm100sim/ros2/install/soarm100_interfaces/include/soarm100_interfaces/soarm100_interfaces/srv/detail/move_named_pose__rosidl_typesupport_fastrtps_c.h
[0.287s] -- Up-to-date symlink: /home/sophie/isaac_lab/isaac_ws/rl_code/soarm100sim/ros2/install/soarm100_interfaces/include/soarm100_interfaces/soarm100_interfaces/srv/detail/move_single_joint__rosidl_typesupport_fastrtps_c.h
[0.287s] -- Up-to-date symlink: /home/sophie/isaac_lab/isaac_ws/rl_code/soarm100sim/ros2/install/soarm100_interfaces/include/soarm100_interfaces/soarm100_interfaces/srv/detail/segment_target__rosidl_typesupport_fastrtps_c.h
[0.287s] -- Up-to-date symlink: /home/sophie/isaac_lab/isaac_ws/rl_code/soarm100sim/ros2/install/soarm100_interfaces/include/soarm100_interfaces/soarm100_interfaces/srv/detail/set_avoidance__rosidl_typesupport_fastrtps_c.h
[0.287s] -- Up-to-date symlink: /home/sophie/isaac_lab/isaac_ws/rl_code/soarm100sim/ros2/install/soarm100_interfaces/include/soarm100_interfaces/soarm100_interfaces/srv/detail/set_hardware_torque__rosidl_typesupport_fastrtps_c.h
[0.288s] -- Up-to-date symlink: /home/sophie/isaac_lab/isaac_ws/rl_code/soarm100sim/ros2/install/soarm100_interfaces/include/soarm100_interfaces/soarm100_interfaces/action/detail/execute_grasp__rosidl_typesupport_introspection_c.h
[0.288s] -- Up-to-date symlink: /home/sophie/isaac_lab/isaac_ws/rl_code/soarm100sim/ros2/install/soarm100_interfaces/include/soarm100_interfaces/soarm100_interfaces/action/detail/execute_planned_grasp__rosidl_typesupport_introspection_c.h
[0.288s] -- Up-to-date symlink: /home/sophie/isaac_lab/isaac_ws/rl_code/soarm100sim/ros2/install/soarm100_interfaces/include/soarm100_interfaces/soarm100_interfaces/action/detail/plan_grasp__rosidl_typesupport_introspection_c.h
[0.288s] -- Up-to-date symlink: /home/sophie/isaac_lab/isaac_ws/rl_code/soarm100sim/ros2/install/soarm100_interfaces/include/soarm100_interfaces/soarm100_interfaces/msg/detail/tracked_target2_d__rosidl_typesupport_introspection_c.h
[0.288s] -- Up-to-date symlink: /home/sophie/isaac_lab/isaac_ws/rl_code/soarm100sim/ros2/install/soarm100_interfaces/include/soarm100_interfaces/soarm100_interfaces/msg/rosidl_typesupport_introspection_c__visibility_control.h
[0.288s] -- Up-to-date symlink: /home/sophie/isaac_lab/isaac_ws/rl_code/soarm100sim/ros2/install/soarm100_interfaces/include/soarm100_interfaces/soarm100_interfaces/srv/detail/move_joint_delta__rosidl_typesupport_introspection_c.h
[0.288s] -- Up-to-date symlink: /home/sophie/isaac_lab/isaac_ws/rl_code/soarm100sim/ros2/install/soarm100_interfaces/include/soarm100_interfaces/soarm100_interfaces/srv/detail/move_joint_target__rosidl_typesupport_introspection_c.h
[0.288s] -- Up-to-date symlink: /home/sophie/isaac_lab/isaac_ws/rl_code/soarm100sim/ros2/install/soarm100_interfaces/include/soarm100_interfaces/soarm100_interfaces/srv/detail/move_named_pose__rosidl_typesupport_introspection_c.h
[0.288s] -- Up-to-date symlink: /home/sophie/isaac_lab/isaac_ws/rl_code/soarm100sim/ros2/install/soarm100_interfaces/include/soarm100_interfaces/soarm100_interfaces/srv/detail/move_single_joint__rosidl_typesupport_introspection_c.h
[0.288s] -- Up-to-date symlink: /home/sophie/isaac_lab/isaac_ws/rl_code/soarm100sim/ros2/install/soarm100_interfaces/include/soarm100_interfaces/soarm100_interfaces/srv/detail/segment_target__rosidl_typesupport_introspection_c.h
[0.288s] -- Up-to-date symlink: /home/sophie/isaac_lab/isaac_ws/rl_code/soarm100sim/ros2/install/soarm100_interfaces/include/soarm100_interfaces/soarm100_interfaces/srv/detail/set_avoidance__rosidl_typesupport_introspection_c.h
[0.288s] -- Up-to-date symlink: /home/sophie/isaac_lab/isaac_ws/rl_code/soarm100sim/ros2/install/soarm100_interfaces/include/soarm100_interfaces/soarm100_interfaces/srv/detail/set_hardware_torque__rosidl_typesupport_introspection_c.h
[0.289s] -- Up-to-date symlink: /home/sophie/isaac_lab/isaac_ws/rl_code/soarm100sim/ros2/install/soarm100_interfaces/include/soarm100_interfaces/soarm100_interfaces/action/detail/execute_grasp__builder.hpp
[0.289s] -- Up-to-date symlink: /home/sophie/isaac_lab/isaac_ws/rl_code/soarm100sim/ros2/install/soarm100_interfaces/include/soarm100_interfaces/soarm100_interfaces/action/detail/execute_grasp__struct.hpp
[0.289s] -- Up-to-date symlink: /home/sophie/isaac_lab/isaac_ws/rl_code/soarm100sim/ros2/install/soarm100_interfaces/include/soarm100_interfaces/soarm100_interfaces/action/detail/execute_grasp__traits.hpp
[0.289s] -- Up-to-date symlink: /home/sophie/isaac_lab/isaac_ws/rl_code/soarm100sim/ros2/install/soarm100_interfaces/include/soarm100_interfaces/soarm100_interfaces/action/detail/execute_grasp__type_support.hpp
[0.289s] -- Up-to-date symlink: /home/sophie/isaac_lab/isaac_ws/rl_code/soarm100sim/ros2/install/soarm100_interfaces/include/soarm100_interfaces/soarm100_interfaces/action/detail/execute_planned_grasp__builder.hpp
[0.289s] -- Up-to-date symlink: /home/sophie/isaac_lab/isaac_ws/rl_code/soarm100sim/ros2/install/soarm100_interfaces/include/soarm100_interfaces/soarm100_interfaces/action/detail/execute_planned_grasp__struct.hpp
[0.289s] -- Up-to-date symlink: /home/sophie/isaac_lab/isaac_ws/rl_code/soarm100sim/ros2/install/soarm100_interfaces/include/soarm100_interfaces/soarm100_interfaces/action/detail/execute_planned_grasp__traits.hpp
[0.289s] -- Up-to-date symlink: /home/sophie/isaac_lab/isaac_ws/rl_code/soarm100sim/ros2/install/soarm100_interfaces/include/soarm100_interfaces/soarm100_interfaces/action/detail/execute_planned_grasp__type_support.hpp
[0.289s] -- Up-to-date symlink: /home/sophie/isaac_lab/isaac_ws/rl_code/soarm100sim/ros2/install/soarm100_interfaces/include/soarm100_interfaces/soarm100_interfaces/action/detail/plan_grasp__builder.hpp
[0.290s] -- Up-to-date symlink: /home/sophie/isaac_lab/isaac_ws/rl_code/soarm100sim/ros2/install/soarm100_interfaces/include/soarm100_interfaces/soarm100_interfaces/action/detail/plan_grasp__struct.hpp
[0.290s] -- Up-to-date symlink: /home/sophie/isaac_lab/isaac_ws/rl_code/soarm100sim/ros2/install/soarm100_interfaces/include/soarm100_interfaces/soarm100_interfaces/action/detail/plan_grasp__traits.hpp
[0.290s] -- Up-to-date symlink: /home/sophie/isaac_lab/isaac_ws/rl_code/soarm100sim/ros2/install/soarm100_interfaces/include/soarm100_interfaces/soarm100_interfaces/action/detail/plan_grasp__type_support.hpp
[0.290s] -- Up-to-date symlink: /home/sophie/isaac_lab/isaac_ws/rl_code/soarm100sim/ros2/install/soarm100_interfaces/include/soarm100_interfaces/soarm100_interfaces/action/execute_grasp.hpp
[0.290s] -- Up-to-date symlink: /home/sophie/isaac_lab/isaac_ws/rl_code/soarm100sim/ros2/install/soarm100_interfaces/include/soarm100_interfaces/soarm100_interfaces/action/execute_planned_grasp.hpp
[0.290s] -- Up-to-date symlink: /home/sophie/isaac_lab/isaac_ws/rl_code/soarm100sim/ros2/install/soarm100_interfaces/include/soarm100_interfaces/soarm100_interfaces/action/plan_grasp.hpp
[0.290s] -- Up-to-date symlink: /home/sophie/isaac_lab/isaac_ws/rl_code/soarm100sim/ros2/install/soarm100_interfaces/include/soarm100_interfaces/soarm100_interfaces/msg/detail/tracked_target2_d__builder.hpp
[0.290s] -- Up-to-date symlink: /home/sophie/isaac_lab/isaac_ws/rl_code/soarm100sim/ros2/install/soarm100_interfaces/include/soarm100_interfaces/soarm100_interfaces/msg/detail/tracked_target2_d__struct.hpp
[0.290s] -- Up-to-date symlink: /home/sophie/isaac_lab/isaac_ws/rl_code/soarm100sim/ros2/install/soarm100_interfaces/include/soarm100_interfaces/soarm100_interfaces/msg/detail/tracked_target2_d__traits.hpp
[0.290s] -- Up-to-date symlink: /home/sophie/isaac_lab/isaac_ws/rl_code/soarm100sim/ros2/install/soarm100_interfaces/include/soarm100_interfaces/soarm100_interfaces/msg/detail/tracked_target2_d__type_support.hpp
[0.290s] -- Up-to-date symlink: /home/sophie/isaac_lab/isaac_ws/rl_code/soarm100sim/ros2/install/soarm100_interfaces/include/soarm100_interfaces/soarm100_interfaces/msg/rosidl_generator_cpp__visibility_control.hpp
[0.290s] -- Up-to-date symlink: /home/sophie/isaac_lab/isaac_ws/rl_code/soarm100sim/ros2/install/soarm100_interfaces/include/soarm100_interfaces/soarm100_interfaces/msg/tracked_target2_d.hpp
[0.290s] -- Up-to-date symlink: /home/sophie/isaac_lab/isaac_ws/rl_code/soarm100sim/ros2/install/soarm100_interfaces/include/soarm100_interfaces/soarm100_interfaces/srv/detail/move_joint_delta__builder.hpp
[0.290s] -- Up-to-date symlink: /home/sophie/isaac_lab/isaac_ws/rl_code/soarm100sim/ros2/install/soarm100_interfaces/include/soarm100_interfaces/soarm100_interfaces/srv/detail/move_joint_delta__struct.hpp
[0.290s] -- Up-to-date symlink: /home/sophie/isaac_lab/isaac_ws/rl_code/soarm100sim/ros2/install/soarm100_interfaces/include/soarm100_interfaces/soarm100_interfaces/srv/detail/move_joint_delta__traits.hpp
[0.290s] -- Up-to-date symlink: /home/sophie/isaac_lab/isaac_ws/rl_code/soarm100sim/ros2/install/soarm100_interfaces/include/soarm100_interfaces/soarm100_interfaces/srv/detail/move_joint_delta__type_support.hpp
[0.290s] -- Up-to-date symlink: /home/sophie/isaac_lab/isaac_ws/rl_code/soarm100sim/ros2/install/soarm100_interfaces/include/soarm100_interfaces/soarm100_interfaces/srv/detail/move_joint_target__builder.hpp
[0.290s] -- Up-to-date symlink: /home/sophie/isaac_lab/isaac_ws/rl_code/soarm100sim/ros2/install/soarm100_interfaces/include/soarm100_interfaces/soarm100_interfaces/srv/detail/move_joint_target__struct.hpp
[0.291s] -- Up-to-date symlink: /home/sophie/isaac_lab/isaac_ws/rl_code/soarm100sim/ros2/install/soarm100_interfaces/include/soarm100_interfaces/soarm100_interfaces/srv/detail/move_joint_target__traits.hpp
[0.291s] -- Up-to-date symlink: /home/sophie/isaac_lab/isaac_ws/rl_code/soarm100sim/ros2/install/soarm100_interfaces/include/soarm100_interfaces/soarm100_interfaces/srv/detail/move_joint_target__type_support.hpp
[0.291s] -- Up-to-date symlink: /home/sophie/isaac_lab/isaac_ws/rl_code/soarm100sim/ros2/install/soarm100_interfaces/include/soarm100_interfaces/soarm100_interfaces/srv/detail/move_named_pose__builder.hpp
[0.291s] -- Up-to-date symlink: /home/sophie/isaac_lab/isaac_ws/rl_code/soarm100sim/ros2/install/soarm100_interfaces/include/soarm100_interfaces/soarm100_interfaces/srv/detail/move_named_pose__struct.hpp
[0.291s] -- Up-to-date symlink: /home/sophie/isaac_lab/isaac_ws/rl_code/soarm100sim/ros2/install/soarm100_interfaces/include/soarm100_interfaces/soarm100_interfaces/srv/detail/move_named_pose__traits.hpp
[0.291s] -- Up-to-date symlink: /home/sophie/isaac_lab/isaac_ws/rl_code/soarm100sim/ros2/install/soarm100_interfaces/include/soarm100_interfaces/soarm100_interfaces/srv/detail/move_named_pose__type_support.hpp
[0.291s] -- Up-to-date symlink: /home/sophie/isaac_lab/isaac_ws/rl_code/soarm100sim/ros2/install/soarm100_interfaces/include/soarm100_interfaces/soarm100_interfaces/srv/detail/move_single_joint__builder.hpp
[0.291s] -- Up-to-date symlink: /home/sophie/isaac_lab/isaac_ws/rl_code/soarm100sim/ros2/install/soarm100_interfaces/include/soarm100_interfaces/soarm100_interfaces/srv/detail/move_single_joint__struct.hpp
[0.291s] -- Up-to-date symlink: /home/sophie/isaac_lab/isaac_ws/rl_code/soarm100sim/ros2/install/soarm100_interfaces/include/soarm100_interfaces/soarm100_interfaces/srv/detail/move_single_joint__traits.hpp
[0.291s] -- Up-to-date symlink: /home/sophie/isaac_lab/isaac_ws/rl_code/soarm100sim/ros2/install/soarm100_interfaces/include/soarm100_interfaces/soarm100_interfaces/srv/detail/move_single_joint__type_support.hpp
[0.291s] -- Up-to-date symlink: /home/sophie/isaac_lab/isaac_ws/rl_code/soarm100sim/ros2/install/soarm100_interfaces/include/soarm100_interfaces/soarm100_interfaces/srv/detail/segment_target__builder.hpp
[0.291s] -- Up-to-date symlink: /home/sophie/isaac_lab/isaac_ws/rl_code/soarm100sim/ros2/install/soarm100_interfaces/include/soarm100_interfaces/soarm100_interfaces/srv/detail/segment_target__struct.hpp
[0.291s] -- Up-to-date symlink: /home/sophie/isaac_lab/isaac_ws/rl_code/soarm100sim/ros2/install/soarm100_interfaces/include/soarm100_interfaces/soarm100_interfaces/srv/detail/segment_target__traits.hpp
[0.291s] -- Up-to-date symlink: /home/sophie/isaac_lab/isaac_ws/rl_code/soarm100sim/ros2/install/soarm100_interfaces/include/soarm100_interfaces/soarm100_interfaces/srv/detail/segment_target__type_support.hpp
[0.291s] -- Up-to-date symlink: /home/sophie/isaac_lab/isaac_ws/rl_code/soarm100sim/ros2/install/soarm100_interfaces/include/soarm100_interfaces/soarm100_interfaces/srv/detail/set_avoidance__builder.hpp
[0.291s] -- Up-to-date symlink: /home/sophie/isaac_lab/isaac_ws/rl_code/soarm100sim/ros2/install/soarm100_interfaces/include/soarm100_interfaces/soarm100_interfaces/srv/detail/set_avoidance__struct.hpp
[0.291s] -- Up-to-date symlink: /home/sophie/isaac_lab/isaac_ws/rl_code/soarm100sim/ros2/install/soarm100_interfaces/include/soarm100_interfaces/soarm100_interfaces/srv/detail/set_avoidance__traits.hpp
[0.292s] -- Up-to-date symlink: /home/sophie/isaac_lab/isaac_ws/rl_code/soarm100sim/ros2/install/soarm100_interfaces/include/soarm100_interfaces/soarm100_interfaces/srv/detail/set_avoidance__type_support.hpp
[0.292s] -- Up-to-date symlink: /home/sophie/isaac_lab/isaac_ws/rl_code/soarm100sim/ros2/install/soarm100_interfaces/include/soarm100_interfaces/soarm100_interfaces/srv/detail/set_hardware_torque__builder.hpp
[0.292s] -- Up-to-date symlink: /home/sophie/isaac_lab/isaac_ws/rl_code/soarm100sim/ros2/install/soarm100_interfaces/include/soarm100_interfaces/soarm100_interfaces/srv/detail/set_hardware_torque__struct.hpp
[0.292s] -- Up-to-date symlink: /home/sophie/isaac_lab/isaac_ws/rl_code/soarm100sim/ros2/install/soarm100_interfaces/include/soarm100_interfaces/soarm100_interfaces/srv/detail/set_hardware_torque__traits.hpp
[0.292s] -- Up-to-date symlink: /home/sophie/isaac_lab/isaac_ws/rl_code/soarm100sim/ros2/install/soarm100_interfaces/include/soarm100_interfaces/soarm100_interfaces/srv/detail/set_hardware_torque__type_support.hpp
[0.292s] -- Up-to-date symlink: /home/sophie/isaac_lab/isaac_ws/rl_code/soarm100sim/ros2/install/soarm100_interfaces/include/soarm100_interfaces/soarm100_interfaces/srv/move_joint_delta.hpp
[0.292s] -- Up-to-date symlink: /home/sophie/isaac_lab/isaac_ws/rl_code/soarm100sim/ros2/install/soarm100_interfaces/include/soarm100_interfaces/soarm100_interfaces/srv/move_joint_target.hpp
[0.292s] -- Up-to-date symlink: /home/sophie/isaac_lab/isaac_ws/rl_code/soarm100sim/ros2/install/soarm100_interfaces/include/soarm100_interfaces/soarm100_interfaces/srv/move_named_pose.hpp
[0.292s] -- Up-to-date symlink: /home/sophie/isaac_lab/isaac_ws/rl_code/soarm100sim/ros2/install/soarm100_interfaces/include/soarm100_interfaces/soarm100_interfaces/srv/move_single_joint.hpp
[0.292s] -- Up-to-date symlink: /home/sophie/isaac_lab/isaac_ws/rl_code/soarm100sim/ros2/install/soarm100_interfaces/include/soarm100_interfaces/soarm100_interfaces/srv/segment_target.hpp
[0.292s] -- Up-to-date symlink: /home/sophie/isaac_lab/isaac_ws/rl_code/soarm100sim/ros2/install/soarm100_interfaces/include/soarm100_interfaces/soarm100_interfaces/srv/set_avoidance.hpp
[0.292s] -- Up-to-date symlink: /home/sophie/isaac_lab/isaac_ws/rl_code/soarm100sim/ros2/install/soarm100_interfaces/include/soarm100_interfaces/soarm100_interfaces/srv/set_hardware_torque.hpp
[0.293s] -- Up-to-date symlink: /home/sophie/isaac_lab/isaac_ws/rl_code/soarm100sim/ros2/install/soarm100_interfaces/include/soarm100_interfaces/soarm100_interfaces/action/detail/execute_grasp__rosidl_typesupport_fastrtps_cpp.hpp
[0.293s] -- Up-to-date symlink: /home/sophie/isaac_lab/isaac_ws/rl_code/soarm100sim/ros2/install/soarm100_interfaces/include/soarm100_interfaces/soarm100_interfaces/action/detail/execute_planned_grasp__rosidl_typesupport_fastrtps_cpp.hpp
[0.293s] -- Up-to-date symlink: /home/sophie/isaac_lab/isaac_ws/rl_code/soarm100sim/ros2/install/soarm100_interfaces/include/soarm100_interfaces/soarm100_interfaces/action/detail/plan_grasp__rosidl_typesupport_fastrtps_cpp.hpp
[0.293s] -- Up-to-date symlink: /home/sophie/isaac_lab/isaac_ws/rl_code/soarm100sim/ros2/install/soarm100_interfaces/include/soarm100_interfaces/soarm100_interfaces/msg/detail/tracked_target2_d__rosidl_typesupport_fastrtps_cpp.hpp
[0.293s] -- Up-to-date symlink: /home/sophie/isaac_lab/isaac_ws/rl_code/soarm100sim/ros2/install/soarm100_interfaces/include/soarm100_interfaces/soarm100_interfaces/msg/rosidl_typesupport_fastrtps_cpp__visibility_control.h
[0.293s] -- Up-to-date symlink: /home/sophie/isaac_lab/isaac_ws/rl_code/soarm100sim/ros2/install/soarm100_interfaces/include/soarm100_interfaces/soarm100_interfaces/srv/detail/move_joint_delta__rosidl_typesupport_fastrtps_cpp.hpp
[0.293s] -- Up-to-date symlink: /home/sophie/isaac_lab/isaac_ws/rl_code/soarm100sim/ros2/install/soarm100_interfaces/include/soarm100_interfaces/soarm100_interfaces/srv/detail/move_joint_target__rosidl_typesupport_fastrtps_cpp.hpp
[0.293s] -- Up-to-date symlink: /home/sophie/isaac_lab/isaac_ws/rl_code/soarm100sim/ros2/install/soarm100_interfaces/include/soarm100_interfaces/soarm100_interfaces/srv/detail/move_named_pose__rosidl_typesupport_fastrtps_cpp.hpp
[0.293s] -- Up-to-date symlink: /home/sophie/isaac_lab/isaac_ws/rl_code/soarm100sim/ros2/install/soarm100_interfaces/include/soarm100_interfaces/soarm100_interfaces/srv/detail/move_single_joint__rosidl_typesupport_fastrtps_cpp.hpp
[0.293s] -- Up-to-date symlink: /home/sophie/isaac_lab/isaac_ws/rl_code/soarm100sim/ros2/install/soarm100_interfaces/include/soarm100_interfaces/soarm100_interfaces/srv/detail/segment_target__rosidl_typesupport_fastrtps_cpp.hpp
[0.293s] -- Up-to-date symlink: /home/sophie/isaac_lab/isaac_ws/rl_code/soarm100sim/ros2/install/soarm100_interfaces/include/soarm100_interfaces/soarm100_interfaces/srv/detail/set_avoidance__rosidl_typesupport_fastrtps_cpp.hpp
[0.293s] -- Up-to-date symlink: /home/sophie/isaac_lab/isaac_ws/rl_code/soarm100sim/ros2/install/soarm100_interfaces/include/soarm100_interfaces/soarm100_interfaces/srv/detail/set_hardware_torque__rosidl_typesupport_fastrtps_cpp.hpp
[0.294s] -- Up-to-date symlink: /home/sophie/isaac_lab/isaac_ws/rl_code/soarm100sim/ros2/install/soarm100_interfaces/include/soarm100_interfaces/soarm100_interfaces/action/detail/execute_grasp__rosidl_typesupport_introspection_cpp.hpp
[0.294s] -- Up-to-date symlink: /home/sophie/isaac_lab/isaac_ws/rl_code/soarm100sim/ros2/install/soarm100_interfaces/include/soarm100_interfaces/soarm100_interfaces/action/detail/execute_planned_grasp__rosidl_typesupport_introspection_cpp.hpp
[0.294s] -- Up-to-date symlink: /home/sophie/isaac_lab/isaac_ws/rl_code/soarm100sim/ros2/install/soarm100_interfaces/include/soarm100_interfaces/soarm100_interfaces/action/detail/plan_grasp__rosidl_typesupport_introspection_cpp.hpp
[0.294s] -- Up-to-date symlink: /home/sophie/isaac_lab/isaac_ws/rl_code/soarm100sim/ros2/install/soarm100_interfaces/include/soarm100_interfaces/soarm100_interfaces/msg/detail/tracked_target2_d__rosidl_typesupport_introspection_cpp.hpp
[0.294s] -- Up-to-date symlink: /home/sophie/isaac_lab/isaac_ws/rl_code/soarm100sim/ros2/install/soarm100_interfaces/include/soarm100_interfaces/soarm100_interfaces/srv/detail/move_joint_delta__rosidl_typesupport_introspection_cpp.hpp
[0.294s] -- Up-to-date symlink: /home/sophie/isaac_lab/isaac_ws/rl_code/soarm100sim/ros2/install/soarm100_interfaces/include/soarm100_interfaces/soarm100_interfaces/srv/detail/move_joint_target__rosidl_typesupport_introspection_cpp.hpp
[0.294s] -- Up-to-date symlink: /home/sophie/isaac_lab/isaac_ws/rl_code/soarm100sim/ros2/install/soarm100_interfaces/include/soarm100_interfaces/soarm100_interfaces/srv/detail/move_named_pose__rosidl_typesupport_introspection_cpp.hpp
[0.294s] -- Up-to-date symlink: /home/sophie/isaac_lab/isaac_ws/rl_code/soarm100sim/ros2/install/soarm100_interfaces/include/soarm100_interfaces/soarm100_interfaces/srv/detail/move_single_joint__rosidl_typesupport_introspection_cpp.hpp
[0.294s] -- Up-to-date symlink: /home/sophie/isaac_lab/isaac_ws/rl_code/soarm100sim/ros2/install/soarm100_interfaces/include/soarm100_interfaces/soarm100_interfaces/srv/detail/segment_target__rosidl_typesupport_introspection_cpp.hpp
[0.294s] -- Up-to-date symlink: /home/sophie/isaac_lab/isaac_ws/rl_code/soarm100sim/ros2/install/soarm100_interfaces/include/soarm100_interfaces/soarm100_interfaces/srv/detail/set_avoidance__rosidl_typesupport_introspection_cpp.hpp
[0.294s] -- Up-to-date symlink: /home/sophie/isaac_lab/isaac_ws/rl_code/soarm100sim/ros2/install/soarm100_interfaces/include/soarm100_interfaces/soarm100_interfaces/srv/detail/set_hardware_torque__rosidl_typesupport_introspection_cpp.hpp
[0.294s] -- Up-to-date symlink: /home/sophie/isaac_lab/isaac_ws/rl_code/soarm100sim/ros2/install/soarm100_interfaces/share/soarm100_interfaces/environment/pythonpath.sh
[0.294s] -- Up-to-date symlink: /home/sophie/isaac_lab/isaac_ws/rl_code/soarm100sim/ros2/install/soarm100_interfaces/share/soarm100_interfaces/environment/pythonpath.dsv
[0.295s] -- Up-to-date symlink: /home/sophie/isaac_lab/isaac_ws/rl_code/soarm100sim/ros2/install/soarm100_interfaces/local/lib/python3.10/dist-packages/soarm100_interfaces-0.1.0-py3.10.egg-info/PKG-INFO
[0.295s] -- Up-to-date symlink: /home/sophie/isaac_lab/isaac_ws/rl_code/soarm100sim/ros2/install/soarm100_interfaces/local/lib/python3.10/dist-packages/soarm100_interfaces-0.1.0-py3.10.egg-info/SOURCES.txt
[0.295s] -- Up-to-date symlink: /home/sophie/isaac_lab/isaac_ws/rl_code/soarm100sim/ros2/install/soarm100_interfaces/local/lib/python3.10/dist-packages/soarm100_interfaces-0.1.0-py3.10.egg-info/dependency_links.txt
[0.295s] -- Up-to-date symlink: /home/sophie/isaac_lab/isaac_ws/rl_code/soarm100sim/ros2/install/soarm100_interfaces/local/lib/python3.10/dist-packages/soarm100_interfaces-0.1.0-py3.10.egg-info/top_level.txt
[0.295s] -- Up-to-date symlink: /home/sophie/isaac_lab/isaac_ws/rl_code/soarm100sim/ros2/install/soarm100_interfaces/local/lib/python3.10/dist-packages/soarm100_interfaces/__init__.py
[0.295s] -- Up-to-date symlink: /home/sophie/isaac_lab/isaac_ws/rl_code/soarm100sim/ros2/install/soarm100_interfaces/local/lib/python3.10/dist-packages/soarm100_interfaces/_soarm100_interfaces_s.ep.rosidl_typesupport_c.c
[0.296s] -- Up-to-date symlink: /home/sophie/isaac_lab/isaac_ws/rl_code/soarm100sim/ros2/install/soarm100_interfaces/local/lib/python3.10/dist-packages/soarm100_interfaces/_soarm100_interfaces_s.ep.rosidl_typesupport_fastrtps_c.c
[0.296s] -- Up-to-date symlink: /home/sophie/isaac_lab/isaac_ws/rl_code/soarm100sim/ros2/install/soarm100_interfaces/local/lib/python3.10/dist-packages/soarm100_interfaces/_soarm100_interfaces_s.ep.rosidl_typesupport_introspection_c.c
[0.296s] -- Up-to-date symlink: /home/sophie/isaac_lab/isaac_ws/rl_code/soarm100sim/ros2/install/soarm100_interfaces/local/lib/python3.10/dist-packages/soarm100_interfaces/action/__init__.py
[0.296s] -- Up-to-date symlink: /home/sophie/isaac_lab/isaac_ws/rl_code/soarm100sim/ros2/install/soarm100_interfaces/local/lib/python3.10/dist-packages/soarm100_interfaces/action/_execute_grasp.py
[0.296s] -- Up-to-date symlink: /home/sophie/isaac_lab/isaac_ws/rl_code/soarm100sim/ros2/install/soarm100_interfaces/local/lib/python3.10/dist-packages/soarm100_interfaces/action/_execute_grasp_s.c
[0.296s] -- Up-to-date symlink: /home/sophie/isaac_lab/isaac_ws/rl_code/soarm100sim/ros2/install/soarm100_interfaces/local/lib/python3.10/dist-packages/soarm100_interfaces/action/_execute_planned_grasp.py
[0.296s] -- Up-to-date symlink: /home/sophie/isaac_lab/isaac_ws/rl_code/soarm100sim/ros2/install/soarm100_interfaces/local/lib/python3.10/dist-packages/soarm100_interfaces/action/_execute_planned_grasp_s.c
[0.296s] -- Up-to-date symlink: /home/sophie/isaac_lab/isaac_ws/rl_code/soarm100sim/ros2/install/soarm100_interfaces/local/lib/python3.10/dist-packages/soarm100_interfaces/action/_plan_grasp.py
[0.296s] -- Up-to-date symlink: /home/sophie/isaac_lab/isaac_ws/rl_code/soarm100sim/ros2/install/soarm100_interfaces/local/lib/python3.10/dist-packages/soarm100_interfaces/action/_plan_grasp_s.c
[0.296s] -- Up-to-date symlink: /home/sophie/isaac_lab/isaac_ws/rl_code/soarm100sim/ros2/install/soarm100_interfaces/local/lib/python3.10/dist-packages/soarm100_interfaces/libsoarm100_interfaces__rosidl_generator_py.so
[0.296s] -- Up-to-date symlink: /home/sophie/isaac_lab/isaac_ws/rl_code/soarm100sim/ros2/install/soarm100_interfaces/local/lib/python3.10/dist-packages/soarm100_interfaces/msg/__init__.py
[0.296s] -- Up-to-date symlink: /home/sophie/isaac_lab/isaac_ws/rl_code/soarm100sim/ros2/install/soarm100_interfaces/local/lib/python3.10/dist-packages/soarm100_interfaces/msg/_tracked_target2_d.py
[0.296s] -- Up-to-date symlink: /home/sophie/isaac_lab/isaac_ws/rl_code/soarm100sim/ros2/install/soarm100_interfaces/local/lib/python3.10/dist-packages/soarm100_interfaces/msg/_tracked_target2_d_s.c
[0.296s] -- Up-to-date symlink: /home/sophie/isaac_lab/isaac_ws/rl_code/soarm100sim/ros2/install/soarm100_interfaces/local/lib/python3.10/dist-packages/soarm100_interfaces/soarm100_interfaces_s__rosidl_typesupport_c.cpython-310-x86_64-linux-gnu.so
[0.296s] -- Up-to-date symlink: /home/sophie/isaac_lab/isaac_ws/rl_code/soarm100sim/ros2/install/soarm100_interfaces/local/lib/python3.10/dist-packages/soarm100_interfaces/soarm100_interfaces_s__rosidl_typesupport_fastrtps_c.cpython-310-x86_64-linux-gnu.so
[0.296s] -- Up-to-date symlink: /home/sophie/isaac_lab/isaac_ws/rl_code/soarm100sim/ros2/install/soarm100_interfaces/local/lib/python3.10/dist-packages/soarm100_interfaces/soarm100_interfaces_s__rosidl_typesupport_introspection_c.cpython-310-x86_64-linux-gnu.so
[0.296s] -- Up-to-date symlink: /home/sophie/isaac_lab/isaac_ws/rl_code/soarm100sim/ros2/install/soarm100_interfaces/local/lib/python3.10/dist-packages/soarm100_interfaces/srv/__init__.py
[0.296s] -- Up-to-date symlink: /home/sophie/isaac_lab/isaac_ws/rl_code/soarm100sim/ros2/install/soarm100_interfaces/local/lib/python3.10/dist-packages/soarm100_interfaces/srv/_move_joint_delta.py
[0.297s] -- Up-to-date symlink: /home/sophie/isaac_lab/isaac_ws/rl_code/soarm100sim/ros2/install/soarm100_interfaces/local/lib/python3.10/dist-packages/soarm100_interfaces/srv/_move_joint_delta_s.c
[0.297s] -- Up-to-date symlink: /home/sophie/isaac_lab/isaac_ws/rl_code/soarm100sim/ros2/install/soarm100_interfaces/local/lib/python3.10/dist-packages/soarm100_interfaces/srv/_move_joint_target.py
[0.297s] -- Up-to-date symlink: /home/sophie/isaac_lab/isaac_ws/rl_code/soarm100sim/ros2/install/soarm100_interfaces/local/lib/python3.10/dist-packages/soarm100_interfaces/srv/_move_joint_target_s.c
[0.297s] -- Up-to-date symlink: /home/sophie/isaac_lab/isaac_ws/rl_code/soarm100sim/ros2/install/soarm100_interfaces/local/lib/python3.10/dist-packages/soarm100_interfaces/srv/_move_named_pose.py
[0.297s] -- Up-to-date symlink: /home/sophie/isaac_lab/isaac_ws/rl_code/soarm100sim/ros2/install/soarm100_interfaces/local/lib/python3.10/dist-packages/soarm100_interfaces/srv/_move_named_pose_s.c
[0.297s] -- Up-to-date symlink: /home/sophie/isaac_lab/isaac_ws/rl_code/soarm100sim/ros2/install/soarm100_interfaces/local/lib/python3.10/dist-packages/soarm100_interfaces/srv/_move_single_joint.py
[0.297s] -- Up-to-date symlink: /home/sophie/isaac_lab/isaac_ws/rl_code/soarm100sim/ros2/install/soarm100_interfaces/local/lib/python3.10/dist-packages/soarm100_interfaces/srv/_move_single_joint_s.c
[0.297s] -- Up-to-date symlink: /home/sophie/isaac_lab/isaac_ws/rl_code/soarm100sim/ros2/install/soarm100_interfaces/local/lib/python3.10/dist-packages/soarm100_interfaces/srv/_segment_target.py
[0.297s] -- Up-to-date symlink: /home/sophie/isaac_lab/isaac_ws/rl_code/soarm100sim/ros2/install/soarm100_interfaces/local/lib/python3.10/dist-packages/soarm100_interfaces/srv/_segment_target_s.c
[0.297s] -- Up-to-date symlink: /home/sophie/isaac_lab/isaac_ws/rl_code/soarm100sim/ros2/install/soarm100_interfaces/local/lib/python3.10/dist-packages/soarm100_interfaces/srv/_set_avoidance.py
[0.297s] -- Up-to-date symlink: /home/sophie/isaac_lab/isaac_ws/rl_code/soarm100sim/ros2/install/soarm100_interfaces/local/lib/python3.10/dist-packages/soarm100_interfaces/srv/_set_avoidance_s.c
[0.297s] -- Up-to-date symlink: /home/sophie/isaac_lab/isaac_ws/rl_code/soarm100sim/ros2/install/soarm100_interfaces/local/lib/python3.10/dist-packages/soarm100_interfaces/srv/_set_hardware_torque.py
[0.297s] -- Up-to-date symlink: /home/sophie/isaac_lab/isaac_ws/rl_code/soarm100sim/ros2/install/soarm100_interfaces/local/lib/python3.10/dist-packages/soarm100_interfaces/srv/_set_hardware_torque_s.c
[0.297s] -- Up-to-date symlink: /home/sophie/isaac_lab/isaac_ws/rl_code/soarm100sim/ros2/install/soarm100_interfaces/local/lib/python3.10/dist-packages/soarm100_interfaces/soarm100_interfaces_s__rosidl_typesupport_fastrtps_c.cpython-310-x86_64-linux-gnu.so
[0.298s] -- Up-to-date symlink: /home/sophie/isaac_lab/isaac_ws/rl_code/soarm100sim/ros2/install/soarm100_interfaces/local/lib/python3.10/dist-packages/soarm100_interfaces/soarm100_interfaces_s__rosidl_typesupport_introspection_c.cpython-310-x86_64-linux-gnu.so
[0.298s] -- Up-to-date symlink: /home/sophie/isaac_lab/isaac_ws/rl_code/soarm100sim/ros2/install/soarm100_interfaces/local/lib/python3.10/dist-packages/soarm100_interfaces/soarm100_interfaces_s__rosidl_typesupport_c.cpython-310-x86_64-linux-gnu.so
[0.298s] -- Up-to-date symlink: /home/sophie/isaac_lab/isaac_ws/rl_code/soarm100sim/ros2/install/soarm100_interfaces/share/ament_index/resource_index/rust_packages/soarm100_interfaces
[0.298s] -- Up-to-date symlink: /home/sophie/isaac_lab/isaac_ws/rl_code/soarm100sim/ros2/install/soarm100_interfaces/share/soarm100_interfaces/rust/Cargo.toml
[0.298s] -- Up-to-date symlink: /home/sophie/isaac_lab/isaac_ws/rl_code/soarm100sim/ros2/install/soarm100_interfaces/share/soarm100_interfaces/rust/build.rs
[0.298s] -- Up-to-date symlink: /home/sophie/isaac_lab/isaac_ws/rl_code/soarm100sim/ros2/install/soarm100_interfaces/share/soarm100_interfaces/rust/src/action.rs
[0.298s] -- Up-to-date symlink: /home/sophie/isaac_lab/isaac_ws/rl_code/soarm100sim/ros2/install/soarm100_interfaces/share/soarm100_interfaces/rust/src/action/rmw.rs
[0.298s] -- Up-to-date symlink: /home/sophie/isaac_lab/isaac_ws/rl_code/soarm100sim/ros2/install/soarm100_interfaces/share/soarm100_interfaces/rust/src/lib.rs
[0.298s] -- Up-to-date symlink: /home/sophie/isaac_lab/isaac_ws/rl_code/soarm100sim/ros2/install/soarm100_interfaces/share/soarm100_interfaces/rust/src/msg.rs
[0.298s] -- Up-to-date symlink: /home/sophie/isaac_lab/isaac_ws/rl_code/soarm100sim/ros2/install/soarm100_interfaces/share/soarm100_interfaces/rust/src/msg/rmw.rs
[0.298s] -- Up-to-date symlink: /home/sophie/isaac_lab/isaac_ws/rl_code/soarm100sim/ros2/install/soarm100_interfaces/share/soarm100_interfaces/rust/src/srv.rs
[0.298s] -- Up-to-date symlink: /home/sophie/isaac_lab/isaac_ws/rl_code/soarm100sim/ros2/install/soarm100_interfaces/share/soarm100_interfaces/rust/src/srv/rmw.rs
[0.299s] -- Up-to-date symlink: /home/sophie/isaac_lab/isaac_ws/rl_code/soarm100sim/ros2/install/soarm100_interfaces/share/soarm100_interfaces/msg/TrackedTarget2D.idl
[0.299s] -- Up-to-date symlink: /home/sophie/isaac_lab/isaac_ws/rl_code/soarm100sim/ros2/install/soarm100_interfaces/share/soarm100_interfaces/action/ExecuteGrasp.idl
[0.299s] -- Up-to-date symlink: /home/sophie/isaac_lab/isaac_ws/rl_code/soarm100sim/ros2/install/soarm100_interfaces/share/soarm100_interfaces/action/ExecutePlannedGrasp.idl
[0.299s] -- Up-to-date symlink: /home/sophie/isaac_lab/isaac_ws/rl_code/soarm100sim/ros2/install/soarm100_interfaces/share/soarm100_interfaces/action/PlanGrasp.idl
[0.299s] -- Up-to-date symlink: /home/sophie/isaac_lab/isaac_ws/rl_code/soarm100sim/ros2/install/soarm100_interfaces/share/soarm100_interfaces/srv/SegmentTarget.idl
[0.299s] -- Up-to-date symlink: /home/sophie/isaac_lab/isaac_ws/rl_code/soarm100sim/ros2/install/soarm100_interfaces/share/soarm100_interfaces/srv/SetAvoidance.idl
[0.299s] -- Up-to-date symlink: /home/sophie/isaac_lab/isaac_ws/rl_code/soarm100sim/ros2/install/soarm100_interfaces/share/soarm100_interfaces/srv/MoveSingleJoint.idl
[0.299s] -- Up-to-date symlink: /home/sophie/isaac_lab/isaac_ws/rl_code/soarm100sim/ros2/install/soarm100_interfaces/share/soarm100_interfaces/srv/MoveJointDelta.idl
[0.299s] -- Up-to-date symlink: /home/sophie/isaac_lab/isaac_ws/rl_code/soarm100sim/ros2/install/soarm100_interfaces/share/soarm100_interfaces/srv/MoveNamedPose.idl
[0.299s] -- Up-to-date symlink: /home/sophie/isaac_lab/isaac_ws/rl_code/soarm100sim/ros2/install/soarm100_interfaces/share/soarm100_interfaces/srv/MoveJointTarget.idl
[0.299s] -- Up-to-date symlink: /home/sophie/isaac_lab/isaac_ws/rl_code/soarm100sim/ros2/install/soarm100_interfaces/share/soarm100_interfaces/srv/SetHardwareTorque.idl
[0.299s] -- Up-to-date symlink: /home/sophie/isaac_lab/isaac_ws/rl_code/soarm100sim/ros2/install/soarm100_interfaces/share/soarm100_interfaces/msg/TrackedTarget2D.msg
[0.299s] -- Up-to-date symlink: /home/sophie/isaac_lab/isaac_ws/rl_code/soarm100sim/ros2/install/soarm100_interfaces/share/soarm100_interfaces/action/ExecuteGrasp.action
[0.300s] -- Up-to-date symlink: /home/sophie/isaac_lab/isaac_ws/rl_code/soarm100sim/ros2/install/soarm100_interfaces/share/soarm100_interfaces/action/ExecutePlannedGrasp.action
[0.300s] -- Up-to-date symlink: /home/sophie/isaac_lab/isaac_ws/rl_code/soarm100sim/ros2/install/soarm100_interfaces/share/soarm100_interfaces/action/PlanGrasp.action
[0.300s] -- Up-to-date symlink: /home/sophie/isaac_lab/isaac_ws/rl_code/soarm100sim/ros2/install/soarm100_interfaces/share/soarm100_interfaces/srv/SegmentTarget.srv
[0.300s] -- Up-to-date symlink: /home/sophie/isaac_lab/isaac_ws/rl_code/soarm100sim/ros2/install/soarm100_interfaces/share/soarm100_interfaces/srv/SegmentTarget_Request.msg
[0.300s] -- Up-to-date symlink: /home/sophie/isaac_lab/isaac_ws/rl_code/soarm100sim/ros2/install/soarm100_interfaces/share/soarm100_interfaces/srv/SegmentTarget_Response.msg
[0.300s] -- Up-to-date symlink: /home/sophie/isaac_lab/isaac_ws/rl_code/soarm100sim/ros2/install/soarm100_interfaces/share/soarm100_interfaces/srv/SetAvoidance.srv
[0.300s] -- Up-to-date symlink: /home/sophie/isaac_lab/isaac_ws/rl_code/soarm100sim/ros2/install/soarm100_interfaces/share/soarm100_interfaces/srv/SetAvoidance_Request.msg
[0.300s] -- Up-to-date symlink: /home/sophie/isaac_lab/isaac_ws/rl_code/soarm100sim/ros2/install/soarm100_interfaces/share/soarm100_interfaces/srv/SetAvoidance_Response.msg
[0.300s] -- Up-to-date symlink: /home/sophie/isaac_lab/isaac_ws/rl_code/soarm100sim/ros2/install/soarm100_interfaces/share/soarm100_interfaces/srv/MoveSingleJoint.srv
[0.300s] -- Up-to-date symlink: /home/sophie/isaac_lab/isaac_ws/rl_code/soarm100sim/ros2/install/soarm100_interfaces/share/soarm100_interfaces/srv/MoveSingleJoint_Request.msg
[0.300s] -- Up-to-date symlink: /home/sophie/isaac_lab/isaac_ws/rl_code/soarm100sim/ros2/install/soarm100_interfaces/share/soarm100_interfaces/srv/MoveSingleJoint_Response.msg
[0.300s] -- Up-to-date symlink: /home/sophie/isaac_lab/isaac_ws/rl_code/soarm100sim/ros2/install/soarm100_interfaces/share/soarm100_interfaces/srv/MoveJointDelta.srv
[0.300s] -- Up-to-date symlink: /home/sophie/isaac_lab/isaac_ws/rl_code/soarm100sim/ros2/install/soarm100_interfaces/share/soarm100_interfaces/srv/MoveJointDelta_Request.msg
[0.301s] -- Up-to-date symlink: /home/sophie/isaac_lab/isaac_ws/rl_code/soarm100sim/ros2/install/soarm100_interfaces/share/soarm100_interfaces/srv/MoveJointDelta_Response.msg
[0.301s] -- Up-to-date symlink: /home/sophie/isaac_lab/isaac_ws/rl_code/soarm100sim/ros2/install/soarm100_interfaces/share/soarm100_interfaces/srv/MoveNamedPose.srv
[0.301s] -- Up-to-date symlink: /home/sophie/isaac_lab/isaac_ws/rl_code/soarm100sim/ros2/install/soarm100_interfaces/share/soarm100_interfaces/srv/MoveNamedPose_Request.msg
[0.301s] -- Up-to-date symlink: /home/sophie/isaac_lab/isaac_ws/rl_code/soarm100sim/ros2/install/soarm100_interfaces/share/soarm100_interfaces/srv/MoveNamedPose_Response.msg
[0.301s] -- Up-to-date symlink: /home/sophie/isaac_lab/isaac_ws/rl_code/soarm100sim/ros2/install/soarm100_interfaces/share/soarm100_interfaces/srv/MoveJointTarget.srv
[0.301s] -- Up-to-date symlink: /home/sophie/isaac_lab/isaac_ws/rl_code/soarm100sim/ros2/install/soarm100_interfaces/share/soarm100_interfaces/srv/MoveJointTarget_Request.msg
[0.301s] -- Up-to-date symlink: /home/sophie/isaac_lab/isaac_ws/rl_code/soarm100sim/ros2/install/soarm100_interfaces/share/soarm100_interfaces/srv/MoveJointTarget_Response.msg
[0.301s] -- Up-to-date symlink: /home/sophie/isaac_lab/isaac_ws/rl_code/soarm100sim/ros2/install/soarm100_interfaces/share/soarm100_interfaces/srv/SetHardwareTorque.srv
[0.301s] -- Up-to-date symlink: /home/sophie/isaac_lab/isaac_ws/rl_code/soarm100sim/ros2/install/soarm100_interfaces/share/soarm100_interfaces/srv/SetHardwareTorque_Request.msg
[0.301s] -- Up-to-date symlink: /home/sophie/isaac_lab/isaac_ws/rl_code/soarm100sim/ros2/install/soarm100_interfaces/share/soarm100_interfaces/srv/SetHardwareTorque_Response.msg
[0.301s] -- Up-to-date symlink: /home/sophie/isaac_lab/isaac_ws/rl_code/soarm100sim/ros2/install/soarm100_interfaces/share/ament_index/resource_index/package_run_dependencies/soarm100_interfaces
[0.301s] -- Up-to-date symlink: /home/sophie/isaac_lab/isaac_ws/rl_code/soarm100sim/ros2/install/soarm100_interfaces/share/ament_index/resource_index/parent_prefix_path/soarm100_interfaces
[0.301s] -- Up-to-date symlink: /home/sophie/isaac_lab/isaac_ws/rl_code/soarm100sim/ros2/install/soarm100_interfaces/share/soarm100_interfaces/environment/ament_prefix_path.sh
[0.302s] -- Up-to-date symlink: /home/sophie/isaac_lab/isaac_ws/rl_code/soarm100sim/ros2/install/soarm100_interfaces/share/soarm100_interfaces/environment/ament_prefix_path.dsv
[0.302s] -- Up-to-date symlink: /home/sophie/isaac_lab/isaac_ws/rl_code/soarm100sim/ros2/install/soarm100_interfaces/share/soarm100_interfaces/environment/path.sh
[0.302s] -- Up-to-date symlink: /home/sophie/isaac_lab/isaac_ws/rl_code/soarm100sim/ros2/install/soarm100_interfaces/share/soarm100_interfaces/environment/path.dsv
[0.302s] -- Up-to-date symlink: /home/sophie/isaac_lab/isaac_ws/rl_code/soarm100sim/ros2/install/soarm100_interfaces/share/soarm100_interfaces/local_setup.bash
[0.302s] -- Up-to-date symlink: /home/sophie/isaac_lab/isaac_ws/rl_code/soarm100sim/ros2/install/soarm100_interfaces/share/soarm100_interfaces/local_setup.sh
[0.302s] -- Up-to-date symlink: /home/sophie/isaac_lab/isaac_ws/rl_code/soarm100sim/ros2/install/soarm100_interfaces/share/soarm100_interfaces/local_setup.zsh
[0.302s] -- Up-to-date symlink: /home/sophie/isaac_lab/isaac_ws/rl_code/soarm100sim/ros2/install/soarm100_interfaces/share/soarm100_interfaces/local_setup.dsv
[0.302s] -- Symlinking: /home/sophie/isaac_lab/isaac_ws/rl_code/soarm100sim/ros2/install/soarm100_interfaces/share/soarm100_interfaces/package.dsv
[0.308s] -- Up-to-date symlink: /home/sophie/isaac_lab/isaac_ws/rl_code/soarm100sim/ros2/install/soarm100_interfaces/share/ament_index/resource_index/packages/soarm100_interfaces
[0.308s] -- Up-to-date symlink: /home/sophie/isaac_lab/isaac_ws/rl_code/soarm100sim/ros2/install/soarm100_interfaces/share/soarm100_interfaces/cmake/rosidl_cmake-extras.cmake
[0.308s] -- Up-to-date symlink: /home/sophie/isaac_lab/isaac_ws/rl_code/soarm100sim/ros2/install/soarm100_interfaces/share/soarm100_interfaces/cmake/ament_cmake_export_dependencies-extras.cmake
[0.308s] -- Up-to-date symlink: /home/sophie/isaac_lab/isaac_ws/rl_code/soarm100sim/ros2/install/soarm100_interfaces/share/soarm100_interfaces/cmake/ament_cmake_export_include_directories-extras.cmake
[0.308s] -- Up-to-date symlink: /home/sophie/isaac_lab/isaac_ws/rl_code/soarm100sim/ros2/install/soarm100_interfaces/share/soarm100_interfaces/cmake/ament_cmake_export_libraries-extras.cmake
[0.308s] -- Up-to-date symlink: /home/sophie/isaac_lab/isaac_ws/rl_code/soarm100sim/ros2/install/soarm100_interfaces/share/soarm100_interfaces/cmake/ament_cmake_export_targets-extras.cmake
[0.308s] -- Up-to-date symlink: /home/sophie/isaac_lab/isaac_ws/rl_code/soarm100sim/ros2/install/soarm100_interfaces/share/soarm100_interfaces/cmake/rosidl_cmake_export_typesupport_targets-extras.cmake
[0.308s] -- Up-to-date symlink: /home/sophie/isaac_lab/isaac_ws/rl_code/soarm100sim/ros2/install/soarm100_interfaces/share/soarm100_interfaces/cmake/rosidl_cmake_export_typesupport_libraries-extras.cmake
[0.308s] -- Up-to-date symlink: /home/sophie/isaac_lab/isaac_ws/rl_code/soarm100sim/ros2/install/soarm100_interfaces/share/soarm100_interfaces/cmake/soarm100_interfacesConfig.cmake
[0.308s] -- Up-to-date symlink: /home/sophie/isaac_lab/isaac_ws/rl_code/soarm100sim/ros2/install/soarm100_interfaces/share/soarm100_interfaces/cmake/soarm100_interfacesConfig-version.cmake
[0.308s] -- Up-to-date symlink: /home/sophie/isaac_lab/isaac_ws/rl_code/soarm100sim/ros2/install/soarm100_interfaces/share/soarm100_interfaces/package.xml
[0.308s] -- Installing: /home/sophie/isaac_lab/isaac_ws/rl_code/soarm100sim/ros2/install/soarm100_interfaces/lib/libsoarm100_interfaces__rosidl_generator_c.so
[0.309s] -- Set runtime path of "/home/sophie/isaac_lab/isaac_ws/rl_code/soarm100sim/ros2/install/soarm100_interfaces/lib/libsoarm100_interfaces__rosidl_generator_c.so" to ""
[0.309s] -- Installing: /home/sophie/isaac_lab/isaac_ws/rl_code/soarm100sim/ros2/install/soarm100_interfaces/lib/libsoarm100_interfaces__rosidl_typesupport_fastrtps_c.so
[0.309s] -- Set runtime path of "/home/sophie/isaac_lab/isaac_ws/rl_code/soarm100sim/ros2/install/soarm100_interfaces/lib/libsoarm100_interfaces__rosidl_typesupport_fastrtps_c.so" to ""
[0.309s] -- Installing: /home/sophie/isaac_lab/isaac_ws/rl_code/soarm100sim/ros2/install/soarm100_interfaces/lib/libsoarm100_interfaces__rosidl_typesupport_introspection_c.so
[0.309s] -- Set runtime path of "/home/sophie/isaac_lab/isaac_ws/rl_code/soarm100sim/ros2/install/soarm100_interfaces/lib/libsoarm100_interfaces__rosidl_typesupport_introspection_c.so" to ""
[0.310s] -- Installing: /home/sophie/isaac_lab/isaac_ws/rl_code/soarm100sim/ros2/install/soarm100_interfaces/lib/libsoarm100_interfaces__rosidl_typesupport_c.so
[0.310s] -- Set runtime path of "/home/sophie/isaac_lab/isaac_ws/rl_code/soarm100sim/ros2/install/soarm100_interfaces/lib/libsoarm100_interfaces__rosidl_typesupport_c.so" to ""
[0.310s] -- Installing: /home/sophie/isaac_lab/isaac_ws/rl_code/soarm100sim/ros2/install/soarm100_interfaces/lib/libsoarm100_interfaces__rosidl_typesupport_fastrtps_cpp.so
[0.310s] -- Set runtime path of "/home/sophie/isaac_lab/isaac_ws/rl_code/soarm100sim/ros2/install/soarm100_interfaces/lib/libsoarm100_interfaces__rosidl_typesupport_fastrtps_cpp.so" to ""
[0.310s] -- Installing: /home/sophie/isaac_lab/isaac_ws/rl_code/soarm100sim/ros2/install/soarm100_interfaces/lib/libsoarm100_interfaces__rosidl_typesupport_introspection_cpp.so
[0.310s] -- Set runtime path of "/home/sophie/isaac_lab/isaac_ws/rl_code/soarm100sim/ros2/install/soarm100_interfaces/lib/libsoarm100_interfaces__rosidl_typesupport_introspection_cpp.so" to ""
[0.310s] -- Installing: /home/sophie/isaac_lab/isaac_ws/rl_code/soarm100sim/ros2/install/soarm100_interfaces/lib/libsoarm100_interfaces__rosidl_typesupport_cpp.so
[0.311s] -- Set runtime path of "/home/sophie/isaac_lab/isaac_ws/rl_code/soarm100sim/ros2/install/soarm100_interfaces/lib/libsoarm100_interfaces__rosidl_typesupport_cpp.so" to ""
[0.334s] Listing '/home/sophie/isaac_lab/isaac_ws/rl_code/soarm100sim/ros2/install/soarm100_interfaces/local/lib/python3.10/dist-packages/soarm100_interfaces'...
[0.334s] Listing '/home/sophie/isaac_lab/isaac_ws/rl_code/soarm100sim/ros2/install/soarm100_interfaces/local/lib/python3.10/dist-packages/soarm100_interfaces/action'...
[0.334s] Listing '/home/sophie/isaac_lab/isaac_ws/rl_code/soarm100sim/ros2/install/soarm100_interfaces/local/lib/python3.10/dist-packages/soarm100_interfaces/msg'...
[0.334s] Listing '/home/sophie/isaac_lab/isaac_ws/rl_code/soarm100sim/ros2/install/soarm100_interfaces/local/lib/python3.10/dist-packages/soarm100_interfaces/srv'...
[0.337s] -- Installing: /home/sophie/isaac_lab/isaac_ws/rl_code/soarm100sim/ros2/install/soarm100_interfaces/lib/libsoarm100_interfaces__rosidl_generator_py.so
[0.337s] -- Set runtime path of "/home/sophie/isaac_lab/isaac_ws/rl_code/soarm100sim/ros2/install/soarm100_interfaces/lib/libsoarm100_interfaces__rosidl_generator_py.so" to ""
[0.337s] -- Up-to-date: /home/sophie/isaac_lab/isaac_ws/rl_code/soarm100sim/ros2/install/soarm100_interfaces/share/soarm100_interfaces/cmake/export_soarm100_interfaces__rosidl_generator_cExport.cmake
[0.337s] -- Up-to-date: /home/sophie/isaac_lab/isaac_ws/rl_code/soarm100sim/ros2/install/soarm100_interfaces/share/soarm100_interfaces/cmake/export_soarm100_interfaces__rosidl_generator_cExport-noconfig.cmake
[0.337s] -- Up-to-date: /home/sophie/isaac_lab/isaac_ws/rl_code/soarm100sim/ros2/install/soarm100_interfaces/share/soarm100_interfaces/cmake/export_soarm100_interfaces__rosidl_typesupport_fastrtps_cExport.cmake
[0.337s] -- Up-to-date: /home/sophie/isaac_lab/isaac_ws/rl_code/soarm100sim/ros2/install/soarm100_interfaces/share/soarm100_interfaces/cmake/export_soarm100_interfaces__rosidl_typesupport_fastrtps_cExport-noconfig.cmake
[0.337s] -- Up-to-date: /home/sophie/isaac_lab/isaac_ws/rl_code/soarm100sim/ros2/install/soarm100_interfaces/share/soarm100_interfaces/cmake/soarm100_interfaces__rosidl_typesupport_introspection_cExport.cmake
[0.337s] -- Up-to-date: /home/sophie/isaac_lab/isaac_ws/rl_code/soarm100sim/ros2/install/soarm100_interfaces/share/soarm100_interfaces/cmake/soarm100_interfaces__rosidl_typesupport_introspection_cExport-noconfig.cmake
[0.337s] -- Up-to-date: /home/sophie/isaac_lab/isaac_ws/rl_code/soarm100sim/ros2/install/soarm100_interfaces/share/soarm100_interfaces/cmake/soarm100_interfaces__rosidl_typesupport_cExport.cmake
[0.337s] -- Up-to-date: /home/sophie/isaac_lab/isaac_ws/rl_code/soarm100sim/ros2/install/soarm100_interfaces/share/soarm100_interfaces/cmake/soarm100_interfaces__rosidl_typesupport_cExport-noconfig.cmake
[0.337s] -- Up-to-date: /home/sophie/isaac_lab/isaac_ws/rl_code/soarm100sim/ros2/install/soarm100_interfaces/share/soarm100_interfaces/cmake/export_soarm100_interfaces__rosidl_generator_cppExport.cmake
[0.338s] -- Up-to-date: /home/sophie/isaac_lab/isaac_ws/rl_code/soarm100sim/ros2/install/soarm100_interfaces/share/soarm100_interfaces/cmake/export_soarm100_interfaces__rosidl_typesupport_fastrtps_cppExport.cmake
[0.338s] -- Up-to-date: /home/sophie/isaac_lab/isaac_ws/rl_code/soarm100sim/ros2/install/soarm100_interfaces/share/soarm100_interfaces/cmake/export_soarm100_interfaces__rosidl_typesupport_fastrtps_cppExport-noconfig.cmake
[0.338s] -- Up-to-date: /home/sophie/isaac_lab/isaac_ws/rl_code/soarm100sim/ros2/install/soarm100_interfaces/share/soarm100_interfaces/cmake/soarm100_interfaces__rosidl_typesupport_introspection_cppExport.cmake
[0.338s] -- Up-to-date: /home/sophie/isaac_lab/isaac_ws/rl_code/soarm100sim/ros2/install/soarm100_interfaces/share/soarm100_interfaces/cmake/soarm100_interfaces__rosidl_typesupport_introspection_cppExport-noconfig.cmake
[0.338s] -- Up-to-date: /home/sophie/isaac_lab/isaac_ws/rl_code/soarm100sim/ros2/install/soarm100_interfaces/share/soarm100_interfaces/cmake/soarm100_interfaces__rosidl_typesupport_cppExport.cmake
[0.338s] -- Up-to-date: /home/sophie/isaac_lab/isaac_ws/rl_code/soarm100sim/ros2/install/soarm100_interfaces/share/soarm100_interfaces/cmake/soarm100_interfaces__rosidl_typesupport_cppExport-noconfig.cmake
[0.338s] -- Up-to-date: /home/sophie/isaac_lab/isaac_ws/rl_code/soarm100sim/ros2/install/soarm100_interfaces/share/soarm100_interfaces/cmake/export_soarm100_interfaces__rosidl_generator_pyExport.cmake
[0.338s] -- Up-to-date: /home/sophie/isaac_lab/isaac_ws/rl_code/soarm100sim/ros2/install/soarm100_interfaces/share/soarm100_interfaces/cmake/export_soarm100_interfaces__rosidl_generator_pyExport-noconfig.cmake
[0.340s] Invoked command in '/home/sophie/isaac_lab/isaac_ws/rl_code/soarm100sim/ros2/build/soarm100_interfaces' returned '0': CMAKE_PREFIX_PATH=${CMAKE_PREFIX_PATH}:/home/sophie/isaac_lab/isaac_ws/rl_code/soarm100sim/ros2/install/soarm100_vision:/opt/ros/humble CONDA_PROMPT_MODIFIER=(base) /usr/bin/cmake --install /home/sophie/isaac_lab/isaac_ws/rl_code/soarm100sim/ros2/build/soarm100_interfaces
