[0.007s] Invoking command in '/home/sophie/isaac_lab/isaac_ws/rl_code/soarm100sim/ros2/build/soarm100_interfaces': CMAKE_PREFIX_PATH=${CMAKE_PREFIX_PATH}:/opt/ros/humble CONDA_PROMPT_MODIFIER=(base) /usr/bin/cmake /home/sophie/isaac_lab/isaac_ws/rl_code/soarm100sim/ros2/soarm100_interfaces -DPython3_EXECUTABLE=/usr/bin/python3 -DPYTHON_EXECUTABLE=/usr/bin/python3 -DPYTHON_INCLUDE_DIR=/usr/include/python3.10;/usr/include/x86_64-linux-gnu/python3.10 -DPYTHON_LIBRARY=/usr/lib/x86_64-linux-gnu/libpython3.10.so -DCMAKE_INSTALL_PREFIX=/home/sophie/isaac_lab/isaac_ws/rl_code/soarm100sim/ros2/install/soarm100_interfaces
[0.064s] -- The C compiler identification is GNU 14.3.0
[0.124s] -- The CXX compiler identification is GNU 14.3.0
[0.129s] -- Detecting C compiler ABI info
[0.213s] -- Detecting C compiler ABI info - done
[0.223s] -- Check for working C compiler: /home/sophie/miniconda3/bin/x86_64-conda-linux-gnu-cc - skipped
[0.223s] -- Detecting C compile features
[0.223s] -- Detecting C compile features - done
[0.226s] -- Detecting CXX compiler ABI info
[0.313s] -- Detecting CXX compiler ABI info - done
[0.325s] -- Check for working CXX compiler: /home/sophie/miniconda3/bin/x86_64-conda-linux-gnu-c++ - skipped
[0.325s] -- Detecting CXX compile features
[0.325s] -- Detecting CXX compile features - done
[0.329s] -- Found ament_cmake: 1.3.14 (/opt/ros/humble/share/ament_cmake/cmake)
[0.494s] -- Found Python3: /usr/bin/python3 (found version "3.10.12") found components: Interpreter 
[0.572s] -- Found rosidl_default_generators: 1.2.1 (/opt/ros/humble/share/rosidl_default_generators/cmake)
[0.574s] -- Using all available rosidl_typesupport_c: rosidl_typesupport_fastrtps_c;rosidl_typesupport_introspection_c
[0.581s] -- Found rosidl_adapter: 3.1.8 (/opt/ros/humble/share/rosidl_adapter/cmake)
[0.611s] -- Using all available rosidl_typesupport_cpp: rosidl_typesupport_fastrtps_cpp;rosidl_typesupport_introspection_cpp
[0.637s] -- Found builtin_interfaces: 1.2.2 (/opt/ros/humble/share/builtin_interfaces/cmake)
[0.646s] -- Found geometry_msgs: 4.9.1 (/opt/ros/humble/share/geometry_msgs/cmake)
[0.665s] -- Found sensor_msgs: 4.9.1 (/opt/ros/humble/share/sensor_msgs/cmake)
[0.971s] -- Found ament_cmake_ros: 0.10.0 (/opt/ros/humble/share/ament_cmake_ros/cmake)
[1.221s] -- Using all available rosidl_typesupport_c: rosidl_typesupport_fastrtps_c;rosidl_typesupport_introspection_c
[1.523s] -- Using all available rosidl_typesupport_cpp: rosidl_typesupport_fastrtps_cpp;rosidl_typesupport_introspection_cpp
[1.545s] -- Found PythonInterp: /usr/bin/python3 (found suitable version "3.10.12", minimum required is "3.6") 
[1.546s] -- Found python_cmake_module: 0.10.0 (/opt/ros/humble/share/python_cmake_module/cmake)
[1.572s] -- Found PythonLibs: /usr/lib/x86_64-linux-gnu/libpython3.10.so (Required is at least version "3.5") 
[1.572s] -- Using PYTHON_EXECUTABLE: /usr/bin/python3
[1.572s] -- Using PYTHON_INCLUDE_DIRS: /usr/include/python3.10;/usr/include/x86_64-linux-gnu/python3.10
[1.572s] -- Using PYTHON_LIBRARIES: /usr/lib/x86_64-linux-gnu/libpython3.10.so
[1.598s] -- Found PythonExtra: .so  
[1.744s] -- Configuring done
[1.773s] -- Generating done
[1.782s] -- Build files have been written to: /home/sophie/isaac_lab/isaac_ws/rl_code/soarm100sim/ros2/build/soarm100_interfaces
[30.031s] Invoked command in '/home/sophie/isaac_lab/isaac_ws/rl_code/soarm100sim/ros2/build/soarm100_interfaces' returned '0': CMAKE_PREFIX_PATH=${CMAKE_PREFIX_PATH}:/opt/ros/humble CONDA_PROMPT_MODIFIER=(base) /usr/bin/cmake /home/sophie/isaac_lab/isaac_ws/rl_code/soarm100sim/ros2/soarm100_interfaces -DPython3_EXECUTABLE=/usr/bin/python3 -DPYTHON_EXECUTABLE=/usr/bin/python3 -DPYTHON_INCLUDE_DIR=/usr/include/python3.10;/usr/include/x86_64-linux-gnu/python3.10 -DPYTHON_LIBRARY=/usr/lib/x86_64-linux-gnu/libpython3.10.so -DCMAKE_INSTALL_PREFIX=/home/sophie/isaac_lab/isaac_ws/rl_code/soarm100sim/ros2/install/soarm100_interfaces
[30.032s] Invoking command in '/home/sophie/isaac_lab/isaac_ws/rl_code/soarm100sim/ros2/build/soarm100_interfaces': CMAKE_PREFIX_PATH=${CMAKE_PREFIX_PATH}:/opt/ros/humble CONDA_PROMPT_MODIFIER=(base) /usr/bin/cmake --build /home/sophie/isaac_lab/isaac_ws/rl_code/soarm100sim/ros2/build/soarm100_interfaces -- -j32 -l32
[30.079s] [  1%] Generating C code for ROS interfaces
[30.088s] [  3%] Generating C++ code for ROS interfaces
[30.092s] [  5%] Generating Rust code for ROS interfaces
[30.100s] [  5%] Built target ament_cmake_python_copy_soarm100_interfaces
[30.264s] running egg_info
[30.265s] creating soarm100_interfaces.egg-info
[30.265s] writing soarm100_interfaces.egg-info/PKG-INFO
[30.265s] writing dependency_links to soarm100_interfaces.egg-info/dependency_links.txt
[30.265s] writing top-level names to soarm100_interfaces.egg-info/top_level.txt
[30.265s] writing manifest file 'soarm100_interfaces.egg-info/SOURCES.txt'
[30.266s] reading manifest file 'soarm100_interfaces.egg-info/SOURCES.txt'
[30.266s] writing manifest file 'soarm100_interfaces.egg-info/SOURCES.txt'
[30.286s] [  5%] Built target ament_cmake_python_build_soarm100_interfaces_egg
[30.334s] [  5%] Built target soarm100_interfaces__rs
[30.571s] [  7%] Building C object CMakeFiles/soarm100_interfaces__rosidl_generator_c.dir/rosidl_generator_c/soarm100_interfaces/action/detail/execute_grasp__functions.c.o
[30.572s] [  8%] Building C object CMakeFiles/soarm100_interfaces__rosidl_generator_c.dir/rosidl_generator_c/soarm100_interfaces/srv/detail/segment_target__functions.c.o
[30.573s] [ 10%] Building C object CMakeFiles/soarm100_interfaces__rosidl_generator_c.dir/rosidl_generator_c/soarm100_interfaces/srv/detail/set_avoidance__functions.c.o
[30.573s] [ 12%] Building C object CMakeFiles/soarm100_interfaces__rosidl_generator_c.dir/rosidl_generator_c/soarm100_interfaces/action/detail/plan_grasp__functions.c.o
[30.596s] [ 12%] Built target soarm100_interfaces__cpp
[30.604s] [ 14%] Generating C++ type support for eProsima Fast-RTPS
[30.606s] [ 16%] Generating C++ introspection for ROS interfaces
[30.606s] [ 17%] Generating C++ type support dispatch for ROS interfaces
[30.899s] [ 19%] Building CXX object CMakeFiles/soarm100_interfaces__rosidl_typesupport_cpp.dir/rosidl_typesupport_cpp/soarm100_interfaces/action/execute_grasp__type_support.cpp.o
[30.901s] [ 23%] Building CXX object CMakeFiles/soarm100_interfaces__rosidl_typesupport_cpp.dir/rosidl_typesupport_cpp/soarm100_interfaces/action/plan_grasp__type_support.cpp.o
[30.901s] [ 23%] Building CXX object CMakeFiles/soarm100_interfaces__rosidl_typesupport_cpp.dir/rosidl_typesupport_cpp/soarm100_interfaces/srv/set_avoidance__type_support.cpp.o
[30.901s] [ 25%] Building CXX object CMakeFiles/soarm100_interfaces__rosidl_typesupport_cpp.dir/rosidl_typesupport_cpp/soarm100_interfaces/srv/segment_target__type_support.cpp.o
[30.944s] [ 26%] Linking C shared library libsoarm100_interfaces__rosidl_generator_c.so
[30.973s] [ 28%] Building CXX object CMakeFiles/soarm100_interfaces__rosidl_typesupport_introspection_cpp.dir/rosidl_typesupport_introspection_cpp/soarm100_interfaces/srv/detail/segment_target__type_support.cpp.o
[30.973s] [ 30%] Building CXX object CMakeFiles/soarm100_interfaces__rosidl_typesupport_introspection_cpp.dir/rosidl_typesupport_introspection_cpp/soarm100_interfaces/srv/detail/set_avoidance__type_support.cpp.o
[30.974s] [ 32%] Building CXX object CMakeFiles/soarm100_interfaces__rosidl_typesupport_introspection_cpp.dir/rosidl_typesupport_introspection_cpp/soarm100_interfaces/action/detail/execute_grasp__type_support.cpp.o
[30.974s] [ 33%] Building CXX object CMakeFiles/soarm100_interfaces__rosidl_typesupport_introspection_cpp.dir/rosidl_typesupport_introspection_cpp/soarm100_interfaces/action/detail/plan_grasp__type_support.cpp.o
[30.983s] [ 33%] Built target soarm100_interfaces__rosidl_generator_c
[30.992s] [ 35%] Generating C type support for eProsima Fast-RTPS
[30.992s] [ 37%] Generating C type support dispatch for ROS interfaces
[30.993s] [ 39%] Generating C introspection for ROS interfaces
[31.055s] [ 44%] Building CXX object CMakeFiles/soarm100_interfaces__rosidl_typesupport_fastrtps_cpp.dir/rosidl_typesupport_fastrtps_cpp/soarm100_interfaces/action/detail/dds_fastrtps/execute_grasp__type_support.cpp.o
[31.055s] [ 46%] Building CXX object CMakeFiles/soarm100_interfaces__rosidl_typesupport_fastrtps_cpp.dir/rosidl_typesupport_fastrtps_cpp/soarm100_interfaces/srv/detail/dds_fastrtps/set_avoidance__type_support.cpp.o
[31.055s] [ 44%] Building CXX object CMakeFiles/soarm100_interfaces__rosidl_typesupport_fastrtps_cpp.dir/rosidl_typesupport_fastrtps_cpp/soarm100_interfaces/action/detail/dds_fastrtps/plan_grasp__type_support.cpp.o
[31.055s] [ 46%] Building CXX object CMakeFiles/soarm100_interfaces__rosidl_typesupport_fastrtps_cpp.dir/rosidl_typesupport_fastrtps_cpp/soarm100_interfaces/srv/detail/dds_fastrtps/segment_target__type_support.cpp.o
[31.240s] [ 48%] Linking CXX shared library libsoarm100_interfaces__rosidl_typesupport_cpp.so
[31.276s] [ 48%] Built target soarm100_interfaces__rosidl_typesupport_cpp
[31.287s] [ 50%] Building CXX object CMakeFiles/soarm100_interfaces__rosidl_typesupport_c.dir/rosidl_typesupport_c/soarm100_interfaces/action/plan_grasp__type_support.cpp.o
[31.289s] [ 53%] Building CXX object CMakeFiles/soarm100_interfaces__rosidl_typesupport_c.dir/rosidl_typesupport_c/soarm100_interfaces/srv/segment_target__type_support.cpp.o
[31.289s] [ 53%] Building CXX object CMakeFiles/soarm100_interfaces__rosidl_typesupport_c.dir/rosidl_typesupport_c/soarm100_interfaces/action/execute_grasp__type_support.cpp.o
[31.289s] [ 55%] Building CXX object CMakeFiles/soarm100_interfaces__rosidl_typesupport_c.dir/rosidl_typesupport_c/soarm100_interfaces/srv/set_avoidance__type_support.cpp.o
[31.344s] [ 57%] Linking CXX shared library libsoarm100_interfaces__rosidl_typesupport_c.so
[31.383s] [ 57%] Built target soarm100_interfaces__rosidl_typesupport_c
[31.460s] [ 62%] Building CXX object CMakeFiles/soarm100_interfaces__rosidl_typesupport_fastrtps_c.dir/rosidl_typesupport_fastrtps_c/soarm100_interfaces/action/detail/plan_grasp__type_support_c.cpp.o
[31.460s] [ 60%] Building CXX object CMakeFiles/soarm100_interfaces__rosidl_typesupport_fastrtps_c.dir/rosidl_typesupport_fastrtps_c/soarm100_interfaces/action/detail/execute_grasp__type_support_c.cpp.o
[31.460s] [ 62%] Building CXX object CMakeFiles/soarm100_interfaces__rosidl_typesupport_fastrtps_c.dir/rosidl_typesupport_fastrtps_c/soarm100_interfaces/srv/detail/set_avoidance__type_support_c.cpp.o
[31.460s] [ 64%] Building CXX object CMakeFiles/soarm100_interfaces__rosidl_typesupport_fastrtps_c.dir/rosidl_typesupport_fastrtps_c/soarm100_interfaces/srv/detail/segment_target__type_support_c.cpp.o
[31.566s] [ 66%] Linking CXX shared library libsoarm100_interfaces__rosidl_typesupport_introspection_cpp.so
[31.566s] [ 67%] Linking CXX shared library libsoarm100_interfaces__rosidl_typesupport_fastrtps_cpp.so
[31.622s] [ 67%] Built target soarm100_interfaces__rosidl_typesupport_introspection_cpp
[31.626s] [ 71%] Building C object CMakeFiles/soarm100_interfaces__rosidl_typesupport_introspection_c.dir/rosidl_typesupport_introspection_c/soarm100_interfaces/action/detail/execute_grasp__type_support.c.o
[31.627s] [ 71%] Building C object CMakeFiles/soarm100_interfaces__rosidl_typesupport_introspection_c.dir/rosidl_typesupport_introspection_c/soarm100_interfaces/srv/detail/set_avoidance__type_support.c.o
[31.627s] [ 75%] Building C object CMakeFiles/soarm100_interfaces__rosidl_typesupport_introspection_c.dir/rosidl_typesupport_introspection_c/soarm100_interfaces/srv/detail/segment_target__type_support.c.o
[31.627s] [ 75%] Building C object CMakeFiles/soarm100_interfaces__rosidl_typesupport_introspection_c.dir/rosidl_typesupport_introspection_c/soarm100_interfaces/action/detail/plan_grasp__type_support.c.o
[31.632s] [ 75%] Built target soarm100_interfaces__rosidl_typesupport_fastrtps_cpp
[31.685s] [ 76%] Linking C shared library libsoarm100_interfaces__rosidl_typesupport_introspection_c.so
[31.719s] [ 76%] Built target soarm100_interfaces__rosidl_typesupport_introspection_c
[31.928s] [ 78%] Linking CXX shared library libsoarm100_interfaces__rosidl_typesupport_fastrtps_c.so
[31.993s] [ 78%] Built target soarm100_interfaces__rosidl_typesupport_fastrtps_c
[32.011s] [ 78%] Built target soarm100_interfaces
[32.027s] [ 80%] Generating Python code for ROS interfaces
[32.984s] [ 80%] Built target soarm100_interfaces__py
[33.004s] [ 82%] Building C object CMakeFiles/soarm100_interfaces__rosidl_generator_py.dir/rosidl_generator_py/soarm100_interfaces/srv/_segment_target_s.c.o
[33.004s] [ 83%] Building C object CMakeFiles/soarm100_interfaces__rosidl_generator_py.dir/rosidl_generator_py/soarm100_interfaces/action/_execute_grasp_s.c.o
[33.005s] [ 85%] Building C object CMakeFiles/soarm100_interfaces__rosidl_generator_py.dir/rosidl_generator_py/soarm100_interfaces/action/_plan_grasp_s.c.o
[33.005s] [ 87%] Building C object CMakeFiles/soarm100_interfaces__rosidl_generator_py.dir/rosidl_generator_py/soarm100_interfaces/srv/_set_avoidance_s.c.o
[33.013s] In file included from /usr/include/python3.10/Python.h:8,
[33.013s]                  from /home/sophie/isaac_lab/isaac_ws/rl_code/soarm100sim/ros2/build/soarm100_interfaces/rosidl_generator_py/soarm100_interfaces/action/_execute_grasp_s.c:5:
[33.013s] /usr/include/python3.10/pyconfig.h:3:12: fatal error: x86_64-linux-gnu/python3.10/pyconfig.h: No such file or directory
[33.013s]     3 | #  include <x86_64-linux-gnu/python3.10/pyconfig.h>
[33.013s]       |            ^~~~~~~~~~~~~~~~~~~~~~~~~~~~~~~~~~~~~~~~
[33.013s] compilation terminated.
[33.013s] In file included from /usr/include/python3.10/Python.h:8,
[33.013s]                  from /home/sophie/isaac_lab/isaac_ws/rl_code/soarm100sim/ros2/build/soarm100_interfaces/rosidl_generator_py/soarm100_interfaces/action/_plan_grasp_s.c:5:
[33.014s] /usr/include/python3.10/pyconfig.h:3:12: fatal error: x86_64-linux-gnu/python3.10/pyconfig.h: No such file or directory
[33.014s]     3 | #  include <x86_64-linux-gnu/python3.10/pyconfig.h>
[33.014s]       |            ^~~~~~~~~~~~~~~~~~~~~~~~~~~~~~~~~~~~~~~~
[33.014s] compilation terminated.
[33.014s] In file included from /usr/include/python3.10/Python.h:8,
[33.014s]                  from /home/sophie/isaac_lab/isaac_ws/rl_code/soarm100sim/ros2/build/soarm100_interfaces/rosidl_generator_py/soarm100_interfaces/srv/_segment_target_s.c:5:
[33.014s] /usr/include/python3.10/pyconfig.h:3:12: fatal error: x86_64-linux-gnu/python3.10/pyconfig.h: No such file or directory
[33.014s]     3 | #  include <x86_64-linux-gnu/python3.10/pyconfig.h>
[33.014s]       |            ^~~~~~~~~~~~~~~~~~~~~~~~~~~~~~~~~~~~~~~~
[33.014s] compilation terminated.
[33.014s] gmake[2]: *** [CMakeFiles/soarm100_interfaces__rosidl_generator_py.dir/build.make:90：CMakeFiles/soarm100_interfaces__rosidl_generator_py.dir/rosidl_generator_py/soarm100_interfaces/action/_plan_grasp_s.c.o] 错误 1
[33.014s] gmake[2]: *** 正在等待未完成的任务....
[33.014s] gmake[2]: *** [CMakeFiles/soarm100_interfaces__rosidl_generator_py.dir/build.make:76：CMakeFiles/soarm100_interfaces__rosidl_generator_py.dir/rosidl_generator_py/soarm100_interfaces/action/_execute_grasp_s.c.o] 错误 1
[33.014s] In file included from /usr/include/python3.10/Python.h:8,
[33.015s]                  from /home/sophie/isaac_lab/isaac_ws/rl_code/soarm100sim/ros2/build/soarm100_interfaces/rosidl_generator_py/soarm100_interfaces/srv/_set_avoidance_s.c:5:
[33.015s] /usr/include/python3.10/pyconfig.h:3:12: fatal error: x86_64-linux-gnu/python3.10/pyconfig.h: No such file or directory
[33.015s]     3 | #  include <x86_64-linux-gnu/python3.10/pyconfig.h>
[33.015s]       |            ^~~~~~~~~~~~~~~~~~~~~~~~~~~~~~~~~~~~~~~~
[33.015s] compilation terminated.
[33.015s] gmake[2]: *** [CMakeFiles/soarm100_interfaces__rosidl_generator_py.dir/build.make:104：CMakeFiles/soarm100_interfaces__rosidl_generator_py.dir/rosidl_generator_py/soarm100_interfaces/srv/_segment_target_s.c.o] 错误 1
[33.016s] gmake[2]: *** [CMakeFiles/soarm100_interfaces__rosidl_generator_py.dir/build.make:118：CMakeFiles/soarm100_interfaces__rosidl_generator_py.dir/rosidl_generator_py/soarm100_interfaces/srv/_set_avoidance_s.c.o] 错误 1
[33.016s] gmake[1]: *** [CMakeFiles/Makefile2:494：CMakeFiles/soarm100_interfaces__rosidl_generator_py.dir/all] 错误 2
[33.017s] gmake: *** [Makefile:146：all] 错误 2
[33.021s] Invoked command in '/home/sophie/isaac_lab/isaac_ws/rl_code/soarm100sim/ros2/build/soarm100_interfaces' returned '2': CMAKE_PREFIX_PATH=${CMAKE_PREFIX_PATH}:/opt/ros/humble CONDA_PROMPT_MODIFIER=(base) /usr/bin/cmake --build /home/sophie/isaac_lab/isaac_ws/rl_code/soarm100sim/ros2/build/soarm100_interfaces -- -j32 -l32
