1784716873.4137354 [INFO] [launch]: All log files can be found below /home/sophie/isaac_lab/isaac_ws/rl_code/soarm100sim/logs/ros2/2026-07-22-18-41-13-413078-sophie-Legion-Y7000P-IRX10-3604098
1784716873.4138246 [INFO] [launch]: Default logging verbosity is set to INFO
1784716873.4584527 [INFO] [target_segmenter_node-1]: process started with pid [3604141]
1784716873.4585764 [INFO] [obstacle_cloud_node-2]: process started with pid [3604143]
1784716873.4586239 [INFO] [anygrasp_planner_node-3]: process started with pid [3604145]
1784716873.4586599 [INFO] [wrist_tracker_node-4]: process started with pid [3604147]
1784716873.4586928 [INFO] [mujoco_policy_backend_node-5]: process started with pid [3604149]
1784716873.4587240 [INFO] [grasp_orchestrator_node-6]: process started with pid [3604160]
1784716988.5324979 [WARNING] [launch]: user interrupted with ctrl-c (SIGINT)
1784716988.5357299 [INFO] [grasp_orchestrator_node-6]: sending signal 'SIGINT' to process[grasp_orchestrator_node-6]
1784716988.5364926 [INFO] [mujoco_policy_backend_node-5]: sending signal 'SIGINT' to process[mujoco_policy_backend_node-5]
1784716988.5371008 [INFO] [wrist_tracker_node-4]: sending signal 'SIGINT' to process[wrist_tracker_node-4]
1784716988.5377681 [INFO] [anygrasp_planner_node-3]: sending signal 'SIGINT' to process[anygrasp_planner_node-3]
1784716988.5384574 [INFO] [obstacle_cloud_node-2]: sending signal 'SIGINT' to process[obstacle_cloud_node-2]
1784716988.5390058 [INFO] [target_segmenter_node-1]: sending signal 'SIGINT' to process[target_segmenter_node-1]
1784716988.5449140 [ERROR] [anygrasp_planner_node-3]: process has died [pid 3604145, exit code -2, cmd '/home/sophie/isaac_lab/isaac_ws/rl_code/soarm100sim/ros2/install/soarm100_vision/lib/soarm100_vision/anygrasp_planner_node --ros-args -r __node:=anygrasp_planner --params-file /tmp/launch_params_expzdj0z'].
1784716988.5450830 [ERROR] [wrist_tracker_node-4]: process has died [pid 3604147, exit code -2, cmd '/home/sophie/isaac_lab/isaac_ws/rl_code/soarm100sim/ros2/install/soarm100_vision/lib/soarm100_vision/wrist_tracker_node --ros-args -r __node:=wrist_tracker --params-file /tmp/launch_params_s6knjbo0'].
1784716988.5485263 [ERROR] [obstacle_cloud_node-2]: process has died [pid 3604143, exit code -2, cmd '/home/sophie/isaac_lab/isaac_ws/rl_code/soarm100sim/ros2/install/soarm100_vision/lib/soarm100_vision/obstacle_cloud_node --ros-args -r __node:=obstacle_cloud --params-file /tmp/launch_params_nnsfmxza'].
1784716988.5647855 [ERROR] [grasp_orchestrator_node-6]: process has died [pid 3604160, exit code -2, cmd '/home/sophie/isaac_lab/isaac_ws/rl_code/soarm100sim/ros2/install/soarm100_vision/lib/soarm100_vision/grasp_orchestrator_node --ros-args -r __node:=grasp_orchestrator --params-file /tmp/launch_params_ccbwjkp4'].
1784716988.9171681 [ERROR] [mujoco_policy_backend_node-5]: process has died [pid 3604149, exit code 1, cmd '/home/sophie/isaac_lab/isaac_ws/rl_code/soarm100sim/ros2/install/soarm100_vision/lib/soarm100_vision/mujoco_policy_backend_node --ros-args -r __node:=mujoco_policy_backend --params-file /tmp/launch_params_ao5fj9iw'].
1784716989.2306805 [ERROR] [target_segmenter_node-1]: process has died [pid 3604141, exit code 1, cmd '/home/sophie/isaac_lab/isaac_ws/rl_code/soarm100sim/ros2/install/soarm100_vision/lib/soarm100_vision/target_segmenter_node --ros-args -r __node:=target_segmenter --params-file /tmp/launch_params_443vcrvh'].
