[wrist_camera] node=/wrist/color/wrist_camera
[wrist_camera] device=/dev/v4l/by-id/usb-RYS_USB_Camera_200901010001-video-index0
[wrist_camera] image=/wrist/color/image_raw
[wrist_camera] camera_info=/wrist/color/camera_info
[wrist_camera] frame=wrist_camera_optical_frame
[wrist_camera] calibration=/home/sophie/isaac_lab/isaac_ws/rl_code/soarm100sim/hardware/calibration/camera/wrist_camera_1280x720.yaml
[INFO] [1785899078.819312402] [v4l2_camera]: Driver: uvcvideo
[INFO] [1785899078.819379041] [v4l2_camera]: Version: 395276
[INFO] [1785899078.819382637] [v4l2_camera]: Device: USB Camera: USB Camera
[INFO] [1785899078.819385833] [v4l2_camera]: Location: usb-0000:00:14.0-4.3
[INFO] [1785899078.819388318] [v4l2_camera]: Capabilities:
[INFO] [1785899078.819390879] [v4l2_camera]:   Read/write: NO
[INFO] [1785899078.819393299] [v4l2_camera]:   Streaming: YES
[INFO] [1785899078.819397534] [v4l2_camera]: Current pixel format: YUYV @ 1280x720
[INFO] [1785899078.819433127] [v4l2_camera]: Available pixel formats: 
[INFO] [1785899078.819436372] [v4l2_camera]:   MJPG - Motion-JPEG
[INFO] [1785899078.819439027] [v4l2_camera]:   YUYV - YUYV 4:2:2
[INFO] [1785899078.819441528] [v4l2_camera]: Available controls: 
[INFO] [1785899078.819445851] [v4l2_camera]:   Brightness (1) = 0
[INFO] [1785899078.819449365] [v4l2_camera]:   Contrast (1) = 35
[INFO] [1785899078.819452357] [v4l2_camera]:   Saturation (1) = 64
[INFO] [1785899078.819455365] [v4l2_camera]:   Hue (1) = 0
[INFO] [1785899078.819458530] [v4l2_camera]:   White Balance, Automatic (2) = 1
[INFO] [1785899078.819461672] [v4l2_camera]:   Gamma (1) = 300
[INFO] [1785899078.819464846] [v4l2_camera]:   Power Line Frequency (3) = 1
[INFO] [1785899078.820472940] [v4l2_camera]:   White Balance Temperature (1) = 4600 [inactive]
[INFO] [1785899078.820500466] [v4l2_camera]:   Sharpness (1) = 80
[INFO] [1785899078.820505006] [v4l2_camera]:   Backlight Compensation (1) = 0
[ERROR] [1785899078.820511098] [v4l2_camera]: Failed getting value for control 10092545: Permission denied (13); returning 0!
[INFO] [1785899078.820526197] [v4l2_camera]:   Camera Controls (6) = 0
[INFO] [1785899078.820529910] [v4l2_camera]:   Auto Exposure (3) = 3
[INFO] [1785899078.821285745] [v4l2_camera]:   Exposure Time, Absolute (1) = 166 [inactive]
[INFO] [1785899078.821316016] [v4l2_camera]:   Exposure, Dynamic Framerate (2) = 0
[INFO] [1785899078.821320157] [v4l2_camera]:   Pan, Absolute (1) = 0
[INFO] [1785899078.821323450] [v4l2_camera]:   Tilt, Absolute (1) = 0
[INFO] [1785899078.821326472] [v4l2_camera]:   Zoom, Absolute (1) = 0
[WARN] [1785899078.821635935] [wrist.color.wrist_camera]: Control type not currently supported: 6, for control: Camera Controls
[INFO] [1785899078.821713270] [wrist.color.wrist_camera]: camera calibration URL: file:///home/sophie/isaac_lab/isaac_ws/rl_code/soarm100sim/hardware/calibration/camera/wrist_camera_1280x720.yaml
[WARN] [1785899078.821958098] [wrist.color.wrist_camera]: [usb_camera:_usb_camera] does not match wrist_camera in file /home/sophie/isaac_lab/isaac_ws/rl_code/soarm100sim/hardware/calibration/camera/wrist_camera_1280x720.yaml
[INFO] [1785899078.822141081] [v4l2_camera]: Starting camera
[WARN] [1785899079.379922166] [wrist.color.wrist_camera]: Image encoding not the same as requested output, performing possibly slow conversion: yuv422_yuy2 => rgb8
[INFO] [1785900424.864090032] [rclcpp]: signal_handler(SIGINT/SIGTERM)
