[INFO] [1786348897.235418045] [real_policy_grasp_backend]: real policy grasp backend ready: single plan, tracking=OFF, replan=OFF, avoidance=OFF
[INFO] [1786348897.284790334] [real_grasp_orchestrator]: grasp orchestrator ready: action=execute_grasp service=set_avoidance
[INFO] [1786348897.299295422] [real_anygrasp_planner]: AnyGrasp planner ready: action=plan_grasp
[INFO] [1786348915.718234789] [real_anygrasp_planner]: AnyGrasp candidate[00] frame=camera_color_optical_frame score=0.033 width=58.4mm pos=(+0.201,+0.009,+0.554) approach=(-0.54,-0.41,+0.74)
[INFO] [1786348915.718590535] [real_anygrasp_planner]: AnyGrasp candidate[01] frame=camera_color_optical_frame score=0.030 width=77.0mm pos=(+0.217,-0.028,+0.571) approach=(-0.96,+0.10,+0.26)
[INFO] [1786348915.718893294] [real_anygrasp_planner]: AnyGrasp candidate[02] frame=camera_color_optical_frame score=0.029 width=60.9mm pos=(+0.156,-0.002,+0.561) approach=(+0.65,-0.31,+0.69)
[INFO] [1786348915.719181484] [real_anygrasp_planner]: AnyGrasp candidate[03] frame=camera_color_optical_frame score=0.027 width=35.6mm pos=(+0.156,-0.019,+0.599) approach=(+0.83,-0.45,+0.32)
[INFO] [1786348915.719462853] [real_anygrasp_planner]: AnyGrasp candidate[04] frame=camera_color_optical_frame score=0.026 width=22.8mm pos=(+0.227,-0.026,+0.601) approach=(-0.77,-0.52,+0.37)
[INFO] [1786348915.719743434] [real_anygrasp_planner]: AnyGrasp candidate[05] frame=camera_color_optical_frame score=0.026 width=58.6mm pos=(+0.185,-0.003,+0.559) approach=(+0.14,-0.28,+0.95)
[INFO] [1786348915.720026717] [real_anygrasp_planner]: AnyGrasp candidate[06] frame=camera_color_optical_frame score=0.025 width=26.8mm pos=(+0.209,-0.024,+0.579) approach=(-0.98,-0.20,-0.05)
[INFO] [1786348915.720292341] [real_anygrasp_planner]: AnyGrasp candidate[07] frame=camera_color_optical_frame score=0.025 width=29.3mm pos=(+0.226,-0.025,+0.600) approach=(-0.98,-0.20,-0.05)
[INFO] [1786348915.721295738] [real_anygrasp_planner]: AnyGrasp base[00] workspace=True raw=(+0.326,-0.170,+0.013) approach=(+0.80,+0.54,-0.26) offset=-40.0mm offset_world=(-0.032,-0.022,+0.010) final=(+0.294,-0.192,+0.023) pre=(+0.262,-0.213,+0.034)
[INFO] [1786348917.173925315] [real_anygrasp_planner]: AnyGrasp IK[00] pass=True reason=ok pre_err=2.3mm/0.0deg final_err=1.5mm/0.0deg joint_margin=0.190rad q_final=[-0.961,-0.519, 1.611, 1.304,-1.114, 2.113]
[INFO] [1786348917.174452448] [real_anygrasp_planner]: AnyGrasp HW[00] pass=False pre=pregrasp:wrist_flex=1247 notin[1269,3021];wrist_roll=642 notin[1151,3050] raw={'shoulder_pan': 2775, 'shoulder_lift': 2544, 'elbow_flex': 2215, 'wrist_flex': 1247, 'wrist_yaw': 1209, 'wrist_roll': 642, 'gripper': 2355} final=final:wrist_roll=710 notin[1151,3050] raw={'shoulder_pan': 2677, 'shoulder_lift': 2577, 'elbow_flex': 2201, 'wrist_flex': 1291, 'wrist_yaw': 1304, 'wrist_roll': 710, 'gripper': 2355}
[INFO] [1786348917.175223389] [real_anygrasp_planner]: AnyGrasp base[01] workspace=True raw=(+0.365,-0.188,+0.024) approach=(+0.11,+0.97,-0.23) offset=-40.0mm offset_world=(-0.005,-0.039,+0.009) final=(+0.361,-0.226,+0.033) pre=(+0.356,-0.265,+0.042)
[INFO] [1786348918.332730086] [real_anygrasp_planner]: AnyGrasp IK[01] pass=False reason=pregrasp_unreachable pre_err=164.5mm/0.4deg final_err=infmm/infdeg joint_margin=0.013rad q_final=[nan,nan,nan,nan,nan,nan]
[INFO] [1786348918.333625414] [real_anygrasp_planner]: AnyGrasp base[02] workspace=True raw=(+0.340,-0.126,+0.016) approach=(+0.68,-0.65,-0.33) offset=-40.0mm offset_world=(-0.027,+0.026,+0.013) final=(+0.313,-0.100,+0.030) pre=(+0.286,-0.074,+0.043)
[INFO] [1786348918.632906832] [real_anygrasp_planner]: AnyGrasp IK[02] pass=True reason=ok pre_err=2.3mm/0.0deg final_err=2.0mm/0.0deg joint_margin=0.365rad q_final=[-0.372,-0.796, 2.299, 1.385,-0.131,-0.063]
[INFO] [1786348918.633206222] [real_anygrasp_planner]: AnyGrasp HW[02] pass=False pre=pregrasp:wrist_flex=1206 notin[1269,3021] raw={'shoulder_pan': 2246, 'shoulder_lift': 2242, 'elbow_flex': 2879, 'wrist_flex': 1206, 'wrist_yaw': 1973, 'wrist_roll': 2202, 'gripper': 2355} final=final:wrist_flex=1239 notin[1269,3021] raw={'shoulder_pan': 2293, 'shoulder_lift': 2397, 'elbow_flex': 2650, 'wrist_flex': 1239, 'wrist_yaw': 1945, 'wrist_roll': 2128, 'gripper': 2355}
[INFO] [1786348918.634032203] [real_anygrasp_planner]: AnyGrasp base[03] workspace=False raw=(+0.378,-0.126,-0.001) approach=(+0.54,-0.84,+0.03) offset=-40.0mm offset_world=(-0.022,+0.034,-0.001) final=(+0.356,-0.092,-0.002) pre=(+0.335,-0.058,-0.003)
[INFO] [1786348918.634711514] [real_anygrasp_planner]: AnyGrasp base[04] workspace=False raw=(+0.384,-0.197,-0.000) approach=(+0.65,+0.76,+0.10) offset=-40.0mm offset_world=(-0.026,-0.030,-0.004) final=(+0.358,-0.227,-0.004) pre=(+0.332,-0.257,-0.008)
[INFO] [1786348918.635390603] [real_anygrasp_planner]: AnyGrasp base[05] workspace=True raw=(+0.339,-0.154,+0.018) approach=(+0.84,-0.14,-0.53) offset=-40.0mm offset_world=(-0.033,+0.005,+0.021) final=(+0.305,-0.149,+0.039) pre=(+0.272,-0.143,+0.060)
[INFO] [1786348918.930328806] [real_anygrasp_planner]: AnyGrasp IK[05] pass=True reason=ok pre_err=1.6mm/0.0deg final_err=1.3mm/0.0deg joint_margin=0.495rad q_final=[-0.572,-0.941, 2.255, 1.28 ,-0.226, 1.348]
[INFO] [1786348918.930635203] [real_anygrasp_planner]: AnyGrasp HW[05] pass=True pre=pregrasp:ok raw={'shoulder_pan': 2476, 'shoulder_lift': 2105, 'elbow_flex': 2836, 'wrist_flex': 1291, 'wrist_yaw': 1830, 'wrist_roll': 1211, 'gripper': 2355} final=final:ok raw={'shoulder_pan': 2423, 'shoulder_lift': 2302, 'elbow_flex': 2621, 'wrist_flex': 1308, 'wrist_yaw': 1883, 'wrist_roll': 1209, 'gripper': 2355}
[INFO] [1786348918.933237477] [real_grasp_orchestrator]: AnyGrasp selected pose forwarded to policy: pregrasp[frame=base pos=(+0.272,-0.143,+0.060) quat=(+0.480,+0.246,+0.840,+0.060)] grasp[frame=base pos=(+0.305,-0.149,+0.039) quat=(+0.480,+0.246,+0.840,+0.060)] score=0.026 width=58.6mm candidates=34
[INFO] [1786348918.935696210] [real_policy_grasp_backend]: single grasp target=jpgCat pre=[0.2719111220731576, -0.14348851985822497, 0.060173766356564046] grasp=[0.3053304994211088, -0.14894463387497553, 0.03888113764352198] width=58.6mm
[INFO] [1786348918.937062450] [real_policy_grasp_backend]: stage=OPEN reason=opening gripper before policy motion
[INFO] [1786348919.943920675] [real_policy_grasp_backend]: stage=MOVE_TO_PREGRASP reason={"start_rad": 0.4386371171193928, "target_rad": 0.45, "held_target_rad": 0.45, "measured_rad": 0.4386371171193928, "error_rad": 0.011362882880607217}
Traceback (most recent call last):
  File "/home/sophie/isaac_lab/isaac_ws/rl_code/soarm100sim/ros2/soarm100_vision/soarm100_vision/anygrasp_planner_node.py", line 473, in main
    rclpy.spin(node)
  File "/opt/ros/humble/local/lib/python3.10/dist-packages/rclpy/__init__.py", line 229, in spin
    executor.spin_once()
  File "/opt/ros/humble/local/lib/python3.10/dist-packages/rclpy/executors.py", line 808, in spin_once
    self._spin_once_impl(timeout_sec)
  File "/opt/ros/humble/local/lib/python3.10/dist-packages/rclpy/executors.py", line 797, in _spin_once_impl
    handler, entity, node = self.wait_for_ready_callbacks(timeout_sec=timeout_sec)
  File "/opt/ros/humble/local/lib/python3.10/dist-packages/rclpy/executors.py", line 780, in wait_for_ready_callbacks
    return next(self._cb_iter)
  File "/opt/ros/humble/local/lib/python3.10/dist-packages/rclpy/executors.py", line 681, in _wait_for_ready_callbacks
    raise ExternalShutdownException()
rclpy.executors.ExternalShutdownException

During handling of the above exception, another exception occurred:

Traceback (most recent call last):
  File "/home/sophie/isaac_lab/isaac_ws/rl_code/soarm100sim/ros2/soarm100_vision/soarm100_vision/anygrasp_planner_node.py", line 480, in <module>
    main()
  File "/home/sophie/isaac_lab/isaac_ws/rl_code/soarm100sim/ros2/soarm100_vision/soarm100_vision/anygrasp_planner_node.py", line 476, in main
    rclpy.shutdown()
  File "/opt/ros/humble/local/lib/python3.10/dist-packages/rclpy/__init__.py", line 130, in shutdown
    _shutdown(context=context)
  File "/opt/ros/humble/local/lib/python3.10/dist-packages/rclpy/utilities.py", line 58, in shutdown
    return context.shutdown()
  File "/opt/ros/humble/local/lib/python3.10/dist-packages/rclpy/context.py", line 102, in shutdown
    self.__context.shutdown()
rclpy._rclpy_pybind11.RCLError: failed to shutdown: rcl_shutdown already called on the given context, at ./src/rcl/init.c:241
Traceback (most recent call last):
  File "/home/sophie/isaac_lab/isaac_ws/rl_code/soarm100sim/ros2/soarm100_vision/soarm100_vision/grasp_orchestrator_node.py", line 313, in main
    rclpy.spin(node)
  File "/opt/ros/humble/local/lib/python3.10/dist-packages/rclpy/__init__.py", line 229, in spin
    executor.spin_once()
  File "/opt/ros/humble/local/lib/python3.10/dist-packages/rclpy/executors.py", line 808, in spin_once
    self._spin_once_impl(timeout_sec)
  File "/opt/ros/humble/local/lib/python3.10/dist-packages/rclpy/executors.py", line 797, in _spin_once_impl
    handler, entity, node = self.wait_for_ready_callbacks(timeout_sec=timeout_sec)
  File "/opt/ros/humble/local/lib/python3.10/dist-packages/rclpy/executors.py", line 780, in wait_for_ready_callbacks
    return next(self._cb_iter)
  File "/opt/ros/humble/local/lib/python3.10/dist-packages/rclpy/executors.py", line 681, in _wait_for_ready_callbacks
    raise ExternalShutdownException()
rclpy.executors.ExternalShutdownException

During handling of the above exception, another exception occurred:

Traceback (most recent call last):
  File "/home/sophie/isaac_lab/isaac_ws/rl_code/soarm100sim/ros2/soarm100_vision/soarm100_vision/grasp_orchestrator_node.py", line 320, in <module>
    main()
  File "/home/sophie/isaac_lab/isaac_ws/rl_code/soarm100sim/ros2/soarm100_vision/soarm100_vision/grasp_orchestrator_node.py", line 316, in main
    rclpy.shutdown()
  File "/opt/ros/humble/local/lib/python3.10/dist-packages/rclpy/__init__.py", line 130, in shutdown
    _shutdown(context=context)
  File "/opt/ros/humble/local/lib/python3.10/dist-packages/rclpy/utilities.py", line 58, in shutdown
    return context.shutdown()
  File "/opt/ros/humble/local/lib/python3.10/dist-packages/rclpy/context.py", line 102, in shutdown
    self.__context.shutdown()
rclpy._rclpy_pybind11.RCLError: failed to shutdown: rcl_shutdown already called on the given context, at ./src/rcl/init.c:241
