[0.073s] [34mcolcon[0m [1;30mDEBUG[0m [32mCommand line arguments: ['/usr/bin/colcon', 'build', '--packages-select', 'soarm100_interfaces', 'soarm100_vision', '--cmake-clean-cache', '--cmake-args', '-DPython3_EXECUTABLE=/usr/bin/python3', '-DPYTHON_EXECUTABLE=/usr/bin/python3', '-DPYTHON_INCLUDE_DIR=/usr/include/python3.10;/usr/include/x86_64-linux-gnu/python3.10', '-DPYTHON_LIBRARY=/usr/lib/x86_64-linux-gnu/libpython3.10.so'][0m
[0.073s] [34mcolcon[0m [1;30mDEBUG[0m [32mParsed command line arguments: Namespace(log_base=None, log_level=None, verb_name='build', build_base='build', install_base='install', merge_install=False, symlink_install=False, test_result_base=None, continue_on_error=False, executor='parallel', parallel_workers=32, event_handlers=None, ignore_user_meta=False, metas=['./colcon.meta'], base_paths=['.'], packages_ignore=None, packages_ignore_regex=None, paths=None, packages_up_to=None, packages_up_to_regex=None, packages_above=None, packages_above_and_dependencies=None, packages_above_depth=None, packages_select_by_dep=None, packages_skip_by_dep=None, packages_skip_up_to=None, packages_select_build_failed=False, packages_skip_build_finished=False, packages_select_test_failures=False, packages_skip_test_passed=False, packages_select=['soarm100_interfaces', 'soarm100_vision'], packages_skip=None, packages_select_regex=None, packages_skip_regex=None, packages_start=None, packages_end=None, allow_overriding=[], cmake_args=['-DPython3_EXECUTABLE=/usr/bin/python3', '-DPYTHON_EXECUTABLE=/usr/bin/python3', '-DPYTHON_INCLUDE_DIR=/usr/include/python3.10;/usr/include/x86_64-linux-gnu/python3.10', '-DPYTHON_LIBRARY=/usr/lib/x86_64-linux-gnu/libpython3.10.so'], cmake_target=None, cmake_target_skip_unavailable=False, cmake_clean_cache=True, cmake_clean_first=False, cmake_force_configure=False, ament_cmake_args=None, catkin_cmake_args=None, catkin_skip_building_tests=False, verb_parser=<colcon_defaults.argument_parser.defaults.DefaultArgumentsDecorator object at 0x7e1960049b40>, verb_extension=<colcon_core.verb.build.BuildVerb object at 0x7e1960049630>, main=<bound method BuildVerb.main of <colcon_core.verb.build.BuildVerb object at 0x7e1960049630>>)[0m
[0.183s] [34mcolcon.colcon_core.package_discovery[0m [1;30mLevel 1[0m discover_packages(colcon_meta) check parameters
[0.183s] [34mcolcon.colcon_core.package_discovery[0m [1;30mLevel 1[0m discover_packages(recursive) check parameters
[0.183s] [34mcolcon.colcon_core.package_discovery[0m [1;30mLevel 1[0m discover_packages(ignore) check parameters
[0.183s] [34mcolcon.colcon_core.package_discovery[0m [1;30mLevel 1[0m discover_packages(path) check parameters
[0.183s] [34mcolcon.colcon_core.package_discovery[0m [1;30mLevel 1[0m discover_packages(colcon_meta) discover
[0.183s] [34mcolcon.colcon_core.package_discovery[0m [1;30mLevel 1[0m discover_packages(recursive) discover
[0.183s] [34mcolcon.colcon_core.package_discovery[0m [1;30mINFO[0m Crawling recursively for packages in '/home/sophie/isaac_lab/isaac_ws/rl_code/soarm100sim/ros2'
[0.183s] [34mcolcon.colcon_core.package_identification[0m [1;30mLevel 1[0m _identify(.) by extensions ['ignore', 'ignore_ament_install']
[0.183s] [34mcolcon.colcon_core.package_identification[0m [1;30mLevel 1[0m _identify(.) by extension 'ignore'
[0.183s] [34mcolcon.colcon_core.package_identification[0m [1;30mLevel 1[0m _identify(.) by extension 'ignore_ament_install'
[0.184s] [34mcolcon.colcon_core.package_identification[0m [1;30mLevel 1[0m _identify(.) by extensions ['colcon_pkg']
[0.184s] [34mcolcon.colcon_core.package_identification[0m [1;30mLevel 1[0m _identify(.) by extension 'colcon_pkg'
[0.184s] [34mcolcon.colcon_core.package_identification[0m [1;30mLevel 1[0m _identify(.) by extensions ['colcon_meta']
[0.184s] [34mcolcon.colcon_core.package_identification[0m [1;30mLevel 1[0m _identify(.) by extension 'colcon_meta'
[0.184s] [34mcolcon.colcon_core.package_identification[0m [1;30mLevel 1[0m _identify(.) by extensions ['ros']
[0.184s] [34mcolcon.colcon_core.package_identification[0m [1;30mLevel 1[0m _identify(.) by extension 'ros'
[0.206s] [34mcolcon.colcon_core.package_identification[0m [1;30mLevel 1[0m _identify(.) by extensions ['cmake', 'python']
[0.206s] [34mcolcon.colcon_core.package_identification[0m [1;30mLevel 1[0m _identify(.) by extension 'cmake'
[0.206s] [34mcolcon.colcon_core.package_identification[0m [1;30mLevel 1[0m _identify(.) by extension 'python'
[0.206s] [34mcolcon.colcon_core.package_identification[0m [1;30mLevel 1[0m _identify(.) by extensions ['python_setup_py']
[0.206s] [34mcolcon.colcon_core.package_identification[0m [1;30mLevel 1[0m _identify(.) by extension 'python_setup_py'
[0.206s] [34mcolcon.colcon_core.package_identification[0m [1;30mLevel 1[0m _identify(build) by extensions ['ignore', 'ignore_ament_install']
[0.207s] [34mcolcon.colcon_core.package_identification[0m [1;30mLevel 1[0m _identify(build) by extension 'ignore'
[0.207s] [34mcolcon.colcon_core.package_identification[0m [1;30mLevel 1[0m _identify(build) ignored
[0.207s] [34mcolcon.colcon_core.package_identification[0m [1;30mLevel 1[0m _identify(install) by extensions ['ignore', 'ignore_ament_install']
[0.207s] [34mcolcon.colcon_core.package_identification[0m [1;30mLevel 1[0m _identify(install) by extension 'ignore'
[0.207s] [34mcolcon.colcon_core.package_identification[0m [1;30mLevel 1[0m _identify(install) ignored
[0.207s] [34mcolcon.colcon_core.package_identification[0m [1;30mLevel 1[0m _identify(log) by extensions ['ignore', 'ignore_ament_install']
[0.207s] [34mcolcon.colcon_core.package_identification[0m [1;30mLevel 1[0m _identify(log) by extension 'ignore'
[0.207s] [34mcolcon.colcon_core.package_identification[0m [1;30mLevel 1[0m _identify(log) ignored
[0.207s] [34mcolcon.colcon_core.package_identification[0m [1;30mLevel 1[0m _identify(logs) by extensions ['ignore', 'ignore_ament_install']
[0.207s] [34mcolcon.colcon_core.package_identification[0m [1;30mLevel 1[0m _identify(logs) by extension 'ignore'
[0.207s] [34mcolcon.colcon_core.package_identification[0m [1;30mLevel 1[0m _identify(logs) by extension 'ignore_ament_install'
[0.207s] [34mcolcon.colcon_core.package_identification[0m [1;30mLevel 1[0m _identify(logs) by extensions ['colcon_pkg']
[0.207s] [34mcolcon.colcon_core.package_identification[0m [1;30mLevel 1[0m _identify(logs) by extension 'colcon_pkg'
[0.207s] [34mcolcon.colcon_core.package_identification[0m [1;30mLevel 1[0m _identify(logs) by extensions ['colcon_meta']
[0.207s] [34mcolcon.colcon_core.package_identification[0m [1;30mLevel 1[0m _identify(logs) by extension 'colcon_meta'
[0.207s] [34mcolcon.colcon_core.package_identification[0m [1;30mLevel 1[0m _identify(logs) by extensions ['ros']
[0.207s] [34mcolcon.colcon_core.package_identification[0m [1;30mLevel 1[0m _identify(logs) by extension 'ros'
[0.207s] [34mcolcon.colcon_core.package_identification[0m [1;30mLevel 1[0m _identify(logs) by extensions ['cmake', 'python']
[0.207s] [34mcolcon.colcon_core.package_identification[0m [1;30mLevel 1[0m _identify(logs) by extension 'cmake'
[0.207s] [34mcolcon.colcon_core.package_identification[0m [1;30mLevel 1[0m _identify(logs) by extension 'python'
[0.207s] [34mcolcon.colcon_core.package_identification[0m [1;30mLevel 1[0m _identify(logs) by extensions ['python_setup_py']
[0.207s] [34mcolcon.colcon_core.package_identification[0m [1;30mLevel 1[0m _identify(logs) by extension 'python_setup_py'
[0.207s] [34mcolcon.colcon_core.package_identification[0m [1;30mLevel 1[0m _identify(logs/ros2_vision) by extensions ['ignore', 'ignore_ament_install']
[0.207s] [34mcolcon.colcon_core.package_identification[0m [1;30mLevel 1[0m _identify(logs/ros2_vision) by extension 'ignore'
[0.207s] [34mcolcon.colcon_core.package_identification[0m [1;30mLevel 1[0m _identify(logs/ros2_vision) by extension 'ignore_ament_install'
[0.207s] [34mcolcon.colcon_core.package_identification[0m [1;30mLevel 1[0m _identify(logs/ros2_vision) by extensions ['colcon_pkg']
[0.207s] [34mcolcon.colcon_core.package_identification[0m [1;30mLevel 1[0m _identify(logs/ros2_vision) by extension 'colcon_pkg'
[0.207s] [34mcolcon.colcon_core.package_identification[0m [1;30mLevel 1[0m _identify(logs/ros2_vision) by extensions ['colcon_meta']
[0.208s] [34mcolcon.colcon_core.package_identification[0m [1;30mLevel 1[0m _identify(logs/ros2_vision) by extension 'colcon_meta'
[0.208s] [34mcolcon.colcon_core.package_identification[0m [1;30mLevel 1[0m _identify(logs/ros2_vision) by extensions ['ros']
[0.208s] [34mcolcon.colcon_core.package_identification[0m [1;30mLevel 1[0m _identify(logs/ros2_vision) by extension 'ros'
[0.208s] [34mcolcon.colcon_core.package_identification[0m [1;30mLevel 1[0m _identify(logs/ros2_vision) by extensions ['cmake', 'python']
[0.208s] [34mcolcon.colcon_core.package_identification[0m [1;30mLevel 1[0m _identify(logs/ros2_vision) by extension 'cmake'
[0.208s] [34mcolcon.colcon_core.package_identification[0m [1;30mLevel 1[0m _identify(logs/ros2_vision) by extension 'python'
[0.208s] [34mcolcon.colcon_core.package_identification[0m [1;30mLevel 1[0m _identify(logs/ros2_vision) by extensions ['python_setup_py']
[0.208s] [34mcolcon.colcon_core.package_identification[0m [1;30mLevel 1[0m _identify(logs/ros2_vision) by extension 'python_setup_py'
[0.208s] [34mcolcon.colcon_core.package_identification[0m [1;30mLevel 1[0m _identify(so100_plus_description) by extensions ['ignore', 'ignore_ament_install']
[0.208s] [34mcolcon.colcon_core.package_identification[0m [1;30mLevel 1[0m _identify(so100_plus_description) by extension 'ignore'
[0.208s] [34mcolcon.colcon_core.package_identification[0m [1;30mLevel 1[0m _identify(so100_plus_description) by extension 'ignore_ament_install'
[0.208s] [34mcolcon.colcon_core.package_identification[0m [1;30mLevel 1[0m _identify(so100_plus_description) by extensions ['colcon_pkg']
[0.208s] [34mcolcon.colcon_core.package_identification[0m [1;30mLevel 1[0m _identify(so100_plus_description) by extension 'colcon_pkg'
[0.208s] [34mcolcon.colcon_core.package_identification[0m [1;30mLevel 1[0m _identify(so100_plus_description) by extensions ['colcon_meta']
[0.208s] [34mcolcon.colcon_core.package_identification[0m [1;30mLevel 1[0m _identify(so100_plus_description) by extension 'colcon_meta'
[0.208s] [34mcolcon.colcon_core.package_identification[0m [1;30mLevel 1[0m _identify(so100_plus_description) by extensions ['ros']
[0.208s] [34mcolcon.colcon_core.package_identification[0m [1;30mLevel 1[0m _identify(so100_plus_description) by extension 'ros'
[0.209s] [34mcolcon.colcon_core.package_identification[0m [1;30mDEBUG[0m [32mPackage 'so100_plus_description' with type 'ros.ament_cmake' and name 'so100_plus_description'[0m
[0.210s] [34mcolcon.colcon_core.package_identification[0m [1;30mLevel 1[0m _identify(soarm100_interfaces) by extensions ['ignore', 'ignore_ament_install']
[0.210s] [34mcolcon.colcon_core.package_identification[0m [1;30mLevel 1[0m _identify(soarm100_interfaces) by extension 'ignore'
[0.210s] [34mcolcon.colcon_core.package_identification[0m [1;30mLevel 1[0m _identify(soarm100_interfaces) by extension 'ignore_ament_install'
[0.210s] [34mcolcon.colcon_core.package_identification[0m [1;30mLevel 1[0m _identify(soarm100_interfaces) by extensions ['colcon_pkg']
[0.210s] [34mcolcon.colcon_core.package_identification[0m [1;30mLevel 1[0m _identify(soarm100_interfaces) by extension 'colcon_pkg'
[0.210s] [34mcolcon.colcon_core.package_identification[0m [1;30mLevel 1[0m _identify(soarm100_interfaces) by extensions ['colcon_meta']
[0.210s] [34mcolcon.colcon_core.package_identification[0m [1;30mLevel 1[0m _identify(soarm100_interfaces) by extension 'colcon_meta'
[0.210s] [34mcolcon.colcon_core.package_identification[0m [1;30mLevel 1[0m _identify(soarm100_interfaces) by extensions ['ros']
[0.210s] [34mcolcon.colcon_core.package_identification[0m [1;30mLevel 1[0m _identify(soarm100_interfaces) by extension 'ros'
[0.210s] [34mcolcon.colcon_core.package_identification[0m [1;30mDEBUG[0m [32mPackage 'soarm100_interfaces' with type 'ros.ament_cmake' and name 'soarm100_interfaces'[0m
[0.210s] [34mcolcon.colcon_core.package_identification[0m [1;30mLevel 1[0m _identify(soarm100_vision) by extensions ['ignore', 'ignore_ament_install']
[0.210s] [34mcolcon.colcon_core.package_identification[0m [1;30mLevel 1[0m _identify(soarm100_vision) by extension 'ignore'
[0.210s] [34mcolcon.colcon_core.package_identification[0m [1;30mLevel 1[0m _identify(soarm100_vision) by extension 'ignore_ament_install'
[0.211s] [34mcolcon.colcon_core.package_identification[0m [1;30mLevel 1[0m _identify(soarm100_vision) by extensions ['colcon_pkg']
[0.211s] [34mcolcon.colcon_core.package_identification[0m [1;30mLevel 1[0m _identify(soarm100_vision) by extension 'colcon_pkg'
[0.211s] [34mcolcon.colcon_core.package_identification[0m [1;30mLevel 1[0m _identify(soarm100_vision) by extensions ['colcon_meta']
[0.211s] [34mcolcon.colcon_core.package_identification[0m [1;30mLevel 1[0m _identify(soarm100_vision) by extension 'colcon_meta'
[0.211s] [34mcolcon.colcon_core.package_identification[0m [1;30mLevel 1[0m _identify(soarm100_vision) by extensions ['ros']
[0.211s] [34mcolcon.colcon_core.package_identification[0m [1;30mLevel 1[0m _identify(soarm100_vision) by extension 'ros'
[0.211s] [34mcolcon.colcon_core.package_identification[0m [1;30mDEBUG[0m [32mPackage 'soarm100_vision' with type 'ros.ament_python' and name 'soarm100_vision'[0m
[0.211s] [34mcolcon.colcon_core.package_discovery[0m [1;30mLevel 1[0m discover_packages(recursive) using defaults
[0.211s] [34mcolcon.colcon_core.package_discovery[0m [1;30mLevel 1[0m discover_packages(ignore) discover
[0.211s] [34mcolcon.colcon_core.package_discovery[0m [1;30mLevel 1[0m discover_packages(ignore) using defaults
[0.211s] [34mcolcon.colcon_core.package_discovery[0m [1;30mLevel 1[0m discover_packages(path) discover
[0.211s] [34mcolcon.colcon_core.package_discovery[0m [1;30mLevel 1[0m discover_packages(path) using defaults
[0.221s] [34mcolcon.colcon_core.package_selection[0m [1;30mINFO[0m Skipping not selected package 'so100_plus_description' in 'so100_plus_description'
[0.221s] [34mcolcon.colcon_core.package_discovery[0m [1;30mLevel 1[0m discover_packages(prefix_path) check parameters
[0.221s] [34mcolcon.colcon_core.package_discovery[0m [1;30mLevel 1[0m discover_packages(prefix_path) discover
[0.222s] [34mcolcon.colcon_installed_package_information.package_discovery[0m [1;30mDEBUG[0m [32mFound 375 installed packages in /opt/ros/humble[0m
[0.224s] [34mcolcon.colcon_core.package_discovery[0m [1;30mLevel 1[0m discover_packages(prefix_path) using defaults
[0.250s] [34mcolcon.colcon_core.verb[0m [1;30mLevel 5[0m set package 'soarm100_interfaces' build argument 'cmake_args' from command line to '['-DPython3_EXECUTABLE=/usr/bin/python3', '-DPYTHON_EXECUTABLE=/usr/bin/python3', '-DPYTHON_INCLUDE_DIR=/usr/include/python3.10;/usr/include/x86_64-linux-gnu/python3.10', '-DPYTHON_LIBRARY=/usr/lib/x86_64-linux-gnu/libpython3.10.so']'
[0.250s] [34mcolcon.colcon_core.verb[0m [1;30mLevel 5[0m set package 'soarm100_interfaces' build argument 'cmake_target' from command line to 'None'
[0.250s] [34mcolcon.colcon_core.verb[0m [1;30mLevel 5[0m set package 'soarm100_interfaces' build argument 'cmake_target_skip_unavailable' from command line to 'False'
[0.250s] [34mcolcon.colcon_core.verb[0m [1;30mLevel 5[0m set package 'soarm100_interfaces' build argument 'cmake_clean_cache' from command line to 'True'
[0.250s] [34mcolcon.colcon_core.verb[0m [1;30mLevel 5[0m set package 'soarm100_interfaces' build argument 'cmake_clean_first' from command line to 'False'
[0.250s] [34mcolcon.colcon_core.verb[0m [1;30mLevel 5[0m set package 'soarm100_interfaces' build argument 'cmake_force_configure' from command line to 'False'
[0.250s] [34mcolcon.colcon_core.verb[0m [1;30mLevel 5[0m set package 'soarm100_interfaces' build argument 'ament_cmake_args' from command line to 'None'
[0.250s] [34mcolcon.colcon_core.verb[0m [1;30mLevel 5[0m set package 'soarm100_interfaces' build argument 'catkin_cmake_args' from command line to 'None'
[0.250s] [34mcolcon.colcon_core.verb[0m [1;30mLevel 5[0m set package 'soarm100_interfaces' build argument 'catkin_skip_building_tests' from command line to 'False'
[0.250s] [34mcolcon.colcon_core.verb[0m [1;30mDEBUG[0m [32mBuilding package 'soarm100_interfaces' with the following arguments: {'ament_cmake_args': None, 'build_base': '/home/sophie/isaac_lab/isaac_ws/rl_code/soarm100sim/ros2/build/soarm100_interfaces', 'catkin_cmake_args': None, 'catkin_skip_building_tests': False, 'cmake_args': ['-DPython3_EXECUTABLE=/usr/bin/python3', '-DPYTHON_EXECUTABLE=/usr/bin/python3', '-DPYTHON_INCLUDE_DIR=/usr/include/python3.10;/usr/include/x86_64-linux-gnu/python3.10', '-DPYTHON_LIBRARY=/usr/lib/x86_64-linux-gnu/libpython3.10.so'], 'cmake_clean_cache': True, 'cmake_clean_first': False, 'cmake_force_configure': False, 'cmake_target': None, 'cmake_target_skip_unavailable': False, 'install_base': '/home/sophie/isaac_lab/isaac_ws/rl_code/soarm100sim/ros2/install/soarm100_interfaces', 'merge_install': False, 'path': '/home/sophie/isaac_lab/isaac_ws/rl_code/soarm100sim/ros2/soarm100_interfaces', 'symlink_install': False, 'test_result_base': None}[0m
[0.250s] [34mcolcon.colcon_core.verb[0m [1;30mLevel 5[0m set package 'soarm100_vision' build argument 'cmake_args' from command line to '['-DPython3_EXECUTABLE=/usr/bin/python3', '-DPYTHON_EXECUTABLE=/usr/bin/python3', '-DPYTHON_INCLUDE_DIR=/usr/include/python3.10;/usr/include/x86_64-linux-gnu/python3.10', '-DPYTHON_LIBRARY=/usr/lib/x86_64-linux-gnu/libpython3.10.so']'
[0.250s] [34mcolcon.colcon_core.verb[0m [1;30mLevel 5[0m set package 'soarm100_vision' build argument 'cmake_target' from command line to 'None'
[0.250s] [34mcolcon.colcon_core.verb[0m [1;30mLevel 5[0m set package 'soarm100_vision' build argument 'cmake_target_skip_unavailable' from command line to 'False'
[0.250s] [34mcolcon.colcon_core.verb[0m [1;30mLevel 5[0m set package 'soarm100_vision' build argument 'cmake_clean_cache' from command line to 'True'
[0.250s] [34mcolcon.colcon_core.verb[0m [1;30mLevel 5[0m set package 'soarm100_vision' build argument 'cmake_clean_first' from command line to 'False'
[0.250s] [34mcolcon.colcon_core.verb[0m [1;30mLevel 5[0m set package 'soarm100_vision' build argument 'cmake_force_configure' from command line to 'False'
[0.250s] [34mcolcon.colcon_core.verb[0m [1;30mLevel 5[0m set package 'soarm100_vision' build argument 'ament_cmake_args' from command line to 'None'
[0.250s] [34mcolcon.colcon_core.verb[0m [1;30mLevel 5[0m set package 'soarm100_vision' build argument 'catkin_cmake_args' from command line to 'None'
[0.250s] [34mcolcon.colcon_core.verb[0m [1;30mLevel 5[0m set package 'soarm100_vision' build argument 'catkin_skip_building_tests' from command line to 'False'
[0.250s] [34mcolcon.colcon_core.verb[0m [1;30mDEBUG[0m [32mBuilding package 'soarm100_vision' with the following arguments: {'ament_cmake_args': None, 'build_base': '/home/sophie/isaac_lab/isaac_ws/rl_code/soarm100sim/ros2/build/soarm100_vision', 'catkin_cmake_args': None, 'catkin_skip_building_tests': False, 'cmake_args': ['-DPython3_EXECUTABLE=/usr/bin/python3', '-DPYTHON_EXECUTABLE=/usr/bin/python3', '-DPYTHON_INCLUDE_DIR=/usr/include/python3.10;/usr/include/x86_64-linux-gnu/python3.10', '-DPYTHON_LIBRARY=/usr/lib/x86_64-linux-gnu/libpython3.10.so'], 'cmake_clean_cache': True, 'cmake_clean_first': False, 'cmake_force_configure': False, 'cmake_target': None, 'cmake_target_skip_unavailable': False, 'install_base': '/home/sophie/isaac_lab/isaac_ws/rl_code/soarm100sim/ros2/install/soarm100_vision', 'merge_install': False, 'path': '/home/sophie/isaac_lab/isaac_ws/rl_code/soarm100sim/ros2/soarm100_vision', 'symlink_install': False, 'test_result_base': None}[0m
[0.250s] [34mcolcon.colcon_core.executor[0m [1;30mINFO[0m Executing jobs using 'parallel' executor
[0.251s] [34mcolcon.colcon_parallel_executor.executor.parallel[0m [1;30mDEBUG[0m [32mrun_until_complete[0m
[0.251s] [34mcolcon.colcon_ros.task.ament_cmake.build[0m [1;30mINFO[0m Building ROS package in '/home/sophie/isaac_lab/isaac_ws/rl_code/soarm100sim/ros2/soarm100_interfaces' with build type 'ament_cmake'
[0.251s] [34mcolcon.colcon_cmake.task.cmake.build[0m [1;30mINFO[0m Building CMake package in '/home/sophie/isaac_lab/isaac_ws/rl_code/soarm100sim/ros2/soarm100_interfaces'
[0.252s] [34mcolcon.colcon_core.plugin_system[0m [1;30mINFO[0m Skipping extension 'colcon_core.shell.bat': Not used on non-Windows systems
[0.252s] [34mcolcon.colcon_core.shell[0m [1;30mINFO[0m Skip shell extension 'powershell' for command environment: Not usable outside of PowerShell
[0.253s] [34mcolcon.colcon_core.shell[0m [1;30mDEBUG[0m [32mSkip shell extension 'dsv' for command environment[0m
[0.259s] [34mcolcon.colcon_core.event_handler.log_command[0m [1;30mDEBUG[0m [32mInvoking command in '/home/sophie/isaac_lab/isaac_ws/rl_code/soarm100sim/ros2/build/soarm100_interfaces': CMAKE_PREFIX_PATH=/opt/ros/humble /usr/bin/cmake /home/sophie/isaac_lab/isaac_ws/rl_code/soarm100sim/ros2/soarm100_interfaces -DPython3_EXECUTABLE=/usr/bin/python3 -DPYTHON_EXECUTABLE=/usr/bin/python3 -DPYTHON_INCLUDE_DIR=/usr/include/python3.10;/usr/include/x86_64-linux-gnu/python3.10 -DPYTHON_LIBRARY=/usr/lib/x86_64-linux-gnu/libpython3.10.so -DCMAKE_INSTALL_PREFIX=/home/sophie/isaac_lab/isaac_ws/rl_code/soarm100sim/ros2/install/soarm100_interfaces[0m
[2.095s] [34mcolcon.colcon_core.event_handler.log_command[0m [1;30mDEBUG[0m [32mInvoked command in '/home/sophie/isaac_lab/isaac_ws/rl_code/soarm100sim/ros2/build/soarm100_interfaces' returned '0': CMAKE_PREFIX_PATH=/opt/ros/humble /usr/bin/cmake /home/sophie/isaac_lab/isaac_ws/rl_code/soarm100sim/ros2/soarm100_interfaces -DPython3_EXECUTABLE=/usr/bin/python3 -DPYTHON_EXECUTABLE=/usr/bin/python3 -DPYTHON_INCLUDE_DIR=/usr/include/python3.10;/usr/include/x86_64-linux-gnu/python3.10 -DPYTHON_LIBRARY=/usr/lib/x86_64-linux-gnu/libpython3.10.so -DCMAKE_INSTALL_PREFIX=/home/sophie/isaac_lab/isaac_ws/rl_code/soarm100sim/ros2/install/soarm100_interfaces[0m
[2.097s] [34mcolcon.colcon_core.event_handler.log_command[0m [1;30mDEBUG[0m [32mInvoking command in '/home/sophie/isaac_lab/isaac_ws/rl_code/soarm100sim/ros2/build/soarm100_interfaces': CMAKE_PREFIX_PATH=/opt/ros/humble /usr/bin/cmake --build /home/sophie/isaac_lab/isaac_ws/rl_code/soarm100sim/ros2/build/soarm100_interfaces -- -j32 -l32[0m
[2.347s] [34mcolcon.colcon_core.event_handler.log_command[0m [1;30mDEBUG[0m [32mInvoked command in '/home/sophie/isaac_lab/isaac_ws/rl_code/soarm100sim/ros2/build/soarm100_interfaces' returned '0': CMAKE_PREFIX_PATH=/opt/ros/humble /usr/bin/cmake --build /home/sophie/isaac_lab/isaac_ws/rl_code/soarm100sim/ros2/build/soarm100_interfaces -- -j32 -l32[0m
[2.354s] [34mcolcon.colcon_core.event_handler.log_command[0m [1;30mDEBUG[0m [32mInvoking command in '/home/sophie/isaac_lab/isaac_ws/rl_code/soarm100sim/ros2/build/soarm100_interfaces': CMAKE_PREFIX_PATH=/opt/ros/humble /usr/bin/cmake --install /home/sophie/isaac_lab/isaac_ws/rl_code/soarm100sim/ros2/build/soarm100_interfaces[0m
[2.394s] [34mcolcon.colcon_core.environment[0m [1;30mLevel 1[0m create_environment_scripts_only(soarm100_interfaces)
[2.394s] [34mcolcon.colcon_core.event_handler.log_command[0m [1;30mDEBUG[0m [32mInvoked command in '/home/sophie/isaac_lab/isaac_ws/rl_code/soarm100sim/ros2/build/soarm100_interfaces' returned '0': CMAKE_PREFIX_PATH=/opt/ros/humble /usr/bin/cmake --install /home/sophie/isaac_lab/isaac_ws/rl_code/soarm100sim/ros2/build/soarm100_interfaces[0m
[2.396s] [34mcolcon.colcon_core.environment[0m [1;30mLevel 1[0m checking '/home/sophie/isaac_lab/isaac_ws/rl_code/soarm100sim/ros2/install/soarm100_interfaces' for CMake module files
[2.396s] [34mcolcon.colcon_core.environment[0m [1;30mLevel 1[0m checking '/home/sophie/isaac_lab/isaac_ws/rl_code/soarm100sim/ros2/install/soarm100_interfaces' for CMake config files
[2.397s] [34mcolcon.colcon_core.shell[0m [1;30mLevel 1[0m create_environment_hook('soarm100_interfaces', 'cmake_prefix_path')
[2.397s] [34mcolcon.colcon_core.shell[0m [1;30mINFO[0m Creating environment hook '/home/sophie/isaac_lab/isaac_ws/rl_code/soarm100sim/ros2/install/soarm100_interfaces/share/soarm100_interfaces/hook/cmake_prefix_path.ps1'
[2.397s] [34mcolcon.colcon_core.shell[0m [1;30mINFO[0m Creating environment descriptor '/home/sophie/isaac_lab/isaac_ws/rl_code/soarm100sim/ros2/install/soarm100_interfaces/share/soarm100_interfaces/hook/cmake_prefix_path.dsv'
[2.398s] [34mcolcon.colcon_core.shell[0m [1;30mINFO[0m Creating environment hook '/home/sophie/isaac_lab/isaac_ws/rl_code/soarm100sim/ros2/install/soarm100_interfaces/share/soarm100_interfaces/hook/cmake_prefix_path.sh'
[2.398s] [34mcolcon.colcon_core.environment[0m [1;30mLevel 1[0m checking '/home/sophie/isaac_lab/isaac_ws/rl_code/soarm100sim/ros2/install/soarm100_interfaces/lib'
[2.398s] [34mcolcon.colcon_core.shell[0m [1;30mLevel 1[0m create_environment_hook('soarm100_interfaces', 'ld_library_path_lib')
[2.398s] [34mcolcon.colcon_core.shell[0m [1;30mINFO[0m Creating environment hook '/home/sophie/isaac_lab/isaac_ws/rl_code/soarm100sim/ros2/install/soarm100_interfaces/share/soarm100_interfaces/hook/ld_library_path_lib.ps1'
[2.399s] [34mcolcon.colcon_core.shell[0m [1;30mINFO[0m Creating environment descriptor '/home/sophie/isaac_lab/isaac_ws/rl_code/soarm100sim/ros2/install/soarm100_interfaces/share/soarm100_interfaces/hook/ld_library_path_lib.dsv'
[2.399s] [34mcolcon.colcon_core.shell[0m [1;30mINFO[0m Creating environment hook '/home/sophie/isaac_lab/isaac_ws/rl_code/soarm100sim/ros2/install/soarm100_interfaces/share/soarm100_interfaces/hook/ld_library_path_lib.sh'
[2.399s] [34mcolcon.colcon_core.environment[0m [1;30mLevel 1[0m checking '/home/sophie/isaac_lab/isaac_ws/rl_code/soarm100sim/ros2/install/soarm100_interfaces/bin'
[2.399s] [34mcolcon.colcon_core.environment[0m [1;30mLevel 1[0m checking '/home/sophie/isaac_lab/isaac_ws/rl_code/soarm100sim/ros2/install/soarm100_interfaces/lib/pkgconfig/soarm100_interfaces.pc'
[2.399s] [34mcolcon.colcon_core.environment[0m [1;30mLevel 1[0m checking '/home/sophie/isaac_lab/isaac_ws/rl_code/soarm100sim/ros2/install/soarm100_interfaces/lib/python3.10/site-packages'
[2.399s] [34mcolcon.colcon_core.environment[0m [1;30mLevel 1[0m checking '/home/sophie/isaac_lab/isaac_ws/rl_code/soarm100sim/ros2/install/soarm100_interfaces/bin'
[2.400s] [34mcolcon.colcon_core.shell[0m [1;30mINFO[0m Creating package script '/home/sophie/isaac_lab/isaac_ws/rl_code/soarm100sim/ros2/install/soarm100_interfaces/share/soarm100_interfaces/package.ps1'
[2.400s] [34mcolcon.colcon_core.shell[0m [1;30mINFO[0m Creating package descriptor '/home/sophie/isaac_lab/isaac_ws/rl_code/soarm100sim/ros2/install/soarm100_interfaces/share/soarm100_interfaces/package.dsv'
[2.401s] [34mcolcon.colcon_core.shell[0m [1;30mINFO[0m Creating package script '/home/sophie/isaac_lab/isaac_ws/rl_code/soarm100sim/ros2/install/soarm100_interfaces/share/soarm100_interfaces/package.sh'
[2.401s] [34mcolcon.colcon_core.shell[0m [1;30mINFO[0m Creating package script '/home/sophie/isaac_lab/isaac_ws/rl_code/soarm100sim/ros2/install/soarm100_interfaces/share/soarm100_interfaces/package.bash'
[2.401s] [34mcolcon.colcon_core.shell[0m [1;30mINFO[0m Creating package script '/home/sophie/isaac_lab/isaac_ws/rl_code/soarm100sim/ros2/install/soarm100_interfaces/share/soarm100_interfaces/package.zsh'
[2.402s] [34mcolcon.colcon_core.environment[0m [1;30mLevel 1[0m create_file_with_runtime_dependencies(/home/sophie/isaac_lab/isaac_ws/rl_code/soarm100sim/ros2/install/soarm100_interfaces/share/colcon-core/packages/soarm100_interfaces)
[2.402s] [34mcolcon.colcon_core.environment[0m [1;30mLevel 1[0m create_environment_scripts_only(soarm100_interfaces)
[2.402s] [34mcolcon.colcon_core.environment[0m [1;30mLevel 1[0m checking '/home/sophie/isaac_lab/isaac_ws/rl_code/soarm100sim/ros2/install/soarm100_interfaces' for CMake module files
[2.403s] [34mcolcon.colcon_core.environment[0m [1;30mLevel 1[0m checking '/home/sophie/isaac_lab/isaac_ws/rl_code/soarm100sim/ros2/install/soarm100_interfaces' for CMake config files
[2.403s] [34mcolcon.colcon_core.shell[0m [1;30mLevel 1[0m create_environment_hook('soarm100_interfaces', 'cmake_prefix_path')
[2.403s] [34mcolcon.colcon_core.shell[0m [1;30mINFO[0m Creating environment hook '/home/sophie/isaac_lab/isaac_ws/rl_code/soarm100sim/ros2/install/soarm100_interfaces/share/soarm100_interfaces/hook/cmake_prefix_path.ps1'
[2.403s] [34mcolcon.colcon_core.shell[0m [1;30mINFO[0m Creating environment descriptor '/home/sophie/isaac_lab/isaac_ws/rl_code/soarm100sim/ros2/install/soarm100_interfaces/share/soarm100_interfaces/hook/cmake_prefix_path.dsv'
[2.403s] [34mcolcon.colcon_core.shell[0m [1;30mINFO[0m Creating environment hook '/home/sophie/isaac_lab/isaac_ws/rl_code/soarm100sim/ros2/install/soarm100_interfaces/share/soarm100_interfaces/hook/cmake_prefix_path.sh'
[2.404s] [34mcolcon.colcon_core.environment[0m [1;30mLevel 1[0m checking '/home/sophie/isaac_lab/isaac_ws/rl_code/soarm100sim/ros2/install/soarm100_interfaces/lib'
[2.404s] [34mcolcon.colcon_core.shell[0m [1;30mLevel 1[0m create_environment_hook('soarm100_interfaces', 'ld_library_path_lib')
[2.404s] [34mcolcon.colcon_core.shell[0m [1;30mINFO[0m Creating environment hook '/home/sophie/isaac_lab/isaac_ws/rl_code/soarm100sim/ros2/install/soarm100_interfaces/share/soarm100_interfaces/hook/ld_library_path_lib.ps1'
[2.404s] [34mcolcon.colcon_core.shell[0m [1;30mINFO[0m Creating environment descriptor '/home/sophie/isaac_lab/isaac_ws/rl_code/soarm100sim/ros2/install/soarm100_interfaces/share/soarm100_interfaces/hook/ld_library_path_lib.dsv'
[2.404s] [34mcolcon.colcon_core.shell[0m [1;30mINFO[0m Creating environment hook '/home/sophie/isaac_lab/isaac_ws/rl_code/soarm100sim/ros2/install/soarm100_interfaces/share/soarm100_interfaces/hook/ld_library_path_lib.sh'
[2.404s] [34mcolcon.colcon_core.environment[0m [1;30mLevel 1[0m checking '/home/sophie/isaac_lab/isaac_ws/rl_code/soarm100sim/ros2/install/soarm100_interfaces/bin'
[2.404s] [34mcolcon.colcon_core.environment[0m [1;30mLevel 1[0m checking '/home/sophie/isaac_lab/isaac_ws/rl_code/soarm100sim/ros2/install/soarm100_interfaces/lib/pkgconfig/soarm100_interfaces.pc'
[2.405s] [34mcolcon.colcon_core.environment[0m [1;30mLevel 1[0m checking '/home/sophie/isaac_lab/isaac_ws/rl_code/soarm100sim/ros2/install/soarm100_interfaces/lib/python3.10/site-packages'
[2.405s] [34mcolcon.colcon_core.environment[0m [1;30mLevel 1[0m checking '/home/sophie/isaac_lab/isaac_ws/rl_code/soarm100sim/ros2/install/soarm100_interfaces/bin'
[2.405s] [34mcolcon.colcon_core.shell[0m [1;30mINFO[0m Creating package script '/home/sophie/isaac_lab/isaac_ws/rl_code/soarm100sim/ros2/install/soarm100_interfaces/share/soarm100_interfaces/package.ps1'
[2.405s] [34mcolcon.colcon_core.shell[0m [1;30mINFO[0m Creating package descriptor '/home/sophie/isaac_lab/isaac_ws/rl_code/soarm100sim/ros2/install/soarm100_interfaces/share/soarm100_interfaces/package.dsv'
[2.406s] [34mcolcon.colcon_core.shell[0m [1;30mINFO[0m Creating package script '/home/sophie/isaac_lab/isaac_ws/rl_code/soarm100sim/ros2/install/soarm100_interfaces/share/soarm100_interfaces/package.sh'
[2.406s] [34mcolcon.colcon_core.shell[0m [1;30mINFO[0m Creating package script '/home/sophie/isaac_lab/isaac_ws/rl_code/soarm100sim/ros2/install/soarm100_interfaces/share/soarm100_interfaces/package.bash'
[2.406s] [34mcolcon.colcon_core.shell[0m [1;30mINFO[0m Creating package script '/home/sophie/isaac_lab/isaac_ws/rl_code/soarm100sim/ros2/install/soarm100_interfaces/share/soarm100_interfaces/package.zsh'
[2.406s] [34mcolcon.colcon_core.environment[0m [1;30mLevel 1[0m create_file_with_runtime_dependencies(/home/sophie/isaac_lab/isaac_ws/rl_code/soarm100sim/ros2/install/soarm100_interfaces/share/colcon-core/packages/soarm100_interfaces)
[2.407s] [34mcolcon.colcon_ros.task.ament_python.build[0m [1;30mINFO[0m Building ROS package in '/home/sophie/isaac_lab/isaac_ws/rl_code/soarm100sim/ros2/soarm100_vision' with build type 'ament_python'
[2.407s] [34mcolcon.colcon_core.shell[0m [1;30mLevel 1[0m create_environment_hook('soarm100_vision', 'ament_prefix_path')
[2.407s] [34mcolcon.colcon_core.shell[0m [1;30mINFO[0m Creating environment hook '/home/sophie/isaac_lab/isaac_ws/rl_code/soarm100sim/ros2/install/soarm100_vision/share/soarm100_vision/hook/ament_prefix_path.ps1'
[2.407s] [34mcolcon.colcon_core.shell[0m [1;30mINFO[0m Creating environment descriptor '/home/sophie/isaac_lab/isaac_ws/rl_code/soarm100sim/ros2/install/soarm100_vision/share/soarm100_vision/hook/ament_prefix_path.dsv'
[2.408s] [34mcolcon.colcon_core.shell[0m [1;30mINFO[0m Creating environment hook '/home/sophie/isaac_lab/isaac_ws/rl_code/soarm100sim/ros2/install/soarm100_vision/share/soarm100_vision/hook/ament_prefix_path.sh'
[2.408s] [34mcolcon.colcon_core.shell[0m [1;30mINFO[0m Skip shell extension 'powershell' for command environment: Not usable outside of PowerShell
[2.408s] [34mcolcon.colcon_core.shell[0m [1;30mDEBUG[0m [32mSkip shell extension 'dsv' for command environment[0m
[2.581s] [34mcolcon.colcon_core.task.python.build[0m [1;30mINFO[0m Building Python package in '/home/sophie/isaac_lab/isaac_ws/rl_code/soarm100sim/ros2/soarm100_vision'
[2.581s] [34mcolcon.colcon_core.shell[0m [1;30mINFO[0m Skip shell extension 'powershell' for command environment: Not usable outside of PowerShell
[2.581s] [34mcolcon.colcon_core.shell[0m [1;30mDEBUG[0m [32mSkip shell extension 'dsv' for command environment[0m
[2.824s] [34mcolcon.colcon_core.event_handler.log_command[0m [1;30mDEBUG[0m [32mInvoking command in '/home/sophie/isaac_lab/isaac_ws/rl_code/soarm100sim/ros2/soarm100_vision': AMENT_PREFIX_PATH=/home/sophie/isaac_lab/isaac_ws/rl_code/soarm100sim/ros2/install/soarm100_interfaces:${AMENT_PREFIX_PATH} CMAKE_PREFIX_PATH=/home/sophie/isaac_lab/isaac_ws/rl_code/soarm100sim/ros2/install/soarm100_interfaces LD_LIBRARY_PATH=/home/sophie/isaac_lab/isaac_ws/rl_code/soarm100sim/ros2/install/soarm100_interfaces/lib:${LD_LIBRARY_PATH} PYTHONPATH=/home/sophie/isaac_lab/isaac_ws/rl_code/soarm100sim/ros2/build/soarm100_vision/prefix_override:/usr/lib/python3/dist-packages/colcon_core/task/python/colcon_distutils_commands:/home/sophie/isaac_lab/isaac_ws/rl_code/soarm100sim/ros2/install/soarm100_vision/lib/python3.10/site-packages:/home/sophie/isaac_lab/isaac_ws/rl_code/soarm100sim/ros2/install/soarm100_interfaces/local/lib/python3.10/dist-packages:${PYTHONPATH} /usr/bin/python3 -W ignore:setup.py install is deprecated -W ignore:easy_install command is deprecated setup.py egg_info --egg-base ../build/soarm100_vision build --build-base /home/sophie/isaac_lab/isaac_ws/rl_code/soarm100sim/ros2/build/soarm100_vision/build install --record /home/sophie/isaac_lab/isaac_ws/rl_code/soarm100sim/ros2/build/soarm100_vision/install.log --single-version-externally-managed install_data[0m
[3.014s] [34mcolcon.colcon_core.environment[0m [1;30mLevel 1[0m checking '/home/sophie/isaac_lab/isaac_ws/rl_code/soarm100sim/ros2/install/soarm100_vision' for CMake module files
[3.015s] [34mcolcon.colcon_core.event_handler.log_command[0m [1;30mDEBUG[0m [32mInvoked command in '/home/sophie/isaac_lab/isaac_ws/rl_code/soarm100sim/ros2/soarm100_vision' returned '0': AMENT_PREFIX_PATH=/home/sophie/isaac_lab/isaac_ws/rl_code/soarm100sim/ros2/install/soarm100_interfaces:${AMENT_PREFIX_PATH} CMAKE_PREFIX_PATH=/home/sophie/isaac_lab/isaac_ws/rl_code/soarm100sim/ros2/install/soarm100_interfaces LD_LIBRARY_PATH=/home/sophie/isaac_lab/isaac_ws/rl_code/soarm100sim/ros2/install/soarm100_interfaces/lib:${LD_LIBRARY_PATH} PYTHONPATH=/home/sophie/isaac_lab/isaac_ws/rl_code/soarm100sim/ros2/build/soarm100_vision/prefix_override:/usr/lib/python3/dist-packages/colcon_core/task/python/colcon_distutils_commands:/home/sophie/isaac_lab/isaac_ws/rl_code/soarm100sim/ros2/install/soarm100_vision/lib/python3.10/site-packages:/home/sophie/isaac_lab/isaac_ws/rl_code/soarm100sim/ros2/install/soarm100_interfaces/local/lib/python3.10/dist-packages:${PYTHONPATH} /usr/bin/python3 -W ignore:setup.py install is deprecated -W ignore:easy_install command is deprecated setup.py egg_info --egg-base ../build/soarm100_vision build --build-base /home/sophie/isaac_lab/isaac_ws/rl_code/soarm100sim/ros2/build/soarm100_vision/build install --record /home/sophie/isaac_lab/isaac_ws/rl_code/soarm100sim/ros2/build/soarm100_vision/install.log --single-version-externally-managed install_data[0m
[3.015s] [34mcolcon.colcon_core.environment[0m [1;30mLevel 1[0m checking '/home/sophie/isaac_lab/isaac_ws/rl_code/soarm100sim/ros2/install/soarm100_vision' for CMake config files
[3.016s] [34mcolcon.colcon_core.environment[0m [1;30mLevel 1[0m checking '/home/sophie/isaac_lab/isaac_ws/rl_code/soarm100sim/ros2/install/soarm100_vision/lib'
[3.016s] [34mcolcon.colcon_core.environment[0m [1;30mLevel 1[0m checking '/home/sophie/isaac_lab/isaac_ws/rl_code/soarm100sim/ros2/install/soarm100_vision/bin'
[3.016s] [34mcolcon.colcon_core.environment[0m [1;30mLevel 1[0m checking '/home/sophie/isaac_lab/isaac_ws/rl_code/soarm100sim/ros2/install/soarm100_vision/lib/pkgconfig/soarm100_vision.pc'
[3.016s] [34mcolcon.colcon_core.environment[0m [1;30mLevel 1[0m checking '/home/sophie/isaac_lab/isaac_ws/rl_code/soarm100sim/ros2/install/soarm100_vision/lib/python3.10/site-packages'
[3.017s] [34mcolcon.colcon_core.shell[0m [1;30mLevel 1[0m create_environment_hook('soarm100_vision', 'pythonpath')
[3.017s] [34mcolcon.colcon_core.shell[0m [1;30mINFO[0m Creating environment hook '/home/sophie/isaac_lab/isaac_ws/rl_code/soarm100sim/ros2/install/soarm100_vision/share/soarm100_vision/hook/pythonpath.ps1'
[3.017s] [34mcolcon.colcon_core.shell[0m [1;30mINFO[0m Creating environment descriptor '/home/sophie/isaac_lab/isaac_ws/rl_code/soarm100sim/ros2/install/soarm100_vision/share/soarm100_vision/hook/pythonpath.dsv'
[3.018s] [34mcolcon.colcon_core.shell[0m [1;30mINFO[0m Creating environment hook '/home/sophie/isaac_lab/isaac_ws/rl_code/soarm100sim/ros2/install/soarm100_vision/share/soarm100_vision/hook/pythonpath.sh'
[3.018s] [34mcolcon.colcon_core.environment[0m [1;30mLevel 1[0m checking '/home/sophie/isaac_lab/isaac_ws/rl_code/soarm100sim/ros2/install/soarm100_vision/bin'
[3.018s] [34mcolcon.colcon_core.environment[0m [1;30mLevel 1[0m create_environment_scripts_only(soarm100_vision)
[3.019s] [34mcolcon.colcon_core.shell[0m [1;30mINFO[0m Creating package script '/home/sophie/isaac_lab/isaac_ws/rl_code/soarm100sim/ros2/install/soarm100_vision/share/soarm100_vision/package.ps1'
[3.019s] [34mcolcon.colcon_core.shell[0m [1;30mINFO[0m Creating package descriptor '/home/sophie/isaac_lab/isaac_ws/rl_code/soarm100sim/ros2/install/soarm100_vision/share/soarm100_vision/package.dsv'
[3.020s] [34mcolcon.colcon_core.shell[0m [1;30mINFO[0m Creating package script '/home/sophie/isaac_lab/isaac_ws/rl_code/soarm100sim/ros2/install/soarm100_vision/share/soarm100_vision/package.sh'
[3.020s] [34mcolcon.colcon_core.shell[0m [1;30mINFO[0m Creating package script '/home/sophie/isaac_lab/isaac_ws/rl_code/soarm100sim/ros2/install/soarm100_vision/share/soarm100_vision/package.bash'
[3.020s] [34mcolcon.colcon_core.shell[0m [1;30mINFO[0m Creating package script '/home/sophie/isaac_lab/isaac_ws/rl_code/soarm100sim/ros2/install/soarm100_vision/share/soarm100_vision/package.zsh'
[3.021s] [34mcolcon.colcon_core.environment[0m [1;30mLevel 1[0m create_file_with_runtime_dependencies(/home/sophie/isaac_lab/isaac_ws/rl_code/soarm100sim/ros2/install/soarm100_vision/share/colcon-core/packages/soarm100_vision)
[3.021s] [34mcolcon.colcon_parallel_executor.executor.parallel[0m [1;30mDEBUG[0m [32mclosing loop[0m
[3.021s] [34mcolcon.colcon_parallel_executor.executor.parallel[0m [1;30mDEBUG[0m [32mloop closed[0m
[3.021s] [34mcolcon.colcon_parallel_executor.executor.parallel[0m [1;30mDEBUG[0m [32mrun_until_complete finished with '0'[0m
[3.021s] [34mcolcon.colcon_core.event_reactor[0m [1;30mDEBUG[0m [32mjoining thread[0m
[3.025s] [34mcolcon.colcon_core.plugin_system[0m [1;30mINFO[0m Skipping extension 'colcon_notification.desktop_notification.terminal_notifier': Not used on non-Darwin systems
[3.025s] [34mcolcon.colcon_core.plugin_system[0m [1;30mINFO[0m Skipping extension 'colcon_notification.desktop_notification.win32': Not used on non-Windows systems
[3.025s] [34mcolcon.colcon_notification.desktop_notification[0m [1;30mINFO[0m Sending desktop notification using 'notify2'
[3.036s] [34mcolcon.colcon_core.event_reactor[0m [1;30mDEBUG[0m [32mjoined thread[0m
[3.037s] [34mcolcon.colcon_core.shell[0m [1;30mINFO[0m Creating prefix script '/home/sophie/isaac_lab/isaac_ws/rl_code/soarm100sim/ros2/install/local_setup.ps1'
[3.038s] [34mcolcon.colcon_core.shell[0m [1;30mINFO[0m Creating prefix util module '/home/sophie/isaac_lab/isaac_ws/rl_code/soarm100sim/ros2/install/_local_setup_util_ps1.py'
[3.039s] [34mcolcon.colcon_core.shell[0m [1;30mINFO[0m Creating prefix chain script '/home/sophie/isaac_lab/isaac_ws/rl_code/soarm100sim/ros2/install/setup.ps1'
[3.040s] [34mcolcon.colcon_core.shell[0m [1;30mINFO[0m Creating prefix script '/home/sophie/isaac_lab/isaac_ws/rl_code/soarm100sim/ros2/install/local_setup.sh'
[3.041s] [34mcolcon.colcon_core.shell[0m [1;30mINFO[0m Creating prefix util module '/home/sophie/isaac_lab/isaac_ws/rl_code/soarm100sim/ros2/install/_local_setup_util_sh.py'
[3.041s] [34mcolcon.colcon_core.shell[0m [1;30mINFO[0m Creating prefix chain script '/home/sophie/isaac_lab/isaac_ws/rl_code/soarm100sim/ros2/install/setup.sh'
[3.042s] [34mcolcon.colcon_core.shell[0m [1;30mINFO[0m Creating prefix script '/home/sophie/isaac_lab/isaac_ws/rl_code/soarm100sim/ros2/install/local_setup.bash'
[3.042s] [34mcolcon.colcon_core.shell[0m [1;30mINFO[0m Creating prefix chain script '/home/sophie/isaac_lab/isaac_ws/rl_code/soarm100sim/ros2/install/setup.bash'
[3.043s] [34mcolcon.colcon_core.shell[0m [1;30mINFO[0m Creating prefix script '/home/sophie/isaac_lab/isaac_ws/rl_code/soarm100sim/ros2/install/local_setup.zsh'
[3.044s] [34mcolcon.colcon_core.shell[0m [1;30mINFO[0m Creating prefix chain script '/home/sophie/isaac_lab/isaac_ws/rl_code/soarm100sim/ros2/install/setup.zsh'
