-- The C compiler identification is GNU 14.3.0
-- The CXX compiler identification is GNU 14.3.0
-- Detecting C compiler ABI info
-- Detecting C compiler ABI info - done
-- Check for working C compiler: /home/sophie/miniconda3/bin/x86_64-conda-linux-gnu-cc - skipped
-- Detecting C compile features
-- Detecting C compile features - done
-- Detecting CXX compiler ABI info
-- Detecting CXX compiler ABI info - done
-- Check for working CXX compiler: /home/sophie/miniconda3/bin/x86_64-conda-linux-gnu-c++ - skipped
-- Detecting CXX compile features
-- Detecting CXX compile features - done
-- Found ament_cmake: 1.3.14 (/opt/ros/humble/share/ament_cmake/cmake)
-- Found Python3: /usr/bin/python3 (found version "3.10.12") found components: Interpreter 
-- Found rosidl_default_generators: 1.2.1 (/opt/ros/humble/share/rosidl_default_generators/cmake)
-- Using all available rosidl_typesupport_c: rosidl_typesupport_fastrtps_c;rosidl_typesupport_introspection_c
-- Found rosidl_adapter: 3.1.8 (/opt/ros/humble/share/rosidl_adapter/cmake)
-- Using all available rosidl_typesupport_cpp: rosidl_typesupport_fastrtps_cpp;rosidl_typesupport_introspection_cpp
-- Found builtin_interfaces: 1.2.2 (/opt/ros/humble/share/builtin_interfaces/cmake)
-- Found geometry_msgs: 4.9.1 (/opt/ros/humble/share/geometry_msgs/cmake)
-- Found sensor_msgs: 4.9.1 (/opt/ros/humble/share/sensor_msgs/cmake)
-- Found ament_cmake_ros: 0.10.0 (/opt/ros/humble/share/ament_cmake_ros/cmake)
-- Using all available rosidl_typesupport_c: rosidl_typesupport_fastrtps_c;rosidl_typesupport_introspection_c
-- Using all available rosidl_typesupport_cpp: rosidl_typesupport_fastrtps_cpp;rosidl_typesupport_introspection_cpp
-- Found PythonInterp: /home/sophie/miniconda3/bin/python3 (found suitable version "3.13.12", minimum required is "3.6") 
-- Found python_cmake_module: 0.10.0 (/opt/ros/humble/share/python_cmake_module/cmake)
-- Found PythonLibs: /home/sophie/miniconda3/lib/libpython3.13.so (found suitable version "3.13.12", minimum required is "3.5") 
-- Using PYTHON_EXECUTABLE: /home/sophie/miniconda3/bin/python3
-- Using PYTHON_INCLUDE_DIRS: /home/sophie/miniconda3/include/python3.13
-- Using PYTHON_LIBRARIES: /home/sophie/miniconda3/lib/libpython3.13.so
-- Found PythonExtra: .so  
-- Using numpy include directory: /home/sophie/miniconda3/lib/python3.13/site-packages/numpy/_core/include
-- Configuring done
-- Generating done
-- Build files have been written to: /home/sophie/isaac_lab/isaac_ws/rl_code/soarm100sim/ros2/build/soarm100_interfaces
[  1%] Generating C code for ROS interfaces
[  3%] Generating Rust code for ROS interfaces
[  5%] Generating C++ code for ROS interfaces
[  5%] Built target ament_cmake_python_copy_soarm100_interfaces
running egg_info
creating soarm100_interfaces.egg-info
writing soarm100_interfaces.egg-info/PKG-INFO
writing dependency_links to soarm100_interfaces.egg-info/dependency_links.txt
writing top-level names to soarm100_interfaces.egg-info/top_level.txt
writing manifest file 'soarm100_interfaces.egg-info/SOURCES.txt'
reading manifest file 'soarm100_interfaces.egg-info/SOURCES.txt'
writing manifest file 'soarm100_interfaces.egg-info/SOURCES.txt'
[  5%] Built target ament_cmake_python_build_soarm100_interfaces_egg
[  5%] Built target soarm100_interfaces__rs
[  7%] Building C object CMakeFiles/soarm100_interfaces__rosidl_generator_c.dir/rosidl_generator_c/soarm100_interfaces/srv/detail/segment_target__functions.c.o
[  8%] Building C object CMakeFiles/soarm100_interfaces__rosidl_generator_c.dir/rosidl_generator_c/soarm100_interfaces/action/detail/execute_grasp__functions.c.o
[ 10%] Building C object CMakeFiles/soarm100_interfaces__rosidl_generator_c.dir/rosidl_generator_c/soarm100_interfaces/action/detail/plan_grasp__functions.c.o
[ 12%] Building C object CMakeFiles/soarm100_interfaces__rosidl_generator_c.dir/rosidl_generator_c/soarm100_interfaces/srv/detail/set_avoidance__functions.c.o
[ 12%] Built target soarm100_interfaces__cpp
[ 14%] Generating C++ type support for eProsima Fast-RTPS
[ 16%] Generating C++ type support dispatch for ROS interfaces
[ 17%] Generating C++ introspection for ROS interfaces
[ 19%] Building CXX object CMakeFiles/soarm100_interfaces__rosidl_typesupport_cpp.dir/rosidl_typesupport_cpp/soarm100_interfaces/srv/segment_target__type_support.cpp.o
[ 21%] Building CXX object CMakeFiles/soarm100_interfaces__rosidl_typesupport_cpp.dir/rosidl_typesupport_cpp/soarm100_interfaces/action/plan_grasp__type_support.cpp.o
[ 23%] Building CXX object CMakeFiles/soarm100_interfaces__rosidl_typesupport_cpp.dir/rosidl_typesupport_cpp/soarm100_interfaces/action/execute_grasp__type_support.cpp.o
[ 25%] Building CXX object CMakeFiles/soarm100_interfaces__rosidl_typesupport_cpp.dir/rosidl_typesupport_cpp/soarm100_interfaces/srv/set_avoidance__type_support.cpp.o
[ 26%] Building CXX object CMakeFiles/soarm100_interfaces__rosidl_typesupport_introspection_cpp.dir/rosidl_typesupport_introspection_cpp/soarm100_interfaces/action/detail/plan_grasp__type_support.cpp.o
[ 28%] Building CXX object CMakeFiles/soarm100_interfaces__rosidl_typesupport_introspection_cpp.dir/rosidl_typesupport_introspection_cpp/soarm100_interfaces/srv/detail/set_avoidance__type_support.cpp.o
[ 30%] Building CXX object CMakeFiles/soarm100_interfaces__rosidl_typesupport_introspection_cpp.dir/rosidl_typesupport_introspection_cpp/soarm100_interfaces/action/detail/execute_grasp__type_support.cpp.o
[ 32%] Building CXX object CMakeFiles/soarm100_interfaces__rosidl_typesupport_introspection_cpp.dir/rosidl_typesupport_introspection_cpp/soarm100_interfaces/srv/detail/segment_target__type_support.cpp.o
[ 33%] Linking C shared library libsoarm100_interfaces__rosidl_generator_c.so
[ 33%] Built target soarm100_interfaces__rosidl_generator_c
[ 35%] Generating C introspection for ROS interfaces
[ 37%] Generating C type support for eProsima Fast-RTPS
[ 39%] Generating C type support dispatch for ROS interfaces
[ 41%] Building CXX object CMakeFiles/soarm100_interfaces__rosidl_typesupport_fastrtps_cpp.dir/rosidl_typesupport_fastrtps_cpp/soarm100_interfaces/srv/detail/dds_fastrtps/set_avoidance__type_support.cpp.o
[ 44%] Building CXX object CMakeFiles/soarm100_interfaces__rosidl_typesupport_fastrtps_cpp.dir/rosidl_typesupport_fastrtps_cpp/soarm100_interfaces/action/detail/dds_fastrtps/plan_grasp__type_support.cpp.o
[ 44%] Building CXX object CMakeFiles/soarm100_interfaces__rosidl_typesupport_fastrtps_cpp.dir/rosidl_typesupport_fastrtps_cpp/soarm100_interfaces/action/detail/dds_fastrtps/execute_grasp__type_support.cpp.o
[ 46%] Building CXX object CMakeFiles/soarm100_interfaces__rosidl_typesupport_fastrtps_cpp.dir/rosidl_typesupport_fastrtps_cpp/soarm100_interfaces/srv/detail/dds_fastrtps/segment_target__type_support.cpp.o
[ 53%] Building CXX object CMakeFiles/soarm100_interfaces__rosidl_typesupport_c.dir/rosidl_typesupport_c/soarm100_interfaces/srv/set_avoidance__type_support.cpp.o
[ 53%] Building CXX object CMakeFiles/soarm100_interfaces__rosidl_typesupport_c.dir/rosidl_typesupport_c/soarm100_interfaces/action/execute_grasp__type_support.cpp.o
[ 53%] Building CXX object CMakeFiles/soarm100_interfaces__rosidl_typesupport_c.dir/rosidl_typesupport_c/soarm100_interfaces/srv/segment_target__type_support.cpp.o
[ 53%] Building CXX object CMakeFiles/soarm100_interfaces__rosidl_typesupport_c.dir/rosidl_typesupport_c/soarm100_interfaces/action/plan_grasp__type_support.cpp.o
[ 55%] Linking CXX shared library libsoarm100_interfaces__rosidl_typesupport_c.so
[ 57%] Linking CXX shared library libsoarm100_interfaces__rosidl_typesupport_introspection_cpp.so
[ 58%] Building C object CMakeFiles/soarm100_interfaces__rosidl_typesupport_introspection_c.dir/rosidl_typesupport_introspection_c/soarm100_interfaces/action/detail/execute_grasp__type_support.c.o
[ 60%] Building C object CMakeFiles/soarm100_interfaces__rosidl_typesupport_introspection_c.dir/rosidl_typesupport_introspection_c/soarm100_interfaces/action/detail/plan_grasp__type_support.c.o
[ 62%] Building C object CMakeFiles/soarm100_interfaces__rosidl_typesupport_introspection_c.dir/rosidl_typesupport_introspection_c/soarm100_interfaces/srv/detail/segment_target__type_support.c.o
[ 64%] Building C object CMakeFiles/soarm100_interfaces__rosidl_typesupport_introspection_c.dir/rosidl_typesupport_introspection_c/soarm100_interfaces/srv/detail/set_avoidance__type_support.c.o
[ 64%] Built target soarm100_interfaces__rosidl_typesupport_c
[ 64%] Built target soarm100_interfaces__rosidl_typesupport_introspection_cpp
[ 66%] Linking C shared library libsoarm100_interfaces__rosidl_typesupport_introspection_c.so
[ 67%] Linking CXX shared library libsoarm100_interfaces__rosidl_typesupport_cpp.so
[ 69%] Building CXX object CMakeFiles/soarm100_interfaces__rosidl_typesupport_fastrtps_c.dir/rosidl_typesupport_fastrtps_c/soarm100_interfaces/action/detail/plan_grasp__type_support_c.cpp.o
[ 71%] Building CXX object CMakeFiles/soarm100_interfaces__rosidl_typesupport_fastrtps_c.dir/rosidl_typesupport_fastrtps_c/soarm100_interfaces/action/detail/execute_grasp__type_support_c.cpp.o
[ 73%] Building CXX object CMakeFiles/soarm100_interfaces__rosidl_typesupport_fastrtps_c.dir/rosidl_typesupport_fastrtps_c/soarm100_interfaces/srv/detail/segment_target__type_support_c.cpp.o
[ 75%] Building CXX object CMakeFiles/soarm100_interfaces__rosidl_typesupport_fastrtps_c.dir/rosidl_typesupport_fastrtps_c/soarm100_interfaces/srv/detail/set_avoidance__type_support_c.cpp.o
[ 75%] Built target soarm100_interfaces__rosidl_typesupport_introspection_c
[ 75%] Built target soarm100_interfaces__rosidl_typesupport_cpp
[ 76%] Linking CXX shared library libsoarm100_interfaces__rosidl_typesupport_fastrtps_cpp.so
[ 76%] Built target soarm100_interfaces__rosidl_typesupport_fastrtps_cpp
[ 78%] Linking CXX shared library libsoarm100_interfaces__rosidl_typesupport_fastrtps_c.so
[ 78%] Built target soarm100_interfaces__rosidl_typesupport_fastrtps_c
[ 78%] Built target soarm100_interfaces
[ 80%] Generating Python code for ROS interfaces
Traceback (most recent call last):
  File "/opt/ros/humble/share/rosidl_generator_py/cmake/../../../lib/rosidl_generator_py/rosidl_generator_py", line 8, in <module>
    from rosidl_generator_py import generate_py
ImportError: cannot import name 'generate_py' from 'rosidl_generator_py' (/opt/ros/humble/local/lib/python3.10/dist-packages/rosidl_generator_py/__init__.py)
gmake[2]: *** [soarm100_interfaces__py/CMakeFiles/soarm100_interfaces__py.dir/build.make:198：rosidl_generator_py/soarm100_interfaces/_soarm100_interfaces_s.ep.rosidl_typesupport_fastrtps_c.c] 错误 1
gmake[1]: *** [CMakeFiles/Makefile2:609：soarm100_interfaces__py/CMakeFiles/soarm100_interfaces__py.dir/all] 错误 2
gmake: *** [Makefile:146：all] 错误 2
