1784878963.386519670 step=0 stage=loop_begin
1784878963.392335653 step=0 stage=before_camera_render
1784878963.522998810 step=0 stage=after_camera_render
1784878963.546166182 step=0 stage=after_set_ctrl
1784878963.549597979 step=0 stage=after_step_log
1784878963.551445961 step=0 stage=before_mj_step
1784878963.553472281 step=0 stage=after_mj_step
1784878963.555499792 step=1 stage=loop_begin
1784878963.558895588 step=1 stage=after_set_ctrl
1784878963.560798645 step=1 stage=after_step_log
1784878963.562314034 step=1 stage=before_mj_step
1784878963.564436197 step=1 stage=after_mj_step
1784878963.566458702 step=2 stage=loop_begin
1784878963.570127964 step=2 stage=after_set_ctrl
1784878963.572566509 step=2 stage=after_step_log
1784878963.574373722 step=2 stage=before_mj_step
1784878963.576580286 step=2 stage=after_mj_step
1784878963.578505516 step=3 stage=loop_begin
1784878963.579678774 step=3 stage=after_set_ctrl
1784878963.579764366 step=3 stage=after_step_log
1784878963.579770327 step=3 stage=before_mj_step
1784878963.579849243 step=3 stage=after_mj_step
1784878963.579911232 step=4 stage=loop_begin
1784878963.581204176 step=4 stage=after_set_ctrl
1784878963.581293106 step=4 stage=after_step_log
1784878963.581298351 step=4 stage=before_mj_step
1784878963.581372261 step=4 stage=after_mj_step
1784878963.581445217 step=5 stage=loop_begin
1784878963.581453085 step=5 stage=before_camera_render
1784878963.673981190 step=5 stage=after_camera_render
1784878963.675320625 step=5 stage=after_set_ctrl
1784878963.675424814 step=5 stage=after_step_log
1784878963.675430298 step=5 stage=before_mj_step
1784878963.675530195 step=5 stage=after_mj_step
1784878963.675603151 step=6 stage=loop_begin
1784878963.676500559 step=6 stage=after_set_ctrl
1784878963.676584005 step=6 stage=after_step_log
1784878963.676588774 step=6 stage=before_mj_step
1784878963.676662207 step=6 stage=after_mj_step
1784878963.676724195 step=7 stage=loop_begin
1784878963.677641392 step=7 stage=after_set_ctrl
1784878963.677718878 step=7 stage=after_step_log
1784878963.677724123 step=7 stage=before_mj_step
1784878963.677788973 step=7 stage=after_mj_step
1784878963.677848339 step=8 stage=loop_begin
1784878963.678942680 step=8 stage=after_set_ctrl
1784878963.679019451 step=8 stage=after_step_log
1784878963.679024696 step=8 stage=before_mj_step
1784878963.679091692 step=8 stage=after_mj_step
1784878963.679150343 step=9 stage=loop_begin
1784878963.680114508 step=9 stage=after_set_ctrl
1784878963.680187225 step=9 stage=after_step_log
1784878963.680191755 step=9 stage=before_mj_step
1784878963.680254221 step=9 stage=after_mj_step
1784878963.680306911 step=10 stage=loop_begin
1784878963.680313826 step=10 stage=before_camera_render
1784878963.764256239 step=10 stage=after_camera_render
1784878963.765909195 step=10 stage=after_set_ctrl
1784878963.766009092 step=10 stage=after_step_log
1784878963.766014814 step=10 stage=before_mj_step
1784878963.766117096 step=10 stage=after_mj_step
1784878963.766193151 step=11 stage=loop_begin
1784878963.767349720 step=11 stage=after_set_ctrl
1784878963.767436743 step=11 stage=after_step_log
1784878963.767442226 step=11 stage=before_mj_step
1784878963.767507315 step=11 stage=after_mj_step
1784878963.767561674 step=12 stage=loop_begin
1784878963.768412590 step=12 stage=after_set_ctrl
1784878963.768487215 step=12 stage=after_step_log
1784878963.768492937 step=12 stage=before_mj_step
1784878963.768558502 step=12 stage=after_mj_step
1784878963.768611431 step=13 stage=loop_begin
1784878963.769544601 step=13 stage=after_set_ctrl
1784878963.769618034 step=13 stage=after_step_log
1784878963.769622803 step=13 stage=before_mj_step
1784878963.769684315 step=13 stage=after_mj_step
1784878963.769735575 step=14 stage=loop_begin
1784878963.770632267 step=14 stage=after_set_ctrl
1784878963.770707369 step=14 stage=after_step_log
1784878963.770712852 step=14 stage=before_mj_step
1784878963.770780563 step=14 stage=after_mj_step
1784878963.770832777 step=15 stage=loop_begin
1784878963.770838976 step=15 stage=before_camera_render
1784878963.855843544 step=15 stage=after_camera_render
1784878963.857417583 step=15 stage=after_set_ctrl
1784878963.857525826 step=15 stage=after_step_log
1784878963.857531071 step=15 stage=before_mj_step
1784878963.857642412 step=15 stage=after_mj_step
1784878963.857732058 step=16 stage=loop_begin
1784878963.859375954 step=16 stage=after_set_ctrl
1784878963.859514475 step=16 stage=after_step_log
1784878963.859525681 step=16 stage=before_mj_step
1784878963.859645128 step=16 stage=after_mj_step
1784878963.859744787 step=17 stage=loop_begin
1784878963.861373425 step=17 stage=after_set_ctrl
1784878963.861500502 step=17 stage=after_step_log
1784878963.861512423 step=17 stage=before_mj_step
1784878963.861618996 step=17 stage=after_mj_step
1784878963.861706257 step=18 stage=loop_begin
1784878963.863532066 step=18 stage=after_set_ctrl
1784878963.863641262 step=18 stage=after_step_log
1784878963.863650560 step=18 stage=before_mj_step
1784878963.863746405 step=18 stage=after_mj_step
1784878963.863825083 step=19 stage=loop_begin
1784878963.865276098 step=19 stage=after_set_ctrl
1784878963.865387678 step=19 stage=after_step_log
1784878963.865405083 step=19 stage=before_mj_step
1784878963.865501404 step=19 stage=after_mj_step
1784878963.865580559 step=20 stage=loop_begin
1784878963.865593433 step=20 stage=before_camera_render
1784878963.956022501 step=20 stage=after_camera_render
1784878963.957592726 step=20 stage=after_set_ctrl
1784878963.957710743 step=20 stage=after_step_log
1784878963.957715273 step=20 stage=before_mj_step
1784878963.957823277 step=20 stage=after_mj_step
1784878963.957921743 step=21 stage=loop_begin
1784878963.960712194 step=21 stage=after_set_ctrl
1784878963.960793257 step=21 stage=after_step_log
1784878963.960797548 step=21 stage=before_mj_step
1784878963.960870743 step=21 stage=after_mj_step
1784878963.960931063 step=22 stage=loop_begin
1784878963.962070465 step=22 stage=after_set_ctrl
1784878963.962146521 step=22 stage=after_step_log
1784878963.962151766 step=22 stage=before_mj_step
1784878963.962222576 step=22 stage=after_mj_step
1784878963.962278128 step=23 stage=loop_begin
1784878963.963108301 step=23 stage=after_set_ctrl
1784878963.963181257 step=23 stage=after_step_log
1784878963.963186026 step=23 stage=before_mj_step
1784878963.963252068 step=23 stage=after_mj_step
1784878963.963304758 step=24 stage=loop_begin
1784878963.964134455 step=24 stage=after_set_ctrl
1784878963.964204311 step=24 stage=after_step_log
1784878963.964208603 step=24 stage=before_mj_step
1784878963.964270115 step=24 stage=after_mj_step
1784878963.964320183 step=25 stage=loop_begin
1784878963.964325428 step=25 stage=before_camera_render
1784878964.055569649 step=25 stage=after_camera_render
1784878964.057264805 step=25 stage=after_set_ctrl
1784878964.057412624 step=25 stage=after_step_log
1784878964.057418585 step=25 stage=before_mj_step
1784878964.057538986 step=25 stage=after_mj_step
1784878964.057626486 step=26 stage=loop_begin
1784878964.059160471 step=26 stage=after_set_ctrl
1784878964.059288740 step=26 stage=after_step_log
1784878964.059298754 step=26 stage=before_mj_step
1784878964.059412241 step=26 stage=after_mj_step
1784878964.059504747 step=27 stage=loop_begin
1784878964.060963154 step=27 stage=after_set_ctrl
1784878964.061069965 step=27 stage=after_step_log
1784878964.061079264 step=27 stage=before_mj_step
1784878964.061173916 step=27 stage=after_mj_step
1784878964.061256886 step=28 stage=loop_begin
1784878964.063107252 step=28 stage=after_set_ctrl
1784878964.063222170 step=28 stage=after_step_log
1784878964.063231707 step=28 stage=before_mj_step
1784878964.063332796 step=28 stage=after_mj_step
1784878964.063421249 step=29 stage=loop_begin
1784878964.065109253 step=29 stage=after_set_ctrl
1784878964.065232277 step=29 stage=after_step_log
1784878964.065247536 step=29 stage=before_mj_step
1784878964.065347672 step=29 stage=after_mj_step
1784878964.065436363 step=30 stage=loop_begin
1784878964.065452337 step=30 stage=before_camera_render
1784878964.153904676 step=30 stage=after_camera_render
1784878964.155424833 step=30 stage=after_set_ctrl
1784878964.155530453 step=30 stage=after_step_log
1784878964.155541182 step=30 stage=before_mj_step
1784878964.155641317 step=30 stage=after_mj_step
1784878964.155725002 step=31 stage=loop_begin
1784878964.157103062 step=31 stage=after_set_ctrl
1784878964.157242537 step=31 stage=after_step_log
1784878964.157253981 step=31 stage=before_mj_step
1784878964.157369614 step=31 stage=after_mj_step
1784878964.157479763 step=32 stage=loop_begin
1784878964.159025431 step=32 stage=after_set_ctrl
1784878964.159144402 step=32 stage=after_step_log
1784878964.159154654 step=32 stage=before_mj_step
1784878964.159254551 step=32 stage=after_mj_step
1784878964.159336090 step=33 stage=loop_begin
1784878964.160881519 step=33 stage=after_set_ctrl
1784878964.160999060 step=33 stage=after_step_log
1784878964.161008596 step=33 stage=before_mj_step
1784878964.161111832 step=33 stage=after_mj_step
1784878964.161199808 step=34 stage=loop_begin
1784878964.163108587 step=34 stage=after_set_ctrl
1784878964.163242817 step=34 stage=after_step_log
1784878964.163253784 step=34 stage=before_mj_step
1784878964.163357973 step=34 stage=after_mj_step
1784878964.163448811 step=35 stage=loop_begin
1784878964.163464785 step=35 stage=before_camera_render
1784878964.272046089 step=35 stage=after_camera_render
1784878964.273338556 step=35 stage=after_set_ctrl
1784878964.273442268 step=35 stage=after_step_log
1784878964.273447752 step=35 stage=before_mj_step
1784878964.273546696 step=35 stage=after_mj_step
1784878964.273617744 step=36 stage=loop_begin
1784878964.274565458 step=36 stage=after_set_ctrl
1784878964.274659395 step=36 stage=after_step_log
1784878964.274664164 step=36 stage=before_mj_step
1784878964.274757624 step=36 stage=after_mj_step
1784878964.274834871 step=37 stage=loop_begin
1784878964.276063442 step=37 stage=after_set_ctrl
1784878964.276142120 step=37 stage=after_step_log
1784878964.276147604 step=37 stage=before_mj_step
1784878964.276214838 step=37 stage=after_mj_step
1784878964.276270628 step=38 stage=loop_begin
1784878964.277611017 step=38 stage=after_set_ctrl
1784878964.277740717 step=38 stage=after_step_log
1784878964.277750969 step=38 stage=before_mj_step
1784878964.277858019 step=38 stage=after_mj_step
1784878964.277949095 step=39 stage=loop_begin
1784878964.279707193 step=39 stage=after_set_ctrl
1784878964.279818535 step=39 stage=after_step_log
1784878964.279828310 step=39 stage=before_mj_step
1784878964.279922247 step=39 stage=after_mj_step
1784878964.280005455 step=40 stage=loop_begin
1784878964.280018330 step=40 stage=before_camera_render
1784878964.374923229 step=40 stage=after_camera_render
1784878964.376541853 step=40 stage=after_set_ctrl
1784878964.376644135 step=40 stage=after_step_log
1784878964.376648664 step=40 stage=before_mj_step
1784878964.376746655 step=40 stage=after_mj_step
1784878964.376821518 step=41 stage=loop_begin
1784878964.378249407 step=41 stage=after_set_ctrl
1784878964.378339291 step=41 stage=after_step_log
1784878964.378343821 step=41 stage=before_mj_step
1784878964.378429174 step=41 stage=after_mj_step
1784878964.378494024 step=42 stage=loop_begin
1784878964.379357815 step=42 stage=after_set_ctrl
1784878964.379448414 step=42 stage=after_step_log
1784878964.379455566 step=42 stage=before_mj_step
1784878964.379518747 step=42 stage=after_mj_step
1784878964.379570007 step=43 stage=loop_begin
1784878964.380363703 step=43 stage=after_set_ctrl
1784878964.380438805 step=43 stage=after_step_log
1784878964.380445242 step=43 stage=before_mj_step
1784878964.380507708 step=43 stage=after_mj_step
1784878964.380559683 step=44 stage=loop_begin
1784878964.381369114 step=44 stage=after_set_ctrl
1784878964.381443501 step=44 stage=after_step_log
1784878964.381449461 step=44 stage=before_mj_step
1784878964.381508589 step=44 stage=after_mj_step
1784878964.381557465 step=45 stage=loop_begin
1784878964.381562710 step=45 stage=before_camera_render
1784878964.466967583 step=45 stage=after_camera_render
1784878964.468592882 step=45 stage=after_set_ctrl
1784878964.468698025 step=45 stage=after_step_log
1784878964.468702793 step=45 stage=before_mj_step
1784878964.468804836 step=45 stage=after_mj_step
1784878964.468899727 step=46 stage=loop_begin
1784878964.470336676 step=46 stage=after_set_ctrl
1784878964.470424175 step=46 stage=after_step_log
1784878964.470429182 step=46 stage=before_mj_step
1784878964.470496655 step=46 stage=after_mj_step
1784878964.470551968 step=47 stage=loop_begin
1784878964.471521139 step=47 stage=after_set_ctrl
1784878964.471592903 step=47 stage=after_step_log
1784878964.471596956 step=47 stage=before_mj_step
1784878964.471659660 step=47 stage=after_mj_step
1784878964.471709728 step=48 stage=loop_begin
1784878964.472481251 step=48 stage=after_set_ctrl
1784878964.472556353 step=48 stage=after_step_log
1784878964.472560883 step=48 stage=before_mj_step
1784878964.472627401 step=48 stage=after_mj_step
1784878964.472679853 step=49 stage=loop_begin
1784878964.473577499 step=49 stage=after_set_ctrl
1784878964.473649502 step=49 stage=after_step_log
1784878964.473653316 step=49 stage=before_mj_step
1784878964.473714590 step=49 stage=after_mj_step
1784878964.473765135 step=50 stage=loop_begin
1784878964.473771811 step=50 stage=before_camera_render
1784878964.562288046 step=50 stage=after_camera_render
1784878964.563859463 step=50 stage=after_set_ctrl
1784878964.563983440 step=50 stage=after_step_log
1784878964.563987494 step=50 stage=before_mj_step
1784878964.564087152 step=50 stage=after_mj_step
1784878964.564163685 step=51 stage=loop_begin
1784878964.565368891 step=51 stage=after_set_ctrl
1784878964.565459013 step=51 stage=after_step_log
1784878964.565464973 step=51 stage=before_mj_step
1784878964.565536499 step=51 stage=after_mj_step
1784878964.565599442 step=52 stage=loop_begin
1784878964.566473246 step=52 stage=after_set_ctrl
1784878964.566549301 step=52 stage=after_step_log
1784878964.566554308 step=52 stage=before_mj_step
1784878964.566623688 step=52 stage=after_mj_step
1784878964.566678286 step=53 stage=loop_begin
1784878964.567615986 step=53 stage=after_set_ctrl
1784878964.567689180 step=53 stage=after_step_log
1784878964.567693710 step=53 stage=before_mj_step
1784878964.567759037 step=53 stage=after_mj_step
1784878964.567814350 step=54 stage=loop_begin
1784878964.568786383 step=54 stage=after_set_ctrl
1784878964.568864107 step=54 stage=after_step_log
1784878964.568868399 step=54 stage=before_mj_step
1784878964.568928957 step=54 stage=after_mj_step
1784878964.568982124 step=55 stage=loop_begin
1784878964.568987608 step=55 stage=before_camera_render
1784878964.653654337 step=55 stage=after_camera_render
1784878964.655032396 step=55 stage=after_set_ctrl
1784878964.655128479 step=55 stage=after_step_log
1784878964.655133963 step=55 stage=before_mj_step
1784878964.655236006 step=55 stage=after_mj_step
1784878964.655306101 step=56 stage=loop_begin
1784878964.656217337 step=56 stage=after_set_ctrl
1784878964.656295776 step=56 stage=after_step_log
1784878964.656300545 step=56 stage=before_mj_step
1784878964.656367302 step=56 stage=after_mj_step
1784878964.656429052 step=57 stage=loop_begin
1784878964.657290936 step=57 stage=after_set_ctrl
1784878964.657367706 step=57 stage=after_step_log
1784878964.657372952 step=57 stage=before_mj_step
1784878964.657448769 step=57 stage=after_mj_step
1784878964.657505035 step=58 stage=loop_begin
1784878964.658334732 step=58 stage=after_set_ctrl
1784878964.658409834 step=58 stage=after_step_log
1784878964.658416271 step=58 stage=before_mj_step
1784878964.658480406 step=58 stage=after_mj_step
1784878964.658531189 step=59 stage=loop_begin
1784878964.659518719 step=59 stage=after_set_ctrl
1784878964.659595966 step=59 stage=after_step_log
1784878964.659600735 step=59 stage=before_mj_step
1784878964.659672260 step=59 stage=after_mj_step
1784878964.659723759 step=60 stage=loop_begin
1784878964.659728289 step=60 stage=before_camera_render
1784878964.746839046 step=60 stage=after_camera_render
1784878964.748461962 step=60 stage=after_set_ctrl
1784878964.748560905 step=60 stage=after_step_log
1784878964.748565435 step=60 stage=before_mj_step
1784878964.748668432 step=60 stage=after_mj_step
1784878964.748744965 step=61 stage=loop_begin
1784878964.750222445 step=61 stage=after_set_ctrl
1784878964.750313759 step=61 stage=after_step_log
1784878964.750318527 step=61 stage=before_mj_step
1784878964.750402451 step=61 stage=after_mj_step
1784878964.750463963 step=62 stage=loop_begin
1784878964.751374245 step=62 stage=after_set_ctrl
1784878964.751452446 step=62 stage=after_step_log
1784878964.751459360 step=62 stage=before_mj_step
1784878964.751528740 step=62 stage=after_mj_step
1784878964.751582623 step=63 stage=loop_begin
1784878964.752522945 step=63 stage=after_set_ctrl
1784878964.752603054 step=63 stage=after_step_log
1784878964.752607822 step=63 stage=before_mj_step
1784878964.752681255 step=63 stage=after_mj_step
1784878964.752736330 step=64 stage=loop_begin
1784878964.753589153 step=64 stage=after_set_ctrl
1784878964.753664732 step=64 stage=after_step_log
1784878964.753669262 step=64 stage=before_mj_step
1784878964.753740072 step=64 stage=after_mj_step
1784878964.753793955 step=65 stage=loop_begin
1784878964.753800154 step=65 stage=before_camera_render
1784878964.840727806 step=65 stage=after_camera_render
1784878964.842041969 step=65 stage=after_set_ctrl
1784878964.842141390 step=65 stage=after_step_log
1784878964.842146397 step=65 stage=before_mj_step
1784878964.842254877 step=65 stage=after_mj_step
1784878964.842325211 step=66 stage=loop_begin
1784878964.843369722 step=66 stage=after_set_ctrl
1784878964.843460083 step=66 stage=after_step_log
1784878964.843465805 step=66 stage=before_mj_step
1784878964.843538523 step=66 stage=after_mj_step
1784878964.843592882 step=67 stage=loop_begin
1784878964.844508648 step=67 stage=after_set_ctrl
1784878964.844586849 step=67 stage=after_step_log
1784878964.844590902 step=67 stage=before_mj_step
1784878964.844663858 step=67 stage=after_mj_step
1784878964.844721317 step=68 stage=loop_begin
1784878964.845660448 step=68 stage=after_set_ctrl
1784878964.845772743 step=68 stage=after_step_log
1784878964.845780373 step=68 stage=before_mj_step
1784878964.845855713 step=68 stage=after_mj_step
1784878964.845920086 step=69 stage=loop_begin
1784878964.846864223 step=69 stage=after_set_ctrl
1784878964.846942663 step=69 stage=after_step_log
1784878964.846946955 step=69 stage=before_mj_step
1784878964.847013474 step=69 stage=after_mj_step
1784878964.847067595 step=70 stage=loop_begin
1784878964.847073078 step=70 stage=before_camera_render
1784878964.934219599 step=70 stage=after_camera_render
1784878964.935627222 step=70 stage=after_set_ctrl
1784878964.935734034 step=70 stage=after_step_log
1784878964.935738564 step=70 stage=before_mj_step
1784878964.935848475 step=70 stage=after_mj_step
1784878964.935925722 step=71 stage=loop_begin
1784878964.937175274 step=71 stage=after_set_ctrl
1784878964.937254906 step=71 stage=after_step_log
1784878964.937260151 step=71 stage=before_mj_step
1784878964.937328577 step=71 stage=after_mj_step
1784878964.937381029 step=72 stage=loop_begin
1784878964.938266039 step=72 stage=after_set_ctrl
1784878964.938337088 step=72 stage=after_step_log
1784878964.938341379 step=72 stage=before_mj_step
1784878964.938411474 step=72 stage=after_mj_step
1784878964.938463926 step=73 stage=loop_begin
1784878964.939370394 step=73 stage=after_set_ctrl
1784878964.939449072 step=73 stage=after_step_log
1784878964.939455748 step=73 stage=before_mj_step
1784878964.939524889 step=73 stage=after_mj_step
1784878964.939576864 step=74 stage=loop_begin
1784878964.940425396 step=74 stage=after_set_ctrl
1784878964.940498352 step=74 stage=after_step_log
1784878964.940502644 step=74 stage=before_mj_step
1784878964.940569162 step=74 stage=after_mj_step
1784878964.940620899 step=75 stage=loop_begin
1784878964.940626621 step=75 stage=before_camera_render
1784878965.034350872 step=75 stage=after_camera_render
1784878965.035830975 step=75 stage=after_set_ctrl
1784878965.035961151 step=75 stage=after_step_log
1784878965.035965443 step=75 stage=before_mj_step
1784878965.036072254 step=75 stage=after_mj_step
1784878965.036148787 step=76 stage=loop_begin
1784878965.037575006 step=76 stage=after_set_ctrl
1784878965.037662268 step=76 stage=after_step_log
1784878965.037670851 step=76 stage=before_mj_step
1784878965.037753344 step=76 stage=after_mj_step
1784878965.037816286 step=77 stage=loop_begin
1784878965.038890123 step=77 stage=after_set_ctrl
1784878965.038964510 step=77 stage=after_step_log
1784878965.038969278 step=77 stage=before_mj_step
1784878965.039037228 step=77 stage=after_mj_step
1784878965.039090157 step=78 stage=loop_begin
1784878965.040290833 step=78 stage=after_set_ctrl
1784878965.040364742 step=78 stage=after_step_log
1784878965.040369034 step=78 stage=before_mj_step
1784878965.040439129 step=78 stage=after_mj_step
1784878965.040492773 step=79 stage=loop_begin
1784878965.041449308 step=79 stage=after_set_ctrl
1784878965.041525841 step=79 stage=after_step_log
1784878965.041531086 step=79 stage=before_mj_step
1784878965.041601181 step=79 stage=after_mj_step
1784878965.041655779 step=80 stage=loop_begin
1784878965.041661024 step=80 stage=before_camera_render
1784878965.129108906 step=80 stage=after_camera_render
1784878965.130686760 step=80 stage=after_set_ctrl
1784878965.130784750 step=80 stage=after_step_log
1784878965.130789280 step=80 stage=before_mj_step
1784878965.130893707 step=80 stage=after_mj_step
1784878965.130969524 step=81 stage=loop_begin
1784878965.132179976 step=81 stage=after_set_ctrl
1784878965.132263899 step=81 stage=after_step_log
1784878965.132268429 step=81 stage=before_mj_step
1784878965.132349968 step=81 stage=after_mj_step
1784878965.132416487 step=82 stage=loop_begin
1784878965.133293867 step=82 stage=after_set_ctrl
1784878965.133379698 step=82 stage=after_step_log
1784878965.133384466 step=82 stage=before_mj_step
1784878965.133472443 step=82 stage=after_mj_step
1784878965.133531570 step=83 stage=loop_begin
1784878965.134293079 step=83 stage=after_set_ctrl
1784878965.134366035 step=83 stage=after_step_log
1784878965.134370327 step=83 stage=before_mj_step
1784878965.134450674 step=83 stage=after_mj_step
1784878965.134509802 step=84 stage=loop_begin
1784878965.135303974 step=84 stage=after_set_ctrl
1784878965.135374784 step=84 stage=after_step_log
1784878965.135378838 step=84 stage=before_mj_step
1784878965.135455370 step=84 stage=after_mj_step
1784878965.135512352 step=85 stage=loop_begin
1784878965.135517120 step=85 stage=before_camera_render
1784878965.221490622 step=85 stage=after_camera_render
1784878965.223072767 step=85 stage=after_set_ctrl
1784878965.223188877 step=85 stage=after_step_log
1784878965.223193407 step=85 stage=before_mj_step
1784878965.223312616 step=85 stage=after_mj_step
1784878965.223417044 step=86 stage=loop_begin
1784878965.224434137 step=86 stage=after_set_ctrl
1784878965.224510670 step=86 stage=after_step_log
1784878965.224515676 step=86 stage=before_mj_step
1784878965.224581718 step=86 stage=after_mj_step
1784878965.224632502 step=87 stage=loop_begin
1784878965.225670338 step=87 stage=after_set_ctrl
1784878965.225745201 step=87 stage=after_step_log
1784878965.225750208 step=87 stage=before_mj_step
1784878965.225818872 step=87 stage=after_mj_step
1784878965.225870848 step=88 stage=loop_begin
1784878965.226956129 step=88 stage=after_set_ctrl
1784878965.227041245 step=88 stage=after_step_log
1784878965.227046490 step=88 stage=before_mj_step
1784878965.227118015 step=88 stage=after_mj_step
1784878965.227172852 step=89 stage=loop_begin
1784878965.228075027 step=89 stage=after_set_ctrl
1784878965.228152037 step=89 stage=after_step_log
1784878965.228156567 step=89 stage=before_mj_step
1784878965.228224754 step=89 stage=after_mj_step
1784878965.228278637 step=90 stage=loop_begin
1784878965.228284121 step=90 stage=before_camera_render
1784878965.322499275 step=90 stage=after_camera_render
1784878965.324087143 step=90 stage=after_set_ctrl
1784878965.324182987 step=90 stage=after_step_log
1784878965.324187994 step=90 stage=before_mj_step
1784878965.324291229 step=90 stage=after_mj_step
1784878965.324363470 step=91 stage=loop_begin
1784878965.325372219 step=91 stage=after_set_ctrl
1784878965.325473547 step=91 stage=after_step_log
1784878965.325479269 step=91 stage=before_mj_step
1784878965.325576305 step=91 stage=after_mj_step
1784878965.325666189 step=92 stage=loop_begin
1784878965.326660156 step=92 stage=after_set_ctrl
1784878965.326734304 step=92 stage=after_step_log
1784878965.326739788 step=92 stage=before_mj_step
1784878965.326809168 step=92 stage=after_mj_step
1784878965.326862574 step=93 stage=loop_begin
1784878965.328171253 step=93 stage=after_set_ctrl
1784878965.328244448 step=93 stage=after_step_log
1784878965.328249693 step=93 stage=before_mj_step
1784878965.328314781 step=93 stage=after_mj_step
1784878965.328367710 step=94 stage=loop_begin
1784878965.329326630 step=94 stage=after_set_ctrl
1784878965.329407692 step=94 stage=after_step_log
1784878965.329413652 step=94 stage=before_mj_step
1784878965.329474926 step=94 stage=after_mj_step
1784878965.329524755 step=95 stage=loop_begin
1784878965.329529762 step=95 stage=before_camera_render
1784878965.417228222 step=95 stage=after_camera_render
1784878965.418780565 step=95 stage=after_set_ctrl
1784878965.418886185 step=95 stage=after_step_log
1784878965.418890715 step=95 stage=before_mj_step
1784878965.419006348 step=95 stage=after_mj_step
1784878965.419090033 step=96 stage=loop_begin
1784878965.420327187 step=96 stage=after_set_ctrl
1784878965.420416594 step=96 stage=after_step_log
1784878965.420422077 step=96 stage=before_mj_step
1784878965.420503139 step=96 stage=after_mj_step
1784878965.420563459 step=97 stage=loop_begin
1784878965.421535492 step=97 stage=after_set_ctrl
1784878965.421614647 step=97 stage=after_step_log
1784878965.421619177 step=97 stage=before_mj_step
1784878965.421702147 step=97 stage=after_mj_step
1784878965.421760559 step=98 stage=loop_begin
1784878965.422642708 step=98 stage=after_set_ctrl
1784878965.422721624 step=98 stage=after_step_log
1784878965.422726393 step=98 stage=before_mj_step
1784878965.422805548 step=98 stage=after_mj_step
1784878965.422862530 step=99 stage=loop_begin
1784878965.423922062 step=99 stage=after_set_ctrl
1784878965.423997164 step=99 stage=after_step_log
1784878965.424001932 step=99 stage=before_mj_step
1784878965.424078226 step=99 stage=after_mj_step
1784878965.424132824 step=100 stage=loop_begin
1784878965.424138308 step=100 stage=before_camera_render
1784878965.513574362 step=100 stage=after_camera_render
1784878965.515024424 step=100 stage=after_set_ctrl
1784878965.515149355 step=100 stage=after_step_log
1784878965.515153408 step=100 stage=before_mj_step
1784878965.515261889 step=100 stage=after_mj_step
1784878965.515337229 step=101 stage=loop_begin
1784878965.516408205 step=101 stage=after_set_ctrl
1784878965.516489267 step=101 stage=after_step_log
1784878965.516494036 step=101 stage=before_mj_step
1784878965.516565800 step=101 stage=after_mj_step
1784878965.516623259 step=102 stage=loop_begin
1784878965.517570257 step=102 stage=after_set_ctrl
1784878965.517649174 step=102 stage=after_step_log
1784878965.517653704 step=102 stage=before_mj_step
1784878965.517721891 step=102 stage=after_mj_step
1784878965.517774105 step=103 stage=loop_begin
1784878965.518672943 step=103 stage=after_set_ctrl
1784878965.518750668 step=103 stage=after_step_log
1784878965.518755436 step=103 stage=before_mj_step
1784878965.518829346 step=103 stage=after_mj_step
1784878965.518883228 step=104 stage=loop_begin
1784878965.519901514 step=104 stage=after_set_ctrl
1784878965.519978046 step=104 stage=after_step_log
1784878965.519982815 step=104 stage=before_mj_step
1784878965.520054579 step=104 stage=after_mj_step
1784878965.520108700 step=105 stage=loop_begin
1784878965.520115137 step=105 stage=before_camera_render
1784878965.612514973 step=105 stage=after_camera_render
1784878965.613814354 step=105 stage=after_set_ctrl
1784878965.613911867 step=105 stage=after_step_log
1784878965.613917351 step=105 stage=before_mj_step
1784878965.614027023 step=105 stage=after_mj_step
1784878965.614100456 step=106 stage=loop_begin
1784878965.615258217 step=106 stage=after_set_ctrl
1784878965.615343094 step=106 stage=after_step_log
1784878965.615348577 step=106 stage=before_mj_step
1784878965.615434170 step=106 stage=after_mj_step
1784878965.615493536 step=107 stage=loop_begin
1784878965.616315603 step=107 stage=after_set_ctrl
1784878965.616388083 step=107 stage=after_step_log
1784878965.616398335 step=107 stage=before_mj_step
1784878965.616468430 step=107 stage=after_mj_step
1784878965.616522074 step=108 stage=loop_begin
1784878965.617321730 step=108 stage=after_set_ctrl
1784878965.617399693 step=108 stage=after_step_log
1784878965.617406130 step=108 stage=before_mj_step
1784878965.617471457 step=108 stage=after_mj_step
1784878965.617522955 step=109 stage=loop_begin
1784878965.618353605 step=109 stage=after_set_ctrl
1784878965.618430614 step=109 stage=after_step_log
1784878965.618437529 step=109 stage=before_mj_step
1784878965.618509769 step=109 stage=after_mj_step
1784878965.618561983 step=110 stage=loop_begin
1784878965.618567705 step=110 stage=before_camera_render
1784878965.717379093 step=110 stage=after_camera_render
1784878965.718933821 step=110 stage=after_set_ctrl
1784878965.719032049 step=110 stage=after_step_log
1784878965.719037294 step=110 stage=before_mj_step
1784878965.719144106 step=110 stage=after_mj_step
1784878965.719215631 step=111 stage=loop_begin
1784878965.720300436 step=111 stage=after_set_ctrl
1784878965.720390558 step=111 stage=after_step_log
1784878965.720401049 step=111 stage=before_mj_step
1784878965.720500231 step=111 stage=after_mj_step
1784878965.720575571 step=112 stage=loop_begin
1784878965.721414089 step=112 stage=after_set_ctrl
1784878965.721496820 step=112 stage=after_step_log
1784878965.721501589 step=112 stage=before_mj_step
1784878965.721577168 step=112 stage=after_mj_step
1784878965.721637964 step=113 stage=loop_begin
1784878965.722510815 step=113 stage=after_set_ctrl
1784878965.722586632 step=113 stage=after_step_log
1784878965.722591400 step=113 stage=before_mj_step
1784878965.722662449 step=113 stage=after_mj_step
1784878965.722717047 step=114 stage=loop_begin
1784878965.723607779 step=114 stage=after_set_ctrl
1784878965.723688126 step=114 stage=after_step_log
1784878965.723692179 step=114 stage=before_mj_step
1784878965.723759890 step=114 stage=after_mj_step
1784878965.723811150 step=115 stage=loop_begin
1784878965.723816395 step=115 stage=before_camera_render
1784878965.811218500 step=115 stage=after_camera_render
1784878965.812646151 step=115 stage=after_set_ctrl
1784878965.812752485 step=115 stage=after_step_log
1784878965.812757969 step=115 stage=before_mj_step
1784878965.812870979 step=115 stage=after_mj_step
1784878965.812946320 step=116 stage=loop_begin
1784878965.814226151 step=116 stage=after_set_ctrl
1784878965.814314127 step=116 stage=after_step_log
1784878965.814318657 step=116 stage=before_mj_step
1784878965.814409256 step=116 stage=after_mj_step
1784878965.814472437 step=117 stage=loop_begin
1784878965.815354586 step=117 stage=after_set_ctrl
1784878965.815443993 step=117 stage=after_step_log
1784878965.815451860 step=117 stage=before_mj_step
1784878965.815523148 step=117 stage=after_mj_step
1784878965.815579414 step=118 stage=loop_begin
1784878965.816519737 step=118 stage=after_set_ctrl
1784878965.816595554 step=118 stage=after_step_log
1784878965.816600561 step=118 stage=before_mj_step
1784878965.816667080 step=118 stage=after_mj_step
1784878965.816719532 step=119 stage=loop_begin
1784878965.817521334 step=119 stage=after_set_ctrl
1784878965.817600250 step=119 stage=after_step_log
1784878965.817605257 step=119 stage=before_mj_step
1784878965.817677259 step=119 stage=after_mj_step
1784878965.817732573 step=120 stage=loop_begin
1784878965.817738295 step=120 stage=before_camera_render
1784878965.918443203 step=120 stage=after_camera_render
1784878965.920076847 step=120 stage=after_set_ctrl
1784878965.920198679 step=120 stage=after_step_log
1784878965.920203447 step=120 stage=before_mj_step
1784878965.920328617 step=120 stage=after_mj_step
1784878965.920439243 step=121 stage=loop_begin
1784878965.921360016 step=121 stage=after_set_ctrl
1784878965.921441078 step=121 stage=after_step_log
1784878965.921448231 step=121 stage=before_mj_step
1784878965.921523094 step=121 stage=after_mj_step
1784878965.921587229 step=122 stage=loop_begin
1784878965.922448397 step=122 stage=after_set_ctrl
1784878965.922533274 step=122 stage=after_step_log
1784878965.922537565 step=122 stage=before_mj_step
1784878965.922627926 step=122 stage=after_mj_step
1784878965.922701836 step=123 stage=loop_begin
1784878965.923876047 step=123 stage=after_set_ctrl
1784878965.923964500 step=123 stage=after_step_log
1784878965.923969507 step=123 stage=before_mj_step
1784878965.924051762 step=123 stage=after_mj_step
1784878965.924117088 step=124 stage=loop_begin
1784878965.925152779 step=124 stage=after_set_ctrl
1784878965.925234795 step=124 stage=after_step_log
1784878965.925239325 step=124 stage=before_mj_step
1784878965.925318956 step=124 stage=after_mj_step
1784878965.925381899 step=125 stage=loop_begin
1784878965.925388098 step=125 stage=before_camera_render
1784878966.014319897 step=125 stage=after_camera_render
1784878966.016096592 step=125 stage=after_set_ctrl
1784878966.016220570 step=125 stage=after_step_log
1784878966.016225100 step=125 stage=before_mj_step
1784878966.016333818 step=125 stage=after_mj_step
1784878966.016420126 step=126 stage=loop_begin
1784878966.017361164 step=126 stage=after_set_ctrl
1784878966.017446756 step=126 stage=after_step_log
1784878966.017452955 step=126 stage=before_mj_step
1784878966.017526865 step=126 stage=after_mj_step
1784878966.017584801 step=127 stage=loop_begin
1784878966.018486261 step=127 stage=after_set_ctrl
1784878966.018565416 step=127 stage=after_step_log
1784878966.018569708 step=127 stage=before_mj_step
1784878966.018646955 step=127 stage=after_mj_step
1784878966.018699884 step=128 stage=loop_begin
1784878966.019498348 step=128 stage=after_set_ctrl
1784878966.019576073 step=128 stage=after_step_log
1784878966.019580841 step=128 stage=before_mj_step
1784878966.019656897 step=128 stage=after_mj_step
1784878966.019711733 step=129 stage=loop_begin
1784878966.020552397 step=129 stage=after_set_ctrl
1784878966.020630121 step=129 stage=after_step_log
1784878966.020635128 step=129 stage=before_mj_step
1784878966.020709038 step=129 stage=after_mj_step
1784878966.020762682 step=130 stage=loop_begin
1784878966.020768881 step=130 stage=before_camera_render
1784878966.111567020 step=130 stage=after_camera_render
1784878966.112830162 step=130 stage=after_set_ctrl
1784878966.112930059 step=130 stage=after_step_log
1784878966.112935066 step=130 stage=before_mj_step
1784878966.113040924 step=130 stage=after_mj_step
1784878966.113128424 step=131 stage=loop_begin
1784878966.114274502 step=131 stage=after_set_ctrl
1784878966.114364386 step=131 stage=after_step_log
1784878966.114369392 step=131 stage=before_mj_step
1784878966.114450455 step=131 stage=after_mj_step
1784878966.114507198 step=132 stage=loop_begin
1784878966.115388870 step=132 stage=after_set_ctrl
1784878966.115473270 step=132 stage=after_step_log
1784878966.115477800 step=132 stage=before_mj_step
1784878966.115547180 step=132 stage=after_mj_step
1784878966.115602016 step=133 stage=loop_begin
1784878966.116524220 step=133 stage=after_set_ctrl
1784878966.116600752 step=133 stage=after_step_log
1784878966.116605520 step=133 stage=before_mj_step
1784878966.116671801 step=133 stage=after_mj_step
1784878966.116721630 step=134 stage=loop_begin
1784878966.117598295 step=134 stage=after_set_ctrl
1784878966.117674828 step=134 stage=after_step_log
1784878966.117680073 step=134 stage=before_mj_step
1784878966.117752552 step=134 stage=after_mj_step
1784878966.117805243 step=135 stage=loop_begin
1784878966.117810965 step=135 stage=before_camera_render
1784878966.205218315 step=135 stage=after_camera_render
1784878966.206873655 step=135 stage=after_set_ctrl
1784878966.206991911 step=135 stage=after_step_log
1784878966.206998587 step=135 stage=before_mj_step
1784878966.207138062 step=135 stage=after_mj_step
1784878966.207242250 step=136 stage=loop_begin
1784878966.208734751 step=136 stage=after_set_ctrl
1784878966.208878517 step=136 stage=after_step_log
1784878966.208888292 step=136 stage=before_mj_step
1784878966.209012270 step=136 stage=after_mj_step
1784878966.209110498 step=137 stage=loop_begin
1784878966.211227655 step=137 stage=after_set_ctrl
1784878966.211352825 step=137 stage=after_step_log
1784878966.211363792 step=137 stage=before_mj_step
1784878966.211483240 step=137 stage=after_mj_step
1784878966.211572409 step=138 stage=loop_begin
1784878966.213334799 step=138 stage=after_set_ctrl
1784878966.213454008 step=138 stage=after_step_log
1784878966.213466167 step=138 stage=before_mj_step
1784878966.213569164 step=138 stage=after_mj_step
1784878966.213648081 step=139 stage=loop_begin
1784878966.215122461 step=139 stage=after_set_ctrl
1784878966.215236187 step=139 stage=after_step_log
1784878966.215247393 step=139 stage=before_mj_step
1784878966.215349436 step=139 stage=after_mj_step
1784878966.215439081 step=140 stage=loop_begin
1784878966.215453625 step=140 stage=before_camera_render
1784878966.318284035 step=140 stage=after_camera_render
1784878966.320075512 step=140 stage=after_set_ctrl
1784878966.320171118 step=140 stage=after_step_log
1784878966.320176840 step=140 stage=before_mj_step
1784878966.320283651 step=140 stage=after_mj_step
1784878966.320358038 step=141 stage=loop_begin
1784878966.321354866 step=141 stage=after_set_ctrl
1784878966.321444035 step=141 stage=after_step_log
1784878966.321449995 step=141 stage=before_mj_step
1784878966.321526051 step=141 stage=after_mj_step
1784878966.321588993 step=142 stage=loop_begin
1784878966.322454929 step=142 stage=after_set_ctrl
1784878966.322536230 step=142 stage=after_step_log
1784878966.322541714 step=142 stage=before_mj_step
1784878966.322616339 step=142 stage=after_mj_step
1784878966.322674990 step=143 stage=loop_begin
1784878966.323527098 step=143 stage=after_set_ctrl
1784878966.323601246 step=143 stage=after_step_log
1784878966.323606253 step=143 stage=before_mj_step
1784878966.323674917 step=143 stage=after_mj_step
1784878966.323731661 step=144 stage=loop_begin
1784878966.324609756 step=144 stage=after_set_ctrl
1784878966.324684381 step=144 stage=after_step_log
1784878966.324689388 step=144 stage=before_mj_step
1784878966.324752331 step=144 stage=after_mj_step
1784878966.324802637 step=145 stage=loop_begin
1784878966.324809074 step=145 stage=before_camera_render
1784878966.412183523 step=145 stage=after_camera_render
1784878966.413429260 step=145 stage=after_set_ctrl
1784878966.413527012 step=145 stage=after_step_log
1784878966.413533211 step=145 stage=before_mj_step
1784878966.413638830 step=145 stage=after_mj_step
1784878966.413714170 step=146 stage=loop_begin
1784878966.414623737 step=146 stage=after_set_ctrl
1784878966.414709568 step=146 stage=after_step_log
1784878966.414714813 step=146 stage=before_mj_step
1784878966.414787531 step=146 stage=after_mj_step
1784878966.414846659 step=147 stage=loop_begin
1784878966.415948391 step=147 stage=after_set_ctrl
1784878966.416026831 step=147 stage=after_step_log
1784878966.416032076 step=147 stage=before_mj_step
1784878966.416100979 step=147 stage=after_mj_step
1784878966.416156530 step=148 stage=loop_begin
1784878966.417026758 step=148 stage=after_set_ctrl
1784878966.417098522 step=148 stage=after_step_log
1784878966.417103052 step=148 stage=before_mj_step
1784878966.417167902 step=148 stage=after_mj_step
1784878966.417217970 step=149 stage=loop_begin
1784878966.418012381 step=149 stage=after_set_ctrl
1784878966.418085337 step=149 stage=after_step_log
1784878966.418090343 step=149 stage=before_mj_step
1784878966.418159962 step=149 stage=after_mj_step
1784878966.418211937 step=150 stage=loop_begin
1784878966.418218136 step=150 stage=before_camera_render
1784878966.507196188 step=150 stage=after_camera_render
1784878966.508759022 step=150 stage=after_set_ctrl
1784878966.508898735 step=150 stage=after_step_log
1784878966.508904934 step=150 stage=before_mj_step
1784878966.509026289 step=150 stage=after_mj_step
1784878966.509106159 step=151 stage=loop_begin
1784878966.510296583 step=151 stage=after_set_ctrl
1784878966.510381460 step=151 stage=after_step_log
1784878966.510386944 step=151 stage=before_mj_step
1784878966.510475159 step=151 stage=after_mj_step
1784878966.510536671 step=152 stage=loop_begin
1784878966.511384010 step=152 stage=after_set_ctrl
1784878966.511474848 step=152 stage=after_step_log
1784878966.511480808 step=152 stage=before_mj_step
1784878966.511556387 step=152 stage=after_mj_step
1784878966.511614323 step=153 stage=loop_begin
1784878966.512411594 step=153 stage=after_set_ctrl
1784878966.512492895 step=153 stage=after_step_log
1784878966.512496948 step=153 stage=before_mj_step
1784878966.512564659 step=153 stage=after_mj_step
1784878966.512621403 step=154 stage=loop_begin
1784878966.513478041 step=154 stage=after_set_ctrl
1784878966.513552666 step=154 stage=after_step_log
1784878966.513557673 step=154 stage=before_mj_step
1784878966.513626575 step=154 stage=after_mj_step
1784878966.513679504 step=155 stage=loop_begin
1784878966.513685465 step=155 stage=before_camera_render
1784878966.608041286 step=155 stage=after_camera_render
1784878966.609388113 step=155 stage=after_set_ctrl
1784878966.609493971 step=155 stage=after_step_log
1784878966.609499693 step=155 stage=before_mj_step
1784878966.609604836 step=155 stage=after_mj_step
1784878966.609687328 step=156 stage=loop_begin
1784878966.610889435 step=156 stage=after_set_ctrl
1784878966.610983849 step=156 stage=after_step_log
1784878966.610988617 step=156 stage=before_mj_step
1784878966.611071587 step=156 stage=after_mj_step
1784878966.611137390 step=157 stage=loop_begin
1784878966.612304926 step=157 stage=after_set_ctrl
1784878966.612389326 step=157 stage=after_step_log
1784878966.612399101 step=157 stage=before_mj_step
1784878966.612475157 step=157 stage=after_mj_step
1784878966.612534761 step=158 stage=loop_begin
1784878966.613462448 step=158 stage=after_set_ctrl
1784878966.613538504 step=158 stage=after_step_log
1784878966.613543272 step=158 stage=before_mj_step
1784878966.613612890 step=158 stage=after_mj_step
1784878966.613668680 step=159 stage=loop_begin
1784878966.614486217 step=159 stage=after_set_ctrl
1784878966.614564419 step=159 stage=after_step_log
1784878966.614569664 step=159 stage=before_mj_step
1784878966.614643812 step=159 stage=after_mj_step
1784878966.614702940 step=160 stage=loop_begin
1784878966.614709616 step=160 stage=before_camera_render
1784878966.705861568 step=160 stage=after_camera_render
1784878966.707342386 step=160 stage=after_set_ctrl
1784878966.707451582 step=160 stage=after_step_log
1784878966.707457066 step=160 stage=before_mj_step
1784878966.707564592 step=160 stage=after_mj_step
1784878966.707643747 step=161 stage=loop_begin
1784878966.708642721 step=161 stage=after_set_ctrl
1784878966.708728313 step=161 stage=after_step_log
1784878966.708732605 step=161 stage=before_mj_step
1784878966.708814621 step=161 stage=after_mj_step
1784878966.708876371 step=162 stage=loop_begin
1784878966.710226059 step=162 stage=after_set_ctrl
1784878966.710313320 step=162 stage=after_step_log
1784878966.710317612 step=162 stage=before_mj_step
1784878966.710404873 step=162 stage=after_mj_step
1784878966.710469484 step=163 stage=loop_begin
1784878966.711351633 step=163 stage=after_set_ctrl
1784878966.711435556 step=163 stage=after_step_log
1784878966.711443186 step=163 stage=before_mj_step
1784878966.711519003 step=163 stage=after_mj_step
1784878966.711583853 step=164 stage=loop_begin
1784878966.712457418 step=164 stage=after_set_ctrl
1784878966.712540388 step=164 stage=after_step_log
1784878966.712545872 step=164 stage=before_mj_step
1784878966.712623119 step=164 stage=after_mj_step
1784878966.712684870 step=165 stage=loop_begin
1784878966.712691545 step=165 stage=before_camera_render
1784878966.799006701 step=165 stage=after_camera_render
1784878966.800633192 step=165 stage=after_set_ctrl
1784878966.800733328 step=165 stage=after_step_log
1784878966.800738096 step=165 stage=before_mj_step
1784878966.800846338 step=165 stage=after_mj_step
1784878966.800917149 step=166 stage=loop_begin
1784878966.802666426 step=166 stage=after_set_ctrl
1784878966.802776814 step=166 stage=after_step_log
1784878966.802782297 step=166 stage=before_mj_step
1784878966.802858591 step=166 stage=after_mj_step
1784878966.802915335 step=167 stage=loop_begin
1784878966.803796291 step=167 stage=after_set_ctrl
1784878966.803881884 step=167 stage=after_step_log
1784878966.803886652 step=167 stage=before_mj_step
1784878966.803951502 step=167 stage=after_mj_step
1784878966.804003239 step=168 stage=loop_begin
1784878966.805207014 step=168 stage=after_set_ctrl
1784878966.805289507 step=168 stage=after_step_log
1784878966.805294752 step=168 stage=before_mj_step
1784878966.805363417 step=168 stage=after_mj_step
1784878966.805423260 step=169 stage=loop_begin
1784878966.806409359 step=169 stage=after_set_ctrl
1784878966.806485653 step=169 stage=after_step_log
1784878966.806490421 step=169 stage=before_mj_step
1784878966.806554556 step=169 stage=after_mj_step
1784878966.806606293 step=170 stage=loop_begin
1784878966.806611776 step=170 stage=before_camera_render
1784878966.894264460 step=170 stage=after_camera_render
1784878966.895466089 step=170 stage=after_set_ctrl
1784878966.895566702 step=170 stage=after_step_log
1784878966.895571709 step=170 stage=before_mj_step
1784878966.895676374 step=170 stage=after_mj_step
1784878966.895755529 step=171 stage=loop_begin
1784878966.896658897 step=171 stage=after_set_ctrl
1784878966.896745682 step=171 stage=after_step_log
1784878966.896750689 step=171 stage=before_mj_step
1784878966.896820545 step=171 stage=after_mj_step
1784878966.896874428 step=172 stage=loop_begin
1784878966.898115873 step=172 stage=after_set_ctrl
1784878966.898195744 step=172 stage=after_step_log
1784878966.898200274 step=172 stage=before_mj_step
1784878966.898273706 step=172 stage=after_mj_step
1784878966.898329258 step=173 stage=loop_begin
1784878966.899185896 step=173 stage=after_set_ctrl
1784878966.899261713 step=173 stage=after_step_log
1784878966.899266005 step=173 stage=before_mj_step
1784878966.899335146 step=173 stage=after_mj_step
1784878966.899386406 step=174 stage=loop_begin
1784878966.900300503 step=174 stage=after_set_ctrl
1784878966.900378942 step=174 stage=after_step_log
1784878966.900383234 step=174 stage=before_mj_step
1784878966.900463820 step=174 stage=after_mj_step
1784878966.900519848 step=175 stage=loop_begin
1784878966.900525331 step=175 stage=before_camera_render
1784878966.991291761 step=175 stage=after_camera_render
1784878966.992923021 step=175 stage=after_set_ctrl
1784878966.993048906 step=175 stage=after_step_log
1784878966.993052959 step=175 stage=before_mj_step
1784878966.993160486 step=175 stage=after_mj_step
1784878966.993236303 step=176 stage=loop_begin
1784878966.994541168 step=176 stage=after_set_ctrl
1784878966.994629860 step=176 stage=after_step_log
1784878966.994634390 step=176 stage=before_mj_step
1784878966.994717360 step=176 stage=after_mj_step
1784878966.994777441 step=177 stage=loop_begin
1784878966.995760679 step=177 stage=after_set_ctrl
1784878966.995838165 step=177 stage=after_step_log
1784878966.995842218 step=177 stage=before_mj_step
1784878966.995912790 step=177 stage=after_mj_step
1784878966.995967150 step=178 stage=loop_begin
1784878966.996930599 step=178 stage=after_set_ctrl
1784878966.997009516 step=178 stage=after_step_log
1784878966.997013807 step=178 stage=before_mj_step
1784878966.997081757 step=178 stage=after_mj_step
1784878966.997134686 step=179 stage=loop_begin
1784878966.998156548 step=179 stage=after_set_ctrl
1784878966.998245478 step=179 stage=after_step_log
1784878966.998250246 step=179 stage=before_mj_step
1784878966.998333216 step=179 stage=after_mj_step
1784878966.998399019 step=180 stage=loop_begin
1784878966.998406887 step=180 stage=before_camera_render
1784878967.098171234 step=180 stage=after_camera_render
1784878967.099574804 step=180 stage=after_set_ctrl
1784878967.099676609 step=180 stage=after_step_log
1784878967.099681854 step=180 stage=before_mj_step
1784878967.099790812 step=180 stage=after_mj_step
1784878967.099869013 step=181 stage=loop_begin
1784878967.101202250 step=181 stage=after_set_ctrl
1784878967.101291180 step=181 stage=after_step_log
1784878967.101295710 step=181 stage=before_mj_step
1784878967.101371288 step=181 stage=after_mj_step
1784878967.101437092 step=182 stage=loop_begin
1784878967.102427483 step=182 stage=after_set_ctrl
1784878967.102507830 step=182 stage=after_step_log
1784878967.102512121 step=182 stage=before_mj_step
1784878967.102576017 step=182 stage=after_mj_step
1784878967.102627277 step=183 stage=loop_begin
1784878967.103638411 step=183 stage=after_set_ctrl
1784878967.103714705 step=183 stage=after_step_log
1784878967.103719711 step=183 stage=before_mj_step
1784878967.103790522 step=183 stage=after_mj_step
1784878967.103841066 step=184 stage=loop_begin
1784878967.104962826 step=184 stage=after_set_ctrl
1784878967.105039120 step=184 stage=after_step_log
1784878967.105043411 step=184 stage=before_mj_step
1784878967.105114698 step=184 stage=after_mj_step
1784878967.105166912 step=185 stage=loop_begin
1784878967.105171919 step=185 stage=before_camera_render
1784878967.193179846 step=185 stage=after_camera_render
1784878967.194559574 step=185 stage=after_set_ctrl
1784878967.194663525 step=185 stage=after_step_log
1784878967.194668055 step=185 stage=before_mj_step
1784878967.194774389 step=185 stage=after_mj_step
1784878967.194855928 step=186 stage=loop_begin
1784878967.195978403 step=186 stage=after_set_ctrl
1784878967.196067333 step=186 stage=after_step_log
1784878967.196071625 step=186 stage=before_mj_step
1784878967.196147203 step=186 stage=after_mj_step
1784878967.196208239 step=187 stage=loop_begin
1784878967.197140932 step=187 stage=after_set_ctrl
1784878967.197216749 step=187 stage=after_step_log
1784878967.197221279 step=187 stage=before_mj_step
1784878967.197285891 step=187 stage=after_mj_step
1784878967.197337151 step=188 stage=loop_begin
1784878967.198175430 step=188 stage=after_set_ctrl
1784878967.198251247 step=188 stage=after_step_log
1784878967.198255301 step=188 stage=before_mj_step
1784878967.198326111 step=188 stage=after_mj_step
1784878967.198376417 step=189 stage=loop_begin
1784878967.199219942 step=189 stage=after_set_ctrl
1784878967.199296713 step=189 stage=after_step_log
1784878967.199301958 step=189 stage=before_mj_step
1784878967.199371815 step=189 stage=after_mj_step
1784878967.199428320 step=190 stage=loop_begin
1784878967.199435711 step=190 stage=before_camera_render
1784878967.286168098 step=190 stage=after_camera_render
1784878967.287660360 step=190 stage=after_set_ctrl
1784878967.287759542 step=190 stage=after_step_log
1784878967.287764311 step=190 stage=before_mj_step
1784878967.287872791 step=190 stage=after_mj_step
1784878967.287945271 step=191 stage=loop_begin
1784878967.289053917 step=191 stage=after_set_ctrl
1784878967.289141178 step=191 stage=after_step_log
1784878967.289146662 step=191 stage=before_mj_step
1784878967.289222002 step=191 stage=after_mj_step
1784878967.289279222 step=192 stage=loop_begin
1784878967.290254593 step=192 stage=after_set_ctrl
1784878967.290365219 step=192 stage=after_step_log
1784878967.290371895 step=192 stage=before_mj_step
1784878967.290451288 step=192 stage=after_mj_step
1784878967.290509462 step=193 stage=loop_begin
1784878967.291385174 step=193 stage=after_set_ctrl
1784878967.291466475 step=193 stage=after_step_log
1784878967.291473866 step=193 stage=before_mj_step
1784878967.291543961 step=193 stage=after_mj_step
1784878967.291597605 step=194 stage=loop_begin
1784878967.292402506 step=194 stage=after_set_ctrl
1784878967.292477369 step=194 stage=after_step_log
1784878967.292481899 step=194 stage=before_mj_step
1784878967.292547703 step=194 stage=after_mj_step
1784878967.292600870 step=195 stage=loop_begin
1784878967.292606115 step=195 stage=before_camera_render
1784878967.386605978 step=195 stage=after_camera_render
1784878967.387892723 step=195 stage=after_set_ctrl
1784878967.387990236 step=195 stage=after_step_log
1784878967.387995243 step=195 stage=before_mj_step
1784878967.388099909 step=195 stage=after_mj_step
1784878967.388171673 step=196 stage=loop_begin
1784878967.389300108 step=196 stage=after_set_ctrl
1784878967.389407396 step=196 stage=after_step_log
1784878967.389414072 step=196 stage=before_mj_step
1784878967.389504671 step=196 stage=after_mj_step
1784878967.389570475 step=197 stage=loop_begin
1784878967.390689135 step=197 stage=after_set_ctrl
1784878967.390785933 step=197 stage=after_step_log
1784878967.390790939 step=197 stage=before_mj_step
1784878967.390865088 step=197 stage=after_mj_step
1784878967.390924215 step=198 stage=loop_begin
1784878967.392039537 step=198 stage=after_set_ctrl
1784878967.392122984 step=198 stage=after_step_log
1784878967.392127514 step=198 stage=before_mj_step
1784878967.392195940 step=198 stage=after_mj_step
1784878967.392251968 step=199 stage=loop_begin
1784878967.393168211 step=199 stage=after_set_ctrl
1784878967.393250227 step=199 stage=after_step_log
1784878967.393255234 step=199 stage=before_mj_step
1784878967.393326759 step=199 stage=after_mj_step
1784878967.393380880 step=200 stage=loop_begin
1784878967.393387079 step=200 stage=before_camera_render
1784878967.494986057 step=200 stage=after_camera_render
1784878967.496403456 step=200 stage=after_set_ctrl
1784878967.496528387 step=200 stage=after_step_log
1784878967.496532440 step=200 stage=before_mj_step
1784878967.496640444 step=200 stage=after_mj_step
1784878967.496714354 step=201 stage=loop_begin
1784878967.497727156 step=201 stage=after_set_ctrl
1784878967.497813702 step=201 stage=after_step_log
1784878967.497818947 step=201 stage=before_mj_step
1784878967.497893810 step=201 stage=after_mj_step
1784878967.497951269 step=202 stage=loop_begin
1784878967.499282360 step=202 stage=after_set_ctrl
1784878967.499364376 step=202 stage=after_step_log
1784878967.499368668 step=202 stage=before_mj_step
1784878967.499448061 step=202 stage=after_mj_step
1784878967.499504805 step=203 stage=loop_begin
1784878967.500351191 step=203 stage=after_set_ctrl
1784878967.500431538 step=203 stage=after_step_log
1784878967.500439644 step=203 stage=before_mj_step
1784878967.500509024 step=203 stage=after_mj_step
1784878967.500563383 step=204 stage=loop_begin
1784878967.501443386 step=204 stage=after_set_ctrl
1784878967.501523018 step=204 stage=after_step_log
1784878967.501527309 step=204 stage=before_mj_step
1784878967.501592875 step=204 stage=after_mj_step
1784878967.501644850 step=205 stage=loop_begin
1784878967.501650333 step=205 stage=before_camera_render
1784878967.588261604 step=205 stage=after_camera_render
1784878967.589674711 step=205 stage=after_set_ctrl
1784878967.589784384 step=205 stage=after_step_log
1784878967.589789629 step=205 stage=before_mj_step
1784878967.589906693 step=205 stage=after_mj_step
1784878967.589989185 step=206 stage=loop_begin
1784878967.591270685 step=206 stage=after_set_ctrl
1784878967.591360807 step=206 stage=after_step_log
1784878967.591365814 step=206 stage=before_mj_step
1784878967.591451168 step=206 stage=after_mj_step
1784878967.591513634 step=207 stage=loop_begin
1784878967.592458248 step=207 stage=after_set_ctrl
1784878967.592532873 step=207 stage=after_step_log
1784878967.592537403 step=207 stage=before_mj_step
1784878967.592602968 step=207 stage=after_mj_step
1784878967.592654705 step=208 stage=loop_begin
1784878967.593944311 step=208 stage=after_set_ctrl
1784878967.594021082 step=208 stage=after_step_log
1784878967.594025373 step=208 stage=before_mj_step
1784878967.594089031 step=208 stage=after_mj_step
1784878967.594141483 step=209 stage=loop_begin
1784878967.594943762 step=209 stage=after_set_ctrl
1784878967.595022678 step=209 stage=after_step_log
1784878967.595026970 step=209 stage=before_mj_step
1784878967.595095634 step=209 stage=after_mj_step
1784878967.595148087 step=210 stage=loop_begin
1784878967.595152855 step=210 stage=before_camera_render
1784878967.692097425 step=210 stage=after_camera_render
1784878967.693651199 step=210 stage=after_set_ctrl
1784878967.693759203 step=210 stage=after_step_log
1784878967.693764210 step=210 stage=before_mj_step
1784878967.693898201 step=210 stage=after_mj_step
1784878967.693990707 step=211 stage=loop_begin
1784878967.695283651 step=211 stage=after_set_ctrl
1784878967.695375204 step=211 stage=after_step_log
1784878967.695379972 step=211 stage=before_mj_step
1784878967.695469141 step=211 stage=after_mj_step
1784878967.695535183 step=212 stage=loop_begin
1784878967.696386814 step=212 stage=after_set_ctrl
1784878967.696485043 step=212 stage=after_step_log
1784878967.696490288 step=212 stage=before_mj_step
1784878967.696566582 step=212 stage=after_mj_step
1784878967.696623802 step=213 stage=loop_begin
1784878967.697494268 step=213 stage=after_set_ctrl
1784878967.697574854 step=213 stage=after_step_log
1784878967.697579861 step=213 stage=before_mj_step
1784878967.697655201 step=213 stage=after_mj_step
1784878967.697713375 step=214 stage=loop_begin
1784878967.698682547 step=214 stage=after_set_ctrl
1784878967.698787928 step=214 stage=after_step_log
1784878967.698794127 step=214 stage=before_mj_step
1784878967.698887587 step=214 stage=after_mj_step
1784878967.698961258 step=215 stage=loop_begin
1784878967.698968172 step=215 stage=before_camera_render
1784878967.800176144 step=215 stage=after_camera_render
1784878967.801501036 step=215 stage=after_set_ctrl
1784878967.801601648 step=215 stage=after_step_log
1784878967.801607370 step=215 stage=before_mj_step
1784878967.801713228 step=215 stage=after_mj_step
1784878967.801786661 step=216 stage=loop_begin
1784878967.803173304 step=216 stage=after_set_ctrl
1784878967.803264141 step=216 stage=after_step_log
1784878967.803269386 step=216 stage=before_mj_step
1784878967.803345203 step=216 stage=after_mj_step
1784878967.803411245 step=217 stage=loop_begin
1784878967.804287434 step=217 stage=after_set_ctrl
1784878967.804359674 step=217 stage=after_step_log
1784878967.804364443 step=217 stage=before_mj_step
1784878967.804435015 step=217 stage=after_mj_step
1784878967.804488420 step=218 stage=loop_begin
1784878967.805374861 step=218 stage=after_set_ctrl
1784878967.805455446 step=218 stage=after_step_log
1784878967.805462599 step=218 stage=before_mj_step
1784878967.805532932 step=218 stage=after_mj_step
1784878967.805585861 step=219 stage=loop_begin
1784878967.806354284 step=219 stage=after_set_ctrl
1784878967.806428671 step=219 stage=after_step_log
1784878967.806435347 step=219 stage=before_mj_step
1784878967.806500196 step=219 stage=after_mj_step
1784878967.806550503 step=220 stage=loop_begin
1784878967.806556463 step=220 stage=before_camera_render
1784878967.901327133 step=220 stage=after_camera_render
1784878967.902778864 step=220 stage=after_set_ctrl
1784878967.902898073 step=220 stage=after_step_log
1784878967.902904987 step=220 stage=before_mj_step
1784878967.903032064 step=220 stage=after_mj_step
1784878967.903116941 step=221 stage=loop_begin
1784878967.904402018 step=221 stage=after_set_ctrl
1784878967.904499054 step=221 stage=after_step_log
1784878967.904503584 step=221 stage=before_mj_step
1784878967.904579639 step=221 stage=after_mj_step
1784878967.904641628 step=222 stage=loop_begin
1784878967.905725718 step=222 stage=after_set_ctrl
1784878967.905803204 step=222 stage=after_step_log
1784878967.905808210 step=222 stage=before_mj_step
1784878967.905886889 step=222 stage=after_mj_step
1784878967.905942202 step=223 stage=loop_begin
1784878967.907013416 step=223 stage=after_set_ctrl
1784878967.907095194 step=223 stage=after_step_log
1784878967.907100201 step=223 stage=before_mj_step
1784878967.907170773 step=223 stage=after_mj_step
1784878967.907226086 step=224 stage=loop_begin
1784878967.907521963 step=224 stage=after_set_ctrl
1784878967.907586575 step=224 stage=after_step_log
1784878967.907590628 step=224 stage=before_mj_step
1784878967.907648325 step=224 stage=after_mj_step
1784878967.907692909 step=225 stage=loop_begin
1784878967.907697439 step=225 stage=before_camera_render
1784878967.995107412 step=225 stage=after_camera_render
1784878967.995635509 step=225 stage=after_set_ctrl
1784878967.995771646 step=225 stage=after_step_log
1784878967.995775938 step=225 stage=before_mj_step
1784878967.995906353 step=225 stage=after_mj_step
1784878967.995995045 step=226 stage=loop_begin
1784878967.996333122 step=226 stage=after_set_ctrl
1784878967.996423244 step=226 stage=after_step_log
1784878967.996430874 step=226 stage=before_mj_step
1784878967.996508837 step=226 stage=after_mj_step
1784878967.996580124 step=227 stage=loop_begin
1784878967.996890783 step=227 stage=after_set_ctrl
1784878967.996962070 step=227 stage=after_step_log
1784878967.996966124 step=227 stage=before_mj_step
1784878967.997024775 step=227 stage=after_mj_step
1784878967.997069597 step=228 stage=loop_begin
1784878967.997329712 step=228 stage=after_set_ctrl
1784878967.997389555 step=228 stage=after_step_log
1784878967.997400761 step=228 stage=before_mj_step
1784878967.997452736 step=228 stage=after_mj_step
1784878967.997492313 step=229 stage=loop_begin
1784878967.997744083 step=229 stage=after_set_ctrl
1784878967.997800589 step=229 stage=after_step_log
1784878967.997804403 step=229 stage=before_mj_step
1784878967.997850657 step=229 stage=after_mj_step
1784878967.997886658 step=230 stage=loop_begin
1784878967.997891426 step=230 stage=before_camera_render
1784878968.088381767 step=230 stage=after_camera_render
1784878968.088848829 step=230 stage=after_set_ctrl
1784878968.088963032 step=230 stage=after_step_log
1784878968.088967323 step=230 stage=before_mj_step
1784878968.089075565 step=230 stage=after_mj_step
1784878968.089141607 step=231 stage=loop_begin
1784878968.089462042 step=231 stage=after_set_ctrl
1784878968.089534044 step=231 stage=after_step_log
1784878968.089537621 step=231 stage=before_mj_step
1784878968.089603901 step=231 stage=after_mj_step
1784878968.089646578 step=232 stage=loop_begin
1784878968.089915752 step=232 stage=after_set_ctrl
1784878968.089975834 step=232 stage=after_step_log
1784878968.089981079 step=232 stage=before_mj_step
1784878968.090036631 step=232 stage=after_mj_step
1784878968.090075493 step=233 stage=loop_begin
1784878968.090330124 step=233 stage=after_set_ctrl
1784878968.090388536 step=233 stage=after_step_log
1784878968.090398312 step=233 stage=before_mj_step
1784878968.090455770 step=233 stage=after_mj_step
1784878968.090497255 step=234 stage=loop_begin
1784878968.090768099 step=234 stage=after_set_ctrl
1784878968.090826750 step=234 stage=after_step_log
1784878968.090830564 step=234 stage=before_mj_step
1784878968.090878487 step=234 stage=after_mj_step
1784878968.090915918 step=235 stage=loop_begin
1784878968.090919971 step=235 stage=before_camera_render
1784878968.178650379 step=235 stage=after_camera_render
1784878968.179134130 step=235 stage=after_set_ctrl
1784878968.179224491 step=235 stage=after_step_log
1784878968.179229021 step=235 stage=before_mj_step
1784878968.179352760 step=235 stage=after_mj_step
1784878968.179423809 step=236 stage=loop_begin
1784878968.179727793 step=236 stage=after_set_ctrl
1784878968.179797173 step=236 stage=after_step_log
1784878968.179800510 step=236 stage=before_mj_step
1784878968.179859161 step=236 stage=after_mj_step
1784878968.179900885 step=237 stage=loop_begin
1784878968.180164337 step=237 stage=after_set_ctrl
1784878968.180222511 step=237 stage=after_step_log
1784878968.180225849 step=237 stage=before_mj_step
1784878968.180275202 step=237 stage=after_mj_step
1784878968.180313826 step=238 stage=loop_begin
1784878968.180579662 step=238 stage=after_set_ctrl
1784878968.180641890 step=238 stage=after_step_log
1784878968.180646658 step=238 stage=before_mj_step
1784878968.180702925 step=238 stage=after_mj_step
1784878968.180746078 step=239 stage=loop_begin
1784878968.181009293 step=239 stage=after_set_ctrl
1784878968.181066275 step=239 stage=after_step_log
1784878968.181070089 step=239 stage=before_mj_step
1784878968.181119204 step=239 stage=after_mj_step
1784878968.181157112 step=240 stage=loop_begin
1784878968.181162357 step=240 stage=before_camera_render
1784878968.273945808 step=240 stage=after_camera_render
1784878968.274368763 step=240 stage=after_set_ctrl
1784878968.274459362 step=240 stage=after_step_log
1784878968.274466038 step=240 stage=before_mj_step
1784878968.274586678 step=240 stage=after_mj_step
1784878968.274660349 step=241 stage=loop_begin
1784878968.274966717 step=241 stage=after_set_ctrl
1784878968.275036573 step=241 stage=after_step_log
1784878968.275040627 step=241 stage=before_mj_step
1784878968.275095224 step=241 stage=after_mj_step
1784878968.275136948 step=242 stage=loop_begin
1784878968.275408745 step=242 stage=after_set_ctrl
1784878968.275479317 step=242 stage=after_step_log
1784878968.275483131 step=242 stage=before_mj_step
1784878968.275534153 step=242 stage=after_mj_step
1784878968.275573492 step=243 stage=loop_begin
1784878968.275830746 step=243 stage=after_set_ctrl
1784878968.275888205 step=243 stage=after_step_log
1784878968.275892019 step=243 stage=before_mj_step
1784878968.275940180 step=243 stage=after_mj_step
1784878968.275976658 step=244 stage=loop_begin
1784878968.276226521 step=244 stage=after_set_ctrl
1784878968.276285172 step=244 stage=after_step_log
1784878968.276289225 step=244 stage=before_mj_step
1784878968.276341915 step=244 stage=after_mj_step
1784878968.276381016 step=245 stage=loop_begin
1784878968.276385784 step=245 stage=before_camera_render
1784878968.369734764 step=245 stage=after_camera_render
1784878968.370151997 step=245 stage=after_set_ctrl
1784878968.370238304 step=245 stage=after_step_log
1784878968.370243073 step=245 stage=before_mj_step
1784878968.370359659 step=245 stage=after_mj_step
1784878968.370441914 step=246 stage=loop_begin
1784878968.370759010 step=246 stage=after_set_ctrl
1784878968.370827198 step=246 stage=after_step_log
1784878968.370831251 step=246 stage=before_mj_step
1784878968.370889187 step=246 stage=after_mj_step
1784878968.370933056 step=247 stage=loop_begin
1784878968.371206760 step=247 stage=after_set_ctrl
1784878968.371266842 step=247 stage=after_step_log
1784878968.371270418 step=247 stage=before_mj_step
1784878968.371319532 step=247 stage=after_mj_step
1784878968.371356249 step=248 stage=loop_begin
1784878968.371612787 step=248 stage=after_set_ctrl
1784878968.371671438 step=248 stage=after_step_log
1784878968.371675253 step=248 stage=before_mj_step
1784878968.371723175 step=248 stage=after_mj_step
1784878968.371760130 step=249 stage=loop_begin
1784878968.372005701 step=249 stage=after_set_ctrl
1784878968.372060061 step=249 stage=after_step_log
1784878968.372063637 step=249 stage=before_mj_step
1784878968.372109652 step=249 stage=after_mj_step
1784878968.372144222 step=250 stage=loop_begin
1784878968.372148275 step=250 stage=before_camera_render
1784878968.461975813 step=250 stage=after_camera_render
1784878968.462492466 step=250 stage=after_set_ctrl
1784878968.462611198 step=250 stage=after_step_log
1784878968.462615013 step=250 stage=before_mj_step
1784878968.462717295 step=250 stage=after_mj_step
1784878968.462777376 step=251 stage=loop_begin
1784878968.463092804 step=251 stage=after_set_ctrl
1784878968.463157654 step=251 stage=after_step_log
1784878968.463161707 step=251 stage=before_mj_step
1784878968.463215351 step=251 stage=after_mj_step
1784878968.463253975 step=252 stage=loop_begin
1784878968.463537931 step=252 stage=after_set_ctrl
1784878968.463601112 step=252 stage=after_step_log
1784878968.463604927 step=252 stage=before_mj_step
1784878968.463656664 step=252 stage=after_mj_step
1784878968.463697195 step=253 stage=loop_begin
1784878968.463950157 step=253 stage=after_set_ctrl
1784878968.464007139 step=253 stage=after_step_log
1784878968.464010954 step=253 stage=before_mj_step
1784878968.464057446 step=253 stage=after_mj_step
1784878968.464093685 step=254 stage=loop_begin
1784878968.464338779 step=254 stage=after_set_ctrl
1784878968.464396477 step=254 stage=after_step_log
1784878968.464401722 step=254 stage=before_mj_step
1784878968.464447737 step=254 stage=after_mj_step
1784878968.464482307 step=255 stage=loop_begin
1784878968.464486599 step=255 stage=before_camera_render
1784878968.551068783 step=255 stage=after_camera_render
1784878968.551554203 step=255 stage=after_set_ctrl
1784878968.551645041 step=255 stage=after_step_log
1784878968.551649570 step=255 stage=before_mj_step
1784878968.551763535 step=255 stage=after_mj_step
1784878968.551826954 step=256 stage=loop_begin
1784878968.552112103 step=256 stage=after_set_ctrl
1784878968.552178621 step=256 stage=after_step_log
1784878968.552182198 step=256 stage=before_mj_step
1784878968.552236319 step=256 stage=after_mj_step
1784878968.552275419 step=257 stage=loop_begin
1784878968.552538872 step=257 stage=after_set_ctrl
1784878968.552598715 step=257 stage=after_step_log
1784878968.552610397 step=257 stage=before_mj_step
1784878968.552663088 step=257 stage=after_mj_step
1784878968.552702188 step=258 stage=loop_begin
1784878968.552953243 step=258 stage=after_set_ctrl
1784878968.553011656 step=258 stage=after_step_log
1784878968.553015232 step=258 stage=before_mj_step
1784878968.553068876 step=258 stage=after_mj_step
1784878968.553108692 step=259 stage=loop_begin
1784878968.553361654 step=259 stage=after_set_ctrl
1784878968.553422928 step=259 stage=after_step_log
1784878968.553428411 step=259 stage=before_mj_step
1784878968.553478956 step=259 stage=after_mj_step
1784878968.553517580 step=260 stage=loop_begin
1784878968.553521872 step=260 stage=before_camera_render
1784878968.641282797 step=260 stage=after_camera_render
1784878968.641704798 step=260 stage=after_set_ctrl
1784878968.641792059 step=260 stage=after_step_log
1784878968.641797781 step=260 stage=before_mj_step
1784878968.641914129 step=260 stage=after_mj_step
1784878968.641989708 step=261 stage=loop_begin
1784878968.642286301 step=261 stage=after_set_ctrl
1784878968.642353773 step=261 stage=after_step_log
1784878968.642357588 step=261 stage=before_mj_step
1784878968.642415047 step=261 stage=after_mj_step
1784878968.642458439 step=262 stage=loop_begin
1784878968.642719984 step=262 stage=after_set_ctrl
1784878968.642778873 step=262 stage=after_step_log
1784878968.642782450 step=262 stage=before_mj_step
1784878968.642831802 step=262 stage=after_mj_step
1784878968.642871141 step=263 stage=loop_begin
1784878968.643125057 step=263 stage=after_set_ctrl
1784878968.643184185 step=263 stage=after_step_log
1784878968.643188238 step=263 stage=before_mj_step
1784878968.643241167 step=263 stage=after_mj_step
1784878968.643278122 step=264 stage=loop_begin
1784878968.644382000 step=264 stage=after_set_ctrl
1784878968.644473076 step=264 stage=after_step_log
1784878968.644479036 step=264 stage=before_mj_step
1784878968.644557476 step=264 stage=after_mj_step
1784878968.644617319 step=265 stage=loop_begin
1784878968.644623041 step=265 stage=before_camera_render
1784878968.729168653 step=265 stage=after_camera_render
1784878968.730647802 step=265 stage=after_set_ctrl
1784878968.730754137 step=265 stage=after_step_log
1784878968.730759382 step=265 stage=before_mj_step
1784878968.730863094 step=265 stage=after_mj_step
1784878968.730950117 step=266 stage=loop_begin
1784878968.732330799 step=266 stage=after_set_ctrl
1784878968.732426643 step=266 stage=after_step_log
1784878968.732432365 step=266 stage=before_mj_step
1784878968.732500315 step=266 stage=after_mj_step
1784878968.732554197 step=267 stage=loop_begin
1784878968.733383656 step=267 stage=after_set_ctrl
1784878968.733467340 step=267 stage=after_step_log
1784878968.733474493 step=267 stage=before_mj_step
1784878968.733543634 step=267 stage=after_mj_step
1784878968.733597755 step=268 stage=loop_begin
1784878968.734372854 step=268 stage=after_set_ctrl
1784878968.734452248 step=268 stage=after_step_log
1784878968.734459400 step=268 stage=before_mj_step
1784878968.734524250 step=268 stage=after_mj_step
1784878968.734576225 step=269 stage=loop_begin
1784878968.735494852 step=269 stage=after_set_ctrl
1784878968.735572815 step=269 stage=after_step_log
1784878968.735577822 step=269 stage=before_mj_step
1784878968.735646248 step=269 stage=after_mj_step
1784878968.735699177 step=270 stage=loop_begin
1784878968.735704422 step=270 stage=before_camera_render
1784878968.821007013 step=270 stage=after_camera_render
1784878968.822443724 step=270 stage=after_set_ctrl
1784878968.822543144 step=270 stage=after_step_log
1784878968.822547436 step=270 stage=before_mj_step
1784878968.822654486 step=270 stage=after_mj_step
1784878968.822727442 step=271 stage=loop_begin
1784878968.823675394 step=271 stage=after_set_ctrl
1784878968.823768616 step=271 stage=after_step_log
1784878968.823773623 step=271 stage=before_mj_step
1784878968.823856831 step=271 stage=after_mj_step
1784878968.823924303 step=272 stage=loop_begin
1784878968.825151920 step=272 stage=after_set_ctrl
1784878968.825233221 step=272 stage=after_step_log
1784878968.825244188 step=272 stage=before_mj_step
1784878968.825319529 step=272 stage=after_mj_step
1784878968.825379610 step=273 stage=loop_begin
1784878968.827668905 step=273 stage=after_set_ctrl
1784878968.827748060 step=273 stage=after_step_log
1784878968.827752590 step=273 stage=before_mj_step
1784878968.827819109 step=273 stage=after_mj_step
1784878968.827875137 step=274 stage=loop_begin
1784878968.829059601 step=274 stage=after_set_ctrl
1784878968.829140425 step=274 stage=after_step_log
1784878968.829145670 step=274 stage=before_mj_step
1784878968.829214811 step=274 stage=after_mj_step
1784878968.829266787 step=275 stage=loop_begin
1784878968.829271555 step=275 stage=before_camera_render
1784878968.920677423 step=275 stage=after_camera_render
1784878968.922326326 step=275 stage=after_set_ctrl
1784878968.922458649 step=275 stage=after_step_log
1784878968.922463179 step=275 stage=before_mj_step
1784878968.922566414 step=275 stage=after_mj_step
1784878968.922647476 step=276 stage=loop_begin
1784878968.923675299 step=276 stage=after_set_ctrl
1784878968.923758030 step=276 stage=after_step_log
1784878968.923762798 step=276 stage=before_mj_step
1784878968.923837662 step=276 stage=after_mj_step
1784878968.923897505 step=277 stage=loop_begin
1784878968.925249815 step=277 stage=after_set_ctrl
1784878968.925333738 step=277 stage=after_step_log
1784878968.925338984 step=277 stage=before_mj_step
1784878968.925418854 step=277 stage=after_mj_step
1784878968.925476074 step=278 stage=loop_begin
1784878968.926325560 step=278 stage=after_set_ctrl
1784878968.926404953 step=278 stage=after_step_log
1784878968.926413536 step=278 stage=before_mj_step
1784878968.926482201 step=278 stage=after_mj_step
1784878968.926534414 step=279 stage=loop_begin
1784878968.927368402 step=279 stage=after_set_ctrl
1784878968.927452326 step=279 stage=after_step_log
1784878968.927459478 step=279 stage=before_mj_step
1784878968.927535534 step=279 stage=after_mj_step
1784878968.927589893 step=280 stage=loop_begin
1784878968.927596092 step=280 stage=before_camera_render
1784878969.018754959 step=280 stage=after_camera_render
1784878969.020115137 step=280 stage=after_set_ctrl
1784878969.020234585 step=280 stage=after_step_log
1784878969.020240545 step=280 stage=before_mj_step
1784878969.020365000 step=280 stage=after_mj_step
1784878969.020459890 step=281 stage=loop_begin
1784878969.021496058 step=281 stage=after_set_ctrl
1784878969.021595240 step=281 stage=after_step_log
1784878969.021600246 step=281 stage=before_mj_step
1784878969.021683216 step=281 stage=after_mj_step
1784878969.021750212 step=282 stage=loop_begin
1784878969.022846699 step=282 stage=after_set_ctrl
1784878969.022936106 step=282 stage=after_step_log
1784878969.022941113 step=282 stage=before_mj_step
1784878969.023017645 step=282 stage=after_mj_step
1784878969.023080587 step=283 stage=loop_begin
1784878969.024137735 step=283 stage=after_set_ctrl
1784878969.024228811 step=283 stage=after_step_log
1784878969.024234295 step=283 stage=before_mj_step
1784878969.024314165 step=283 stage=after_mj_step
1784878969.024377346 step=284 stage=loop_begin
1784878969.025439262 step=284 stage=after_set_ctrl
1784878969.025528431 step=284 stage=after_step_log
1784878969.025533676 step=284 stage=before_mj_step
1784878969.025610447 step=284 stage=after_mj_step
1784878969.025672197 step=285 stage=loop_begin
1784878969.025678635 step=285 stage=before_camera_render
1784878969.116437197 step=285 stage=after_camera_render
1784878969.117877722 step=285 stage=after_set_ctrl
1784878969.117989063 step=285 stage=after_step_log
1784878969.117994547 step=285 stage=before_mj_step
1784878969.118115902 step=285 stage=after_mj_step
1784878969.118197918 step=286 stage=loop_begin
1784878969.119390011 step=286 stage=after_set_ctrl
1784878969.119482994 step=286 stage=after_step_log
1784878969.119487524 step=286 stage=before_mj_step
1784878969.119566917 step=286 stage=after_mj_step
1784878969.119624853 step=287 stage=loop_begin
1784878969.120609045 step=287 stage=after_set_ctrl
1784878969.120699167 step=287 stage=after_step_log
1784878969.120708942 step=287 stage=before_mj_step
1784878969.120806694 step=287 stage=after_mj_step
1784878969.120879173 step=288 stage=loop_begin
1784878969.121744394 step=288 stage=after_set_ctrl
1784878969.121818304 step=288 stage=after_step_log
1784878969.121822834 step=288 stage=before_mj_step
1784878969.121894598 step=288 stage=after_mj_step
1784878969.121949434 step=289 stage=loop_begin
1784878969.122921228 step=289 stage=after_set_ctrl
1784878969.122997999 step=289 stage=after_step_log
1784878969.123002529 step=289 stage=before_mj_step
1784878969.123071909 step=289 stage=after_mj_step
1784878969.123123169 step=290 stage=loop_begin
1784878969.123129368 step=290 stage=before_camera_render
1784878969.218999386 step=290 stage=after_camera_render
1784878969.220217228 step=290 stage=after_set_ctrl
1784878969.220319986 step=290 stage=after_step_log
1784878969.220324755 step=290 stage=before_mj_step
1784878969.220450878 step=290 stage=after_mj_step
1784878969.220529079 step=291 stage=loop_begin
1784878969.221605778 step=291 stage=after_set_ctrl
1784878969.221692085 step=291 stage=after_step_log
1784878969.221697807 step=291 stage=before_mj_step
1784878969.221779346 step=291 stage=after_mj_step
1784878969.221838951 step=292 stage=loop_begin
1784878969.223303318 step=292 stage=after_set_ctrl
1784878969.223386526 step=292 stage=after_step_log
1784878969.223397017 step=292 stage=before_mj_step
1784878969.223472834 step=292 stage=after_mj_step
1784878969.223530293 step=293 stage=loop_begin
1784878969.224327087 step=293 stage=after_set_ctrl
1784878969.224403620 step=293 stage=after_step_log
1784878969.224410295 step=293 stage=before_mj_step
1784878969.224478245 step=293 stage=after_mj_step
1784878969.224531889 step=294 stage=loop_begin
1784878969.225331306 step=294 stage=after_set_ctrl
1784878969.225409746 step=294 stage=after_step_log
1784878969.225416899 step=294 stage=before_mj_step
1784878969.225490093 step=294 stage=after_mj_step
1784878969.225543976 step=295 stage=loop_begin
1784878969.225549936 step=295 stage=before_camera_render
1784878969.314631701 step=295 stage=after_camera_render
1784878969.315913439 step=295 stage=after_set_ctrl
1784878969.316027164 step=295 stage=after_step_log
1784878969.316033125 step=295 stage=before_mj_step
1784878969.316156626 step=295 stage=after_mj_step
1784878969.316240072 step=296 stage=loop_begin
1784878969.317411423 step=296 stage=after_set_ctrl
1784878969.317504883 step=296 stage=after_step_log
1784878969.317510128 step=296 stage=before_mj_step
1784878969.317587852 step=296 stage=after_mj_step
1784878969.317651749 step=297 stage=loop_begin
1784878969.318656683 step=297 stage=after_set_ctrl
1784878969.318754196 step=297 stage=after_step_log
1784878969.318760157 step=297 stage=before_mj_step
1784878969.318839550 step=297 stage=after_mj_step
1784878969.318900108 step=298 stage=loop_begin
1784878969.320088148 step=298 stage=after_set_ctrl
1784878969.320172548 step=298 stage=after_step_log
1784878969.320177555 step=298 stage=before_mj_step
1784878969.320252180 step=298 stage=after_mj_step
1784878969.320312500 step=299 stage=loop_begin
1784878969.321308851 step=299 stage=after_set_ctrl
1784878969.321402311 step=299 stage=after_step_log
1784878969.321408033 step=299 stage=before_mj_step
1784878969.321480274 step=299 stage=after_mj_step
1784878969.321537733 step=300 stage=loop_begin
1784878969.321544409 step=300 stage=before_camera_render
1784878969.414680719 step=300 stage=after_camera_render
1784878969.416112185 step=300 stage=after_set_ctrl
1784878969.416256666 step=300 stage=after_step_log
1784878969.416262150 step=300 stage=before_mj_step
1784878969.416390896 step=300 stage=after_mj_step
1784878969.416481256 step=301 stage=loop_begin
1784878969.417546511 step=301 stage=after_set_ctrl
1784878969.417643070 step=301 stage=after_step_log
1784878969.417648315 step=301 stage=before_mj_step
1784878969.417730093 step=301 stage=after_mj_step
1784878969.417793989 step=302 stage=loop_begin
1784878969.418771029 step=302 stage=after_set_ctrl
1784878969.418855429 step=302 stage=after_step_log
1784878969.418865442 step=302 stage=before_mj_step
1784878969.418939590 step=302 stage=after_mj_step
1784878969.419000626 step=303 stage=loop_begin
1784878969.420514584 step=303 stage=after_set_ctrl
1784878969.420647621 step=303 stage=after_step_log
1784878969.420658588 step=303 stage=before_mj_step
1784878969.420781136 step=303 stage=after_mj_step
1784878969.420875788 step=304 stage=loop_begin
