1784875527.433948278 step=0 stage=loop_begin
1784875527.440597057 step=0 stage=before_camera_render
1784875527.513708115 step=0 stage=after_camera_render
1784875527.535360098 step=0 stage=after_set_ctrl
1784875527.538052082 step=0 stage=after_step_log
1784875527.540620804 step=0 stage=before_mj_step
1784875527.543032885 step=0 stage=after_mj_step
1784875527.546394825 step=0 stage=before_overlay
1784875527.548473597 step=0 stage=after_overlay
1784875527.550853491 step=0 stage=before_viewer_sync
1784875527.553942680 step=0 stage=after_viewer_sync
1784875527.556878328 step=1 stage=loop_begin
1784875527.560246468 step=1 stage=after_set_ctrl
1784875527.561973095 step=1 stage=after_step_log
1784875527.563858986 step=1 stage=before_mj_step
1784875527.565976381 step=1 stage=after_mj_step
1784875527.567885876 step=1 stage=before_overlay
1784875527.570376396 step=1 stage=after_overlay
1784875527.572865248 step=1 stage=before_viewer_sync
1784875527.575910807 step=1 stage=after_viewer_sync
1784875527.578929663 step=2 stage=loop_begin
1784875527.585630655 step=2 stage=after_set_ctrl
1784875527.587982178 step=2 stage=after_step_log
1784875527.589843273 step=2 stage=before_mj_step
1784875527.592086315 step=2 stage=after_mj_step
1784875527.594048023 step=2 stage=before_overlay
1784875527.596608162 step=2 stage=after_overlay
1784875527.598916054 step=2 stage=before_viewer_sync
1784875527.603205442 step=2 stage=after_viewer_sync
1784875527.604907990 step=3 stage=loop_begin
1784875527.606833935 step=3 stage=after_set_ctrl
1784875527.606967926 step=3 stage=after_step_log
1784875527.606979609 step=3 stage=before_mj_step
1784875527.607113123 step=3 stage=after_mj_step
1784875527.607125521 step=3 stage=before_overlay
1784875527.607701302 step=3 stage=after_overlay
1784875527.607716560 step=3 stage=before_viewer_sync
1784875527.609356880 step=3 stage=after_viewer_sync
1784875527.625066757 step=4 stage=loop_begin
1784875527.627552271 step=4 stage=after_set_ctrl
1784875527.627680302 step=4 stage=after_step_log
1784875527.627686977 step=4 stage=before_mj_step
1784875527.627806902 step=4 stage=after_mj_step
1784875527.627813578 step=4 stage=before_overlay
1784875527.628236771 step=4 stage=after_overlay
1784875527.628246307 step=4 stage=before_viewer_sync
1784875527.629261017 step=4 stage=after_viewer_sync
1784875527.645143509 step=5 stage=loop_begin
1784875527.645172834 step=5 stage=before_camera_render
1784875527.697335243 step=5 stage=after_camera_render
1784875527.698949099 step=5 stage=after_set_ctrl
1784875527.699050903 step=5 stage=after_step_log
1784875527.699056387 step=5 stage=before_mj_step
1784875527.699166775 step=5 stage=after_mj_step
1784875527.699172020 step=5 stage=before_overlay
1784875527.699504852 step=5 stage=after_overlay
1784875527.699511528 step=5 stage=before_viewer_sync
1784875527.701115608 step=5 stage=after_viewer_sync
1784875527.701562881 step=6 stage=loop_begin
1784875527.703099966 step=6 stage=after_set_ctrl
1784875527.703240633 step=6 stage=after_step_log
1784875527.703255415 step=6 stage=before_mj_step
1784875527.703384399 step=6 stage=after_mj_step
1784875527.703397274 step=6 stage=before_overlay
1784875527.703999996 step=6 stage=after_overlay
1784875527.704015732 step=6 stage=before_viewer_sync
1784875527.706174135 step=6 stage=after_viewer_sync
1784875527.721674442 step=7 stage=loop_begin
1784875527.724363089 step=7 stage=after_set_ctrl
1784875527.724503279 step=7 stage=after_step_log
1784875527.724514961 step=7 stage=before_mj_step
1784875527.724647522 step=7 stage=after_mj_step
1784875527.724660635 step=7 stage=before_overlay
1784875527.725272417 step=7 stage=after_overlay
1784875527.725287676 step=7 stage=before_viewer_sync
1784875527.727020979 step=7 stage=after_viewer_sync
1784875527.741809130 step=8 stage=loop_begin
1784875527.743996143 step=8 stage=after_set_ctrl
1784875527.744127750 step=8 stage=after_step_log
1784875527.744147539 step=8 stage=before_mj_step
1784875527.744276285 step=8 stage=after_mj_step
1784875527.744288921 step=8 stage=before_overlay
1784875527.744891644 step=8 stage=after_overlay
1784875527.744906187 step=8 stage=before_viewer_sync
1784875527.746408463 step=8 stage=after_viewer_sync
1784875527.762019634 step=9 stage=loop_begin
1784875527.764451742 step=9 stage=after_set_ctrl
1784875527.764582872 step=9 stage=after_step_log
1784875527.764592648 step=9 stage=before_mj_step
1784875527.764727354 step=9 stage=after_mj_step
1784875527.764741182 step=9 stage=before_overlay
1784875527.765359163 step=9 stage=after_overlay
1784875527.765374899 step=9 stage=before_viewer_sync
1784875527.766872644 step=9 stage=after_viewer_sync
1784875527.782188892 step=10 stage=loop_begin
1784875527.782281876 step=10 stage=before_camera_render
1784875527.834541798 step=10 stage=after_camera_render
1784875527.835861683 step=10 stage=after_set_ctrl
1784875527.835970163 step=10 stage=after_step_log
1784875527.835975170 step=10 stage=before_mj_step
1784875527.836086512 step=10 stage=after_mj_step
1784875527.836091042 step=10 stage=before_overlay
1784875527.836426258 step=10 stage=after_overlay
1784875527.836433411 step=10 stage=before_viewer_sync
1784875527.837419033 step=10 stage=after_viewer_sync
1784875527.837431192 step=11 stage=loop_begin
1784875527.838650227 step=11 stage=after_set_ctrl
1784875527.838740110 step=11 stage=after_step_log
1784875527.838745117 step=11 stage=before_mj_step
1784875527.838822603 step=11 stage=after_mj_step
1784875527.838826895 step=11 stage=before_overlay
1784875527.839123726 step=11 stage=after_overlay
1784875527.839129448 step=11 stage=before_viewer_sync
1784875527.840042830 step=11 stage=after_viewer_sync
1784875527.857501507 step=12 stage=loop_begin
1784875527.859304190 step=12 stage=after_set_ctrl
1784875527.859404802 step=12 stage=after_step_log
1784875527.859410524 step=12 stage=before_mj_step
1784875527.859503984 step=12 stage=after_mj_step
1784875527.859509230 step=12 stage=before_overlay
1784875527.859842539 step=12 stage=after_overlay
1784875527.859848499 step=12 stage=before_viewer_sync
1784875527.860665560 step=12 stage=after_viewer_sync
1784875527.877671242 step=13 stage=loop_begin
1784875527.879390478 step=13 stage=after_set_ctrl
1784875527.879505873 step=13 stage=after_step_log
1784875527.879511833 step=13 stage=before_mj_step
1784875527.879620075 step=13 stage=after_mj_step
1784875527.879625559 step=13 stage=before_overlay
1784875527.879997253 step=13 stage=after_overlay
1784875527.880004644 step=13 stage=before_viewer_sync
1784875527.881084442 step=13 stage=after_viewer_sync
1784875527.897858620 step=14 stage=loop_begin
1784875527.899321079 step=14 stage=after_set_ctrl
1784875527.899422407 step=14 stage=after_step_log
1784875527.899427891 step=14 stage=before_mj_step
1784875527.899511099 step=14 stage=after_mj_step
1784875527.899515390 step=14 stage=before_overlay
1784875527.899818897 step=14 stage=after_overlay
1784875527.899825096 step=14 stage=before_viewer_sync
1784875527.900726795 step=14 stage=after_viewer_sync
1784875527.917967796 step=15 stage=loop_begin
1784875527.917995453 step=15 stage=before_camera_render
1784875527.973060846 step=15 stage=after_camera_render
1784875527.974378347 step=15 stage=after_set_ctrl
1784875527.974472761 step=15 stage=after_step_log
1784875527.974478245 step=15 stage=before_mj_step
1784875527.974573851 step=15 stage=after_mj_step
1784875527.974578619 step=15 stage=before_overlay
1784875527.974895716 step=15 stage=after_overlay
1784875527.974901438 step=15 stage=before_viewer_sync
1784875527.975847483 step=15 stage=after_viewer_sync
1784875527.975859880 step=16 stage=loop_begin
1784875527.976955175 step=16 stage=after_set_ctrl
1784875527.977035522 step=16 stage=after_step_log
1784875527.977040052 step=16 stage=before_mj_step
1784875527.977115631 step=16 stage=after_mj_step
1784875527.977119446 step=16 stage=before_overlay
1784875527.977398872 step=16 stage=after_overlay
1784875527.977406025 step=16 stage=before_viewer_sync
1784875527.978298903 step=16 stage=after_viewer_sync
1784875527.995963573 step=17 stage=loop_begin
1784875527.997527599 step=17 stage=after_set_ctrl
1784875527.997623920 step=17 stage=after_step_log
1784875527.997628689 step=17 stage=before_mj_step
1784875527.997725725 step=17 stage=after_mj_step
1784875527.997730255 step=17 stage=before_overlay
1784875527.998062849 step=17 stage=after_overlay
1784875527.998069286 step=17 stage=before_viewer_sync
1784875527.999032259 step=17 stage=after_viewer_sync
1784875528.016121864 step=18 stage=loop_begin
1784875528.017729282 step=18 stage=after_set_ctrl
1784875528.017832279 step=18 stage=after_step_log
1784875528.017837524 step=18 stage=before_mj_step
1784875528.017942667 step=18 stage=after_mj_step
1784875528.017960548 step=18 stage=before_overlay
1784875528.018305063 step=18 stage=after_overlay
1784875528.018314123 step=18 stage=before_viewer_sync
1784875528.019278526 step=18 stage=after_viewer_sync
1784875528.036306381 step=19 stage=loop_begin
1784875528.037781954 step=19 stage=after_set_ctrl
1784875528.037872314 step=19 stage=after_step_log
1784875528.037877798 step=19 stage=before_mj_step
1784875528.037960052 step=19 stage=after_mj_step
1784875528.037964106 step=19 stage=before_overlay
1784875528.038272619 step=19 stage=after_overlay
1784875528.038280249 step=19 stage=before_viewer_sync
1784875528.039186954 step=19 stage=after_viewer_sync
1784875528.056488276 step=20 stage=loop_begin
1784875528.056552887 step=20 stage=before_camera_render
1784875528.108985186 step=20 stage=after_camera_render
1784875528.110357523 step=20 stage=after_set_ctrl
1784875528.110460520 step=20 stage=after_step_log
1784875528.110465288 step=20 stage=before_mj_step
1784875528.110564470 step=20 stage=after_mj_step
1784875528.110569239 step=20 stage=before_overlay
1784875528.110909700 step=20 stage=after_overlay
1784875528.110915661 step=20 stage=before_viewer_sync
1784875528.111845016 step=20 stage=after_viewer_sync
1784875528.111859560 step=21 stage=loop_begin
1784875528.112948179 step=21 stage=after_set_ctrl
1784875528.113024950 step=21 stage=after_step_log
1784875528.113029957 step=21 stage=before_mj_step
1784875528.113101721 step=21 stage=after_mj_step
1784875528.113105774 step=21 stage=before_overlay
1784875528.113388300 step=21 stage=after_overlay
1784875528.113395691 step=21 stage=before_viewer_sync
1784875528.114221811 step=21 stage=after_viewer_sync
1784875528.131933928 step=22 stage=loop_begin
1784875528.134679556 step=22 stage=after_set_ctrl
1784875528.134787560 step=22 stage=after_step_log
1784875528.134793043 step=22 stage=before_mj_step
1784875528.134892225 step=22 stage=after_mj_step
1784875528.134897709 step=22 stage=before_overlay
1784875528.135257244 step=22 stage=after_overlay
1784875528.135265589 step=22 stage=before_viewer_sync
1784875528.136247635 step=22 stage=after_viewer_sync
1784875528.152043104 step=23 stage=loop_begin
1784875528.153809071 step=23 stage=after_set_ctrl
1784875528.153909922 step=23 stage=after_step_log
1784875528.153916359 step=23 stage=before_mj_step
1784875528.154011250 step=23 stage=after_mj_step
1784875528.154016256 step=23 stage=before_overlay
1784875528.154375076 step=23 stage=after_overlay
1784875528.154384136 step=23 stage=before_viewer_sync
1784875528.155363083 step=23 stage=after_viewer_sync
1784875528.172227621 step=24 stage=loop_begin
1784875528.173377037 step=24 stage=after_set_ctrl
1784875528.173462391 step=24 stage=after_step_log
1784875528.173467159 step=24 stage=before_mj_step
1784875528.173550606 step=24 stage=after_mj_step
1784875528.173555136 step=24 stage=before_overlay
1784875528.173847198 step=24 stage=after_overlay
1784875528.173852444 step=24 stage=before_viewer_sync
1784875528.174707890 step=24 stage=after_viewer_sync
1784875528.192309856 step=25 stage=loop_begin
1784875528.192339659 step=25 stage=before_camera_render
1784875528.243572950 step=25 stage=after_camera_render
1784875528.245012760 step=25 stage=after_set_ctrl
1784875528.245143890 step=25 stage=after_step_log
1784875528.245148659 step=25 stage=before_mj_step
1784875528.245240688 step=25 stage=after_mj_step
1784875528.245244741 step=25 stage=before_overlay
1784875528.245561600 step=25 stage=after_overlay
1784875528.245567083 step=25 stage=before_viewer_sync
1784875528.246480227 step=25 stage=after_viewer_sync
1784875528.246495485 step=26 stage=loop_begin
1784875528.247729063 step=26 stage=after_set_ctrl
1784875528.247829199 step=26 stage=after_step_log
1784875528.247834682 step=26 stage=before_mj_step
1784875528.247910261 step=26 stage=after_mj_step
1784875528.247914791 step=26 stage=before_overlay
1784875528.248213053 step=26 stage=after_overlay
1784875528.248220205 step=26 stage=before_viewer_sync
1784875528.249095678 step=26 stage=after_viewer_sync
1784875528.267402649 step=27 stage=loop_begin
1784875528.269745350 step=27 stage=after_set_ctrl
1784875528.269855022 step=27 stage=after_step_log
1784875528.269861460 step=27 stage=before_mj_step
1784875528.269970894 step=27 stage=after_mj_step
1784875528.269976854 step=27 stage=before_overlay
1784875528.270351410 step=27 stage=after_overlay
1784875528.270360470 step=27 stage=before_viewer_sync
1784875528.271392584 step=27 stage=after_viewer_sync
1784875528.287518024 step=28 stage=loop_begin
1784875528.289203882 step=28 stage=after_set_ctrl
1784875528.289301872 step=28 stage=after_step_log
1784875528.289306402 step=28 stage=before_mj_step
1784875528.289399147 step=28 stage=after_mj_step
1784875528.289403200 step=28 stage=before_overlay
1784875528.289713860 step=28 stage=after_overlay
1784875528.289719820 step=28 stage=before_viewer_sync
1784875528.290995121 step=28 stage=after_viewer_sync
1784875528.307660103 step=29 stage=loop_begin
1784875528.309244871 step=29 stage=after_set_ctrl
1784875528.309355497 step=29 stage=after_step_log
1784875528.309361219 step=29 stage=before_mj_step
1784875528.309475899 step=29 stage=after_mj_step
1784875528.309484482 step=29 stage=before_overlay
1784875528.309863091 step=29 stage=after_overlay
1784875528.309870243 step=29 stage=before_viewer_sync
1784875528.310862780 step=29 stage=after_viewer_sync
1784875528.327786446 step=30 stage=loop_begin
1784875528.327831268 step=30 stage=before_camera_render
1784875528.387681246 step=30 stage=after_camera_render
1784875528.389247179 step=30 stage=after_set_ctrl
1784875528.389341593 step=30 stage=after_step_log
1784875528.389346123 step=30 stage=before_mj_step
1784875528.389441729 step=30 stage=after_mj_step
1784875528.389445782 step=30 stage=before_overlay
1784875528.389760256 step=30 stage=after_overlay
1784875528.389766216 step=30 stage=before_viewer_sync
1784875528.390734911 step=30 stage=after_viewer_sync
1784875528.390751123 step=31 stage=loop_begin
1784875528.391998529 step=31 stage=after_set_ctrl
1784875528.392079353 step=31 stage=after_step_log
1784875528.392083883 step=31 stage=before_mj_step
1784875528.392164469 step=31 stage=after_mj_step
1784875528.392169952 step=31 stage=before_overlay
1784875528.392450571 step=31 stage=after_overlay
1784875528.392456770 step=31 stage=before_viewer_sync
1784875528.393328667 step=31 stage=after_viewer_sync
1784875528.410849333 step=32 stage=loop_begin
1784875528.412631512 step=32 stage=after_set_ctrl
1784875528.412730217 step=32 stage=after_step_log
1784875528.412735462 step=32 stage=before_mj_step
1784875528.412830114 step=32 stage=after_mj_step
1784875528.412835121 step=32 stage=before_overlay
1784875528.413172483 step=32 stage=after_overlay
1784875528.413180351 step=32 stage=before_viewer_sync
1784875528.414054155 step=32 stage=after_viewer_sync
1784875528.431011915 step=33 stage=loop_begin
1784875528.432265043 step=33 stage=after_set_ctrl
1784875528.432352543 step=33 stage=after_step_log
1784875528.432357311 step=33 stage=before_mj_step
1784875528.432449579 step=33 stage=after_mj_step
1784875528.432455063 step=33 stage=before_overlay
1784875528.432747364 step=33 stage=after_overlay
1784875528.432752609 step=33 stage=before_viewer_sync
1784875528.433680058 step=33 stage=after_viewer_sync
1784875528.451156378 step=34 stage=loop_begin
1784875528.452886105 step=34 stage=after_set_ctrl
1784875528.452977657 step=34 stage=after_step_log
1784875528.452982903 step=34 stage=before_mj_step
1784875528.453071833 step=34 stage=after_mj_step
1784875528.453076839 step=34 stage=before_overlay
1784875528.453381300 step=34 stage=after_overlay
1784875528.453389406 step=34 stage=before_viewer_sync
1784875528.454331875 step=34 stage=after_viewer_sync
1784875528.471268415 step=35 stage=loop_begin
1784875528.471293926 step=35 stage=before_camera_render
1784875528.527098894 step=35 stage=after_camera_render
1784875528.528607607 step=35 stage=after_set_ctrl
1784875528.528706789 step=35 stage=after_step_log
1784875528.528711796 step=35 stage=before_mj_step
1784875528.528809071 step=35 stage=after_mj_step
1784875528.528813839 step=35 stage=before_overlay
1784875528.529120207 step=35 stage=after_overlay
1784875528.529125929 step=35 stage=before_viewer_sync
1784875528.530083418 step=35 stage=after_viewer_sync
1784875528.530095577 step=36 stage=loop_begin
1784875528.531057119 step=36 stage=after_set_ctrl
1784875528.531147480 step=36 stage=after_step_log
1784875528.531152725 step=36 stage=before_mj_step
1784875528.531229258 step=36 stage=after_mj_step
1784875528.531233549 step=36 stage=before_overlay
1784875528.531524897 step=36 stage=after_overlay
1784875528.531530380 step=36 stage=before_viewer_sync
1784875528.532438993 step=36 stage=after_viewer_sync
1784875528.550193071 step=37 stage=loop_begin
1784875528.551893950 step=37 stage=after_set_ctrl
1784875528.551996708 step=37 stage=after_step_log
1784875528.552001953 step=37 stage=before_mj_step
1784875528.552100897 step=37 stage=after_mj_step
1784875528.552106142 step=37 stage=before_overlay
1784875528.552455187 step=37 stage=after_overlay
1784875528.552464485 step=37 stage=before_viewer_sync
1784875528.553428173 step=37 stage=after_viewer_sync
1784875528.570340633 step=38 stage=loop_begin
1784875528.571880341 step=38 stage=after_set_ctrl
1784875528.571976185 step=38 stage=after_step_log
1784875528.571981430 step=38 stage=before_mj_step
1784875528.572073221 step=38 stage=after_mj_step
1784875528.572077274 step=38 stage=before_overlay
1784875528.572402954 step=38 stage=after_overlay
1784875528.572411299 step=38 stage=before_viewer_sync
1784875528.573400736 step=38 stage=after_viewer_sync
1784875528.590422869 step=39 stage=loop_begin
1784875528.591990471 step=39 stage=after_set_ctrl
1784875528.592085600 step=39 stage=after_step_log
1784875528.592091322 step=39 stage=before_mj_step
1784875528.592186928 step=39 stage=after_mj_step
1784875528.592193604 step=39 stage=before_overlay
1784875528.592518568 step=39 stage=after_overlay
1784875528.592525005 step=39 stage=before_viewer_sync
1784875528.593551159 step=39 stage=after_viewer_sync
1784875528.610507488 step=40 stage=loop_begin
1784875528.610549927 step=40 stage=before_camera_render
1784875528.666106462 step=40 stage=after_camera_render
1784875528.667489529 step=40 stage=after_set_ctrl
1784875528.667584658 step=40 stage=after_step_log
1784875528.667591333 step=40 stage=before_mj_step
1784875528.667692184 step=40 stage=after_mj_step
1784875528.667697191 step=40 stage=before_overlay
1784875528.668003798 step=40 stage=after_overlay
1784875528.668009520 step=40 stage=before_viewer_sync
1784875528.668987989 step=40 stage=after_viewer_sync
1784875528.669002295 step=41 stage=loop_begin
1784875528.669950724 step=41 stage=after_set_ctrl
1784875528.670037508 step=41 stage=after_step_log
1784875528.670042276 step=41 stage=before_mj_step
1784875528.670120001 step=41 stage=after_mj_step
1784875528.670124292 step=41 stage=before_overlay
1784875528.670425415 step=41 stage=after_overlay
1784875528.670433044 step=41 stage=before_viewer_sync
1784875528.671353340 step=41 stage=after_viewer_sync
1784875528.689117670 step=42 stage=loop_begin
1784875528.690936565 step=42 stage=after_set_ctrl
1784875528.691032887 step=42 stage=after_step_log
1784875528.691037655 step=42 stage=before_mj_step
1784875528.691126347 step=42 stage=after_mj_step
1784875528.691130877 step=42 stage=before_overlay
1784875528.691444397 step=42 stage=after_overlay
1784875528.691452503 step=42 stage=before_viewer_sync
1784875528.692322254 step=42 stage=after_viewer_sync
1784875528.709531546 step=43 stage=loop_begin
1784875528.711196899 step=43 stage=after_set_ctrl
1784875528.711304903 step=43 stage=after_step_log
1784875528.711310863 step=43 stage=before_mj_step
1784875528.711419106 step=43 stage=after_mj_step
1784875528.711424828 step=43 stage=before_overlay
1784875528.711778641 step=43 stage=after_overlay
1784875528.711784363 step=43 stage=before_viewer_sync
1784875528.712747812 step=43 stage=after_viewer_sync
1784875528.729657650 step=44 stage=loop_begin
1784875528.732223511 step=44 stage=after_set_ctrl
1784875528.732375860 step=44 stage=after_step_log
1784875528.732384682 step=44 stage=before_mj_step
1784875528.732525826 step=44 stage=after_mj_step
1784875528.732533932 step=44 stage=before_overlay
1784875528.733064651 step=44 stage=after_overlay
1784875528.733074903 step=44 stage=before_viewer_sync
1784875528.734574080 step=44 stage=after_viewer_sync
1784875528.749777079 step=45 stage=loop_begin
1784875528.749844790 step=45 stage=before_camera_render
1784875528.802240610 step=45 stage=after_camera_render
1784875528.803401232 step=45 stage=after_set_ctrl
1784875528.803493023 step=45 stage=after_step_log
1784875528.803498030 step=45 stage=before_mj_step
1784875528.803591728 step=45 stage=after_mj_step
1784875528.803596497 step=45 stage=before_overlay
1784875528.803907394 step=45 stage=after_overlay
1784875528.803914309 step=45 stage=before_viewer_sync
1784875528.804846525 step=45 stage=after_viewer_sync
1784875528.804859400 step=46 stage=loop_begin
1784875528.805895090 step=46 stage=after_set_ctrl
1784875528.805979252 step=46 stage=after_step_log
1784875528.805983305 step=46 stage=before_mj_step
1784875528.806054831 step=46 stage=after_mj_step
1784875528.806059122 step=46 stage=before_overlay
1784875528.806347847 step=46 stage=after_overlay
1784875528.806355000 step=46 stage=before_viewer_sync
1784875528.807225227 step=46 stage=after_viewer_sync
1784875528.824956894 step=47 stage=loop_begin
1784875528.826709509 step=47 stage=after_set_ctrl
1784875528.826808214 step=47 stage=after_step_log
1784875528.826813459 step=47 stage=before_mj_step
1784875528.826904535 step=47 stage=after_mj_step
1784875528.826908827 step=47 stage=before_overlay
1784875528.827255726 step=47 stage=after_overlay
1784875528.827264547 step=47 stage=before_viewer_sync
1784875528.828143358 step=47 stage=after_viewer_sync
1784875528.845129251 step=48 stage=loop_begin
1784875528.847123384 step=48 stage=after_set_ctrl
1784875528.847268105 step=48 stage=after_step_log
1784875528.847275257 step=48 stage=before_mj_step
1784875528.847398281 step=48 stage=after_mj_step
1784875528.847404480 step=48 stage=before_overlay
1784875528.847817421 step=48 stage=after_overlay
1784875528.847825050 step=48 stage=before_viewer_sync
1784875528.848914862 step=48 stage=after_viewer_sync
1784875528.865332365 step=49 stage=loop_begin
1784875528.866824865 step=49 stage=after_set_ctrl
1784875528.866914749 step=49 stage=after_step_log
1784875528.866919518 step=49 stage=before_mj_step
1784875528.867003441 step=49 stage=after_mj_step
1784875528.867008209 step=49 stage=before_overlay
1784875528.867324114 step=49 stage=after_overlay
1784875528.867331743 step=49 stage=before_viewer_sync
1784875528.868267059 step=49 stage=after_viewer_sync
1784875528.885411978 step=50 stage=loop_begin
1784875528.885445118 step=50 stage=before_camera_render
1784875528.940687180 step=50 stage=after_camera_render
1784875528.942342758 step=50 stage=after_set_ctrl
1784875528.942457914 step=50 stage=after_step_log
1784875528.942461729 step=50 stage=before_mj_step
1784875528.942557812 step=50 stage=after_mj_step
1784875528.942562103 step=50 stage=before_overlay
1784875528.942872286 step=50 stage=after_overlay
1784875528.942878246 step=50 stage=before_viewer_sync
1784875528.943841219 step=50 stage=after_viewer_sync
1784875528.943853617 step=51 stage=loop_begin
1784875528.944752693 step=51 stage=after_set_ctrl
1784875528.944836617 step=51 stage=after_step_log
1784875528.944840908 step=51 stage=before_mj_step
1784875528.944916010 step=51 stage=after_mj_step
1784875528.944920540 step=51 stage=before_overlay
1784875528.945202589 step=51 stage=after_overlay
1784875528.945209742 step=51 stage=before_viewer_sync
1784875528.946119785 step=51 stage=after_viewer_sync
1784875528.963956594 step=52 stage=loop_begin
1784875528.965586424 step=52 stage=after_set_ctrl
1784875528.965691328 step=52 stage=after_step_log
1784875528.965696812 step=52 stage=before_mj_step
1784875528.965808392 step=52 stage=after_mj_step
1784875528.965813160 step=52 stage=before_overlay
1784875528.966154099 step=52 stage=after_overlay
1784875528.966162443 step=52 stage=before_viewer_sync
1784875528.967167377 step=52 stage=after_viewer_sync
1784875528.984097481 step=53 stage=loop_begin
1784875528.985491991 step=53 stage=after_set_ctrl
1784875528.985589743 step=53 stage=after_step_log
1784875528.985596180 step=53 stage=before_mj_step
1784875528.985700369 step=53 stage=after_mj_step
1784875528.985705376 step=53 stage=before_overlay
1784875528.986027241 step=53 stage=after_overlay
1784875528.986033201 step=53 stage=before_viewer_sync
1784875528.987037659 step=53 stage=after_viewer_sync
1784875529.004219294 step=54 stage=loop_begin
1784875529.005773067 step=54 stage=after_set_ctrl
1784875529.005865574 step=54 stage=after_step_log
1784875529.005870819 step=54 stage=before_mj_step
1784875529.005958080 step=54 stage=after_mj_step
1784875529.005962849 step=54 stage=before_overlay
1784875529.006279469 step=54 stage=after_overlay
1784875529.006287575 step=54 stage=before_viewer_sync
1784875529.007241011 step=54 stage=after_viewer_sync
1784875529.024341822 step=55 stage=loop_begin
1784875529.024373293 step=55 stage=before_camera_render
1784875529.075812817 step=55 stage=after_camera_render
1784875529.077296495 step=55 stage=after_set_ctrl
1784875529.077402592 step=55 stage=after_step_log
1784875529.077407598 step=55 stage=before_mj_step
1784875529.077512980 step=55 stage=after_mj_step
1784875529.077517986 step=55 stage=before_overlay
1784875529.077860117 step=55 stage=after_overlay
1784875529.077865124 step=55 stage=before_viewer_sync
1784875529.078826189 step=55 stage=after_viewer_sync
1784875529.078839302 step=56 stage=loop_begin
1784875529.080108643 step=56 stage=after_set_ctrl
1784875529.080205202 step=56 stage=after_step_log
1784875529.080210924 step=56 stage=before_mj_step
1784875529.080287457 step=56 stage=after_mj_step
1784875529.080291986 step=56 stage=before_overlay
1784875529.080583096 step=56 stage=after_overlay
1784875529.080588818 step=56 stage=before_viewer_sync
1784875529.081501245 step=56 stage=after_viewer_sync
1784875529.098927259 step=57 stage=loop_begin
1784875529.100497246 step=57 stage=after_set_ctrl
1784875529.100606203 step=57 stage=after_step_log
1784875529.100612164 step=57 stage=before_mj_step
1784875529.100715876 step=57 stage=after_mj_step
1784875529.100721598 step=57 stage=before_overlay
1784875529.101072073 step=57 stage=after_overlay
1784875529.101078272 step=57 stage=before_viewer_sync
1784875529.102027893 step=57 stage=after_viewer_sync
1784875529.119046450 step=58 stage=loop_begin
1784875529.120547056 step=58 stage=after_set_ctrl
1784875529.120656013 step=58 stage=after_step_log
1784875529.120662212 step=58 stage=before_mj_step
1784875529.120767117 step=58 stage=after_mj_step
1784875529.120773315 step=58 stage=before_overlay
1784875529.121146679 step=58 stage=after_overlay
1784875529.121155500 step=58 stage=before_viewer_sync
1784875529.122150183 step=58 stage=after_viewer_sync
1784875529.139236927 step=59 stage=loop_begin
1784875529.141090870 step=59 stage=after_set_ctrl
1784875529.141189814 step=59 stage=after_step_log
1784875529.141195774 step=59 stage=before_mj_step
1784875529.141290903 step=59 stage=after_mj_step
1784875529.141295671 step=59 stage=before_overlay
1784875529.141595840 step=59 stage=after_overlay
1784875529.141602039 step=59 stage=before_viewer_sync
1784875529.142481089 step=59 stage=after_viewer_sync
1784875529.159403563 step=60 stage=loop_begin
1784875529.159469128 step=60 stage=before_camera_render
1784875529.211439848 step=60 stage=after_camera_render
1784875529.213022709 step=60 stage=after_set_ctrl
1784875529.213126421 step=60 stage=after_step_log
1784875529.213131666 step=60 stage=before_mj_step
1784875529.213232040 step=60 stage=after_mj_step
1784875529.213238716 step=60 stage=before_overlay
1784875529.213553190 step=60 stage=after_overlay
1784875529.213558674 step=60 stage=before_viewer_sync
1784875529.214505196 step=60 stage=after_viewer_sync
1784875529.214515924 step=61 stage=loop_begin
1784875529.215899706 step=61 stage=after_set_ctrl
1784875529.215991974 step=61 stage=after_step_log
1784875529.215997219 step=61 stage=before_mj_step
1784875529.216076374 step=61 stage=after_mj_step
1784875529.216080904 step=61 stage=before_overlay
1784875529.216382742 step=61 stage=after_overlay
1784875529.216390133 step=61 stage=before_viewer_sync
1784875529.217511654 step=61 stage=after_viewer_sync
1784875529.234599113 step=62 stage=loop_begin
1784875529.238723516 step=62 stage=after_set_ctrl
1784875529.238827705 step=62 stage=after_step_log
1784875529.238833427 step=62 stage=before_mj_step
1784875529.238938093 step=62 stage=after_mj_step
1784875529.238943577 step=62 stage=before_overlay
1784875529.239282608 step=62 stage=after_overlay
1784875529.239291430 step=62 stage=before_viewer_sync
1784875529.240301371 step=62 stage=after_viewer_sync
1784875529.254708767 step=63 stage=loop_begin
1784875529.256091118 step=63 stage=after_set_ctrl
1784875529.256183863 step=63 stage=after_step_log
1784875529.256189346 step=63 stage=before_mj_step
1784875529.256274700 step=63 stage=after_mj_step
1784875529.256279469 step=63 stage=before_overlay
1784875529.256565094 step=63 stage=after_overlay
1784875529.256571054 step=63 stage=before_viewer_sync
1784875529.257484913 step=63 stage=after_viewer_sync
1784875529.274824142 step=64 stage=loop_begin
1784875529.276477098 step=64 stage=after_set_ctrl
1784875529.276573181 step=64 stage=after_step_log
1784875529.276578188 step=64 stage=before_mj_step
1784875529.276671410 step=64 stage=after_mj_step
1784875529.276676416 step=64 stage=before_overlay
1784875529.277009249 step=64 stage=after_overlay
1784875529.277015924 step=64 stage=before_viewer_sync
1784875529.277937651 step=64 stage=after_viewer_sync
1784875529.294951916 step=65 stage=loop_begin
1784875529.295049191 step=65 stage=before_camera_render
1784875529.346475840 step=65 stage=after_camera_render
1784875529.348008156 step=65 stage=after_set_ctrl
1784875529.348114491 step=65 stage=after_step_log
1784875529.348119020 step=65 stage=before_mj_step
1784875529.348232985 step=65 stage=after_mj_step
1784875529.348238945 step=65 stage=before_overlay
1784875529.348577023 step=65 stage=after_overlay
1784875529.348582745 step=65 stage=before_viewer_sync
1784875529.349507570 step=65 stage=after_viewer_sync
1784875529.349520206 step=66 stage=loop_begin
1784875529.350786209 step=66 stage=after_set_ctrl
1784875529.350875854 step=66 stage=after_step_log
1784875529.350880146 step=66 stage=before_mj_step
1784875529.350956440 step=66 stage=after_mj_step
1784875529.350960732 step=66 stage=before_overlay
1784875529.351258993 step=66 stage=after_overlay
1784875529.351267099 step=66 stage=before_viewer_sync
1784875529.352123737 step=66 stage=after_viewer_sync
1784875529.369585991 step=67 stage=loop_begin
1784875529.370981455 step=67 stage=after_set_ctrl
1784875529.371086359 step=67 stage=after_step_log
1784875529.371092558 step=67 stage=before_mj_step
1784875529.371201038 step=67 stage=after_mj_step
1784875529.371208906 step=67 stage=before_overlay
1784875529.371562004 step=67 stage=after_overlay
1784875529.371568918 step=67 stage=before_viewer_sync
1784875529.372531652 step=67 stage=after_viewer_sync
1784875529.389696360 step=68 stage=loop_begin
1784875529.390929222 step=68 stage=after_set_ctrl
1784875529.391035795 step=68 stage=after_step_log
1784875529.391040802 step=68 stage=before_mj_step
1784875529.391142130 step=68 stage=after_mj_step
1784875529.391148567 step=68 stage=before_overlay
1784875529.391458035 step=68 stage=after_overlay
1784875529.391463995 step=68 stage=before_viewer_sync
1784875529.392425537 step=68 stage=after_viewer_sync
1784875529.409821749 step=69 stage=loop_begin
1784875529.411283016 step=69 stage=after_set_ctrl
1784875529.411371469 step=69 stage=after_step_log
1784875529.411376476 step=69 stage=before_mj_step
1784875529.411470175 step=69 stage=after_mj_step
1784875529.411474943 step=69 stage=before_overlay
1784875529.411761761 step=69 stage=after_overlay
1784875529.411768675 step=69 stage=before_viewer_sync
1784875529.412613153 step=69 stage=after_viewer_sync
1784875529.429946661 step=70 stage=loop_begin
1784875529.430057764 step=70 stage=before_camera_render
1784875529.482660770 step=70 stage=after_camera_render
1784875529.483944416 step=70 stage=after_set_ctrl
1784875529.484055042 step=70 stage=after_step_log
1784875529.484060526 step=70 stage=before_mj_step
1784875529.484187603 step=70 stage=after_mj_step
1784875529.484194279 step=70 stage=before_overlay
1784875529.484534502 step=70 stage=after_overlay
1784875529.484541178 step=70 stage=before_viewer_sync
1784875529.486015558 step=70 stage=after_viewer_sync
1784875529.486033440 step=71 stage=loop_begin
1784875529.487213850 step=71 stage=after_set_ctrl
1784875529.487303972 step=71 stage=after_step_log
1784875529.487308502 step=71 stage=before_mj_step
1784875529.487388849 step=71 stage=after_mj_step
1784875529.487394094 step=71 stage=before_overlay
1784875529.487685680 step=71 stage=after_overlay
1784875529.487690926 step=71 stage=before_viewer_sync
1784875529.488588572 step=71 stage=after_viewer_sync
1784875529.506230593 step=72 stage=loop_begin
1784875529.508162737 step=72 stage=after_set_ctrl
1784875529.508263826 step=72 stage=after_step_log
1784875529.508269548 step=72 stage=before_mj_step
1784875529.508370876 step=72 stage=after_mj_step
1784875529.508375883 step=72 stage=before_overlay
1784875529.508713007 step=72 stage=after_overlay
1784875529.508719206 step=72 stage=before_viewer_sync
1784875529.509708881 step=72 stage=after_viewer_sync
1784875529.526361227 step=73 stage=loop_begin
1784875529.527856112 step=73 stage=after_set_ctrl
1784875529.527952909 step=73 stage=after_step_log
1784875529.527957678 step=73 stage=before_mj_step
1784875529.528047085 step=73 stage=after_mj_step
1784875529.528051853 step=73 stage=before_overlay
1784875529.528372288 step=73 stage=after_overlay
1784875529.528380632 step=73 stage=before_viewer_sync
1784875529.529356956 step=73 stage=after_viewer_sync
1784875529.546521664 step=74 stage=loop_begin
1784875529.547898293 step=74 stage=after_set_ctrl
1784875529.547995090 step=74 stage=after_step_log
1784875529.548000574 step=74 stage=before_mj_step
1784875529.548098087 step=74 stage=after_mj_step
1784875529.548102856 step=74 stage=before_overlay
1784875529.548411131 step=74 stage=after_overlay
1784875529.548419952 step=74 stage=before_viewer_sync
1784875529.549359083 step=74 stage=after_viewer_sync
1784875529.566684246 step=75 stage=loop_begin
1784875529.566781521 step=75 stage=before_camera_render
1784875529.621272564 step=75 stage=after_camera_render
1784875529.623026609 step=75 stage=after_set_ctrl
1784875529.623153448 step=75 stage=after_step_log
1784875529.623157978 step=75 stage=before_mj_step
1784875529.623255014 step=75 stage=after_mj_step
1784875529.623259306 step=75 stage=before_overlay
1784875529.623569965 step=75 stage=after_overlay
1784875529.623576164 step=75 stage=before_viewer_sync
1784875529.624531031 step=75 stage=after_viewer_sync
1784875529.624542713 step=76 stage=loop_begin
1784875529.626143217 step=76 stage=after_set_ctrl
1784875529.626232386 step=76 stage=after_step_log
1784875529.626236916 step=76 stage=before_mj_step
1784875529.626317024 step=76 stage=after_mj_step
1784875529.626322031 step=76 stage=before_overlay
1784875529.626622438 step=76 stage=after_overlay
1784875529.626628637 step=76 stage=before_viewer_sync
1784875529.627543926 step=76 stage=after_viewer_sync
1784875529.644637108 step=77 stage=loop_begin
1784875529.646247387 step=77 stage=after_set_ctrl
1784875529.646344662 step=77 stage=after_step_log
1784875529.646349430 step=77 stage=before_mj_step
1784875529.646445513 step=77 stage=after_mj_step
1784875529.646449804 step=77 stage=before_overlay
1784875529.646760941 step=77 stage=after_overlay
1784875529.646766901 step=77 stage=before_viewer_sync
1784875529.647728205 step=77 stage=after_viewer_sync
1784875529.664770365 step=78 stage=loop_begin
1784875529.666188002 step=78 stage=after_set_ctrl
1784875529.666299343 step=78 stage=after_step_log
1784875529.666305065 step=78 stage=before_mj_step
1784875529.666401625 step=78 stage=after_mj_step
1784875529.666408539 step=78 stage=before_overlay
1784875529.666721106 step=78 stage=after_overlay
1784875529.666726828 step=78 stage=before_viewer_sync
1784875529.667701006 step=78 stage=after_viewer_sync
1784875529.684961081 step=79 stage=loop_begin
1784875529.686170340 step=79 stage=after_set_ctrl
1784875529.686260462 step=79 stage=after_step_log
1784875529.686264992 step=79 stage=before_mj_step
1784875529.686352015 step=79 stage=after_mj_step
1784875529.686357975 step=79 stage=before_overlay
1784875529.686647654 step=79 stage=after_overlay
1784875529.686652660 step=79 stage=before_viewer_sync
1784875529.687621355 step=79 stage=after_viewer_sync
1784875529.705076933 step=80 stage=loop_begin
1784875529.705118418 step=80 stage=before_camera_render
1784875529.757562160 step=80 stage=after_camera_render
1784875529.759152651 step=80 stage=after_set_ctrl
1784875529.759251595 step=80 stage=after_step_log
1784875529.759256124 step=80 stage=before_mj_step
1784875529.759351492 step=80 stage=after_mj_step
1784875529.759356022 step=80 stage=before_overlay
1784875529.759665251 step=80 stage=after_overlay
1784875529.759670973 step=80 stage=before_viewer_sync
1784875529.760639191 step=80 stage=after_viewer_sync
1784875529.760658503 step=81 stage=loop_begin
1784875529.762065172 step=81 stage=after_set_ctrl
1784875529.762165546 step=81 stage=after_step_log
1784875529.762171030 step=81 stage=before_mj_step
1784875529.762259483 step=81 stage=after_mj_step
1784875529.762263775 step=81 stage=before_overlay
1784875529.762561560 step=81 stage=after_overlay
1784875529.762567759 step=81 stage=before_viewer_sync
1784875529.763440609 step=81 stage=after_viewer_sync
1784875529.780756474 step=82 stage=loop_begin
1784875529.782237291 step=82 stage=after_set_ctrl
1784875529.782335043 step=82 stage=after_step_log
1784875529.782339811 step=82 stage=before_mj_step
1784875529.782438993 step=82 stage=after_mj_step
1784875529.782444000 step=82 stage=before_overlay
1784875529.782760143 step=82 stage=after_overlay
1784875529.782766104 step=82 stage=before_viewer_sync
1784875529.783663034 step=82 stage=after_viewer_sync
1784875529.800930738 step=83 stage=loop_begin
1784875529.804547548 step=83 stage=after_set_ctrl
1784875529.804650068 step=83 stage=after_step_log
1784875529.804655790 step=83 stage=before_mj_step
1784875529.804755926 step=83 stage=after_mj_step
1784875529.804760695 step=83 stage=before_overlay
1784875529.805086613 step=83 stage=after_overlay
1784875529.805093050 step=83 stage=before_viewer_sync
1784875529.806074142 step=83 stage=after_viewer_sync
1784875529.821089983 step=84 stage=loop_begin
1784875529.822399139 step=84 stage=after_set_ctrl
1784875529.822488308 step=84 stage=after_step_log
1784875529.822493076 step=84 stage=before_mj_step
1784875529.822581768 step=84 stage=after_mj_step
1784875529.822586536 step=84 stage=before_overlay
1784875529.822878838 step=84 stage=after_overlay
1784875529.822884321 step=84 stage=before_viewer_sync
1784875529.823805332 step=84 stage=after_viewer_sync
1784875529.841359377 step=85 stage=loop_begin
1784875529.841389894 step=85 stage=before_camera_render
1784875529.893061876 step=85 stage=after_camera_render
1784875529.894297361 step=85 stage=after_set_ctrl
1784875529.894392490 step=85 stage=after_step_log
1784875529.894397736 step=85 stage=before_mj_step
1784875529.894496918 step=85 stage=after_mj_step
1784875529.894501925 step=85 stage=before_overlay
1784875529.894828320 step=85 stage=after_overlay
1784875529.894833565 step=85 stage=before_viewer_sync
1784875529.895783663 step=85 stage=after_viewer_sync
1784875529.895797491 step=86 stage=loop_begin
1784875529.897132874 step=86 stage=after_set_ctrl
1784875529.897226572 step=86 stage=after_step_log
1784875529.897231102 step=86 stage=before_mj_step
1784875529.897310734 step=86 stage=after_mj_step
1784875529.897315264 step=86 stage=before_overlay
1784875529.897613764 step=86 stage=after_overlay
1784875529.897619247 step=86 stage=before_viewer_sync
1784875529.898473740 step=86 stage=after_viewer_sync
1784875529.915922880 step=87 stage=loop_begin
1784875529.917877436 step=87 stage=after_set_ctrl
1784875529.917984247 step=87 stage=after_step_log
1784875529.917990446 step=87 stage=before_mj_step
1784875529.918095350 step=87 stage=after_mj_step
1784875529.918101311 step=87 stage=before_overlay
1784875529.918481112 step=87 stage=after_overlay
1784875529.918491125 step=87 stage=before_viewer_sync
1784875529.919449806 step=87 stage=after_viewer_sync
1784875529.936024904 step=88 stage=loop_begin
1784875529.937173605 step=88 stage=after_set_ctrl
1784875529.937263966 step=88 stage=after_step_log
1784875529.937268734 step=88 stage=before_mj_step
1784875529.937368870 step=88 stage=after_mj_step
1784875529.937373877 step=88 stage=before_overlay
1784875529.937674761 step=88 stage=after_overlay
1784875529.937680960 step=88 stage=before_viewer_sync
1784875529.938616037 step=88 stage=after_viewer_sync
1784875529.956204891 step=89 stage=loop_begin
1784875529.957785130 step=89 stage=after_set_ctrl
1784875529.957875729 step=89 stage=after_step_log
1784875529.957880497 step=89 stage=before_mj_step
1784875529.957967043 step=89 stage=after_mj_step
1784875529.957971573 step=89 stage=before_overlay
1784875529.958281279 step=89 stage=after_overlay
1784875529.958288908 step=89 stage=before_viewer_sync
1784875529.959202051 step=89 stage=after_viewer_sync
1784875529.976350784 step=90 stage=loop_begin
1784875529.976382971 step=90 stage=before_camera_render
1784875530.029055834 step=90 stage=after_camera_render
1784875530.030426264 step=90 stage=after_set_ctrl
1784875530.030527592 step=90 stage=after_step_log
1784875530.030533075 step=90 stage=before_mj_step
1784875530.030634642 step=90 stage=after_mj_step
1784875530.030644178 step=90 stage=before_overlay
1784875530.030976057 step=90 stage=after_overlay
1784875530.030981302 step=90 stage=before_viewer_sync
1784875530.031929255 step=90 stage=after_viewer_sync
1784875530.031943083 step=91 stage=loop_begin
1784875530.032988787 step=91 stage=after_set_ctrl
1784875530.033069372 step=91 stage=after_step_log
1784875530.033073664 step=91 stage=before_mj_step
1784875530.033153534 step=91 stage=after_mj_step
1784875530.033159256 step=91 stage=before_overlay
1784875530.033434153 step=91 stage=after_overlay
1784875530.033440351 step=91 stage=before_viewer_sync
1784875530.034324646 step=91 stage=after_viewer_sync
1784875530.052087545 step=92 stage=loop_begin
1784875530.053507566 step=92 stage=after_set_ctrl
1784875530.053601980 step=92 stage=after_step_log
1784875530.053607464 step=92 stage=before_mj_step
1784875530.053702593 step=92 stage=after_mj_step
1784875530.053707838 step=92 stage=before_overlay
1784875530.054028273 step=92 stage=after_overlay
1784875530.054034233 step=92 stage=before_viewer_sync
1784875530.054927349 step=92 stage=after_viewer_sync
1784875530.072268009 step=93 stage=loop_begin
1784875530.073687315 step=93 stage=after_set_ctrl
1784875530.073782206 step=93 stage=after_step_log
1784875530.073786974 step=93 stage=before_mj_step
1784875530.073881388 step=93 stage=after_mj_step
1784875530.073885918 step=93 stage=before_overlay
1784875530.074208260 step=93 stage=after_overlay
1784875530.074215889 step=93 stage=before_viewer_sync
1784875530.075172901 step=93 stage=after_viewer_sync
1784875530.092392445 step=94 stage=loop_begin
1784875530.093671799 step=94 stage=after_set_ctrl
1784875530.093767643 step=94 stage=after_step_log
1784875530.093773127 step=94 stage=before_mj_step
1784875530.093867779 step=94 stage=after_mj_step
1784875530.093872786 step=94 stage=before_overlay
1784875530.094198227 step=94 stage=after_overlay
1784875530.094206810 step=94 stage=before_viewer_sync
1784875530.095234871 step=94 stage=after_viewer_sync
1784875530.112497807 step=95 stage=loop_begin
1784875530.112544060 step=95 stage=before_camera_render
1784875530.165641546 step=95 stage=after_camera_render
1784875530.167017221 step=95 stage=after_set_ctrl
1784875530.167126179 step=95 stage=after_step_log
1784875530.167131424 step=95 stage=before_mj_step
1784875530.167243242 step=95 stage=after_mj_step
1784875530.167249918 step=95 stage=before_overlay
1784875530.167588711 step=95 stage=after_overlay
1784875530.167594194 step=95 stage=before_viewer_sync
1784875530.168592930 step=95 stage=after_viewer_sync
1784875530.168608189 step=96 stage=loop_begin
1784875530.169918776 step=96 stage=after_set_ctrl
1784875530.170012474 step=96 stage=after_step_log
1784875530.170017481 step=96 stage=before_mj_step
1784875530.170112610 step=96 stage=after_mj_step
1784875530.170117378 step=96 stage=before_overlay
1784875530.170418739 step=96 stage=after_overlay
1784875530.170426369 step=96 stage=before_viewer_sync
1784875530.171676397 step=96 stage=after_viewer_sync
1784875530.188676119 step=97 stage=loop_begin
1784875530.190433741 step=97 stage=after_set_ctrl
1784875530.190544844 step=97 stage=after_step_log
1784875530.190551758 step=97 stage=before_mj_step
1784875530.190658092 step=97 stage=after_mj_step
1784875530.190664530 step=97 stage=before_overlay
1784875530.191079378 step=97 stage=after_overlay
1784875530.191088676 step=97 stage=before_viewer_sync
1784875530.191986084 step=97 stage=after_viewer_sync
1784875530.208784342 step=98 stage=loop_begin
1784875530.210228682 step=98 stage=after_set_ctrl
1784875530.210326195 step=98 stage=after_step_log
1784875530.210331440 step=98 stage=before_mj_step
1784875530.210449934 step=98 stage=after_mj_step
1784875530.210455179 step=98 stage=before_overlay
1784875530.210783482 step=98 stage=after_overlay
1784875530.210789442 step=98 stage=before_viewer_sync
1784875530.211752653 step=98 stage=after_viewer_sync
1784875530.228950024 step=99 stage=loop_begin
1784875530.230236053 step=99 stage=after_set_ctrl
1784875530.230325937 step=99 stage=after_step_log
1784875530.230330706 step=99 stage=before_mj_step
1784875530.230425358 step=99 stage=after_mj_step
1784875530.230430603 step=99 stage=before_overlay
1784875530.230733156 step=99 stage=after_overlay
1784875530.230738640 step=99 stage=before_viewer_sync
1784875530.231706381 step=99 stage=after_viewer_sync
1784875530.249185562 step=100 stage=loop_begin
1784875530.249240875 step=100 stage=before_camera_render
1784875530.306015968 step=100 stage=after_camera_render
1784875530.307958364 step=100 stage=after_set_ctrl
1784875530.308104992 step=100 stage=after_step_log
1784875530.308109283 step=100 stage=before_mj_step
1784875530.308240891 step=100 stage=after_mj_step
1784875530.308246613 step=100 stage=before_overlay
1784875530.308555365 step=100 stage=after_overlay
1784875530.308560848 step=100 stage=before_viewer_sync
1784875530.309530973 step=100 stage=after_viewer_sync
1784875530.309543133 step=101 stage=loop_begin
1784875530.310960054 step=101 stage=after_set_ctrl
1784875530.311049223 step=101 stage=after_step_log
1784875530.311054707 step=101 stage=before_mj_step
1784875530.311143875 step=101 stage=after_mj_step
1784875530.311149836 step=101 stage=before_overlay
1784875530.311444759 step=101 stage=after_overlay
1784875530.311450720 step=101 stage=before_viewer_sync
1784875530.312392950 step=101 stage=after_viewer_sync
1784875530.329637289 step=102 stage=loop_begin
1784875530.331322908 step=102 stage=after_set_ctrl
1784875530.331420422 step=102 stage=after_step_log
1784875530.331425428 step=102 stage=before_mj_step
1784875530.331528425 step=102 stage=after_mj_step
1784875530.331532955 step=102 stage=before_overlay
1784875530.331844807 step=102 stage=after_overlay
1784875530.331850767 step=102 stage=before_viewer_sync
1784875530.332850695 step=102 stage=after_viewer_sync
1784875530.349772692 step=103 stage=loop_begin
1784875530.351473808 step=103 stage=after_set_ctrl
1784875530.351608753 step=103 stage=after_step_log
1784875530.351617098 step=103 stage=before_mj_step
1784875530.351752281 step=103 stage=after_mj_step
1784875530.351759195 step=103 stage=before_overlay
1784875530.352209091 step=103 stage=after_overlay
1784875530.352221012 step=103 stage=before_viewer_sync
1784875530.353471994 step=103 stage=after_viewer_sync
1784875530.369894743 step=104 stage=loop_begin
1784875530.371056080 step=104 stage=after_set_ctrl
1784875530.371149063 step=104 stage=after_step_log
1784875530.371155262 step=104 stage=before_mj_step
1784875530.371243954 step=104 stage=after_mj_step
1784875530.371249199 step=104 stage=before_overlay
1784875530.371541500 step=104 stage=after_overlay
1784875530.371547461 step=104 stage=before_viewer_sync
1784875530.372449875 step=104 stage=after_viewer_sync
1784875530.389981985 step=105 stage=loop_begin
1784875530.390034914 step=105 stage=before_camera_render
1784875530.442919254 step=105 stage=after_camera_render
1784875530.445072412 step=105 stage=after_set_ctrl
1784875530.445191145 step=105 stage=after_step_log
1784875530.445197344 step=105 stage=before_mj_step
1784875530.445331097 step=105 stage=after_mj_step
1784875530.445335865 step=105 stage=before_overlay
1784875530.445667028 step=105 stage=after_overlay
1784875530.445672750 step=105 stage=before_viewer_sync
1784875530.446922541 step=105 stage=after_viewer_sync
1784875530.446936369 step=106 stage=loop_begin
1784875530.448041201 step=106 stage=after_set_ctrl
1784875530.448125124 step=106 stage=after_step_log
1784875530.448129892 step=106 stage=before_mj_step
1784875530.448215723 step=106 stage=after_mj_step
1784875530.448221684 step=106 stage=before_overlay
1784875530.448507786 step=106 stage=after_overlay
1784875530.448513269 step=106 stage=before_viewer_sync
1784875530.449425936 step=106 stage=after_viewer_sync
1784875530.467044353 step=107 stage=loop_begin
1784875530.468407869 step=107 stage=after_set_ctrl
1784875530.468505621 step=107 stage=after_step_log
1784875530.468512297 step=107 stage=before_mj_step
1784875530.469692707 step=107 stage=after_mj_step
1784875530.469714403 step=107 stage=before_overlay
1784875530.470090389 step=107 stage=after_overlay
1784875530.470098019 step=107 stage=before_viewer_sync
1784875530.471043825 step=107 stage=after_viewer_sync
1784875530.487234116 step=108 stage=loop_begin
1784875530.488867283 step=108 stage=after_set_ctrl
1784875530.488992453 step=108 stage=after_step_log
1784875530.488999605 step=108 stage=before_mj_step
1784875530.489143610 step=108 stage=after_mj_step
1784875530.489152670 step=108 stage=before_overlay
1784875530.489594460 step=108 stage=after_overlay
1784875530.489604235 step=108 stage=before_viewer_sync
1784875530.491132021 step=108 stage=after_viewer_sync
1784875530.507341146 step=109 stage=loop_begin
1784875530.509042263 step=109 stage=after_set_ctrl
1784875530.509141922 step=109 stage=after_step_log
1784875530.509147644 step=109 stage=before_mj_step
1784875530.509249210 step=109 stage=after_mj_step
1784875530.509256124 step=109 stage=before_overlay
1784875530.509563208 step=109 stage=after_overlay
1784875530.509568691 step=109 stage=before_viewer_sync
1784875530.510495663 step=109 stage=after_viewer_sync
1784875530.527425766 step=110 stage=loop_begin
1784875530.527455091 step=110 stage=before_camera_render
1784875530.579301357 step=110 stage=after_camera_render
1784875530.581056833 step=110 stage=after_set_ctrl
1784875530.581171036 step=110 stage=after_step_log
1784875530.581176519 step=110 stage=before_mj_step
1784875530.581277847 step=110 stage=after_mj_step
1784875530.581283092 step=110 stage=before_overlay
1784875530.581603765 step=110 stage=after_overlay
1784875530.581609726 step=110 stage=before_viewer_sync
1784875530.582575321 step=110 stage=after_viewer_sync
1784875530.582588673 step=111 stage=loop_begin
1784875530.583824873 step=111 stage=after_set_ctrl
1784875530.583916903 step=111 stage=after_step_log
1784875530.583921909 step=111 stage=before_mj_step
1784875530.584008932 step=111 stage=after_mj_step
1784875530.584013462 step=111 stage=before_overlay
1784875530.584318638 step=111 stage=after_overlay
1784875530.584326506 step=111 stage=before_viewer_sync
1784875530.585239649 step=111 stage=after_viewer_sync
1784875530.602731228 step=112 stage=loop_begin
1784875530.604627609 step=112 stage=after_set_ctrl
1784875530.604760885 step=112 stage=after_step_log
1784875530.604769468 step=112 stage=before_mj_step
1784875530.604921818 step=112 stage=after_mj_step
1784875530.604930401 step=112 stage=before_overlay
1784875530.605695724 step=112 stage=after_overlay
1784875530.605724335 step=112 stage=before_viewer_sync
1784875530.607621193 step=112 stage=after_viewer_sync
1784875530.622862101 step=113 stage=loop_begin
1784875530.624704838 step=113 stage=after_set_ctrl
1784875530.624807596 step=113 stage=after_step_log
1784875530.624812603 step=113 stage=before_mj_step
1784875530.624918938 step=113 stage=after_mj_step
1784875530.624923944 step=113 stage=before_overlay
1784875530.625251055 step=113 stage=after_overlay
1784875530.625259638 step=113 stage=before_viewer_sync
1784875530.626157284 step=113 stage=after_viewer_sync
1784875530.642978191 step=114 stage=loop_begin
1784875530.644702196 step=114 stage=after_set_ctrl
1784875530.644789696 step=114 stage=after_step_log
1784875530.644794703 step=114 stage=before_mj_step
1784875530.644883156 step=114 stage=after_mj_step
1784875530.644887447 step=114 stage=before_overlay
1784875530.645192385 step=114 stage=after_overlay
1784875530.645200014 step=114 stage=before_viewer_sync
1784875530.646046877 step=114 stage=after_viewer_sync
1784875530.663151026 step=115 stage=loop_begin
1784875530.663192511 step=115 stage=before_camera_render
1784875530.717638731 step=115 stage=after_camera_render
1784875530.719069719 step=115 stage=after_set_ctrl
1784875530.719170332 step=115 stage=after_step_log
1784875530.719176531 step=115 stage=before_mj_step
1784875530.719278574 step=115 stage=after_mj_step
1784875530.719283104 step=115 stage=before_overlay
1784875530.719570160 step=115 stage=after_overlay
1784875530.719575405 step=115 stage=before_viewer_sync
1784875530.720502615 step=115 stage=after_viewer_sync
1784875530.720513582 step=116 stage=loop_begin
1784875530.722115278 step=116 stage=after_set_ctrl
1784875530.722213984 step=116 stage=after_step_log
1784875530.722218752 step=116 stage=before_mj_step
1784875530.722306013 step=116 stage=after_mj_step
1784875530.722311020 step=116 stage=before_overlay
1784875530.722606421 step=116 stage=after_overlay
1784875530.722611666 step=116 stage=before_viewer_sync
1784875530.723490238 step=116 stage=after_viewer_sync
1784875530.740614176 step=117 stage=loop_begin
1784875530.742110252 step=117 stage=after_set_ctrl
1784875530.742216349 step=117 stage=after_step_log
1784875530.742222786 step=117 stage=before_mj_step
1784875530.742334127 step=117 stage=after_mj_step
1784875530.742339373 step=117 stage=before_overlay
1784875530.742660284 step=117 stage=after_overlay
1784875530.742666483 step=117 stage=before_viewer_sync
1784875530.743592262 step=117 stage=after_viewer_sync
1784875530.760784864 step=118 stage=loop_begin
1784875530.762437582 step=118 stage=after_set_ctrl
1784875530.762550354 step=118 stage=after_step_log
1784875530.762556076 step=118 stage=before_mj_step
1784875530.762674570 step=118 stage=after_mj_step
1784875530.762681484 step=118 stage=before_overlay
1784875530.763088703 step=118 stage=after_overlay
1784875530.763097048 step=118 stage=before_viewer_sync
1784875530.764214039 step=118 stage=after_viewer_sync
1784875530.780957460 step=119 stage=loop_begin
1784875530.783247709 step=119 stage=after_set_ctrl
1784875530.783375502 step=119 stage=after_step_log
1784875530.783380985 step=119 stage=before_mj_step
1784875530.783516169 step=119 stage=after_mj_step
1784875530.783521891 step=119 stage=before_overlay
1784875530.783863306 step=119 stage=after_overlay
1784875530.783869505 step=119 stage=before_viewer_sync
1784875530.784997463 step=119 stage=after_viewer_sync
1784875530.801067352 step=120 stage=loop_begin
1784875530.801172495 step=120 stage=before_camera_render
1784875530.852836132 step=120 stage=after_camera_render
1784875530.854233742 step=120 stage=after_set_ctrl
1784875530.854340553 step=120 stage=after_step_log
1784875530.854345798 step=120 stage=before_mj_step
1784875530.854472876 step=120 stage=after_mj_step
1784875530.854478598 step=120 stage=before_overlay
1784875530.854812860 step=120 stage=after_overlay
1784875530.854819298 step=120 stage=before_viewer_sync
1784875530.856040478 step=120 stage=after_viewer_sync
1784875530.856055498 step=121 stage=loop_begin
1784875530.857128143 step=121 stage=after_set_ctrl
1784875530.857218266 step=121 stage=after_step_log
1784875530.857224226 step=121 stage=before_mj_step
1784875530.857303858 step=121 stage=after_mj_step
1784875530.857308626 step=121 stage=before_overlay
1784875530.857602358 step=121 stage=after_overlay
1784875530.857607841 step=121 stage=before_viewer_sync
1784875530.858491182 step=121 stage=after_viewer_sync
1784875530.876151085 step=122 stage=loop_begin
1784875530.877825022 step=122 stage=after_set_ctrl
1784875530.877923727 step=122 stage=after_step_log
1784875530.877928495 step=122 stage=before_mj_step
1784875530.878032684 step=122 stage=after_mj_step
1784875530.878037691 step=122 stage=before_overlay
1784875530.878358364 step=122 stage=after_overlay
1784875530.878366470 step=122 stage=before_viewer_sync
1784875530.879290819 step=122 stage=after_viewer_sync
1784875530.896293640 step=123 stage=loop_begin
1784875530.897593975 step=123 stage=after_set_ctrl
1784875530.897677898 step=123 stage=after_step_log
1784875530.897682428 step=123 stage=before_mj_step
1784875530.897773981 step=123 stage=after_mj_step
1784875530.897778511 step=123 stage=before_overlay
1784875530.898063898 step=123 stage=after_overlay
1784875530.898069620 step=123 stage=before_viewer_sync
1784875530.898970127 step=123 stage=after_viewer_sync
1784875530.916369438 step=124 stage=loop_begin
1784875530.917952061 step=124 stage=after_set_ctrl
1784875530.918051243 step=124 stage=after_step_log
1784875530.918056250 step=124 stage=before_mj_step
1784875530.918184519 step=124 stage=after_mj_step
1784875530.918190241 step=124 stage=before_overlay
1784875530.918496847 step=124 stage=after_overlay
1784875530.918502331 step=124 stage=before_viewer_sync
1784875530.919878244 step=124 stage=after_viewer_sync
1784875530.936465502 step=125 stage=loop_begin
1784875530.936551332 step=125 stage=before_camera_render
1784875531.002461672 step=125 stage=after_camera_render
1784875531.004098654 step=125 stage=after_set_ctrl
1784875531.004235744 step=125 stage=after_step_log
1784875531.004240751 step=125 stage=before_mj_step
1784875531.004348278 step=125 stage=after_mj_step
1784875531.004353046 step=125 stage=before_overlay
1784875531.004668236 step=125 stage=after_overlay
1784875531.004674673 step=125 stage=before_viewer_sync
1784875531.005639076 step=125 stage=after_viewer_sync
1784875531.005652189 step=126 stage=loop_begin
1784875531.006561279 step=126 stage=after_set_ctrl
1784875531.006647110 step=126 stage=after_step_log
1784875531.006651878 step=126 stage=before_mj_step
1784875531.006735563 step=126 stage=after_mj_step
1784875531.006740570 step=126 stage=before_overlay
1784875531.007032394 step=126 stage=after_overlay
1784875531.007037878 step=126 stage=before_viewer_sync
1784875531.007950783 step=126 stage=after_viewer_sync
1784875531.025813580 step=127 stage=loop_begin
1784875531.027795553 step=127 stage=after_set_ctrl
1784875531.027893543 step=127 stage=after_step_log
1784875531.027899027 step=127 stage=before_mj_step
1784875531.028004885 step=127 stage=after_mj_step
1784875531.028009415 step=127 stage=before_overlay
1784875531.028342485 step=127 stage=after_overlay
1784875531.028351307 step=127 stage=before_viewer_sync
1784875531.029307365 step=127 stage=after_viewer_sync
1784875531.045997143 step=128 stage=loop_begin
1784875531.047476053 step=128 stage=after_set_ctrl
1784875531.047568083 step=128 stage=after_step_log
1784875531.047574282 step=128 stage=before_mj_step
1784875531.047674417 step=128 stage=after_mj_step
1784875531.047679424 step=128 stage=before_overlay
1784875531.047988892 step=128 stage=after_overlay
1784875531.047994852 step=128 stage=before_viewer_sync
1784875531.048932791 step=128 stage=after_viewer_sync
1784875531.066166639 step=129 stage=loop_begin
1784875531.067543268 step=129 stage=after_set_ctrl
1784875531.067631960 step=129 stage=after_step_log
1784875531.067636490 step=129 stage=before_mj_step
1784875531.067738533 step=129 stage=after_mj_step
1784875531.067743301 step=129 stage=before_overlay
1784875531.068035126 step=129 stage=after_overlay
1784875531.068040609 step=129 stage=before_viewer_sync
1784875531.068973780 step=129 stage=after_viewer_sync
1784875531.086288214 step=130 stage=loop_begin
1784875531.086319447 step=130 stage=before_camera_render
1784875531.138664484 step=130 stage=after_camera_render
1784875531.140335798 step=130 stage=after_set_ctrl
1784875531.140431404 step=130 stage=after_step_log
1784875531.140435934 step=130 stage=before_mj_step
1784875531.140540123 step=130 stage=after_mj_step
1784875531.140545607 step=130 stage=before_overlay
1784875531.140854836 step=130 stage=after_overlay
1784875531.140859842 step=130 stage=before_viewer_sync
1784875531.141802549 step=130 stage=after_viewer_sync
1784875531.141815186 step=131 stage=loop_begin
1784875531.142837286 step=131 stage=after_set_ctrl
1784875531.142925024 step=131 stage=after_step_log
1784875531.142930031 step=131 stage=before_mj_step
1784875531.143014431 step=131 stage=after_mj_step
1784875531.143018723 step=131 stage=before_overlay
1784875531.143316984 step=131 stage=after_overlay
1784875531.143324137 step=131 stage=before_viewer_sync
1784875531.144211292 step=131 stage=after_viewer_sync
1784875531.161926508 step=132 stage=loop_begin
1784875531.164155722 step=132 stage=after_set_ctrl
1784875531.164266348 step=132 stage=after_step_log
1784875531.164271832 step=132 stage=before_mj_step
1784875531.164385080 step=132 stage=after_mj_step
1784875531.164390564 step=132 stage=before_overlay
1784875531.164771080 step=132 stage=after_overlay
1784875531.164777994 step=132 stage=before_viewer_sync
1784875531.165807247 step=132 stage=after_viewer_sync
1784875531.182069063 step=133 stage=loop_begin
1784875531.184048414 step=133 stage=after_set_ctrl
1784875531.184154034 step=133 stage=after_step_log
1784875531.184160233 step=133 stage=before_mj_step
1784875531.184267282 step=133 stage=after_mj_step
1784875531.184272051 step=133 stage=before_overlay
1784875531.184603453 step=133 stage=after_overlay
1784875531.184609652 step=133 stage=before_viewer_sync
1784875531.185607672 step=133 stage=after_viewer_sync
1784875531.202260971 step=134 stage=loop_begin
1784875531.203706741 step=134 stage=after_set_ctrl
1784875531.203806877 step=134 stage=after_step_log
1784875531.203812599 step=134 stage=before_mj_step
1784875531.203910351 step=134 stage=after_mj_step
1784875531.203915119 step=134 stage=before_overlay
1784875531.204231262 step=134 stage=after_overlay
1784875531.204239130 step=134 stage=before_viewer_sync
1784875531.205196142 step=134 stage=after_viewer_sync
1784875531.222352982 step=135 stage=loop_begin
1784875531.222381592 step=135 stage=before_camera_render
1784875531.275451660 step=135 stage=after_camera_render
1784875531.277021646 step=135 stage=after_set_ctrl
1784875531.277115345 step=135 stage=after_step_log
1784875531.277120113 step=135 stage=before_mj_step
1784875531.277229786 step=135 stage=after_mj_step
1784875531.277235508 step=135 stage=before_overlay
1784875531.277551651 step=135 stage=after_overlay
1784875531.277557611 step=135 stage=before_viewer_sync
1784875531.278531075 step=135 stage=after_viewer_sync
1784875531.278544426 step=136 stage=loop_begin
1784875531.279958725 step=136 stage=after_set_ctrl
1784875531.280047894 step=136 stage=after_step_log
1784875531.280052662 step=136 stage=before_mj_step
1784875531.280143499 step=136 stage=after_mj_step
1784875531.280149460 step=136 stage=before_overlay
1784875531.280450106 step=136 stage=after_overlay
1784875531.280455112 step=136 stage=before_viewer_sync
1784875531.281394720 step=136 stage=after_viewer_sync
1784875531.298637390 step=137 stage=loop_begin
1784875531.300107241 step=137 stage=after_set_ctrl
1784875531.300205469 step=137 stage=after_step_log
1784875531.300211430 step=137 stage=before_mj_step
1784875531.300309658 step=137 stage=after_mj_step
1784875531.300314426 step=137 stage=before_overlay
1784875531.300619364 step=137 stage=after_overlay
1784875531.300625086 step=137 stage=before_viewer_sync
1784875531.301551819 step=137 stage=after_viewer_sync
1784875531.318861723 step=138 stage=loop_begin
1784875531.320489883 step=138 stage=after_set_ctrl
1784875531.320590258 step=138 stage=after_step_log
1784875531.320595980 step=138 stage=before_mj_step
1784875531.320703745 step=138 stage=after_mj_step
1784875531.320709229 step=138 stage=before_overlay
1784875531.321040154 step=138 stage=after_overlay
1784875531.321046352 step=138 stage=before_viewer_sync
1784875531.322025061 step=138 stage=after_viewer_sync
1784875531.339005947 step=139 stage=loop_begin
1784875531.340460539 step=139 stage=after_set_ctrl
1784875531.340545177 step=139 stage=after_step_log
1784875531.340550661 step=139 stage=before_mj_step
1784875531.340642929 step=139 stage=after_mj_step
1784875531.340647459 step=139 stage=before_overlay
1784875531.340939283 step=139 stage=after_overlay
1784875531.340945244 step=139 stage=before_viewer_sync
1784875531.341856718 step=139 stage=after_viewer_sync
1784875531.359180689 step=140 stage=loop_begin
1784875531.359290361 step=140 stage=before_camera_render
1784875531.410769701 step=140 stage=after_camera_render
1784875531.412283659 step=140 stage=after_set_ctrl
1784875531.412383080 step=140 stage=after_step_log
1784875531.412387609 step=140 stage=before_mj_step
1784875531.412499905 step=140 stage=after_mj_step
1784875531.412504911 step=140 stage=before_overlay
1784875531.412826061 step=140 stage=after_overlay
1784875531.412831306 step=140 stage=before_viewer_sync
1784875531.413793087 step=140 stage=after_viewer_sync
1784875531.413806438 step=141 stage=loop_begin
1784875531.414652109 step=141 stage=after_set_ctrl
1784875531.414736032 step=141 stage=after_step_log
1784875531.414740324 step=141 stage=before_mj_step
1784875531.414822817 step=141 stage=after_mj_step
1784875531.414827824 step=141 stage=before_overlay
1784875531.415111542 step=141 stage=after_overlay
1784875531.415116787 step=141 stage=before_viewer_sync
1784875531.416024923 step=141 stage=after_viewer_sync
1784875531.433922768 step=142 stage=loop_begin
1784875531.435499430 step=142 stage=after_set_ctrl
1784875531.435613871 step=142 stage=after_step_log
1784875531.435618639 step=142 stage=before_mj_step
1784875531.435719967 step=142 stage=after_mj_step
1784875531.435724735 step=142 stage=before_overlay
1784875531.436052322 step=142 stage=after_overlay
1784875531.436058283 step=142 stage=before_viewer_sync
1784875531.437035084 step=142 stage=after_viewer_sync
1784875531.454054832 step=143 stage=loop_begin
1784875531.455555677 step=143 stage=after_set_ctrl
1784875531.455648661 step=143 stage=after_step_log
1784875531.455653191 step=143 stage=before_mj_step
1784875531.455751181 step=143 stage=after_mj_step
1784875531.455755949 step=143 stage=before_overlay
1784875531.456063747 step=143 stage=after_overlay
1784875531.456070185 step=143 stage=before_viewer_sync
1784875531.457009554 step=143 stage=after_viewer_sync
1784875531.474238396 step=144 stage=loop_begin
1784875531.475863695 step=144 stage=after_set_ctrl
1784875531.475955725 step=144 stage=after_step_log
1784875531.475960493 step=144 stage=before_mj_step
1784875531.476046801 step=144 stage=after_mj_step
1784875531.476051569 step=144 stage=before_overlay
1784875531.476352930 step=144 stage=after_overlay
1784875531.476361275 step=144 stage=before_viewer_sync
1784875531.477234125 step=144 stage=after_viewer_sync
1784875531.494375229 step=145 stage=loop_begin
1784875531.494417667 step=145 stage=before_camera_render
1784875531.545858145 step=145 stage=after_camera_render
1784875531.547369719 step=145 stage=after_set_ctrl
1784875531.547471046 step=145 stage=after_step_log
1784875531.547475338 step=145 stage=before_mj_step
1784875531.547578096 step=145 stage=after_mj_step
1784875531.547582388 step=145 stage=before_overlay
1784875531.547904968 step=145 stage=after_overlay
1784875531.547911167 step=145 stage=before_viewer_sync
1784875531.548886776 step=145 stage=after_viewer_sync
1784875531.548901796 step=146 stage=loop_begin
1784875531.550251722 step=146 stage=after_set_ctrl
1784875531.550338030 step=146 stage=after_step_log
1784875531.550348997 step=146 stage=before_mj_step
1784875531.550431490 step=146 stage=after_mj_step
1784875531.550435781 step=146 stage=before_overlay
1784875531.550734758 step=146 stage=after_overlay
1784875531.550740242 step=146 stage=before_viewer_sync
1784875531.551648617 step=146 stage=after_viewer_sync
1784875531.568967104 step=147 stage=loop_begin
1784875531.570606947 step=147 stage=after_set_ctrl
1784875531.570708036 step=147 stage=after_step_log
1784875531.570713043 step=147 stage=before_mj_step
1784875531.570821524 step=147 stage=after_mj_step
1784875531.570827246 step=147 stage=before_overlay
1784875531.571167946 step=147 stage=after_overlay
1784875531.571177483 step=147 stage=before_viewer_sync
1784875531.572128296 step=147 stage=after_viewer_sync
1784875531.589164734 step=148 stage=loop_begin
1784875531.590849876 step=148 stage=after_set_ctrl
1784875531.590964079 step=148 stage=after_step_log
1784875531.590970039 step=148 stage=before_mj_step
1784875531.591093779 step=148 stage=after_mj_step
1784875531.591099977 step=148 stage=before_overlay
1784875531.591495752 step=148 stage=after_overlay
1784875531.591505289 step=148 stage=before_viewer_sync
1784875531.592538595 step=148 stage=after_viewer_sync
1784875531.609295130 step=149 stage=loop_begin
1784875531.610784769 step=149 stage=after_set_ctrl
1784875531.610885382 step=149 stage=after_step_log
1784875531.610890865 step=149 stage=before_mj_step
1784875531.611014128 step=149 stage=after_mj_step
1784875531.611018896 step=149 stage=before_overlay
1784875531.611363888 step=149 stage=after_overlay
1784875531.611371756 step=149 stage=before_viewer_sync
1784875531.612373590 step=149 stage=after_viewer_sync
1784875531.629381657 step=150 stage=loop_begin
1784875531.629415512 step=150 stage=before_camera_render
1784875531.682887793 step=150 stage=after_camera_render
1784875531.684664249 step=150 stage=after_set_ctrl
1784875531.684790611 step=150 stage=after_step_log
1784875531.684795141 step=150 stage=before_mj_step
1784875531.684911251 step=150 stage=after_mj_step
1784875531.684916258 step=150 stage=before_overlay
1784875531.685266256 step=150 stage=after_overlay
1784875531.685273409 step=150 stage=before_viewer_sync
1784875531.686955452 step=150 stage=after_viewer_sync
1784875531.686973095 step=151 stage=loop_begin
1784875531.688121080 step=151 stage=after_set_ctrl
1784875531.688216209 step=151 stage=after_step_log
1784875531.688221931 step=151 stage=before_mj_step
1784875531.688354492 step=151 stage=after_mj_step
1784875531.688359976 step=151 stage=before_overlay
1784875531.688667536 step=151 stage=after_overlay
1784875531.688674212 step=151 stage=before_viewer_sync
1784875531.689931154 step=151 stage=after_viewer_sync
1784875531.707074404 step=152 stage=loop_begin
