1784883472.678676128 step=0 stage=loop_begin
1784883472.684924603 step=0 stage=before_camera_render
1784883472.892201185 step=0 stage=after_camera_render
1784883472.917314768 step=0 stage=after_set_ctrl
1784883472.922915220 step=0 stage=after_step_log
1784883472.926096439 step=0 stage=before_mj_step
1784883472.928238630 step=0 stage=after_mj_step
1784883472.931267500 step=1 stage=loop_begin
1784883472.956553698 step=1 stage=after_set_ctrl
1784883472.962249279 step=1 stage=after_step_log
1784883472.966109276 step=1 stage=before_mj_step
1784883472.968229532 step=1 stage=after_mj_step
1784883472.971276522 step=2 stage=loop_begin
1784883472.981647015 step=2 stage=after_set_ctrl
1784883472.984475851 step=2 stage=after_step_log
1784883472.987238646 step=2 stage=before_mj_step
1784883472.989238739 step=2 stage=after_mj_step
1784883472.991242409 step=3 stage=loop_begin
1784883472.997053862 step=3 stage=after_set_ctrl
1784883472.997147322 step=3 stage=after_step_log
1784883472.997153759 step=3 stage=before_mj_step
1784883472.997225523 step=3 stage=after_mj_step
1784883472.997317076 step=4 stage=loop_begin
1784883473.002885818 step=4 stage=after_set_ctrl
1784883473.002972126 step=4 stage=after_step_log
1784883473.002978086 step=4 stage=before_mj_step
1784883473.003050566 step=4 stage=after_mj_step
1784883473.003129005 step=5 stage=loop_begin
1784883473.003198385 step=5 stage=before_camera_render
1784883473.145820618 step=5 stage=after_camera_render
1784883473.152001381 step=5 stage=after_set_ctrl
1784883473.152112246 step=5 stage=after_step_log
1784883473.152119875 step=5 stage=before_mj_step
1784883473.152210474 step=5 stage=after_mj_step
1784883473.152328730 step=6 stage=loop_begin
1784883473.158235550 step=6 stage=after_set_ctrl
1784883473.158344984 step=6 stage=after_step_log
1784883473.158352137 step=6 stage=before_mj_step
1784883473.158425570 step=6 stage=after_mj_step
1784883473.158537626 step=7 stage=loop_begin
1784883473.165507317 step=7 stage=after_set_ctrl
1784883473.165604115 step=7 stage=after_step_log
1784883473.165610075 step=7 stage=before_mj_step
1784883473.165681839 step=7 stage=after_mj_step
1784883473.165762901 step=8 stage=loop_begin
1784883473.171488523 step=8 stage=after_set_ctrl
1784883473.171602249 step=8 stage=after_step_log
1784883473.171608686 step=8 stage=before_mj_step
1784883473.171698332 step=8 stage=after_mj_step
1784883473.171813965 step=9 stage=loop_begin
1784883473.179459810 step=9 stage=after_set_ctrl
1784883473.179627180 step=9 stage=after_step_log
1784883473.179638863 step=9 stage=before_mj_step
1784883473.179773092 step=9 stage=after_mj_step
1784883473.179928541 step=10 stage=loop_begin
1784883473.180031538 step=10 stage=before_camera_render
1784883473.372938156 step=10 stage=after_camera_render
1784883473.385211706 step=10 stage=after_set_ctrl
1784883473.385387182 step=10 stage=after_step_log
1784883473.385397196 step=10 stage=before_mj_step
1784883473.385503054 step=10 stage=after_mj_step
1784883473.385626078 step=11 stage=loop_begin
1784883473.417088270 step=11 stage=after_set_ctrl
1784883473.418981552 step=11 stage=after_step_log
1784883473.418995142 step=11 stage=before_mj_step
1784883473.419096470 step=11 stage=after_mj_step
1784883473.419210672 step=12 stage=loop_begin
1784883473.437846422 step=12 stage=after_set_ctrl
1784883473.437963963 step=12 stage=after_step_log
1784883473.437973261 step=12 stage=before_mj_step
1784883473.438054562 step=12 stage=after_mj_step
1784883473.438153982 step=13 stage=loop_begin
1784883473.458731890 step=13 stage=after_set_ctrl
1784883473.459240675 step=13 stage=after_step_log
1784883473.459555387 step=13 stage=before_mj_step
1784883473.460010767 step=13 stage=after_mj_step
1784883473.460493565 step=14 stage=loop_begin
1784883473.489176035 step=14 stage=after_set_ctrl
1784883473.489341497 step=14 stage=after_step_log
1784883473.489355087 step=14 stage=before_mj_step
1784883473.489464283 step=14 stage=after_mj_step
1784883473.489622116 step=15 stage=loop_begin
1784883473.489754438 step=15 stage=before_camera_render
1784883473.637253284 step=15 stage=after_camera_render
1784883473.643225431 step=15 stage=after_set_ctrl
1784883473.643324852 step=15 stage=after_step_log
1784883473.643331528 step=15 stage=before_mj_step
1784883473.643417120 step=15 stage=after_mj_step
1784883473.643526554 step=16 stage=loop_begin
1784883473.649369717 step=16 stage=after_set_ctrl
1784883473.649487019 step=16 stage=after_step_log
1784883473.649497747 step=16 stage=before_mj_step
1784883473.649599791 step=16 stage=after_mj_step
1784883473.649711132 step=17 stage=loop_begin
1784883473.655539751 step=17 stage=after_set_ctrl
1784883473.655638695 step=17 stage=after_step_log
1784883473.655643702 step=17 stage=before_mj_step
1784883473.655717611 step=17 stage=after_mj_step
1784883473.655811548 step=18 stage=loop_begin
1784883473.661212921 step=18 stage=after_set_ctrl
1784883473.661305428 step=18 stage=after_step_log
1784883473.661310673 step=18 stage=before_mj_step
1784883473.661384106 step=18 stage=after_mj_step
1784883473.661470175 step=19 stage=loop_begin
1784883473.668724298 step=19 stage=after_set_ctrl
1784883473.668837309 step=19 stage=after_step_log
1784883473.668842554 step=19 stage=before_mj_step
1784883473.668932915 step=19 stage=after_mj_step
1784883473.669046640 step=20 stage=loop_begin
1784883473.669125557 step=20 stage=before_camera_render
1784883473.859833241 step=20 stage=after_camera_render
1784883473.866847038 step=20 stage=after_set_ctrl
1784883473.866987944 step=20 stage=after_step_log
1784883473.866997242 step=20 stage=before_mj_step
1784883473.867098570 step=20 stage=after_mj_step
1784883473.867233038 step=21 stage=loop_begin
1784883473.891932487 step=21 stage=after_set_ctrl
1784883473.892077684 step=21 stage=after_step_log
1784883473.892109156 step=21 stage=before_mj_step
1784883473.892291069 step=21 stage=after_mj_step
1784883473.892403603 step=22 stage=loop_begin
1784883473.917494774 step=22 stage=after_set_ctrl
1784883473.917643785 step=22 stage=after_step_log
1784883473.917650938 step=22 stage=before_mj_step
1784883473.917747259 step=22 stage=after_mj_step
1784883473.917993784 step=23 stage=loop_begin
1784883473.944897890 step=23 stage=after_set_ctrl
1784883473.948806763 step=23 stage=after_step_log
1784883473.949291468 step=23 stage=before_mj_step
1784883473.949842453 step=23 stage=after_mj_step
1784883473.950468779 step=24 stage=loop_begin
1784883473.979217768 step=24 stage=after_set_ctrl
1784883473.979376316 step=24 stage=after_step_log
1784883473.979388475 step=24 stage=before_mj_step
1784883473.979506731 step=24 stage=after_mj_step
1784883473.979657173 step=25 stage=loop_begin
1784883473.979781389 step=25 stage=before_camera_render
1784883474.125536680 step=25 stage=after_camera_render
1784883474.131649494 step=25 stage=after_set_ctrl
1784883474.131777525 step=25 stage=after_step_log
1784883474.131783009 step=25 stage=before_mj_step
1784883474.131866217 step=25 stage=after_mj_step
1784883474.131957054 step=26 stage=loop_begin
1784883474.137507677 step=26 stage=after_set_ctrl
1784883474.137596369 step=26 stage=after_step_log
1784883474.137601614 step=26 stage=before_mj_step
1784883474.137671232 step=26 stage=after_mj_step
1784883474.137748957 step=27 stage=loop_begin
1784883474.143326044 step=27 stage=after_set_ctrl
1784883474.143417120 step=27 stage=after_step_log
1784883474.143422604 step=27 stage=before_mj_step
1784883474.143500566 step=27 stage=after_mj_step
1784883474.143587589 step=28 stage=loop_begin
1784883474.149266005 step=28 stage=after_set_ctrl
1784883474.149385214 step=28 stage=after_step_log
1784883474.149390221 step=28 stage=before_mj_step
1784883474.149481058 step=28 stage=after_mj_step
1784883474.149608612 step=29 stage=loop_begin
1784883474.155254364 step=29 stage=after_set_ctrl
1784883474.155361891 step=29 stage=after_step_log
1784883474.155367136 step=29 stage=before_mj_step
1784883474.155446529 step=29 stage=after_mj_step
1784883474.155568361 step=30 stage=loop_begin
1784883474.155651808 step=30 stage=before_camera_render
1784883474.346987247 step=30 stage=after_camera_render
1784883474.352991581 step=30 stage=after_set_ctrl
1784883474.353107691 step=30 stage=after_step_log
1784883474.353121758 step=30 stage=before_mj_step
1784883474.353218317 step=30 stage=after_mj_step
1784883474.353353977 step=31 stage=loop_begin
1784883474.359209299 step=31 stage=after_set_ctrl
1784883474.359308720 step=31 stage=after_step_log
1784883474.359317303 step=31 stage=before_mj_step
1784883474.359391451 step=31 stage=after_mj_step
1784883474.359484196 step=32 stage=loop_begin
1784883474.367008924 step=32 stage=after_set_ctrl
1784883474.367109060 step=32 stage=after_step_log
1784883474.367114544 step=32 stage=before_mj_step
1784883474.367192984 step=32 stage=after_mj_step
1784883474.367281914 step=33 stage=loop_begin
1784883474.372950792 step=33 stage=after_set_ctrl
1784883474.373071432 step=33 stage=after_step_log
1784883474.373076200 step=33 stage=before_mj_step
1784883474.373175383 step=33 stage=after_mj_step
1784883474.373315573 step=34 stage=loop_begin
1784883474.380776882 step=34 stage=after_set_ctrl
1784883474.380932808 step=34 stage=after_step_log
1784883474.380942822 step=34 stage=before_mj_step
1784883474.381057501 step=34 stage=after_mj_step
1784883474.381217241 step=35 stage=loop_begin
1784883474.381318808 step=35 stage=before_camera_render
1784883474.568697691 step=35 stage=after_camera_render
1784883474.576495409 step=35 stage=after_set_ctrl
1784883474.576641321 step=35 stage=after_step_log
1784883474.576649666 step=35 stage=before_mj_step
1784883474.576755285 step=35 stage=after_mj_step
1784883474.576887369 step=36 stage=loop_begin
1784883474.597680569 step=36 stage=after_set_ctrl
1784883474.598783731 step=36 stage=after_step_log
1784883474.598805666 step=36 stage=before_mj_step
1784883474.598921299 step=36 stage=after_mj_step
1784883474.599028587 step=37 stage=loop_begin
1784883474.631657362 step=37 stage=after_set_ctrl
1784883474.631890059 step=37 stage=after_step_log
1784883474.631958961 step=37 stage=before_mj_step
1784883474.632117748 step=37 stage=after_mj_step
1784883474.632350683 step=38 stage=loop_begin
1784883474.652632475 step=38 stage=after_set_ctrl
1784883474.652864218 step=38 stage=after_step_log
1784883474.652931929 step=38 stage=before_mj_step
1784883474.653080940 step=38 stage=after_mj_step
1784883474.653279305 step=39 stage=loop_begin
1784883474.679543257 step=39 stage=after_set_ctrl
1784883474.679801226 step=39 stage=after_step_log
1784883474.679868698 step=39 stage=before_mj_step
1784883474.680021524 step=39 stage=after_mj_step
1784883474.680252314 step=40 stage=loop_begin
1784883474.680413961 step=40 stage=before_camera_render
1784883474.826234818 step=40 stage=after_camera_render
1784883474.832129717 step=40 stage=after_set_ctrl
1784883474.832229137 step=40 stage=after_step_log
1784883474.832234859 step=40 stage=before_mj_step
1784883474.832313538 step=40 stage=after_mj_step
1784883474.832404375 step=41 stage=loop_begin
1784883474.838149071 step=41 stage=after_set_ctrl
1784883474.838243246 step=41 stage=after_step_log
1784883474.838248730 step=41 stage=before_mj_step
1784883474.838318348 step=41 stage=after_mj_step
1784883474.838398457 step=42 stage=loop_begin
1784883474.843902826 step=42 stage=after_set_ctrl
1784883474.843997717 step=42 stage=after_step_log
1784883474.844002724 step=42 stage=before_mj_step
1784883474.844076395 step=42 stage=after_mj_step
1784883474.844162226 step=43 stage=loop_begin
1784883474.849937916 step=43 stage=after_set_ctrl
1784883474.850062609 step=43 stage=after_step_log
1784883474.850067854 step=43 stage=before_mj_step
1784883474.850163460 step=43 stage=after_mj_step
1784883474.850284576 step=44 stage=loop_begin
1784883474.856075287 step=44 stage=after_set_ctrl
1784883474.856186390 step=44 stage=after_step_log
1784883474.856191397 step=44 stage=before_mj_step
1784883474.856274366 step=44 stage=after_mj_step
1784883474.856395245 step=45 stage=loop_begin
1784883474.856475830 step=45 stage=before_camera_render
1784883475.052146435 step=45 stage=after_camera_render
1784883475.066462755 step=45 stage=after_set_ctrl
1784883475.066587448 step=45 stage=after_step_log
1784883475.066593885 step=45 stage=before_mj_step
1784883475.066705465 step=45 stage=after_mj_step
1784883475.066821098 step=46 stage=loop_begin
1784883475.090764523 step=46 stage=after_set_ctrl
1784883475.091024160 step=46 stage=after_step_log
1784883475.091094017 step=46 stage=before_mj_step
1784883475.091259956 step=46 stage=after_mj_step
1784883475.091455936 step=47 stage=loop_begin
1784883475.115664482 step=47 stage=after_set_ctrl
1784883475.115935326 step=47 stage=after_step_log
1784883475.116003275 step=47 stage=before_mj_step
1784883475.116170645 step=47 stage=after_mj_step
1784883475.116349697 step=48 stage=loop_begin
1784883475.143711805 step=48 stage=after_set_ctrl
1784883475.143862486 step=48 stage=after_step_log
1784883475.143872499 step=48 stage=before_mj_step
1784883475.143974543 step=48 stage=after_mj_step
1784883475.144185781 step=49 stage=loop_begin
1784883475.177297831 step=49 stage=after_set_ctrl
1784883475.177473068 step=49 stage=after_step_log
1784883475.177482843 step=49 stage=before_mj_step
1784883475.177590847 step=49 stage=after_mj_step
1784883475.177802324 step=50 stage=loop_begin
1784883475.177910805 step=50 stage=before_camera_render
1784883475.328239202 step=50 stage=after_camera_render
1784883475.334329367 step=50 stage=after_set_ctrl
1784883475.334489107 step=50 stage=after_step_log
1784883475.334498405 step=50 stage=before_mj_step
1784883475.334583521 step=50 stage=after_mj_step
1784883475.334674358 step=51 stage=loop_begin
1784883475.340843916 step=51 stage=after_set_ctrl
1784883475.340940237 step=51 stage=after_step_log
1784883475.340945244 step=51 stage=before_mj_step
1784883475.341018200 step=51 stage=after_mj_step
1784883475.341098785 step=52 stage=loop_begin
1784883475.347550392 step=52 stage=after_set_ctrl
1784883475.347738266 step=52 stage=after_step_log
1784883475.347752810 step=52 stage=before_mj_step
1784883475.347894430 step=52 stage=after_mj_step
1784883475.348011732 step=53 stage=loop_begin
1784883475.354044676 step=53 stage=after_set_ctrl
1784883475.354156017 step=53 stage=after_step_log
1784883475.354161263 step=53 stage=before_mj_step
1784883475.354246140 step=53 stage=after_mj_step
1784883475.354359150 step=54 stage=loop_begin
1784883475.368272543 step=54 stage=after_set_ctrl
1784883475.368426800 step=54 stage=after_step_log
1784883475.368432283 step=54 stage=before_mj_step
1784883475.368565083 step=54 stage=after_mj_step
1784883475.368706465 step=55 stage=loop_begin
1784883475.368811846 step=55 stage=before_camera_render
1784883475.564502716 step=55 stage=after_camera_render
1784883475.571247339 step=55 stage=after_set_ctrl
1784883475.571351051 step=55 stage=after_step_log
1784883475.571356058 step=55 stage=before_mj_step
1784883475.571443558 step=55 stage=after_mj_step
1784883475.571546078 step=56 stage=loop_begin
1784883475.579486132 step=56 stage=after_set_ctrl
1784883475.579652786 step=56 stage=after_step_log
1784883475.579662323 step=56 stage=before_mj_step
1784883475.579794407 step=56 stage=after_mj_step
1784883475.579932213 step=57 stage=loop_begin
1784883475.599010468 step=57 stage=after_set_ctrl
1784883475.599162579 step=57 stage=after_step_log
1784883475.599170446 step=57 stage=before_mj_step
1784883475.599281549 step=57 stage=after_mj_step
1784883475.599393845 step=58 stage=loop_begin
1784883475.633958578 step=58 stage=after_set_ctrl
1784883475.634113073 step=58 stage=after_step_log
1784883475.634121656 step=58 stage=before_mj_step
1784883475.634237289 step=58 stage=after_mj_step
1784883475.634376049 step=59 stage=loop_begin
1784883475.654215574 step=59 stage=after_set_ctrl
1784883475.655225277 step=59 stage=after_step_log
1784883475.655688524 step=59 stage=before_mj_step
1784883475.656183481 step=59 stage=after_mj_step
1784883475.656717777 step=60 stage=loop_begin
1784883475.657253742 step=60 stage=before_camera_render
1784883475.809770346 step=60 stage=after_camera_render
1784883475.815877199 step=60 stage=after_set_ctrl
1784883475.815982580 step=60 stage=after_step_log
1784883475.815987825 step=60 stage=before_mj_step
1784883475.816076756 step=60 stage=after_mj_step
1784883475.816183329 step=61 stage=loop_begin
1784883475.822031975 step=61 stage=after_set_ctrl
1784883475.822133303 step=61 stage=after_step_log
1784883475.822138071 step=61 stage=before_mj_step
1784883475.822211981 step=61 stage=after_mj_step
1784883475.822290897 step=62 stage=loop_begin
1784883475.827888966 step=62 stage=after_set_ctrl
1784883475.827980757 step=62 stage=after_step_log
1784883475.827986717 step=62 stage=before_mj_step
1784883475.828059673 step=62 stage=after_mj_step
1784883475.828132868 step=63 stage=loop_begin
1784883475.838027239 step=63 stage=after_set_ctrl
1784883475.838183880 step=63 stage=after_step_log
1784883475.838195562 step=63 stage=before_mj_step
1784883475.838327646 step=63 stage=after_mj_step
1784883475.838449955 step=64 stage=loop_begin
1784883475.851861477 step=64 stage=after_set_ctrl
1784883475.852046251 step=64 stage=after_step_log
1784883475.852053642 step=64 stage=before_mj_step
1784883475.852180958 step=64 stage=after_mj_step
1784883475.852318764 step=65 stage=loop_begin
1784883475.852418661 step=65 stage=before_camera_render
1784883476.047552586 step=65 stage=after_camera_render
1784883476.054068327 step=65 stage=after_set_ctrl
1784883476.054184675 step=65 stage=after_step_log
1784883476.054190636 step=65 stage=before_mj_step
1784883476.054287910 step=65 stage=after_mj_step
1784883476.054429531 step=66 stage=loop_begin
1784883476.060804605 step=66 stage=after_set_ctrl
1784883476.060906649 step=66 stage=after_step_log
1784883476.060911894 step=66 stage=before_mj_step
1784883476.060991287 step=66 stage=after_mj_step
1784883476.061083078 step=67 stage=loop_begin
1784883476.074250221 step=67 stage=after_set_ctrl
1784883476.074376106 step=67 stage=after_step_log
1784883476.074381828 step=67 stage=before_mj_step
1784883476.074508190 step=67 stage=after_mj_step
1784883476.074615717 step=68 stage=loop_begin
1784883476.081023216 step=68 stage=after_set_ctrl
1784883476.081144094 step=68 stage=after_step_log
1784883476.081149101 step=68 stage=before_mj_step
1784883476.081247568 step=68 stage=after_mj_step
1784883476.081374407 step=69 stage=loop_begin
1784883476.090742826 step=69 stage=after_set_ctrl
1784883476.090911627 step=69 stage=after_step_log
1784883476.090921879 step=69 stage=before_mj_step
1784883476.091082335 step=69 stage=after_mj_step
1784883476.091243982 step=70 stage=loop_begin
1784883476.091354370 step=70 stage=before_camera_render
1784883476.278873444 step=70 stage=after_camera_render
1784883476.291933298 step=70 stage=after_set_ctrl
1784883476.292721987 step=70 stage=after_step_log
1784883476.293110132 step=70 stage=before_mj_step
1784883476.293589354 step=70 stage=after_mj_step
1784883476.294114828 step=71 stage=loop_begin
1784883476.319908381 step=71 stage=after_set_ctrl
1784883476.320157290 step=71 stage=after_step_log
1784883476.321324825 step=71 stage=before_mj_step
1784883476.321897745 step=71 stage=after_mj_step
1784883476.322632790 step=72 stage=loop_begin
1784883476.338980436 step=72 stage=after_set_ctrl
1784883476.339663506 step=72 stage=after_step_log
1784883476.340115309 step=72 stage=before_mj_step
1784883476.340624094 step=72 stage=after_mj_step
1784883476.341181755 step=73 stage=loop_begin
1784883476.365770340 step=73 stage=after_set_ctrl
1784883476.366429806 step=73 stage=after_step_log
1784883476.366872311 step=73 stage=before_mj_step
1784883476.367574692 step=73 stage=after_mj_step
1784883476.367846251 step=74 stage=loop_begin
1784883476.390801907 step=74 stage=after_set_ctrl
1784883476.391053677 step=74 stage=after_step_log
1784883476.391126156 step=74 stage=before_mj_step
1784883476.391292810 step=74 stage=after_mj_step
1784883476.391546011 step=75 stage=loop_begin
1784883476.391721010 step=75 stage=before_camera_render
1784883476.534345150 step=75 stage=after_camera_render
1784883476.541321516 step=75 stage=after_set_ctrl
1784883476.541461945 step=75 stage=after_step_log
1784883476.541467428 step=75 stage=before_mj_step
1784883476.541563511 step=75 stage=after_mj_step
1784883476.541657448 step=76 stage=loop_begin
1784883476.547500849 step=76 stage=after_set_ctrl
1784883476.547616720 step=76 stage=after_step_log
1784883476.547631979 step=76 stage=before_mj_step
1784883476.547716141 step=76 stage=after_mj_step
1784883476.547833920 step=77 stage=loop_begin
1784883476.553806543 step=77 stage=after_set_ctrl
1784883476.553909540 step=77 stage=after_step_log
1784883476.553915739 step=77 stage=before_mj_step
1784883476.553999424 step=77 stage=after_mj_step
1784883476.554105759 step=78 stage=loop_begin
1784883476.559822083 step=78 stage=after_set_ctrl
1784883476.559916019 step=78 stage=after_step_log
1784883476.559921741 step=78 stage=before_mj_step
1784883476.560000658 step=78 stage=after_mj_step
1784883476.560092211 step=79 stage=loop_begin
1784883476.567188740 step=79 stage=after_set_ctrl
1784883476.567288876 step=79 stage=after_step_log
1784883476.567293882 step=79 stage=before_mj_step
1784883476.567377567 step=79 stage=after_mj_step
1784883476.567465544 step=80 stage=loop_begin
1784883476.567546129 step=80 stage=before_camera_render
1784883476.759228468 step=80 stage=after_camera_render
1784883476.765838146 step=80 stage=after_set_ctrl
1784883476.765989542 step=80 stage=after_step_log
1784883476.765998602 step=80 stage=before_mj_step
1784883476.766111135 step=80 stage=after_mj_step
1784883476.766257763 step=81 stage=loop_begin
1784883476.791957617 step=81 stage=after_set_ctrl
1784883476.792110682 step=81 stage=after_step_log
1784883476.792119503 step=81 stage=before_mj_step
1784883476.792232990 step=81 stage=after_mj_step
1784883476.792370796 step=82 stage=loop_begin
1784883476.827031851 step=82 stage=after_set_ctrl
1784883476.827184916 step=82 stage=after_step_log
1784883476.827194452 step=82 stage=before_mj_step
1784883476.827313185 step=82 stage=after_mj_step
1784883476.827453852 step=83 stage=loop_begin
1784883476.855975628 step=83 stage=after_set_ctrl
1784883476.856273651 step=83 stage=after_step_log
1784883476.856288671 step=83 stage=before_mj_step
1784883476.856415510 step=83 stage=after_mj_step
1784883476.856629848 step=84 stage=loop_begin
1784883476.883046627 step=84 stage=after_set_ctrl
1784883476.883152485 step=84 stage=after_step_log
1784883476.883157969 step=84 stage=before_mj_step
1784883476.883237362 step=84 stage=after_mj_step
1784883476.883341789 step=85 stage=loop_begin
1784883476.883416653 step=85 stage=before_camera_render
1784883477.027576923 step=85 stage=after_camera_render
1784883477.033604622 step=85 stage=after_set_ctrl
1784883477.033706188 step=85 stage=after_step_log
1784883477.033711195 step=85 stage=before_mj_step
1784883477.033797264 step=85 stage=after_mj_step
1784883477.033894062 step=86 stage=loop_begin
1784883477.039839745 step=86 stage=after_set_ctrl
1784883477.039929867 step=86 stage=after_step_log
1784883477.039934874 step=86 stage=before_mj_step
1784883477.040010691 step=86 stage=after_mj_step
1784883477.040087700 step=87 stage=loop_begin
1784883477.045693398 step=87 stage=after_set_ctrl
1784883477.045785666 step=87 stage=after_step_log
1784883477.045790434 step=87 stage=before_mj_step
1784883477.045867205 step=87 stage=after_mj_step
1784883477.045947552 step=88 stage=loop_begin
1784883477.051989794 step=88 stage=after_set_ctrl
1784883477.052103281 step=88 stage=after_step_log
1784883477.052108765 step=88 stage=before_mj_step
1784883477.052202225 step=88 stage=after_mj_step
1784883477.052323341 step=89 stage=loop_begin
1784883477.058064938 step=89 stage=after_set_ctrl
1784883477.058175802 step=89 stage=after_step_log
1784883477.058181524 step=89 stage=before_mj_step
1784883477.058269978 step=89 stage=after_mj_step
1784883477.058383465 step=90 stage=loop_begin
1784883477.058461189 step=90 stage=before_camera_render
1784883477.251703978 step=90 stage=after_camera_render
1784883477.257884264 step=90 stage=after_set_ctrl
1784883477.258001328 step=90 stage=after_step_log
1784883477.258007050 step=90 stage=before_mj_step
1784883477.258102894 step=90 stage=after_mj_step
1784883477.258215904 step=91 stage=loop_begin
1784883477.264143705 step=91 stage=after_set_ctrl
1784883477.264250278 step=91 stage=after_step_log
1784883477.264256239 step=91 stage=before_mj_step
1784883477.264336348 step=91 stage=after_mj_step
1784883477.264440536 step=92 stage=loop_begin
1784883477.270160675 step=92 stage=after_set_ctrl
1784883477.270259857 step=92 stage=after_step_log
1784883477.270265102 step=92 stage=before_mj_step
1784883477.270363092 step=92 stage=after_mj_step
1784883477.270507812 step=93 stage=loop_begin
1784883477.297325134 step=93 stage=after_set_ctrl
1784883477.297472477 step=93 stage=after_step_log
1784883477.297479630 step=93 stage=before_mj_step
1784883477.297600031 step=93 stage=after_mj_step
1784883477.297720671 step=94 stage=loop_begin
1784883477.319653749 step=94 stage=after_set_ctrl
1784883477.319890261 step=94 stage=after_step_log
1784883477.319951057 step=94 stage=before_mj_step
1784883477.320103645 step=94 stage=after_mj_step
1784883477.320285797 step=95 stage=loop_begin
1784883477.320682049 step=95 stage=before_camera_render
1784883477.493850231 step=95 stage=after_camera_render
1784883477.536252975 step=95 stage=after_set_ctrl
1784883477.536414862 step=95 stage=after_step_log
1784883477.536422253 step=95 stage=before_mj_step
1784883477.536548376 step=95 stage=after_mj_step
1784883477.536692142 step=96 stage=loop_begin
1784883477.580342054 step=96 stage=after_set_ctrl
1784883477.580523491 step=96 stage=after_step_log
1784883477.580533981 step=96 stage=before_mj_step
1784883477.580664635 step=96 stage=after_mj_step
1784883477.580848694 step=97 stage=loop_begin
1784883477.591188908 step=97 stage=after_set_ctrl
1784883477.591282606 step=97 stage=after_step_log
1784883477.591288328 step=97 stage=before_mj_step
1784883477.591365099 step=97 stage=after_mj_step
1784883477.591450214 step=98 stage=loop_begin
1784883477.597686291 step=98 stage=after_set_ctrl
1784883477.597783327 step=98 stage=after_step_log
1784883477.597788095 step=98 stage=before_mj_step
1784883477.597864389 step=98 stage=after_mj_step
1784883477.597943544 step=99 stage=loop_begin
1784883477.603855610 step=99 stage=after_set_ctrl
1784883477.603941679 step=99 stage=after_step_log
1784883477.603946447 step=99 stage=before_mj_step
1784883477.604023695 step=99 stage=after_mj_step
1784883477.604100466 step=100 stage=loop_begin
1784883477.604166985 step=100 stage=before_camera_render
1784883477.751362801 step=100 stage=after_camera_render
1784883477.757810116 step=100 stage=after_set_ctrl
1784883477.757945299 step=100 stage=after_step_log
1784883477.757949591 step=100 stage=before_mj_step
1784883477.758043051 step=100 stage=after_mj_step
1784883477.758141756 step=101 stage=loop_begin
1784883477.764091730 step=101 stage=after_set_ctrl
1784883477.764196396 step=101 stage=after_step_log
1784883477.764201641 step=101 stage=before_mj_step
1784883477.764281273 step=101 stage=after_mj_step
1784883477.764374733 step=102 stage=loop_begin
1784883477.770034313 step=102 stage=after_set_ctrl
1784883477.770130873 step=102 stage=after_step_log
1784883477.770136118 step=102 stage=before_mj_step
1784883477.770216703 step=102 stage=after_mj_step
1784883477.770297766 step=103 stage=loop_begin
1784883477.779317141 step=103 stage=after_set_ctrl
1784883477.779482603 step=103 stage=after_step_log
1784883477.779494762 step=103 stage=before_mj_step
1784883477.779652119 step=103 stage=after_mj_step
1784883477.779813051 step=104 stage=loop_begin
1784883477.814354181 step=104 stage=after_set_ctrl
1784883477.817690611 step=104 stage=after_step_log
1784883477.817707300 step=104 stage=before_mj_step
1784883477.817866802 step=104 stage=after_mj_step
1784883477.818022728 step=105 stage=loop_begin
1784883477.818394899 step=105 stage=before_camera_render
1784883478.017154455 step=105 stage=after_camera_render
1784883478.056373835 step=105 stage=after_set_ctrl
1784883478.056525707 step=105 stage=after_step_log
1784883478.056537151 step=105 stage=before_mj_step
1784883478.056653023 step=105 stage=after_mj_step
1784883478.056794643 step=106 stage=loop_begin
1784883478.077193975 step=106 stage=after_set_ctrl
1784883478.077439070 step=106 stage=after_step_log
1784883478.077513933 step=106 stage=before_mj_step
1784883478.077621937 step=106 stage=after_mj_step
1784883478.077734947 step=107 stage=loop_begin
1784883478.089670420 step=107 stage=after_set_ctrl
1784883478.089799643 step=107 stage=after_step_log
1784883478.089806318 step=107 stage=before_mj_step
1784883478.089912891 step=107 stage=after_mj_step
1784883478.090018272 step=108 stage=loop_begin
1784883478.096195221 step=108 stage=after_set_ctrl
1784883478.096312284 step=108 stage=after_step_log
1784883478.096318722 step=108 stage=before_mj_step
1784883478.096420050 step=108 stage=after_mj_step
1784883478.096517086 step=109 stage=loop_begin
1784883478.102256298 step=109 stage=after_set_ctrl
1784883478.102375746 step=109 stage=after_step_log
1784883478.102382660 step=109 stage=before_mj_step
1784883478.102486610 step=109 stage=after_mj_step
1784883478.102576494 step=110 stage=loop_begin
1784883478.102655888 step=110 stage=before_camera_render
1784883478.244255543 step=110 stage=after_camera_render
1784883478.250501156 step=110 stage=after_set_ctrl
1784883478.250620127 step=110 stage=after_step_log
1784883478.250626087 step=110 stage=before_mj_step
1784883478.250733137 step=110 stage=after_mj_step
1784883478.250847340 step=111 stage=loop_begin
1784883478.257461309 step=111 stage=after_set_ctrl
1784883478.257569313 step=111 stage=after_step_log
1784883478.257575750 step=111 stage=before_mj_step
1784883478.257660389 step=111 stage=after_mj_step
1784883478.257757425 step=112 stage=loop_begin
1784883478.264095545 step=112 stage=after_set_ctrl
1784883478.264189959 step=112 stage=after_step_log
1784883478.264194965 step=112 stage=before_mj_step
1784883478.264273167 step=112 stage=after_mj_step
1784883478.264367819 step=113 stage=loop_begin
1784883478.272516012 step=113 stage=after_set_ctrl
1784883478.272613525 step=113 stage=after_step_log
1784883478.272619486 step=113 stage=before_mj_step
1784883478.272696495 step=113 stage=after_mj_step
1784883478.272784948 step=114 stage=loop_begin
1784883478.279224157 step=114 stage=after_set_ctrl
1784883478.279365063 step=114 stage=after_step_log
1784883478.279374123 step=114 stage=before_mj_step
1784883478.279473066 step=114 stage=after_mj_step
1784883478.279600143 step=115 stage=loop_begin
1784883478.279700756 step=115 stage=before_camera_render
1784883478.474011898 step=115 stage=after_camera_render
1784883478.486100435 step=115 stage=after_set_ctrl
1784883478.486242294 step=115 stage=after_step_log
1784883478.486251116 step=115 stage=before_mj_step
1784883478.486359835 step=115 stage=after_mj_step
1784883478.486479044 step=116 stage=loop_begin
1784883478.512055874 step=116 stage=after_set_ctrl
1784883478.515297174 step=116 stage=after_step_log
1784883478.515316963 step=116 stage=before_mj_step
1784883478.515471220 step=116 stage=after_mj_step
1784883478.515615225 step=117 stage=loop_begin
1784883478.556290865 step=117 stage=after_set_ctrl
1784883478.557110310 step=117 stage=after_step_log
1784883478.557641506 step=117 stage=before_mj_step
1784883478.558238745 step=117 stage=after_mj_step
1784883478.558865547 step=118 stage=loop_begin
1784883478.576745272 step=118 stage=after_set_ctrl
1784883478.576898098 step=118 stage=after_step_log
1784883478.576909065 step=118 stage=before_mj_step
1784883478.577029705 step=118 stage=after_mj_step
1784883478.577166557 step=119 stage=loop_begin
1784883478.590802431 step=119 stage=after_set_ctrl
1784883478.590938330 step=119 stage=after_step_log
1784883478.590949774 step=119 stage=before_mj_step
1784883478.591067314 step=119 stage=after_mj_step
1784883478.591185570 step=120 stage=loop_begin
1784883478.591301441 step=120 stage=before_camera_render
1784883478.737971783 step=120 stage=after_camera_render
1784883478.751838207 step=120 stage=after_set_ctrl
1784883478.752033234 step=120 stage=after_step_log
1784883478.752044916 step=120 stage=before_mj_step
1784883478.752218962 step=120 stage=after_mj_step
1784883478.752399921 step=121 stage=loop_begin
1784883478.770211935 step=121 stage=after_set_ctrl
1784883478.770929098 step=121 stage=after_step_log
1784883478.771167278 step=121 stage=before_mj_step
1784883478.771625519 step=121 stage=after_mj_step
1784883478.771794081 step=122 stage=loop_begin
1784883478.780465364 step=122 stage=after_set_ctrl
1784883478.780729055 step=122 stage=after_step_log
1784883478.780740261 step=122 stage=before_mj_step
1784883478.780877829 step=122 stage=after_mj_step
1784883478.781030416 step=123 stage=loop_begin
1784883478.817794800 step=123 stage=after_set_ctrl
1784883478.817967415 step=123 stage=after_step_log
1784883478.817981720 step=123 stage=before_mj_step
1784883478.818131685 step=123 stage=after_mj_step
1784883478.818303585 step=124 stage=loop_begin
1784883478.836019278 step=124 stage=after_set_ctrl
1784883478.836188316 step=124 stage=after_step_log
1784883478.836203337 step=124 stage=before_mj_step
1784883478.836338758 step=124 stage=after_mj_step
1784883478.836506844 step=125 stage=loop_begin
1784883478.836646795 step=125 stage=before_camera_render
1784883478.996677876 step=125 stage=after_camera_render
1784883479.002944946 step=125 stage=after_set_ctrl
1784883479.003083706 step=125 stage=after_step_log
1784883479.003088236 step=125 stage=before_mj_step
1784883479.003179312 step=125 stage=after_mj_step
1784883479.003276825 step=126 stage=loop_begin
1784883479.009590864 step=126 stage=after_set_ctrl
1784883479.009684324 step=126 stage=after_step_log
1784883479.009689093 step=126 stage=before_mj_step
1784883479.009765863 step=126 stage=after_mj_step
1784883479.009844303 step=127 stage=loop_begin
1784883479.015521765 step=127 stage=after_set_ctrl
1784883479.015617132 step=127 stage=after_step_log
1784883479.015622616 step=127 stage=before_mj_step
1784883479.015704632 step=127 stage=after_mj_step
1784883479.015789032 step=128 stage=loop_begin
1784883479.021806479 step=128 stage=after_set_ctrl
1784883479.021894693 step=128 stage=after_step_log
1784883479.021899223 step=128 stage=before_mj_step
1784883479.021975756 step=128 stage=after_mj_step
1784883479.022050619 step=129 stage=loop_begin
1784883479.027737617 step=129 stage=after_set_ctrl
1784883479.027831554 step=129 stage=after_step_log
1784883479.027837038 step=129 stage=before_mj_step
1784883479.027918816 step=129 stage=after_mj_step
1784883479.028003693 step=130 stage=loop_begin
1784883479.028073549 step=130 stage=before_camera_render
1784883479.229317665 step=130 stage=after_camera_render
1784883479.235788107 step=130 stage=after_set_ctrl
1784883479.235888243 step=130 stage=after_step_log
1784883479.235893011 step=130 stage=before_mj_step
1784883479.235973120 step=130 stage=after_mj_step
1784883479.236069202 step=131 stage=loop_begin
1784883479.242252111 step=131 stage=after_set_ctrl
1784883479.242351532 step=131 stage=after_step_log
1784883479.242356539 step=131 stage=before_mj_step
1784883479.242436171 step=131 stage=after_mj_step
1784883479.242530584 step=132 stage=loop_begin
1784883479.248515368 step=132 stage=after_set_ctrl
1784883479.248625755 step=132 stage=after_step_log
1784883479.248631716 step=132 stage=before_mj_step
1784883479.248712301 step=132 stage=after_mj_step
1784883479.248823881 step=133 stage=loop_begin
1784883479.254864454 step=133 stage=after_set_ctrl
1784883479.254966974 step=133 stage=after_step_log
1784883479.254973173 step=133 stage=before_mj_step
1784883479.255051374 step=133 stage=after_mj_step
1784883479.255155563 step=134 stage=loop_begin
1784883479.270475149 step=134 stage=after_set_ctrl
1784883479.270651102 step=134 stage=after_step_log
1784883479.270663977 step=134 stage=before_mj_step
1784883479.270854235 step=134 stage=after_mj_step
1784883479.271027088 step=135 stage=loop_begin
1784883479.271161318 step=135 stage=before_camera_render
1784883479.464297771 step=135 stage=after_camera_render
1784883479.476468325 step=135 stage=after_set_ctrl
1784883479.476655245 step=135 stage=after_step_log
1784883479.476665974 step=135 stage=before_mj_step
1784883479.476822376 step=135 stage=after_mj_step
1784883479.476991892 step=136 stage=loop_begin
1784883479.518261671 step=136 stage=after_set_ctrl
1784883479.518401384 step=136 stage=after_step_log
1784883479.518410921 step=136 stage=before_mj_step
1784883479.518533468 step=136 stage=after_mj_step
1784883479.518652678 step=137 stage=loop_begin
1784883479.546339989 step=137 stage=after_set_ctrl
1784883479.546492338 step=137 stage=after_step_log
1784883479.546502352 step=137 stage=before_mj_step
1784883479.546614170 step=137 stage=after_mj_step
1784883479.546759367 step=138 stage=loop_begin
1784883479.570799351 step=138 stage=after_set_ctrl
1784883479.571042299 step=138 stage=after_step_log
1784883479.571054697 step=138 stage=before_mj_step
1784883479.571222067 step=138 stage=after_mj_step
1784883479.571363211 step=139 stage=loop_begin
1784883479.581386805 step=139 stage=after_set_ctrl
1784883479.581498861 step=139 stage=after_step_log
1784883479.581505299 step=139 stage=before_mj_step
1784883479.581588268 step=139 stage=after_mj_step
1784883479.581696749 step=140 stage=loop_begin
1784883479.581773996 step=140 stage=before_camera_render
1784883479.724149227 step=140 stage=after_camera_render
1784883479.730183601 step=140 stage=after_set_ctrl
1784883479.730281830 step=140 stage=after_step_log
1784883479.730286837 step=140 stage=before_mj_step
1784883479.730379820 step=140 stage=after_mj_step
1784883479.730478525 step=141 stage=loop_begin
1784883479.736364126 step=141 stage=after_set_ctrl
1784883479.736453056 step=141 stage=after_step_log
1784883479.736458302 step=141 stage=before_mj_step
1784883479.736539125 step=141 stage=after_mj_step
1784883479.736616135 step=142 stage=loop_begin
1784883479.742293835 step=142 stage=after_set_ctrl
1784883479.742388248 step=142 stage=after_step_log
1784883479.742394447 step=142 stage=before_mj_step
1784883479.742472172 step=142 stage=after_mj_step
1784883479.742552757 step=143 stage=loop_begin
1784883479.748377323 step=143 stage=after_set_ctrl
1784883479.748484612 step=143 stage=after_step_log
1784883479.748495102 step=143 stage=before_mj_step
1784883479.748589039 step=143 stage=after_mj_step
1784883479.748695612 step=144 stage=loop_begin
1784883479.754933357 step=144 stage=after_set_ctrl
1784883479.755045176 step=144 stage=after_step_log
1784883479.755050659 step=144 stage=before_mj_step
1784883479.755154848 step=144 stage=after_mj_step
1784883479.755280972 step=145 stage=loop_begin
1784883479.755369186 step=145 stage=before_camera_render
1784883479.995438576 step=145 stage=after_camera_render
1784883480.034797907 step=145 stage=after_set_ctrl
1784883480.034963131 step=145 stage=after_step_log
1784883480.034977674 step=145 stage=before_mj_step
1784883480.035101175 step=145 stage=after_mj_step
1784883480.037441969 step=146 stage=loop_begin
1784883480.077872276 step=146 stage=after_set_ctrl
1784883480.078050613 step=146 stage=after_step_log
1784883480.078064442 step=146 stage=before_mj_step
1784883480.078192949 step=146 stage=after_mj_step
1784883480.078373432 step=147 stage=loop_begin
1784883480.089376926 step=147 stage=after_set_ctrl
1784883480.089483500 step=147 stage=after_step_log
1784883480.089488745 step=147 stage=before_mj_step
1784883480.089595079 step=147 stage=after_mj_step
1784883480.089700937 step=148 stage=loop_begin
1784883480.096050978 step=148 stage=after_set_ctrl
1784883480.096142530 step=148 stage=after_step_log
1784883480.096148014 step=148 stage=before_mj_step
1784883480.096229315 step=148 stage=after_mj_step
1784883480.096304417 step=149 stage=loop_begin
1784883480.102099419 step=149 stage=after_set_ctrl
1784883480.102188349 step=149 stage=after_step_log
1784883480.102193356 step=149 stage=before_mj_step
1784883480.102272749 step=149 stage=after_mj_step
1784883480.102343798 step=150 stage=loop_begin
1784883480.102407455 step=150 stage=before_camera_render
1784883480.250498772 step=150 stage=after_camera_render
1784883480.257029533 step=150 stage=after_set_ctrl
1784883480.257169962 step=150 stage=after_step_log
1784883480.257174492 step=150 stage=before_mj_step
1784883480.257271767 step=150 stage=after_mj_step
1784883480.257383108 step=151 stage=loop_begin
1784883480.268202305 step=151 stage=after_set_ctrl
1784883480.268363237 step=151 stage=after_step_log
1784883480.268374205 step=151 stage=before_mj_step
1784883480.268522978 step=151 stage=after_mj_step
1784883480.268682957 step=152 stage=loop_begin
1784883480.284263372 step=152 stage=after_set_ctrl
1784883480.284440041 step=152 stage=after_step_log
1784883480.284451723 step=152 stage=before_mj_step
1784883480.284615278 step=152 stage=after_mj_step
1784883480.284779787 step=153 stage=loop_begin
1784883480.319187880 step=153 stage=after_set_ctrl
1784883480.319329977 step=153 stage=after_step_log
1784883480.319336891 step=153 stage=before_mj_step
1784883480.319449902 step=153 stage=after_mj_step
1784883480.319560289 step=154 stage=loop_begin
1784883480.346205235 step=154 stage=after_set_ctrl
1784883480.348297834 step=154 stage=after_step_log
1784883480.348802328 step=154 stage=before_mj_step
1784883480.349353552 step=154 stage=after_mj_step
1784883480.349928379 step=155 stage=loop_begin
1784883480.350748301 step=155 stage=before_camera_render
1784883480.509183884 step=155 stage=after_camera_render
1784883480.515648365 step=155 stage=after_set_ctrl
1784883480.515747309 step=155 stage=after_step_log
1784883480.515753031 step=155 stage=before_mj_step
1784883480.515844345 step=155 stage=after_mj_step
1784883480.515938520 step=156 stage=loop_begin
1784883480.522430658 step=156 stage=after_set_ctrl
1784883480.522528172 step=156 stage=after_step_log
1784883480.522534847 step=156 stage=before_mj_step
1784883480.522619963 step=156 stage=after_mj_step
1784883480.522698641 step=157 stage=loop_begin
1784883480.530366182 step=157 stage=after_set_ctrl
1784883480.530512571 step=157 stage=after_step_log
1784883480.530525208 step=157 stage=before_mj_step
1784883480.530657291 step=157 stage=after_mj_step
1784883480.530765533 step=158 stage=loop_begin
1784883480.544406414 step=158 stage=after_set_ctrl
1784883480.544587612 step=158 stage=after_step_log
1784883480.544601679 step=158 stage=before_mj_step
1784883480.544781685 step=158 stage=after_mj_step
1784883480.544962883 step=159 stage=loop_begin
1784883480.562116146 step=159 stage=after_set_ctrl
1784883480.562280178 step=159 stage=after_step_log
1784883480.562291622 step=159 stage=before_mj_step
1784883480.562464714 step=159 stage=after_mj_step
1784883480.562647820 step=160 stage=loop_begin
1784883480.562784433 step=160 stage=before_camera_render
1784883480.731261969 step=160 stage=after_camera_render
1784883480.737357378 step=160 stage=after_set_ctrl
1784883480.737455368 step=160 stage=after_step_log
1784883480.737460375 step=160 stage=before_mj_step
1784883480.737555981 step=160 stage=after_mj_step
1784883480.737647772 step=161 stage=loop_begin
1784883480.743618965 step=161 stage=after_set_ctrl
1784883480.743720531 step=161 stage=after_step_log
1784883480.743725538 step=161 stage=before_mj_step
1784883480.743807316 step=161 stage=after_mj_step
1784883480.743909359 step=162 stage=loop_begin
1784883480.750277281 step=162 stage=after_set_ctrl
1784883480.750398636 step=162 stage=after_step_log
1784883480.750404119 step=162 stage=before_mj_step
1784883480.750488758 step=162 stage=after_mj_step
1784883480.750618696 step=163 stage=loop_begin
1784883480.756889343 step=163 stage=after_set_ctrl
1784883480.756991625 step=163 stage=after_step_log
1784883480.756996870 step=163 stage=before_mj_step
1784883480.757079601 step=163 stage=after_mj_step
1784883480.757183790 step=164 stage=loop_begin
1784883480.769033194 step=164 stage=after_set_ctrl
1784883480.769202709 step=164 stage=after_step_log
1784883480.769214392 step=164 stage=before_mj_step
1784883480.769347429 step=164 stage=after_mj_step
1784883480.769495964 step=165 stage=loop_begin
1784883480.769677162 step=165 stage=before_camera_render
1784883480.975249290 step=165 stage=after_camera_render
1784883481.004620314 step=165 stage=after_set_ctrl
1784883481.004770041 step=165 stage=after_step_log
1784883481.004779339 step=165 stage=before_mj_step
1784883481.004897594 step=165 stage=after_mj_step
1784883481.005009890 step=166 stage=loop_begin
1784883481.035414219 step=166 stage=after_set_ctrl
1784883481.035559654 step=166 stage=after_step_log
1784883481.035569906 step=166 stage=before_mj_step
1784883481.035679340 step=166 stage=after_mj_step
1784883481.035788774 step=167 stage=loop_begin
1784883481.052117825 step=167 stage=after_set_ctrl
1784883481.052267313 step=167 stage=after_step_log
1784883481.052353859 step=167 stage=before_mj_step
1784883481.052523613 step=167 stage=after_mj_step
1784883481.052706003 step=168 stage=loop_begin
1784883481.073387861 step=168 stage=after_set_ctrl
1784883481.077611208 step=168 stage=after_step_log
1784883481.077685356 step=168 stage=before_mj_step
1784883481.077857494 step=168 stage=after_mj_step
1784883481.078028917 step=169 stage=loop_begin
1784883481.091861963 step=169 stage=after_set_ctrl
1784883481.091962576 step=169 stage=after_step_log
1784883481.091968298 step=169 stage=before_mj_step
1784883481.092047453 step=169 stage=after_mj_step
1784883481.092132092 step=170 stage=loop_begin
1784883481.092204332 step=170 stage=before_camera_render
1784883481.234268427 step=170 stage=after_camera_render
1784883481.246334791 step=170 stage=after_set_ctrl
1784883481.246465683 step=170 stage=after_step_log
1784883481.246472120 step=170 stage=before_mj_step
1784883481.246643782 step=170 stage=after_mj_step
1784883481.246767044 step=171 stage=loop_begin
1784883481.253910542 step=171 stage=after_set_ctrl
1784883481.254043341 step=171 stage=after_step_log
1784883481.254051685 step=171 stage=before_mj_step
1784883481.254162788 step=171 stage=after_mj_step
1784883481.254290342 step=172 stage=loop_begin
1784883481.260683775 step=172 stage=after_set_ctrl
1784883481.260788679 step=172 stage=after_step_log
1784883481.260794163 step=172 stage=before_mj_step
1784883481.260876179 step=172 stage=after_mj_step
1784883481.260970831 step=173 stage=loop_begin
1784883481.268423319 step=173 stage=after_set_ctrl
1784883481.268528223 step=173 stage=after_step_log
1784883481.268535137 step=173 stage=before_mj_step
1784883481.268616438 step=173 stage=after_mj_step
1784883481.268695354 step=174 stage=loop_begin
1784883481.275623083 step=174 stage=after_set_ctrl
1784883481.275769949 step=174 stage=after_step_log
1784883481.275779009 step=174 stage=before_mj_step
1784883481.275882959 step=174 stage=after_mj_step
1784883481.276007414 step=175 stage=loop_begin
1784883481.276103020 step=175 stage=before_camera_render
1784883481.477028131 step=175 stage=after_camera_render
1784883481.511459112 step=175 stage=after_set_ctrl
1784883481.511647701 step=175 stage=after_step_log
1784883481.511654615 step=175 stage=before_mj_step
1784883481.511783600 step=175 stage=after_mj_step
1784883481.511892796 step=176 stage=loop_begin
1784883481.532683611 step=176 stage=after_set_ctrl
1784883481.532821655 step=176 stage=after_step_log
1784883481.532830715 step=176 stage=before_mj_step
1784883481.532936096 step=176 stage=after_mj_step
1784883481.533095598 step=177 stage=loop_begin
1784883481.544625998 step=177 stage=after_set_ctrl
1784883481.545223951 step=177 stage=after_step_log
1784883481.545618057 step=177 stage=before_mj_step
1784883481.546081305 step=177 stage=after_mj_step
1784883481.546985149 step=178 stage=loop_begin
1784883481.566158295 step=178 stage=after_set_ctrl
1784883481.566760778 step=178 stage=after_step_log
1784883481.567147493 step=178 stage=before_mj_step
1784883481.567585707 step=178 stage=after_mj_step
1784883481.568755627 step=179 stage=loop_begin
1784883481.580876589 step=179 stage=after_set_ctrl
1784883481.580973625 step=179 stage=after_step_log
1784883481.580979824 step=179 stage=before_mj_step
1784883481.581060410 step=179 stage=after_mj_step
1784883481.581138372 step=180 stage=loop_begin
1784883481.581209660 step=180 stage=before_camera_render
1784883481.726742744 step=180 stage=after_camera_render
1784883481.733095407 step=180 stage=after_set_ctrl
1784883481.733195543 step=180 stage=after_step_log
1784883481.733201265 step=180 stage=before_mj_step
1784883481.733289957 step=180 stage=after_mj_step
1784883481.733377695 step=181 stage=loop_begin
1784883481.739309549 step=181 stage=after_set_ctrl
1784883481.739405394 step=181 stage=after_step_log
1784883481.739410400 step=181 stage=before_mj_step
1784883481.739496708 step=181 stage=after_mj_step
1784883481.739579678 step=182 stage=loop_begin
1784883481.745311499 step=182 stage=after_set_ctrl
1784883481.745422602 step=182 stage=after_step_log
1784883481.745427608 step=182 stage=before_mj_step
1784883481.745515585 step=182 stage=after_mj_step
1784883481.745618582 step=183 stage=loop_begin
1784883481.751479387 step=183 stage=after_set_ctrl
1784883481.751606226 step=183 stage=after_step_log
1784883481.751611948 step=183 stage=before_mj_step
1784883481.751698017 step=183 stage=after_mj_step
1784883481.751821518 step=184 stage=loop_begin
1784883481.761311293 step=184 stage=after_set_ctrl
1784883481.761500120 step=184 stage=after_step_log
1784883481.761514425 step=184 stage=before_mj_step
1784883481.761667728 step=184 stage=after_mj_step
1784883481.761829138 step=185 stage=loop_begin
1784883481.761968851 step=185 stage=before_camera_render
1784883481.955333233 step=185 stage=after_camera_render
1784883481.962142944 step=185 stage=after_set_ctrl
1784883481.962251425 step=185 stage=after_step_log
1784883481.962256908 step=185 stage=before_mj_step
1784883481.962350368 step=185 stage=after_mj_step
1784883481.962452412 step=186 stage=loop_begin
1784883481.968574286 step=186 stage=after_set_ctrl
1784883481.968688488 step=186 stage=after_step_log
1784883481.968693495 step=186 stage=before_mj_step
1784883481.968784571 step=186 stage=after_mj_step
1784883481.968892097 step=187 stage=loop_begin
1784883481.975155115 step=187 stage=after_set_ctrl
1784883481.975269079 step=187 stage=after_step_log
1784883481.975274086 step=187 stage=before_mj_step
1784883481.975362539 step=187 stage=after_mj_step
1784883481.975489378 step=188 stage=loop_begin
1784883481.983066082 step=188 stage=after_set_ctrl
1784883481.983225107 step=188 stage=after_step_log
1784883481.983232737 step=188 stage=before_mj_step
1784883481.983378410 step=188 stage=after_mj_step
1784883481.983531475 step=189 stage=loop_begin
1784883482.003100634 step=189 stage=after_set_ctrl
1784883482.003543139 step=189 stage=after_step_log
1784883482.004286528 step=189 stage=before_mj_step
1784883482.004885435 step=189 stage=after_mj_step
1784883482.005028009 step=190 stage=loop_begin
1784883482.006182432 step=190 stage=before_camera_render
1784883482.189628601 step=190 stage=after_camera_render
1784883482.233217716 step=190 stage=after_set_ctrl
1784883482.233366728 step=190 stage=after_step_log
1784883482.233375549 step=190 stage=before_mj_step
1784883482.233497143 step=190 stage=after_mj_step
1784883482.233639479 step=191 stage=loop_begin
1784883482.258144855 step=191 stage=after_set_ctrl
1784883482.258363962 step=191 stage=after_step_log
1784883482.258428097 step=191 stage=before_mj_step
1784883482.258768082 step=191 stage=after_mj_step
1784883482.258976698 step=192 stage=loop_begin
1784883482.281830072 step=192 stage=after_set_ctrl
1784883482.281966448 step=192 stage=after_step_log
1784883482.281972885 step=192 stage=before_mj_step
1784883482.282090664 step=192 stage=after_mj_step
1784883482.282218695 step=193 stage=loop_begin
1784883482.288310051 step=193 stage=after_set_ctrl
1784883482.288427114 step=193 stage=after_step_log
1784883482.288434029 step=193 stage=before_mj_step
1784883482.288543701 step=193 stage=after_mj_step
1784883482.288639784 step=194 stage=loop_begin
1784883482.296057463 step=194 stage=after_set_ctrl
1784883482.296144247 step=194 stage=after_step_log
1784883482.296149254 step=194 stage=before_mj_step
1784883482.296230793 step=194 stage=after_mj_step
1784883482.296309233 step=195 stage=loop_begin
1784883482.296387911 step=195 stage=before_camera_render
1784883482.438368559 step=195 stage=after_camera_render
1784883482.444903612 step=195 stage=after_set_ctrl
1784883482.445008278 step=195 stage=after_step_log
1784883482.445013762 step=195 stage=before_mj_step
1784883482.445114136 step=195 stage=after_mj_step
1784883482.445221186 step=196 stage=loop_begin
1784883482.451334000 step=196 stage=after_set_ctrl
1784883482.451452732 step=196 stage=after_step_log
1784883482.451457977 step=196 stage=before_mj_step
1784883482.451567173 step=196 stage=after_mj_step
1784883482.451685667 step=197 stage=loop_begin
1784883482.458243608 step=197 stage=after_set_ctrl
1784883482.458348036 step=197 stage=after_step_log
1784883482.458353043 step=197 stage=before_mj_step
1784883482.458434105 step=197 stage=after_mj_step
1784883482.458529472 step=198 stage=loop_begin
1784883482.464348555 step=198 stage=after_set_ctrl
1784883482.464449883 step=198 stage=after_step_log
1784883482.464454889 step=198 stage=before_mj_step
1784883482.464540005 step=198 stage=after_mj_step
1784883482.464652538 step=199 stage=loop_begin
1784883482.489665270 step=199 stage=after_set_ctrl
1784883482.489832640 step=199 stage=after_step_log
1784883482.489843607 step=199 stage=before_mj_step
1784883482.490017176 step=199 stage=after_mj_step
1784883482.490340233 step=200 stage=loop_begin
1784883482.490576267 step=200 stage=before_camera_render
1784883482.670241833 step=200 stage=after_camera_render
1784883482.704609632 step=200 stage=after_set_ctrl
1784883482.704794645 step=200 stage=after_step_log
1784883482.704800367 step=200 stage=before_mj_step
1784883482.704914093 step=200 stage=after_mj_step
1784883482.705056667 step=201 stage=loop_begin
1784883482.744671345 step=201 stage=after_set_ctrl
1784883482.744830608 step=201 stage=after_step_log
1784883482.744840145 step=201 stage=before_mj_step
1784883482.744961023 step=201 stage=after_mj_step
1784883482.745106220 step=202 stage=loop_begin
1784883482.769685745 step=202 stage=after_set_ctrl
1784883482.769818544 step=202 stage=after_step_log
1784883482.769827127 step=202 stage=before_mj_step
1784883482.769933939 step=202 stage=after_mj_step
1784883482.770471573 step=203 stage=loop_begin
1784883482.782675505 step=203 stage=after_set_ctrl
1784883482.782818794 step=203 stage=after_step_log
1784883482.782828093 step=203 stage=before_mj_step
1784883482.782911777 step=203 stage=after_mj_step
1784883482.782993317 step=204 stage=loop_begin
1784883482.788686514 step=204 stage=after_set_ctrl
1784883482.788772106 step=204 stage=after_step_log
1784883482.788776875 step=204 stage=before_mj_step
1784883482.788852453 step=204 stage=after_mj_step
1784883482.788928032 step=205 stage=loop_begin
1784883482.788994789 step=205 stage=before_camera_render
1784883482.931418419 step=205 stage=after_camera_render
1784883482.937850475 step=205 stage=after_set_ctrl
1784883482.937947273 step=205 stage=after_step_log
1784883482.937952518 step=205 stage=before_mj_step
1784883482.938035488 step=205 stage=after_mj_step
1784883482.938127756 step=206 stage=loop_begin
1784883482.943940401 step=206 stage=after_set_ctrl
1784883482.944046736 step=206 stage=after_step_log
1784883482.944052458 step=206 stage=before_mj_step
1784883482.944132328 step=206 stage=after_mj_step
1784883482.944221735 step=207 stage=loop_begin
1784883482.950564384 step=207 stage=after_set_ctrl
1784883482.950683117 step=207 stage=after_step_log
1784883482.950687885 step=207 stage=before_mj_step
1784883482.950769663 step=207 stage=after_mj_step
1784883482.950886965 step=208 stage=loop_begin
1784883482.957094431 step=208 stage=after_set_ctrl
1784883482.957195759 step=208 stage=after_step_log
1784883482.957201481 step=208 stage=before_mj_step
1784883482.957278967 step=208 stage=after_mj_step
1784883482.957378626 step=209 stage=loop_begin
1784883482.963167667 step=209 stage=after_set_ctrl
1784883482.963269234 step=209 stage=after_step_log
1784883482.963275433 step=209 stage=before_mj_step
1784883482.963351011 step=209 stage=after_mj_step
1784883482.963458538 step=210 stage=loop_begin
1784883482.963543653 step=210 stage=before_camera_render
1784883483.157726765 step=210 stage=after_camera_render
1784883483.164054632 step=210 stage=after_set_ctrl
1784883483.164167166 step=210 stage=after_step_log
1784883483.164172649 step=210 stage=before_mj_step
1784883483.164275169 step=210 stage=after_mj_step
1784883483.164393902 step=211 stage=loop_begin
1784883483.172440290 step=211 stage=after_set_ctrl
1784883483.172663450 step=211 stage=after_step_log
1784883483.172681332 step=211 stage=before_mj_step
1784883483.172842741 step=211 stage=after_mj_step
1784883483.173030853 step=212 stage=loop_begin
1784883483.196265936 step=212 stage=after_set_ctrl
1784883483.196437359 step=212 stage=after_step_log
1784883483.196448326 step=212 stage=before_mj_step
1784883483.196569681 step=212 stage=after_mj_step
1784883483.196735144 step=213 stage=loop_begin
1784883483.226165056 step=213 stage=after_set_ctrl
1784883483.226425171 step=213 stage=after_step_log
1784883483.226506710 step=213 stage=before_mj_step
1784883483.226692677 step=213 stage=after_mj_step
1784883483.226905107 step=214 stage=loop_begin
1784883483.253337145 step=214 stage=after_set_ctrl
1784883483.253605366 step=214 stage=after_step_log
1784883483.253687620 step=214 stage=before_mj_step
1784883483.253866196 step=214 stage=after_mj_step
1784883483.254070759 step=215 stage=loop_begin
1784883483.254253387 step=215 stage=before_camera_render
1784883483.407458067 step=215 stage=after_camera_render
1784883483.414021969 step=215 stage=after_set_ctrl
1784883483.414120674 step=215 stage=after_step_log
1784883483.414126158 step=215 stage=before_mj_step
1784883483.414206028 step=215 stage=after_mj_step
1784883483.414296627 step=216 stage=loop_begin
1784883483.420057774 step=216 stage=after_set_ctrl
1784883483.420148373 step=216 stage=after_step_log
1784883483.420153856 step=216 stage=before_mj_step
1784883483.420228958 step=216 stage=after_mj_step
1784883483.420302391 step=217 stage=loop_begin
1784883483.425927639 step=217 stage=after_set_ctrl
1784883483.426015139 step=217 stage=after_step_log
1784883483.426020384 step=217 stage=before_mj_step
1784883483.426094055 step=217 stage=after_mj_step
1784883483.426164627 step=218 stage=loop_begin
1784883483.433916092 step=218 stage=after_set_ctrl
1784883483.434005022 step=218 stage=after_step_log
1784883483.434010267 step=218 stage=before_mj_step
1784883483.434084892 step=218 stage=after_mj_step
1784883483.434156656 step=219 stage=loop_begin
1784883483.439962387 step=219 stage=after_set_ctrl
1784883483.440050364 step=219 stage=after_step_log
1784883483.440055609 step=219 stage=before_mj_step
1784883483.440129280 step=219 stage=after_mj_step
1784883483.440197706 step=220 stage=loop_begin
1784883483.440259218 step=220 stage=before_camera_render
