-- The C compiler identification is GNU 11.4.0
-- The CXX compiler identification is GNU 11.4.0
-- Detecting C compiler ABI info
-- Detecting C compiler ABI info - done
-- Check for working C compiler: /usr/bin/cc - skipped
-- Detecting C compile features
-- Detecting C compile features - done
-- Detecting CXX compiler ABI info
-- Detecting CXX compiler ABI info - done
-- Check for working CXX compiler: /usr/bin/c++ - skipped
-- Detecting CXX compile features
-- Detecting CXX compile features - done
-- Found ament_cmake: 1.3.14 (/opt/ros/humble/share/ament_cmake/cmake)
-- Found Python3: /usr/bin/python3 (found version "3.10.12") found components: Interpreter 
-- Found rosidl_default_generators: 1.2.1 (/opt/ros/humble/share/rosidl_default_generators/cmake)
-- Using all available rosidl_typesupport_c: rosidl_typesupport_fastrtps_c;rosidl_typesupport_introspection_c
-- Found rosidl_adapter: 3.1.8 (/opt/ros/humble/share/rosidl_adapter/cmake)
-- Using all available rosidl_typesupport_cpp: rosidl_typesupport_fastrtps_cpp;rosidl_typesupport_introspection_cpp
-- Found builtin_interfaces: 1.2.2 (/opt/ros/humble/share/builtin_interfaces/cmake)
-- Found geometry_msgs: 4.9.1 (/opt/ros/humble/share/geometry_msgs/cmake)
-- Found sensor_msgs: 4.9.1 (/opt/ros/humble/share/sensor_msgs/cmake)
-- Found ament_cmake_ros: 0.10.0 (/opt/ros/humble/share/ament_cmake_ros/cmake)
-- Using all available rosidl_typesupport_c: rosidl_typesupport_fastrtps_c;rosidl_typesupport_introspection_c
-- Using all available rosidl_typesupport_cpp: rosidl_typesupport_fastrtps_cpp;rosidl_typesupport_introspection_cpp
-- Found PythonInterp: /usr/bin/python3 (found suitable version "3.10.12", minimum required is "3.6") 
-- Found python_cmake_module: 0.10.0 (/opt/ros/humble/share/python_cmake_module/cmake)
-- Found PythonLibs: /usr/lib/x86_64-linux-gnu/libpython3.10.so (Required is at least version "3.5") 
-- Using PYTHON_EXECUTABLE: /usr/bin/python3
-- Using PYTHON_INCLUDE_DIRS: /usr/include/python3.10;/usr/include/x86_64-linux-gnu/python3.10
-- Using PYTHON_LIBRARIES: /usr/lib/x86_64-linux-gnu/libpython3.10.so
-- Found PythonExtra: .so  
-- Configuring done
-- Generating done
-- Build files have been written to: /home/sophie/isaac_lab/isaac_ws/rl_code/soarm100sim/ros2/build/soarm100_interfaces
[35m[1mConsolidate compiler generated dependencies of target soarm100_interfaces__rosidl_generator_c[0m
[  1%] Built target soarm100_interfaces__rs
[  2%] Built target soarm100_interfaces__cpp
[  2%] Built target ament_cmake_python_copy_soarm100_interfaces
[ 13%] Built target soarm100_interfaces__rosidl_generator_c
[35m[1mConsolidate compiler generated dependencies of target soarm100_interfaces__rosidl_typesupport_cpp[0m
[35m[1mConsolidate compiler generated dependencies of target soarm100_interfaces__rosidl_typesupport_introspection_cpp[0m
[35m[1mConsolidate compiler generated dependencies of target soarm100_interfaces__rosidl_typesupport_fastrtps_cpp[0m
[35m[1mConsolidate compiler generated dependencies of target soarm100_interfaces__rosidl_typesupport_c[0m
[35m[1mConsolidate compiler generated dependencies of target soarm100_interfaces__rosidl_typesupport_introspection_c[0m
[35m[1mConsolidate compiler generated dependencies of target soarm100_interfaces__rosidl_typesupport_fastrtps_c[0m
[ 25%] Built target soarm100_interfaces__rosidl_typesupport_cpp
[ 36%] Built target soarm100_interfaces__rosidl_typesupport_introspection_cpp
[ 47%] Built target soarm100_interfaces__rosidl_typesupport_c
[ 58%] Built target soarm100_interfaces__rosidl_typesupport_introspection_c
[ 69%] Built target soarm100_interfaces__rosidl_typesupport_fastrtps_cpp
[ 80%] Built target soarm100_interfaces__rosidl_typesupport_fastrtps_c
[ 80%] Built target soarm100_interfaces
[ 81%] Built target soarm100_interfaces__py
[35m[1mConsolidate compiler generated dependencies of target soarm100_interfaces__rosidl_generator_py[0m
[ 91%] Built target soarm100_interfaces__rosidl_generator_py
[35m[1mConsolidate compiler generated dependencies of target soarm100_interfaces__rosidl_typesupport_fastrtps_c__pyext[0m
[35m[1mConsolidate compiler generated dependencies of target soarm100_interfaces__rosidl_typesupport_c__pyext[0m
[35m[1mConsolidate compiler generated dependencies of target soarm100_interfaces__rosidl_typesupport_introspection_c__pyext[0m
[ 93%] [32m[1mLinking C shared library rosidl_generator_py/soarm100_interfaces/soarm100_interfaces_s__rosidl_typesupport_c.cpython-310-x86_64-linux-gnu.so[0m
[ 94%] [32m[1mLinking C shared library rosidl_generator_py/soarm100_interfaces/soarm100_interfaces_s__rosidl_typesupport_fastrtps_c.cpython-310-x86_64-linux-gnu.so[0m
[ 95%] [32m[1mLinking C shared library rosidl_generator_py/soarm100_interfaces/soarm100_interfaces_s__rosidl_typesupport_introspection_c.cpython-310-x86_64-linux-gnu.so[0m
[ 98%] Built target soarm100_interfaces__rosidl_typesupport_fastrtps_c__pyext
[ 98%] Built target soarm100_interfaces__rosidl_typesupport_c__pyext
[100%] Built target soarm100_interfaces__rosidl_typesupport_introspection_c__pyext
running egg_info
writing soarm100_interfaces.egg-info/PKG-INFO
writing dependency_links to soarm100_interfaces.egg-info/dependency_links.txt
writing top-level names to soarm100_interfaces.egg-info/top_level.txt
reading manifest file 'soarm100_interfaces.egg-info/SOURCES.txt'
writing manifest file 'soarm100_interfaces.egg-info/SOURCES.txt'
[100%] Built target ament_cmake_python_build_soarm100_interfaces_egg
-- Install configuration: ""
-- Up-to-date: /home/sophie/isaac_lab/isaac_ws/rl_code/soarm100sim/ros2/install/soarm100_interfaces/include/soarm100_interfaces/soarm100_interfaces
-- Up-to-date: /home/sophie/isaac_lab/isaac_ws/rl_code/soarm100sim/ros2/install/soarm100_interfaces/include/soarm100_interfaces/soarm100_interfaces/action
-- Up-to-date: /home/sophie/isaac_lab/isaac_ws/rl_code/soarm100sim/ros2/install/soarm100_interfaces/include/soarm100_interfaces/soarm100_interfaces/action/detail
-- Installing: /home/sophie/isaac_lab/isaac_ws/rl_code/soarm100sim/ros2/install/soarm100_interfaces/include/soarm100_interfaces/soarm100_interfaces/action/detail/plan_grasp__functions.c
-- Installing: /home/sophie/isaac_lab/isaac_ws/rl_code/soarm100sim/ros2/install/soarm100_interfaces/include/soarm100_interfaces/soarm100_interfaces/action/detail/execute_grasp__functions.c
-- Installing: /home/sophie/isaac_lab/isaac_ws/rl_code/soarm100sim/ros2/install/soarm100_interfaces/include/soarm100_interfaces/soarm100_interfaces/action/detail/execute_planned_grasp__functions.c
-- Up-to-date: /home/sophie/isaac_lab/isaac_ws/rl_code/soarm100sim/ros2/install/soarm100_interfaces/include/soarm100_interfaces/soarm100_interfaces/srv
-- Up-to-date: /home/sophie/isaac_lab/isaac_ws/rl_code/soarm100sim/ros2/install/soarm100_interfaces/include/soarm100_interfaces/soarm100_interfaces/srv/detail
-- Installing: /home/sophie/isaac_lab/isaac_ws/rl_code/soarm100sim/ros2/install/soarm100_interfaces/include/soarm100_interfaces/soarm100_interfaces/srv/detail/segment_target__functions.c
-- Installing: /home/sophie/isaac_lab/isaac_ws/rl_code/soarm100sim/ros2/install/soarm100_interfaces/include/soarm100_interfaces/soarm100_interfaces/srv/detail/set_avoidance__functions.c
-- Up-to-date: /home/sophie/isaac_lab/isaac_ws/rl_code/soarm100sim/ros2/install/soarm100_interfaces/include/soarm100_interfaces/soarm100_interfaces/msg
-- Up-to-date: /home/sophie/isaac_lab/isaac_ws/rl_code/soarm100sim/ros2/install/soarm100_interfaces/include/soarm100_interfaces/soarm100_interfaces/msg/detail
-- Installing: /home/sophie/isaac_lab/isaac_ws/rl_code/soarm100sim/ros2/install/soarm100_interfaces/include/soarm100_interfaces/soarm100_interfaces/msg/detail/tracked_target2_d__functions.c
-- Installing: /home/sophie/isaac_lab/isaac_ws/rl_code/soarm100sim/ros2/install/soarm100_interfaces/lib/libsoarm100_interfaces__rosidl_generator_c.so
-- Set runtime path of "/home/sophie/isaac_lab/isaac_ws/rl_code/soarm100sim/ros2/install/soarm100_interfaces/lib/libsoarm100_interfaces__rosidl_generator_c.so" to ""
-- Up-to-date: /home/sophie/isaac_lab/isaac_ws/rl_code/soarm100sim/ros2/install/soarm100_interfaces/include/soarm100_interfaces/soarm100_interfaces
-- Up-to-date: /home/sophie/isaac_lab/isaac_ws/rl_code/soarm100sim/ros2/install/soarm100_interfaces/include/soarm100_interfaces/soarm100_interfaces/action
-- Up-to-date: /home/sophie/isaac_lab/isaac_ws/rl_code/soarm100sim/ros2/install/soarm100_interfaces/include/soarm100_interfaces/soarm100_interfaces/action/detail
-- Up-to-date: /home/sophie/isaac_lab/isaac_ws/rl_code/soarm100sim/ros2/install/soarm100_interfaces/include/soarm100_interfaces/soarm100_interfaces/srv
-- Up-to-date: /home/sophie/isaac_lab/isaac_ws/rl_code/soarm100sim/ros2/install/soarm100_interfaces/include/soarm100_interfaces/soarm100_interfaces/srv/detail
-- Up-to-date: /home/sophie/isaac_lab/isaac_ws/rl_code/soarm100sim/ros2/install/soarm100_interfaces/include/soarm100_interfaces/soarm100_interfaces/msg
-- Up-to-date: /home/sophie/isaac_lab/isaac_ws/rl_code/soarm100sim/ros2/install/soarm100_interfaces/include/soarm100_interfaces/soarm100_interfaces/msg/detail
-- Installing: /home/sophie/isaac_lab/isaac_ws/rl_code/soarm100sim/ros2/install/soarm100_interfaces/lib/libsoarm100_interfaces__rosidl_typesupport_fastrtps_c.so
-- Set runtime path of "/home/sophie/isaac_lab/isaac_ws/rl_code/soarm100sim/ros2/install/soarm100_interfaces/lib/libsoarm100_interfaces__rosidl_typesupport_fastrtps_c.so" to ""
-- Up-to-date: /home/sophie/isaac_lab/isaac_ws/rl_code/soarm100sim/ros2/install/soarm100_interfaces/include/soarm100_interfaces/soarm100_interfaces
-- Up-to-date: /home/sophie/isaac_lab/isaac_ws/rl_code/soarm100sim/ros2/install/soarm100_interfaces/include/soarm100_interfaces/soarm100_interfaces/action
-- Up-to-date: /home/sophie/isaac_lab/isaac_ws/rl_code/soarm100sim/ros2/install/soarm100_interfaces/include/soarm100_interfaces/soarm100_interfaces/action/detail
-- Installing: /home/sophie/isaac_lab/isaac_ws/rl_code/soarm100sim/ros2/install/soarm100_interfaces/include/soarm100_interfaces/soarm100_interfaces/action/detail/execute_planned_grasp__type_support.c
-- Installing: /home/sophie/isaac_lab/isaac_ws/rl_code/soarm100sim/ros2/install/soarm100_interfaces/include/soarm100_interfaces/soarm100_interfaces/action/detail/execute_grasp__type_support.c
-- Installing: /home/sophie/isaac_lab/isaac_ws/rl_code/soarm100sim/ros2/install/soarm100_interfaces/include/soarm100_interfaces/soarm100_interfaces/action/detail/plan_grasp__type_support.c
-- Up-to-date: /home/sophie/isaac_lab/isaac_ws/rl_code/soarm100sim/ros2/install/soarm100_interfaces/include/soarm100_interfaces/soarm100_interfaces/srv
-- Up-to-date: /home/sophie/isaac_lab/isaac_ws/rl_code/soarm100sim/ros2/install/soarm100_interfaces/include/soarm100_interfaces/soarm100_interfaces/srv/detail
-- Installing: /home/sophie/isaac_lab/isaac_ws/rl_code/soarm100sim/ros2/install/soarm100_interfaces/include/soarm100_interfaces/soarm100_interfaces/srv/detail/segment_target__type_support.c
-- Installing: /home/sophie/isaac_lab/isaac_ws/rl_code/soarm100sim/ros2/install/soarm100_interfaces/include/soarm100_interfaces/soarm100_interfaces/srv/detail/set_avoidance__type_support.c
-- Up-to-date: /home/sophie/isaac_lab/isaac_ws/rl_code/soarm100sim/ros2/install/soarm100_interfaces/include/soarm100_interfaces/soarm100_interfaces/msg
-- Up-to-date: /home/sophie/isaac_lab/isaac_ws/rl_code/soarm100sim/ros2/install/soarm100_interfaces/include/soarm100_interfaces/soarm100_interfaces/msg/detail
-- Installing: /home/sophie/isaac_lab/isaac_ws/rl_code/soarm100sim/ros2/install/soarm100_interfaces/include/soarm100_interfaces/soarm100_interfaces/msg/detail/tracked_target2_d__type_support.c
-- Installing: /home/sophie/isaac_lab/isaac_ws/rl_code/soarm100sim/ros2/install/soarm100_interfaces/lib/libsoarm100_interfaces__rosidl_typesupport_introspection_c.so
-- Set runtime path of "/home/sophie/isaac_lab/isaac_ws/rl_code/soarm100sim/ros2/install/soarm100_interfaces/lib/libsoarm100_interfaces__rosidl_typesupport_introspection_c.so" to ""
-- Installing: /home/sophie/isaac_lab/isaac_ws/rl_code/soarm100sim/ros2/install/soarm100_interfaces/lib/libsoarm100_interfaces__rosidl_typesupport_c.so
-- Set runtime path of "/home/sophie/isaac_lab/isaac_ws/rl_code/soarm100sim/ros2/install/soarm100_interfaces/lib/libsoarm100_interfaces__rosidl_typesupport_c.so" to ""
-- Up-to-date: /home/sophie/isaac_lab/isaac_ws/rl_code/soarm100sim/ros2/install/soarm100_interfaces/include/soarm100_interfaces/soarm100_interfaces
-- Up-to-date: /home/sophie/isaac_lab/isaac_ws/rl_code/soarm100sim/ros2/install/soarm100_interfaces/include/soarm100_interfaces/soarm100_interfaces/action
-- Up-to-date: /home/sophie/isaac_lab/isaac_ws/rl_code/soarm100sim/ros2/install/soarm100_interfaces/include/soarm100_interfaces/soarm100_interfaces/action/detail
-- Up-to-date: /home/sophie/isaac_lab/isaac_ws/rl_code/soarm100sim/ros2/install/soarm100_interfaces/include/soarm100_interfaces/soarm100_interfaces/srv
-- Up-to-date: /home/sophie/isaac_lab/isaac_ws/rl_code/soarm100sim/ros2/install/soarm100_interfaces/include/soarm100_interfaces/soarm100_interfaces/srv/detail
-- Up-to-date: /home/sophie/isaac_lab/isaac_ws/rl_code/soarm100sim/ros2/install/soarm100_interfaces/include/soarm100_interfaces/soarm100_interfaces/msg
-- Up-to-date: /home/sophie/isaac_lab/isaac_ws/rl_code/soarm100sim/ros2/install/soarm100_interfaces/include/soarm100_interfaces/soarm100_interfaces/msg/detail
-- Up-to-date: /home/sophie/isaac_lab/isaac_ws/rl_code/soarm100sim/ros2/install/soarm100_interfaces/include/soarm100_interfaces/soarm100_interfaces
-- Up-to-date: /home/sophie/isaac_lab/isaac_ws/rl_code/soarm100sim/ros2/install/soarm100_interfaces/include/soarm100_interfaces/soarm100_interfaces/action
-- Up-to-date: /home/sophie/isaac_lab/isaac_ws/rl_code/soarm100sim/ros2/install/soarm100_interfaces/include/soarm100_interfaces/soarm100_interfaces/action/detail
-- Up-to-date: /home/sophie/isaac_lab/isaac_ws/rl_code/soarm100sim/ros2/install/soarm100_interfaces/include/soarm100_interfaces/soarm100_interfaces/action/detail/dds_fastrtps
-- Up-to-date: /home/sophie/isaac_lab/isaac_ws/rl_code/soarm100sim/ros2/install/soarm100_interfaces/include/soarm100_interfaces/soarm100_interfaces/srv
-- Up-to-date: /home/sophie/isaac_lab/isaac_ws/rl_code/soarm100sim/ros2/install/soarm100_interfaces/include/soarm100_interfaces/soarm100_interfaces/srv/detail
-- Up-to-date: /home/sophie/isaac_lab/isaac_ws/rl_code/soarm100sim/ros2/install/soarm100_interfaces/include/soarm100_interfaces/soarm100_interfaces/srv/detail/dds_fastrtps
-- Up-to-date: /home/sophie/isaac_lab/isaac_ws/rl_code/soarm100sim/ros2/install/soarm100_interfaces/include/soarm100_interfaces/soarm100_interfaces/msg
-- Up-to-date: /home/sophie/isaac_lab/isaac_ws/rl_code/soarm100sim/ros2/install/soarm100_interfaces/include/soarm100_interfaces/soarm100_interfaces/msg/detail
-- Installing: /home/sophie/isaac_lab/isaac_ws/rl_code/soarm100sim/ros2/install/soarm100_interfaces/include/soarm100_interfaces/soarm100_interfaces/msg/detail/dds_fastrtps
-- Installing: /home/sophie/isaac_lab/isaac_ws/rl_code/soarm100sim/ros2/install/soarm100_interfaces/lib/libsoarm100_interfaces__rosidl_typesupport_fastrtps_cpp.so
-- Set runtime path of "/home/sophie/isaac_lab/isaac_ws/rl_code/soarm100sim/ros2/install/soarm100_interfaces/lib/libsoarm100_interfaces__rosidl_typesupport_fastrtps_cpp.so" to ""
-- Up-to-date: /home/sophie/isaac_lab/isaac_ws/rl_code/soarm100sim/ros2/install/soarm100_interfaces/include/soarm100_interfaces/soarm100_interfaces
-- Up-to-date: /home/sophie/isaac_lab/isaac_ws/rl_code/soarm100sim/ros2/install/soarm100_interfaces/include/soarm100_interfaces/soarm100_interfaces/action
-- Up-to-date: /home/sophie/isaac_lab/isaac_ws/rl_code/soarm100sim/ros2/install/soarm100_interfaces/include/soarm100_interfaces/soarm100_interfaces/action/detail
-- Installing: /home/sophie/isaac_lab/isaac_ws/rl_code/soarm100sim/ros2/install/soarm100_interfaces/include/soarm100_interfaces/soarm100_interfaces/action/detail/execute_grasp__type_support.cpp
-- Installing: /home/sophie/isaac_lab/isaac_ws/rl_code/soarm100sim/ros2/install/soarm100_interfaces/include/soarm100_interfaces/soarm100_interfaces/action/detail/plan_grasp__type_support.cpp
-- Installing: /home/sophie/isaac_lab/isaac_ws/rl_code/soarm100sim/ros2/install/soarm100_interfaces/include/soarm100_interfaces/soarm100_interfaces/action/detail/execute_planned_grasp__type_support.cpp
-- Up-to-date: /home/sophie/isaac_lab/isaac_ws/rl_code/soarm100sim/ros2/install/soarm100_interfaces/include/soarm100_interfaces/soarm100_interfaces/srv
-- Up-to-date: /home/sophie/isaac_lab/isaac_ws/rl_code/soarm100sim/ros2/install/soarm100_interfaces/include/soarm100_interfaces/soarm100_interfaces/srv/detail
-- Installing: /home/sophie/isaac_lab/isaac_ws/rl_code/soarm100sim/ros2/install/soarm100_interfaces/include/soarm100_interfaces/soarm100_interfaces/srv/detail/segment_target__type_support.cpp
-- Installing: /home/sophie/isaac_lab/isaac_ws/rl_code/soarm100sim/ros2/install/soarm100_interfaces/include/soarm100_interfaces/soarm100_interfaces/srv/detail/set_avoidance__type_support.cpp
-- Up-to-date: /home/sophie/isaac_lab/isaac_ws/rl_code/soarm100sim/ros2/install/soarm100_interfaces/include/soarm100_interfaces/soarm100_interfaces/msg
-- Up-to-date: /home/sophie/isaac_lab/isaac_ws/rl_code/soarm100sim/ros2/install/soarm100_interfaces/include/soarm100_interfaces/soarm100_interfaces/msg/detail
-- Installing: /home/sophie/isaac_lab/isaac_ws/rl_code/soarm100sim/ros2/install/soarm100_interfaces/include/soarm100_interfaces/soarm100_interfaces/msg/detail/tracked_target2_d__type_support.cpp
-- Installing: /home/sophie/isaac_lab/isaac_ws/rl_code/soarm100sim/ros2/install/soarm100_interfaces/lib/libsoarm100_interfaces__rosidl_typesupport_introspection_cpp.so
-- Set runtime path of "/home/sophie/isaac_lab/isaac_ws/rl_code/soarm100sim/ros2/install/soarm100_interfaces/lib/libsoarm100_interfaces__rosidl_typesupport_introspection_cpp.so" to ""
-- Installing: /home/sophie/isaac_lab/isaac_ws/rl_code/soarm100sim/ros2/install/soarm100_interfaces/lib/libsoarm100_interfaces__rosidl_typesupport_cpp.so
-- Set runtime path of "/home/sophie/isaac_lab/isaac_ws/rl_code/soarm100sim/ros2/install/soarm100_interfaces/lib/libsoarm100_interfaces__rosidl_typesupport_cpp.so" to ""
-- Up-to-date: /home/sophie/isaac_lab/isaac_ws/rl_code/soarm100sim/ros2/install/soarm100_interfaces/local/lib/python3.10/dist-packages/soarm100_interfaces-0.1.0-py3.10.egg-info
-- Up-to-date: /home/sophie/isaac_lab/isaac_ws/rl_code/soarm100sim/ros2/install/soarm100_interfaces/local/lib/python3.10/dist-packages/soarm100_interfaces
-- Up-to-date: /home/sophie/isaac_lab/isaac_ws/rl_code/soarm100sim/ros2/install/soarm100_interfaces/local/lib/python3.10/dist-packages/soarm100_interfaces/action
-- Up-to-date: /home/sophie/isaac_lab/isaac_ws/rl_code/soarm100sim/ros2/install/soarm100_interfaces/local/lib/python3.10/dist-packages/soarm100_interfaces/srv
-- Up-to-date: /home/sophie/isaac_lab/isaac_ws/rl_code/soarm100sim/ros2/install/soarm100_interfaces/local/lib/python3.10/dist-packages/soarm100_interfaces/msg
Listing '/home/sophie/isaac_lab/isaac_ws/rl_code/soarm100sim/ros2/install/soarm100_interfaces/local/lib/python3.10/dist-packages/soarm100_interfaces'...
Compiling '/home/sophie/isaac_lab/isaac_ws/rl_code/soarm100sim/ros2/install/soarm100_interfaces/local/lib/python3.10/dist-packages/soarm100_interfaces/__init__.py'...
Listing '/home/sophie/isaac_lab/isaac_ws/rl_code/soarm100sim/ros2/install/soarm100_interfaces/local/lib/python3.10/dist-packages/soarm100_interfaces/action'...
Listing '/home/sophie/isaac_lab/isaac_ws/rl_code/soarm100sim/ros2/install/soarm100_interfaces/local/lib/python3.10/dist-packages/soarm100_interfaces/msg'...
Listing '/home/sophie/isaac_lab/isaac_ws/rl_code/soarm100sim/ros2/install/soarm100_interfaces/local/lib/python3.10/dist-packages/soarm100_interfaces/srv'...
-- Installing: /home/sophie/isaac_lab/isaac_ws/rl_code/soarm100sim/ros2/install/soarm100_interfaces/lib/libsoarm100_interfaces__rosidl_generator_py.so
-- Set runtime path of "/home/sophie/isaac_lab/isaac_ws/rl_code/soarm100sim/ros2/install/soarm100_interfaces/lib/libsoarm100_interfaces__rosidl_generator_py.so" to ""
-- Up-to-date: /home/sophie/isaac_lab/isaac_ws/rl_code/soarm100sim/ros2/install/soarm100_interfaces/share/soarm100_interfaces/rust
-- Up-to-date: /home/sophie/isaac_lab/isaac_ws/rl_code/soarm100sim/ros2/install/soarm100_interfaces/share/soarm100_interfaces/rust/src
-- Up-to-date: /home/sophie/isaac_lab/isaac_ws/rl_code/soarm100sim/ros2/install/soarm100_interfaces/share/soarm100_interfaces/rust/src/action
-- Up-to-date: /home/sophie/isaac_lab/isaac_ws/rl_code/soarm100sim/ros2/install/soarm100_interfaces/share/soarm100_interfaces/rust/src/srv
-- Up-to-date: /home/sophie/isaac_lab/isaac_ws/rl_code/soarm100sim/ros2/install/soarm100_interfaces/share/soarm100_interfaces/rust/src/msg
-- Installing: /home/sophie/isaac_lab/isaac_ws/rl_code/soarm100sim/ros2/install/soarm100_interfaces/share/soarm100_interfaces/package.dsv
-- Up-to-date: /home/sophie/isaac_lab/isaac_ws/rl_code/soarm100sim/ros2/install/soarm100_interfaces/share/soarm100_interfaces/cmake/export_soarm100_interfaces__rosidl_generator_cExport.cmake
-- Up-to-date: /home/sophie/isaac_lab/isaac_ws/rl_code/soarm100sim/ros2/install/soarm100_interfaces/share/soarm100_interfaces/cmake/export_soarm100_interfaces__rosidl_generator_cExport-noconfig.cmake
-- Up-to-date: /home/sophie/isaac_lab/isaac_ws/rl_code/soarm100sim/ros2/install/soarm100_interfaces/share/soarm100_interfaces/cmake/export_soarm100_interfaces__rosidl_typesupport_fastrtps_cExport.cmake
-- Up-to-date: /home/sophie/isaac_lab/isaac_ws/rl_code/soarm100sim/ros2/install/soarm100_interfaces/share/soarm100_interfaces/cmake/export_soarm100_interfaces__rosidl_typesupport_fastrtps_cExport-noconfig.cmake
-- Up-to-date: /home/sophie/isaac_lab/isaac_ws/rl_code/soarm100sim/ros2/install/soarm100_interfaces/share/soarm100_interfaces/cmake/soarm100_interfaces__rosidl_typesupport_introspection_cExport.cmake
-- Up-to-date: /home/sophie/isaac_lab/isaac_ws/rl_code/soarm100sim/ros2/install/soarm100_interfaces/share/soarm100_interfaces/cmake/soarm100_interfaces__rosidl_typesupport_introspection_cExport-noconfig.cmake
-- Up-to-date: /home/sophie/isaac_lab/isaac_ws/rl_code/soarm100sim/ros2/install/soarm100_interfaces/share/soarm100_interfaces/cmake/soarm100_interfaces__rosidl_typesupport_cExport.cmake
-- Up-to-date: /home/sophie/isaac_lab/isaac_ws/rl_code/soarm100sim/ros2/install/soarm100_interfaces/share/soarm100_interfaces/cmake/soarm100_interfaces__rosidl_typesupport_cExport-noconfig.cmake
-- Up-to-date: /home/sophie/isaac_lab/isaac_ws/rl_code/soarm100sim/ros2/install/soarm100_interfaces/share/soarm100_interfaces/cmake/export_soarm100_interfaces__rosidl_generator_cppExport.cmake
-- Up-to-date: /home/sophie/isaac_lab/isaac_ws/rl_code/soarm100sim/ros2/install/soarm100_interfaces/share/soarm100_interfaces/cmake/export_soarm100_interfaces__rosidl_typesupport_fastrtps_cppExport.cmake
-- Up-to-date: /home/sophie/isaac_lab/isaac_ws/rl_code/soarm100sim/ros2/install/soarm100_interfaces/share/soarm100_interfaces/cmake/export_soarm100_interfaces__rosidl_typesupport_fastrtps_cppExport-noconfig.cmake
-- Up-to-date: /home/sophie/isaac_lab/isaac_ws/rl_code/soarm100sim/ros2/install/soarm100_interfaces/share/soarm100_interfaces/cmake/soarm100_interfaces__rosidl_typesupport_introspection_cppExport.cmake
-- Up-to-date: /home/sophie/isaac_lab/isaac_ws/rl_code/soarm100sim/ros2/install/soarm100_interfaces/share/soarm100_interfaces/cmake/soarm100_interfaces__rosidl_typesupport_introspection_cppExport-noconfig.cmake
-- Up-to-date: /home/sophie/isaac_lab/isaac_ws/rl_code/soarm100sim/ros2/install/soarm100_interfaces/share/soarm100_interfaces/cmake/soarm100_interfaces__rosidl_typesupport_cppExport.cmake
-- Up-to-date: /home/sophie/isaac_lab/isaac_ws/rl_code/soarm100sim/ros2/install/soarm100_interfaces/share/soarm100_interfaces/cmake/soarm100_interfaces__rosidl_typesupport_cppExport-noconfig.cmake
-- Up-to-date: /home/sophie/isaac_lab/isaac_ws/rl_code/soarm100sim/ros2/install/soarm100_interfaces/share/soarm100_interfaces/cmake/export_soarm100_interfaces__rosidl_generator_pyExport.cmake
-- Up-to-date: /home/sophie/isaac_lab/isaac_ws/rl_code/soarm100sim/ros2/install/soarm100_interfaces/share/soarm100_interfaces/cmake/export_soarm100_interfaces__rosidl_generator_pyExport-noconfig.cmake
