[0.071s] colcon DEBUG Command line arguments: ['/usr/bin/colcon', 'build', '--packages-select', 'soarm100_interfaces', 'soarm100_vision']
[0.071s] colcon DEBUG Parsed command line arguments: Namespace(log_base=None, log_level=None, verb_name='build', build_base='build', install_base='install', merge_install=False, symlink_install=False, test_result_base=None, continue_on_error=False, executor='parallel', parallel_workers=32, event_handlers=None, ignore_user_meta=False, metas=['./colcon.meta'], base_paths=['.'], packages_ignore=None, packages_ignore_regex=None, paths=None, packages_up_to=None, packages_up_to_regex=None, packages_above=None, packages_above_and_dependencies=None, packages_above_depth=None, packages_select_by_dep=None, packages_skip_by_dep=None, packages_skip_up_to=None, packages_select_build_failed=False, packages_skip_build_finished=False, packages_select_test_failures=False, packages_skip_test_passed=False, packages_select=['soarm100_interfaces', 'soarm100_vision'], packages_skip=None, packages_select_regex=None, packages_skip_regex=None, packages_start=None, packages_end=None, allow_overriding=[], cmake_args=None, cmake_target=None, cmake_target_skip_unavailable=False, cmake_clean_cache=False, cmake_clean_first=False, cmake_force_configure=False, ament_cmake_args=None, catkin_cmake_args=None, catkin_skip_building_tests=False, verb_parser=<colcon_defaults.argument_parser.defaults.DefaultArgumentsDecorator object at 0x74775323a200>, verb_extension=<colcon_core.verb.build.BuildVerb object at 0x747753239d80>, main=<bound method BuildVerb.main of <colcon_core.verb.build.BuildVerb object at 0x747753239d80>>)
[0.185s] colcon.colcon_core.package_discovery Level 1 discover_packages(colcon_meta) check parameters
[0.185s] colcon.colcon_core.package_discovery Level 1 discover_packages(recursive) check parameters
[0.185s] colcon.colcon_core.package_discovery Level 1 discover_packages(ignore) check parameters
[0.185s] colcon.colcon_core.package_discovery Level 1 discover_packages(path) check parameters
[0.185s] colcon.colcon_core.package_discovery Level 1 discover_packages(colcon_meta) discover
[0.185s] colcon.colcon_core.package_discovery Level 1 discover_packages(recursive) discover
[0.185s] colcon.colcon_core.package_discovery INFO Crawling recursively for packages in '/home/sophie/isaac_lab/isaac_ws/rl_code/soarm100sim/ros2'
[0.185s] colcon.colcon_core.package_identification Level 1 _identify(.) by extensions ['ignore', 'ignore_ament_install']
[0.185s] colcon.colcon_core.package_identification Level 1 _identify(.) by extension 'ignore'
[0.185s] colcon.colcon_core.package_identification Level 1 _identify(.) by extension 'ignore_ament_install'
[0.185s] colcon.colcon_core.package_identification Level 1 _identify(.) by extensions ['colcon_pkg']
[0.185s] colcon.colcon_core.package_identification Level 1 _identify(.) by extension 'colcon_pkg'
[0.185s] colcon.colcon_core.package_identification Level 1 _identify(.) by extensions ['colcon_meta']
[0.185s] colcon.colcon_core.package_identification Level 1 _identify(.) by extension 'colcon_meta'
[0.185s] colcon.colcon_core.package_identification Level 1 _identify(.) by extensions ['ros']
[0.185s] colcon.colcon_core.package_identification Level 1 _identify(.) by extension 'ros'
[0.208s] colcon.colcon_core.package_identification Level 1 _identify(.) by extensions ['cmake', 'python']
[0.208s] colcon.colcon_core.package_identification Level 1 _identify(.) by extension 'cmake'
[0.208s] colcon.colcon_core.package_identification Level 1 _identify(.) by extension 'python'
[0.208s] colcon.colcon_core.package_identification Level 1 _identify(.) by extensions ['python_setup_py']
[0.208s] colcon.colcon_core.package_identification Level 1 _identify(.) by extension 'python_setup_py'
[0.208s] colcon.colcon_core.package_identification Level 1 _identify(build) by extensions ['ignore', 'ignore_ament_install']
[0.209s] colcon.colcon_core.package_identification Level 1 _identify(build) by extension 'ignore'
[0.209s] colcon.colcon_core.package_identification Level 1 _identify(build) ignored
[0.209s] colcon.colcon_core.package_identification Level 1 _identify(install) by extensions ['ignore', 'ignore_ament_install']
[0.209s] colcon.colcon_core.package_identification Level 1 _identify(install) by extension 'ignore'
[0.209s] colcon.colcon_core.package_identification Level 1 _identify(install) ignored
[0.209s] colcon.colcon_core.package_identification Level 1 _identify(log) by extensions ['ignore', 'ignore_ament_install']
[0.209s] colcon.colcon_core.package_identification Level 1 _identify(log) by extension 'ignore'
[0.209s] colcon.colcon_core.package_identification Level 1 _identify(log) ignored
[0.209s] colcon.colcon_core.package_identification Level 1 _identify(so100_plus_description) by extensions ['ignore', 'ignore_ament_install']
[0.209s] colcon.colcon_core.package_identification Level 1 _identify(so100_plus_description) by extension 'ignore'
[0.209s] colcon.colcon_core.package_identification Level 1 _identify(so100_plus_description) by extension 'ignore_ament_install'
[0.209s] colcon.colcon_core.package_identification Level 1 _identify(so100_plus_description) by extensions ['colcon_pkg']
[0.209s] colcon.colcon_core.package_identification Level 1 _identify(so100_plus_description) by extension 'colcon_pkg'
[0.209s] colcon.colcon_core.package_identification Level 1 _identify(so100_plus_description) by extensions ['colcon_meta']
[0.209s] colcon.colcon_core.package_identification Level 1 _identify(so100_plus_description) by extension 'colcon_meta'
[0.209s] colcon.colcon_core.package_identification Level 1 _identify(so100_plus_description) by extensions ['ros']
[0.209s] colcon.colcon_core.package_identification Level 1 _identify(so100_plus_description) by extension 'ros'
[0.211s] colcon.colcon_core.package_identification DEBUG Package 'so100_plus_description' with type 'ros.ament_cmake' and name 'so100_plus_description'
[0.211s] colcon.colcon_core.package_identification Level 1 _identify(soarm100_interfaces) by extensions ['ignore', 'ignore_ament_install']
[0.211s] colcon.colcon_core.package_identification Level 1 _identify(soarm100_interfaces) by extension 'ignore'
[0.211s] colcon.colcon_core.package_identification Level 1 _identify(soarm100_interfaces) by extension 'ignore_ament_install'
[0.211s] colcon.colcon_core.package_identification Level 1 _identify(soarm100_interfaces) by extensions ['colcon_pkg']
[0.211s] colcon.colcon_core.package_identification Level 1 _identify(soarm100_interfaces) by extension 'colcon_pkg'
[0.211s] colcon.colcon_core.package_identification Level 1 _identify(soarm100_interfaces) by extensions ['colcon_meta']
[0.211s] colcon.colcon_core.package_identification Level 1 _identify(soarm100_interfaces) by extension 'colcon_meta'
[0.211s] colcon.colcon_core.package_identification Level 1 _identify(soarm100_interfaces) by extensions ['ros']
[0.211s] colcon.colcon_core.package_identification Level 1 _identify(soarm100_interfaces) by extension 'ros'
[0.212s] colcon.colcon_core.package_identification DEBUG Package 'soarm100_interfaces' with type 'ros.ament_cmake' and name 'soarm100_interfaces'
[0.212s] colcon.colcon_core.package_identification Level 1 _identify(soarm100_vision) by extensions ['ignore', 'ignore_ament_install']
[0.212s] colcon.colcon_core.package_identification Level 1 _identify(soarm100_vision) by extension 'ignore'
[0.212s] colcon.colcon_core.package_identification Level 1 _identify(soarm100_vision) by extension 'ignore_ament_install'
[0.212s] colcon.colcon_core.package_identification Level 1 _identify(soarm100_vision) by extensions ['colcon_pkg']
[0.212s] colcon.colcon_core.package_identification Level 1 _identify(soarm100_vision) by extension 'colcon_pkg'
[0.212s] colcon.colcon_core.package_identification Level 1 _identify(soarm100_vision) by extensions ['colcon_meta']
[0.212s] colcon.colcon_core.package_identification Level 1 _identify(soarm100_vision) by extension 'colcon_meta'
[0.212s] colcon.colcon_core.package_identification Level 1 _identify(soarm100_vision) by extensions ['ros']
[0.212s] colcon.colcon_core.package_identification Level 1 _identify(soarm100_vision) by extension 'ros'
[0.212s] colcon.colcon_core.package_identification DEBUG Package 'soarm100_vision' with type 'ros.ament_python' and name 'soarm100_vision'
[0.212s] colcon.colcon_core.package_discovery Level 1 discover_packages(recursive) using defaults
[0.212s] colcon.colcon_core.package_discovery Level 1 discover_packages(ignore) discover
[0.212s] colcon.colcon_core.package_discovery Level 1 discover_packages(ignore) using defaults
[0.212s] colcon.colcon_core.package_discovery Level 1 discover_packages(path) discover
[0.212s] colcon.colcon_core.package_discovery Level 1 discover_packages(path) using defaults
[0.222s] colcon.colcon_core.package_selection INFO Skipping not selected package 'so100_plus_description' in 'so100_plus_description'
[0.222s] colcon.colcon_core.package_discovery Level 1 discover_packages(prefix_path) check parameters
[0.222s] colcon.colcon_core.package_discovery Level 1 discover_packages(prefix_path) discover
[0.227s] colcon.colcon_installed_package_information.package_discovery DEBUG Found 375 installed packages in /opt/ros/humble
[0.228s] colcon.colcon_core.package_discovery Level 1 discover_packages(prefix_path) using defaults
[0.255s] colcon.colcon_core.verb Level 5 set package 'soarm100_interfaces' build argument 'cmake_args' from command line to 'None'
[0.255s] colcon.colcon_core.verb Level 5 set package 'soarm100_interfaces' build argument 'cmake_target' from command line to 'None'
[0.255s] colcon.colcon_core.verb Level 5 set package 'soarm100_interfaces' build argument 'cmake_target_skip_unavailable' from command line to 'False'
[0.255s] colcon.colcon_core.verb Level 5 set package 'soarm100_interfaces' build argument 'cmake_clean_cache' from command line to 'False'
[0.255s] colcon.colcon_core.verb Level 5 set package 'soarm100_interfaces' build argument 'cmake_clean_first' from command line to 'False'
[0.255s] colcon.colcon_core.verb Level 5 set package 'soarm100_interfaces' build argument 'cmake_force_configure' from command line to 'False'
[0.255s] colcon.colcon_core.verb Level 5 set package 'soarm100_interfaces' build argument 'ament_cmake_args' from command line to 'None'
[0.255s] colcon.colcon_core.verb Level 5 set package 'soarm100_interfaces' build argument 'catkin_cmake_args' from command line to 'None'
[0.255s] colcon.colcon_core.verb Level 5 set package 'soarm100_interfaces' build argument 'catkin_skip_building_tests' from command line to 'False'
[0.255s] colcon.colcon_core.verb DEBUG Building package 'soarm100_interfaces' with the following arguments: {'ament_cmake_args': None, 'build_base': '/home/sophie/isaac_lab/isaac_ws/rl_code/soarm100sim/ros2/build/soarm100_interfaces', 'catkin_cmake_args': None, 'catkin_skip_building_tests': False, 'cmake_args': None, 'cmake_clean_cache': False, 'cmake_clean_first': False, 'cmake_force_configure': False, 'cmake_target': None, 'cmake_target_skip_unavailable': False, 'install_base': '/home/sophie/isaac_lab/isaac_ws/rl_code/soarm100sim/ros2/install/soarm100_interfaces', 'merge_install': False, 'path': '/home/sophie/isaac_lab/isaac_ws/rl_code/soarm100sim/ros2/soarm100_interfaces', 'symlink_install': False, 'test_result_base': None}
[0.255s] colcon.colcon_core.verb Level 5 set package 'soarm100_vision' build argument 'cmake_args' from command line to 'None'
[0.255s] colcon.colcon_core.verb Level 5 set package 'soarm100_vision' build argument 'cmake_target' from command line to 'None'
[0.255s] colcon.colcon_core.verb Level 5 set package 'soarm100_vision' build argument 'cmake_target_skip_unavailable' from command line to 'False'
[0.255s] colcon.colcon_core.verb Level 5 set package 'soarm100_vision' build argument 'cmake_clean_cache' from command line to 'False'
[0.255s] colcon.colcon_core.verb Level 5 set package 'soarm100_vision' build argument 'cmake_clean_first' from command line to 'False'
[0.255s] colcon.colcon_core.verb Level 5 set package 'soarm100_vision' build argument 'cmake_force_configure' from command line to 'False'
[0.255s] colcon.colcon_core.verb Level 5 set package 'soarm100_vision' build argument 'ament_cmake_args' from command line to 'None'
[0.255s] colcon.colcon_core.verb Level 5 set package 'soarm100_vision' build argument 'catkin_cmake_args' from command line to 'None'
[0.255s] colcon.colcon_core.verb Level 5 set package 'soarm100_vision' build argument 'catkin_skip_building_tests' from command line to 'False'
[0.255s] colcon.colcon_core.verb DEBUG Building package 'soarm100_vision' with the following arguments: {'ament_cmake_args': None, 'build_base': '/home/sophie/isaac_lab/isaac_ws/rl_code/soarm100sim/ros2/build/soarm100_vision', 'catkin_cmake_args': None, 'catkin_skip_building_tests': False, 'cmake_args': None, 'cmake_clean_cache': False, 'cmake_clean_first': False, 'cmake_force_configure': False, 'cmake_target': None, 'cmake_target_skip_unavailable': False, 'install_base': '/home/sophie/isaac_lab/isaac_ws/rl_code/soarm100sim/ros2/install/soarm100_vision', 'merge_install': False, 'path': '/home/sophie/isaac_lab/isaac_ws/rl_code/soarm100sim/ros2/soarm100_vision', 'symlink_install': False, 'test_result_base': None}
[0.255s] colcon.colcon_core.executor INFO Executing jobs using 'parallel' executor
[0.256s] colcon.colcon_parallel_executor.executor.parallel DEBUG run_until_complete
[0.256s] colcon.colcon_ros.task.ament_cmake.build INFO Building ROS package in '/home/sophie/isaac_lab/isaac_ws/rl_code/soarm100sim/ros2/soarm100_interfaces' with build type 'ament_cmake'
[0.257s] colcon.colcon_cmake.task.cmake.build INFO Building CMake package in '/home/sophie/isaac_lab/isaac_ws/rl_code/soarm100sim/ros2/soarm100_interfaces'
[0.258s] colcon.colcon_core.plugin_system INFO Skipping extension 'colcon_core.shell.bat': Not used on non-Windows systems
[0.258s] colcon.colcon_core.shell INFO Skip shell extension 'powershell' for command environment: Not usable outside of PowerShell
[0.258s] colcon.colcon_core.shell DEBUG Skip shell extension 'dsv' for command environment
[0.265s] colcon.colcon_core.event_handler.log_command DEBUG Invoking command in '/home/sophie/isaac_lab/isaac_ws/rl_code/soarm100sim/ros2/build/soarm100_interfaces': CMAKE_PREFIX_PATH=${CMAKE_PREFIX_PATH}:/opt/ros/humble CONDA_PROMPT_MODIFIER=(base) /usr/bin/cmake /home/sophie/isaac_lab/isaac_ws/rl_code/soarm100sim/ros2/soarm100_interfaces -DCMAKE_INSTALL_PREFIX=/home/sophie/isaac_lab/isaac_ws/rl_code/soarm100sim/ros2/install/soarm100_interfaces
[30.287s] colcon.colcon_core.event_handler.log_command DEBUG Invoked command in '/home/sophie/isaac_lab/isaac_ws/rl_code/soarm100sim/ros2/build/soarm100_interfaces' returned '1': CMAKE_PREFIX_PATH=${CMAKE_PREFIX_PATH}:/opt/ros/humble CONDA_PROMPT_MODIFIER=(base) /usr/bin/cmake /home/sophie/isaac_lab/isaac_ws/rl_code/soarm100sim/ros2/soarm100_interfaces -DCMAKE_INSTALL_PREFIX=/home/sophie/isaac_lab/isaac_ws/rl_code/soarm100sim/ros2/install/soarm100_interfaces
[60.316s] colcon.colcon_core.environment Level 1 create_environment_scripts_only(soarm100_interfaces)
[60.319s] colcon.colcon_core.environment Level 1 checking '/home/sophie/isaac_lab/isaac_ws/rl_code/soarm100sim/ros2/install/soarm100_interfaces' for CMake module files
[60.320s] colcon.colcon_core.environment Level 1 checking '/home/sophie/isaac_lab/isaac_ws/rl_code/soarm100sim/ros2/install/soarm100_interfaces' for CMake config files
[60.320s] colcon.colcon_core.environment Level 1 checking '/home/sophie/isaac_lab/isaac_ws/rl_code/soarm100sim/ros2/install/soarm100_interfaces/bin'
[60.320s] colcon.colcon_core.environment Level 1 checking '/home/sophie/isaac_lab/isaac_ws/rl_code/soarm100sim/ros2/install/soarm100_interfaces/lib/pkgconfig/soarm100_interfaces.pc'
[60.321s] colcon.colcon_core.environment Level 1 checking '/home/sophie/isaac_lab/isaac_ws/rl_code/soarm100sim/ros2/install/soarm100_interfaces/lib/python3.10/site-packages'
[60.321s] colcon.colcon_core.environment Level 1 checking '/home/sophie/isaac_lab/isaac_ws/rl_code/soarm100sim/ros2/install/soarm100_interfaces/bin'
[60.321s] colcon.colcon_core.shell INFO Creating package script '/home/sophie/isaac_lab/isaac_ws/rl_code/soarm100sim/ros2/install/soarm100_interfaces/share/soarm100_interfaces/package.ps1'
[60.323s] colcon.colcon_core.shell INFO Creating package descriptor '/home/sophie/isaac_lab/isaac_ws/rl_code/soarm100sim/ros2/install/soarm100_interfaces/share/soarm100_interfaces/package.dsv'
[60.323s] colcon.colcon_core.shell INFO Creating package script '/home/sophie/isaac_lab/isaac_ws/rl_code/soarm100sim/ros2/install/soarm100_interfaces/share/soarm100_interfaces/package.sh'
[60.324s] colcon.colcon_core.shell INFO Creating package script '/home/sophie/isaac_lab/isaac_ws/rl_code/soarm100sim/ros2/install/soarm100_interfaces/share/soarm100_interfaces/package.bash'
[60.325s] colcon.colcon_core.shell INFO Creating package script '/home/sophie/isaac_lab/isaac_ws/rl_code/soarm100sim/ros2/install/soarm100_interfaces/share/soarm100_interfaces/package.zsh'
[60.326s] colcon.colcon_core.environment Level 1 create_file_with_runtime_dependencies(/home/sophie/isaac_lab/isaac_ws/rl_code/soarm100sim/ros2/install/soarm100_interfaces/share/colcon-core/packages/soarm100_interfaces)
[60.336s] colcon.colcon_parallel_executor.executor.parallel DEBUG closing loop
[60.336s] colcon.colcon_parallel_executor.executor.parallel DEBUG loop closed
[60.336s] colcon.colcon_parallel_executor.executor.parallel DEBUG run_until_complete finished with '1'
[60.336s] colcon.colcon_core.event_reactor DEBUG joining thread
[60.343s] colcon.colcon_core.plugin_system INFO Skipping extension 'colcon_notification.desktop_notification.terminal_notifier': Not used on non-Darwin systems
[60.343s] colcon.colcon_core.plugin_system INFO Skipping extension 'colcon_notification.desktop_notification.win32': Not used on non-Windows systems
[60.343s] colcon.colcon_notification.desktop_notification INFO Sending desktop notification using 'notify2'
[60.343s] colcon.colcon_notification.desktop_notification.notify2 DEBUG Failed to initialize notify2: org.freedesktop.DBus.Error.AccessDenied: Failed to connect to socket /run/user/1000/bus: Operation not permitted
[60.343s] colcon.colcon_core.event_reactor DEBUG joined thread
[60.344s] colcon.colcon_core.shell INFO Creating prefix script '/home/sophie/isaac_lab/isaac_ws/rl_code/soarm100sim/ros2/install/local_setup.ps1'
[60.345s] colcon.colcon_core.shell INFO Creating prefix util module '/home/sophie/isaac_lab/isaac_ws/rl_code/soarm100sim/ros2/install/_local_setup_util_ps1.py'
[60.347s] colcon.colcon_core.shell INFO Creating prefix chain script '/home/sophie/isaac_lab/isaac_ws/rl_code/soarm100sim/ros2/install/setup.ps1'
[60.348s] colcon.colcon_core.shell INFO Creating prefix script '/home/sophie/isaac_lab/isaac_ws/rl_code/soarm100sim/ros2/install/local_setup.sh'
[60.348s] colcon.colcon_core.shell INFO Creating prefix util module '/home/sophie/isaac_lab/isaac_ws/rl_code/soarm100sim/ros2/install/_local_setup_util_sh.py'
[60.349s] colcon.colcon_core.shell INFO Creating prefix chain script '/home/sophie/isaac_lab/isaac_ws/rl_code/soarm100sim/ros2/install/setup.sh'
[60.350s] colcon.colcon_core.shell INFO Creating prefix script '/home/sophie/isaac_lab/isaac_ws/rl_code/soarm100sim/ros2/install/local_setup.bash'
[60.350s] colcon.colcon_core.shell INFO Creating prefix chain script '/home/sophie/isaac_lab/isaac_ws/rl_code/soarm100sim/ros2/install/setup.bash'
[60.351s] colcon.colcon_core.shell INFO Creating prefix script '/home/sophie/isaac_lab/isaac_ws/rl_code/soarm100sim/ros2/install/local_setup.zsh'
[60.351s] colcon.colcon_core.shell INFO Creating prefix chain script '/home/sophie/isaac_lab/isaac_ws/rl_code/soarm100sim/ros2/install/setup.zsh'
