1784864485.5876522 [INFO] [launch]: All log files can be found below /home/sophie/isaac_lab/isaac_ws/rl_code/soarm100sim/logs/ros2/2026-07-24-11-41-25-587018-sophie-Legion-Y7000P-IRX10-230630
1784864485.5877392 [INFO] [launch]: Default logging verbosity is set to INFO
1784864485.6304233 [INFO] [target_segmenter_node-1]: process started with pid [230673]
1784864485.6305366 [INFO] [obstacle_cloud_node-2]: process started with pid [230675]
1784864485.6305845 [INFO] [anygrasp_planner_node-3]: process started with pid [230677]
1784864485.6306217 [INFO] [wrist_tracker_node-4]: process started with pid [230679]
1784864485.6306562 [INFO] [mujoco_policy_backend_node-5]: process started with pid [230681]
1784864485.6306882 [INFO] [grasp_orchestrator_node-6]: process started with pid [230683]
1784864518.5701416 [WARNING] [launch]: user interrupted with ctrl-c (SIGINT)
1784864518.5756869 [INFO] [grasp_orchestrator_node-6]: sending signal 'SIGINT' to process[grasp_orchestrator_node-6]
1784864518.5769289 [INFO] [mujoco_policy_backend_node-5]: sending signal 'SIGINT' to process[mujoco_policy_backend_node-5]
1784864518.5780525 [INFO] [wrist_tracker_node-4]: sending signal 'SIGINT' to process[wrist_tracker_node-4]
1784864518.5792892 [INFO] [anygrasp_planner_node-3]: sending signal 'SIGINT' to process[anygrasp_planner_node-3]
1784864518.5805140 [INFO] [obstacle_cloud_node-2]: sending signal 'SIGINT' to process[obstacle_cloud_node-2]
1784864518.5817878 [INFO] [target_segmenter_node-1]: sending signal 'SIGINT' to process[target_segmenter_node-1]
1784864518.6281326 [ERROR] [obstacle_cloud_node-2]: process has died [pid 230675, exit code -2, cmd '/home/sophie/isaac_lab/isaac_ws/rl_code/soarm100sim/ros2/install/soarm100_vision/lib/soarm100_vision/obstacle_cloud_node --ros-args -r __node:=obstacle_cloud --params-file /tmp/launch_params_k_7r4xq5'].
1784864518.6317472 [ERROR] [wrist_tracker_node-4]: process has died [pid 230679, exit code -2, cmd '/home/sophie/isaac_lab/isaac_ws/rl_code/soarm100sim/ros2/install/soarm100_vision/lib/soarm100_vision/wrist_tracker_node --ros-args -r __node:=wrist_tracker --params-file /tmp/launch_params_glxha4p6'].
1784864518.6370227 [ERROR] [grasp_orchestrator_node-6]: process has died [pid 230683, exit code -2, cmd '/home/sophie/isaac_lab/isaac_ws/rl_code/soarm100sim/ros2/install/soarm100_vision/lib/soarm100_vision/grasp_orchestrator_node --ros-args -r __node:=grasp_orchestrator --params-file /tmp/launch_params_or3u22xh'].
1784864518.7677131 [ERROR] [anygrasp_planner_node-3]: process has died [pid 230677, exit code 1, cmd '/home/sophie/isaac_lab/isaac_ws/rl_code/soarm100sim/ros2/install/soarm100_vision/lib/soarm100_vision/anygrasp_planner_node --ros-args -r __node:=anygrasp_planner --params-file /tmp/launch_params_yavr69_0'].
1784864518.8938682 [ERROR] [mujoco_policy_backend_node-5]: process has died [pid 230681, exit code -2, cmd '/home/sophie/isaac_lab/isaac_ws/rl_code/soarm100sim/ros2/install/soarm100_vision/lib/soarm100_vision/mujoco_policy_backend_node --ros-args -r __node:=mujoco_policy_backend --params-file /tmp/launch_params_up3abqs4'].
1784864519.0815001 [ERROR] [target_segmenter_node-1]: process has died [pid 230673, exit code -2, cmd '/home/sophie/isaac_lab/isaac_ws/rl_code/soarm100sim/ros2/install/soarm100_vision/lib/soarm100_vision/target_segmenter_node --ros-args -r __node:=target_segmenter --params-file /tmp/launch_params_ly1x159q'].
