[0.007s] Invoking command in '/home/sophie/isaac_lab/isaac_ws/rl_code/soarm100sim/ros2/build/soarm100_interfaces': CMAKE_PREFIX_PATH=${CMAKE_PREFIX_PATH}:/opt/ros/humble CONDA_PROMPT_MODIFIER=(base) /usr/bin/cmake /home/sophie/isaac_lab/isaac_ws/rl_code/soarm100sim/ros2/soarm100_interfaces -DPython3_EXECUTABLE=/usr/bin/python3 -DPYTHON_EXECUTABLE=/usr/bin/python3 -DPYTHON_INCLUDE_DIR=/usr/include/python3.10;/usr/include/x86_64-linux-gnu/python3.10 -DPYTHON_LIBRARY=/usr/lib/x86_64-linux-gnu/libpython3.10.so -DCMAKE_INSTALL_PREFIX=/home/sophie/isaac_lab/isaac_ws/rl_code/soarm100sim/ros2/install/soarm100_interfaces
[0.155s] -- The C compiler identification is GNU 14.3.0
[0.299s] -- The CXX compiler identification is GNU 14.3.0
[0.305s] -- Detecting C compiler ABI info
[0.396s] -- Detecting C compiler ABI info - done
[0.402s] -- Check for working C compiler: /home/sophie/miniconda3/bin/x86_64-conda-linux-gnu-cc - skipped
[0.403s] -- Detecting C compile features
[0.403s] -- Detecting C compile features - done
[0.405s] -- Detecting CXX compiler ABI info
[0.515s] -- Detecting CXX compiler ABI info - done
[0.521s] -- Check for working CXX compiler: /home/sophie/miniconda3/bin/x86_64-conda-linux-gnu-c++ - skipped
[0.521s] -- Detecting CXX compile features
[0.521s] -- Detecting CXX compile features - done
[0.525s] -- Found ament_cmake: 1.3.14 (/opt/ros/humble/share/ament_cmake/cmake)
[0.694s] -- Found Python3: /usr/bin/python3 (found version "3.10.12") found components: Interpreter 
[0.759s] -- Found rosidl_default_generators: 1.2.1 (/opt/ros/humble/share/rosidl_default_generators/cmake)
[0.761s] -- Using all available rosidl_typesupport_c: rosidl_typesupport_fastrtps_c;rosidl_typesupport_introspection_c
[0.766s] -- Found rosidl_adapter: 3.1.8 (/opt/ros/humble/share/rosidl_adapter/cmake)
[0.791s] -- Using all available rosidl_typesupport_cpp: rosidl_typesupport_fastrtps_cpp;rosidl_typesupport_introspection_cpp
[0.818s] -- Found builtin_interfaces: 1.2.2 (/opt/ros/humble/share/builtin_interfaces/cmake)
[0.826s] -- Found geometry_msgs: 4.9.1 (/opt/ros/humble/share/geometry_msgs/cmake)
[0.845s] -- Found sensor_msgs: 4.9.1 (/opt/ros/humble/share/sensor_msgs/cmake)
[1.157s] -- Found ament_cmake_ros: 0.10.0 (/opt/ros/humble/share/ament_cmake_ros/cmake)
[1.390s] -- Using all available rosidl_typesupport_c: rosidl_typesupport_fastrtps_c;rosidl_typesupport_introspection_c
[1.688s] -- Using all available rosidl_typesupport_cpp: rosidl_typesupport_fastrtps_cpp;rosidl_typesupport_introspection_cpp
[1.718s] -- Found PythonInterp: /usr/bin/python3 (found suitable version "3.10.12", minimum required is "3.6") 
[1.719s] -- Found python_cmake_module: 0.10.0 (/opt/ros/humble/share/python_cmake_module/cmake)
[1.740s] -- Found PythonLibs: /usr/lib/x86_64-linux-gnu/libpython3.10.so (Required is at least version "3.5") 
[1.740s] -- Using PYTHON_EXECUTABLE: /usr/bin/python3
[1.740s] -- Using PYTHON_INCLUDE_DIRS: /usr/include/python3.10;/usr/include/x86_64-linux-gnu/python3.10
[1.740s] -- Using PYTHON_LIBRARIES: /usr/lib/x86_64-linux-gnu/libpython3.10.so
[1.766s] -- Found PythonExtra: .so  
[1.898s] -- Configuring done
[1.932s] -- Generating done
[1.942s] -- Build files have been written to: /home/sophie/isaac_lab/isaac_ws/rl_code/soarm100sim/ros2/build/soarm100_interfaces
[1.949s] Invoked command in '/home/sophie/isaac_lab/isaac_ws/rl_code/soarm100sim/ros2/build/soarm100_interfaces' returned '0': CMAKE_PREFIX_PATH=${CMAKE_PREFIX_PATH}:/opt/ros/humble CONDA_PROMPT_MODIFIER=(base) /usr/bin/cmake /home/sophie/isaac_lab/isaac_ws/rl_code/soarm100sim/ros2/soarm100_interfaces -DPython3_EXECUTABLE=/usr/bin/python3 -DPYTHON_EXECUTABLE=/usr/bin/python3 -DPYTHON_INCLUDE_DIR=/usr/include/python3.10;/usr/include/x86_64-linux-gnu/python3.10 -DPYTHON_LIBRARY=/usr/lib/x86_64-linux-gnu/libpython3.10.so -DCMAKE_INSTALL_PREFIX=/home/sophie/isaac_lab/isaac_ws/rl_code/soarm100sim/ros2/install/soarm100_interfaces
[1.949s] Invoking command in '/home/sophie/isaac_lab/isaac_ws/rl_code/soarm100sim/ros2/build/soarm100_interfaces': CMAKE_PREFIX_PATH=${CMAKE_PREFIX_PATH}:/opt/ros/humble CONDA_PROMPT_MODIFIER=(base) /usr/bin/cmake --build /home/sophie/isaac_lab/isaac_ws/rl_code/soarm100sim/ros2/build/soarm100_interfaces -- -j32 -l32
[1.992s] Consolidate compiler generated dependencies of target soarm100_interfaces__rosidl_generator_c
[2.002s] [  1%] Built target soarm100_interfaces__cpp
[2.002s] [  2%] Built target soarm100_interfaces__rs
[2.003s] [  4%] Building C object CMakeFiles/soarm100_interfaces__rosidl_generator_c.dir/rosidl_generator_c/soarm100_interfaces/msg/detail/tracked_target2_d__functions.c.o
[2.004s] [  5%] Building C object CMakeFiles/soarm100_interfaces__rosidl_generator_c.dir/rosidl_generator_c/soarm100_interfaces/srv/detail/segment_target__functions.c.o
[2.004s] [  6%] Building C object CMakeFiles/soarm100_interfaces__rosidl_generator_c.dir/rosidl_generator_c/soarm100_interfaces/action/detail/execute_planned_grasp__functions.c.o
[2.005s] [  8%] Building C object CMakeFiles/soarm100_interfaces__rosidl_generator_c.dir/rosidl_generator_c/soarm100_interfaces/action/detail/execute_grasp__functions.c.o
[2.005s] [  8%] Built target ament_cmake_python_copy_soarm100_interfaces
[2.005s] [  9%] Building C object CMakeFiles/soarm100_interfaces__rosidl_generator_c.dir/rosidl_generator_c/soarm100_interfaces/action/detail/plan_grasp__functions.c.o
[2.006s] [ 11%] Building C object CMakeFiles/soarm100_interfaces__rosidl_generator_c.dir/rosidl_generator_c/soarm100_interfaces/srv/detail/set_avoidance__functions.c.o
[2.016s] Consolidate compiler generated dependencies of target soarm100_interfaces__rosidl_typesupport_introspection_cpp
[2.017s] Consolidate compiler generated dependencies of target soarm100_interfaces__rosidl_typesupport_cpp
[2.018s] Consolidate compiler generated dependencies of target soarm100_interfaces__rosidl_typesupport_fastrtps_cpp
[2.027s] [ 12%] Building CXX object CMakeFiles/soarm100_interfaces__rosidl_typesupport_introspection_cpp.dir/rosidl_typesupport_introspection_cpp/soarm100_interfaces/action/detail/plan_grasp__type_support.cpp.o
[2.027s] [ 15%] Building CXX object CMakeFiles/soarm100_interfaces__rosidl_typesupport_cpp.dir/rosidl_typesupport_cpp/soarm100_interfaces/srv/set_avoidance__type_support.cpp.o
[2.027s] [ 15%] Building CXX object CMakeFiles/soarm100_interfaces__rosidl_typesupport_cpp.dir/rosidl_typesupport_cpp/soarm100_interfaces/action/plan_grasp__type_support.cpp.o
[2.027s] [ 16%] Building CXX object CMakeFiles/soarm100_interfaces__rosidl_typesupport_cpp.dir/rosidl_typesupport_cpp/soarm100_interfaces/srv/segment_target__type_support.cpp.o
[2.027s] [ 18%] Building CXX object CMakeFiles/soarm100_interfaces__rosidl_typesupport_introspection_cpp.dir/rosidl_typesupport_introspection_cpp/soarm100_interfaces/srv/detail/set_avoidance__type_support.cpp.o
[2.027s] [ 19%] Building CXX object CMakeFiles/soarm100_interfaces__rosidl_typesupport_introspection_cpp.dir/rosidl_typesupport_introspection_cpp/soarm100_interfaces/srv/detail/segment_target__type_support.cpp.o
[2.028s] [ 25%] Building CXX object CMakeFiles/soarm100_interfaces__rosidl_typesupport_cpp.dir/rosidl_typesupport_cpp/soarm100_interfaces/action/execute_planned_grasp__type_support.cpp.o
[2.028s] [ 25%] Building CXX object CMakeFiles/soarm100_interfaces__rosidl_typesupport_cpp.dir/rosidl_typesupport_cpp/soarm100_interfaces/action/execute_grasp__type_support.cpp.o
[2.028s] [ 25%] Building CXX object CMakeFiles/soarm100_interfaces__rosidl_typesupport_introspection_cpp.dir/rosidl_typesupport_introspection_cpp/soarm100_interfaces/msg/detail/tracked_target2_d__type_support.cpp.o
[2.028s] [ 25%] Building CXX object CMakeFiles/soarm100_interfaces__rosidl_typesupport_cpp.dir/rosidl_typesupport_cpp/soarm100_interfaces/msg/tracked_target2_d__type_support.cpp.o
[2.028s] [ 26%] Building CXX object CMakeFiles/soarm100_interfaces__rosidl_typesupport_introspection_cpp.dir/rosidl_typesupport_introspection_cpp/soarm100_interfaces/action/detail/execute_planned_grasp__type_support.cpp.o
[2.028s] [ 27%] Building CXX object CMakeFiles/soarm100_interfaces__rosidl_typesupport_introspection_cpp.dir/rosidl_typesupport_introspection_cpp/soarm100_interfaces/action/detail/execute_grasp__type_support.cpp.o
[2.030s] [ 29%] Building CXX object CMakeFiles/soarm100_interfaces__rosidl_typesupport_fastrtps_cpp.dir/rosidl_typesupport_fastrtps_cpp/soarm100_interfaces/action/detail/dds_fastrtps/execute_planned_grasp__type_support.cpp.o
[2.030s] [ 30%] Building CXX object CMakeFiles/soarm100_interfaces__rosidl_typesupport_fastrtps_cpp.dir/rosidl_typesupport_fastrtps_cpp/soarm100_interfaces/action/detail/dds_fastrtps/execute_grasp__type_support.cpp.o
[2.030s] [ 31%] Building CXX object CMakeFiles/soarm100_interfaces__rosidl_typesupport_fastrtps_cpp.dir/rosidl_typesupport_fastrtps_cpp/soarm100_interfaces/msg/detail/dds_fastrtps/tracked_target2_d__type_support.cpp.o
[2.031s] [ 33%] Building CXX object CMakeFiles/soarm100_interfaces__rosidl_typesupport_fastrtps_cpp.dir/rosidl_typesupport_fastrtps_cpp/soarm100_interfaces/srv/detail/dds_fastrtps/set_avoidance__type_support.cpp.o
[2.031s] [ 34%] Building CXX object CMakeFiles/soarm100_interfaces__rosidl_typesupport_fastrtps_cpp.dir/rosidl_typesupport_fastrtps_cpp/soarm100_interfaces/action/detail/dds_fastrtps/plan_grasp__type_support.cpp.o
[2.031s] [ 36%] Building CXX object CMakeFiles/soarm100_interfaces__rosidl_typesupport_fastrtps_cpp.dir/rosidl_typesupport_fastrtps_cpp/soarm100_interfaces/srv/detail/dds_fastrtps/segment_target__type_support.cpp.o
[2.182s] running egg_info
[2.183s] writing soarm100_interfaces.egg-info/PKG-INFO
[2.183s] writing dependency_links to soarm100_interfaces.egg-info/dependency_links.txt
[2.183s] writing top-level names to soarm100_interfaces.egg-info/top_level.txt
[2.185s] reading manifest file 'soarm100_interfaces.egg-info/SOURCES.txt'
[2.185s] writing manifest file 'soarm100_interfaces.egg-info/SOURCES.txt'
[2.205s] [ 36%] Built target ament_cmake_python_build_soarm100_interfaces_egg
[2.550s] [ 37%] Linking CXX shared library libsoarm100_interfaces__rosidl_typesupport_cpp.so
[2.579s] [ 38%] Linking C shared library libsoarm100_interfaces__rosidl_generator_c.so
[2.584s] [ 40%] Built target soarm100_interfaces__rosidl_typesupport_cpp
[2.616s] [ 41%] Built target soarm100_interfaces__rosidl_generator_c
[2.629s] Consolidate compiler generated dependencies of target soarm100_interfaces__rosidl_typesupport_introspection_c
[2.629s] Consolidate compiler generated dependencies of target soarm100_interfaces__rosidl_typesupport_c
[2.632s] Consolidate compiler generated dependencies of target soarm100_interfaces__rosidl_typesupport_fastrtps_c
[2.638s] [ 45%] Building C object CMakeFiles/soarm100_interfaces__rosidl_typesupport_introspection_c.dir/rosidl_typesupport_introspection_c/soarm100_interfaces/action/detail/execute_grasp__type_support.c.o
[2.638s] [ 45%] Building CXX object CMakeFiles/soarm100_interfaces__rosidl_typesupport_c.dir/rosidl_typesupport_c/soarm100_interfaces/msg/tracked_target2_d__type_support.cpp.o
[2.638s] [ 45%] Building C object CMakeFiles/soarm100_interfaces__rosidl_typesupport_introspection_c.dir/rosidl_typesupport_introspection_c/soarm100_interfaces/action/detail/plan_grasp__type_support.c.o
[2.638s] [ 47%] Building CXX object CMakeFiles/soarm100_interfaces__rosidl_typesupport_c.dir/rosidl_typesupport_c/soarm100_interfaces/action/execute_grasp__type_support.cpp.o
[2.639s] [ 48%] Building C object CMakeFiles/soarm100_interfaces__rosidl_typesupport_introspection_c.dir/rosidl_typesupport_introspection_c/soarm100_interfaces/srv/detail/segment_target__type_support.c.o
[2.639s] [ 50%] Building C object CMakeFiles/soarm100_interfaces__rosidl_typesupport_introspection_c.dir/rosidl_typesupport_introspection_c/soarm100_interfaces/srv/detail/set_avoidance__type_support.c.o
[2.639s] [ 51%] Building C object CMakeFiles/soarm100_interfaces__rosidl_typesupport_introspection_c.dir/rosidl_typesupport_introspection_c/soarm100_interfaces/msg/detail/tracked_target2_d__type_support.c.o
[2.640s] [ 52%] Building C object CMakeFiles/soarm100_interfaces__rosidl_typesupport_introspection_c.dir/rosidl_typesupport_introspection_c/soarm100_interfaces/action/detail/execute_planned_grasp__type_support.c.o
[2.640s] [ 54%] Building CXX object CMakeFiles/soarm100_interfaces__rosidl_typesupport_c.dir/rosidl_typesupport_c/soarm100_interfaces/action/execute_planned_grasp__type_support.cpp.o
[2.640s] [ 55%] Building CXX object CMakeFiles/soarm100_interfaces__rosidl_typesupport_c.dir/rosidl_typesupport_c/soarm100_interfaces/action/plan_grasp__type_support.cpp.o
[2.641s] [ 56%] Building CXX object CMakeFiles/soarm100_interfaces__rosidl_typesupport_c.dir/rosidl_typesupport_c/soarm100_interfaces/srv/segment_target__type_support.cpp.o
[2.641s] [ 58%] Building CXX object CMakeFiles/soarm100_interfaces__rosidl_typesupport_c.dir/rosidl_typesupport_c/soarm100_interfaces/srv/set_avoidance__type_support.cpp.o
[2.643s] [ 59%] Building CXX object CMakeFiles/soarm100_interfaces__rosidl_typesupport_fastrtps_c.dir/rosidl_typesupport_fastrtps_c/soarm100_interfaces/action/detail/execute_planned_grasp__type_support_c.cpp.o
[2.643s] [ 61%] Building CXX object CMakeFiles/soarm100_interfaces__rosidl_typesupport_fastrtps_c.dir/rosidl_typesupport_fastrtps_c/soarm100_interfaces/action/detail/plan_grasp__type_support_c.cpp.o
[2.644s] [ 62%] Building CXX object CMakeFiles/soarm100_interfaces__rosidl_typesupport_fastrtps_c.dir/rosidl_typesupport_fastrtps_c/soarm100_interfaces/msg/detail/tracked_target2_d__type_support_c.cpp.o
[2.644s] [ 63%] Building CXX object CMakeFiles/soarm100_interfaces__rosidl_typesupport_fastrtps_c.dir/rosidl_typesupport_fastrtps_c/soarm100_interfaces/action/detail/execute_grasp__type_support_c.cpp.o
[2.646s] [ 65%] Building CXX object CMakeFiles/soarm100_interfaces__rosidl_typesupport_fastrtps_c.dir/rosidl_typesupport_fastrtps_c/soarm100_interfaces/srv/detail/segment_target__type_support_c.cpp.o
[2.646s] [ 66%] Building CXX object CMakeFiles/soarm100_interfaces__rosidl_typesupport_fastrtps_c.dir/rosidl_typesupport_fastrtps_c/soarm100_interfaces/srv/detail/set_avoidance__type_support_c.cpp.o
[2.704s] [ 68%] Linking CXX shared library libsoarm100_interfaces__rosidl_typesupport_c.so
[2.711s] [ 69%] Linking CXX shared library libsoarm100_interfaces__rosidl_typesupport_introspection_cpp.so
[2.719s] [ 70%] Linking C shared library libsoarm100_interfaces__rosidl_typesupport_introspection_c.so
[2.740s] [ 72%] Built target soarm100_interfaces__rosidl_typesupport_c
[2.748s] [ 73%] Built target soarm100_interfaces__rosidl_typesupport_introspection_c
[2.765s] [ 75%] Built target soarm100_interfaces__rosidl_typesupport_introspection_cpp
[2.805s] [ 76%] Linking CXX shared library libsoarm100_interfaces__rosidl_typesupport_fastrtps_cpp.so
[2.869s] [ 77%] Built target soarm100_interfaces__rosidl_typesupport_fastrtps_cpp
[3.080s] [ 79%] Linking CXX shared library libsoarm100_interfaces__rosidl_typesupport_fastrtps_c.so
[3.145s] [ 80%] Built target soarm100_interfaces__rosidl_typesupport_fastrtps_c
[3.168s] [ 80%] Built target soarm100_interfaces
[3.198s] [ 81%] Built target soarm100_interfaces__py
[3.214s] Consolidate compiler generated dependencies of target soarm100_interfaces__rosidl_generator_py
[3.225s] [ 83%] Building C object CMakeFiles/soarm100_interfaces__rosidl_generator_py.dir/rosidl_generator_py/soarm100_interfaces/msg/_tracked_target2_d_s.c.o
[3.226s] [ 84%] Building C object CMakeFiles/soarm100_interfaces__rosidl_generator_py.dir/rosidl_generator_py/soarm100_interfaces/action/_execute_grasp_s.c.o
[3.226s] [ 86%] Building C object CMakeFiles/soarm100_interfaces__rosidl_generator_py.dir/rosidl_generator_py/soarm100_interfaces/action/_execute_planned_grasp_s.c.o
[3.226s] [ 87%] Building C object CMakeFiles/soarm100_interfaces__rosidl_generator_py.dir/rosidl_generator_py/soarm100_interfaces/action/_plan_grasp_s.c.o
[3.226s] [ 88%] Building C object CMakeFiles/soarm100_interfaces__rosidl_generator_py.dir/rosidl_generator_py/soarm100_interfaces/srv/_set_avoidance_s.c.o
[3.226s] [ 90%] Building C object CMakeFiles/soarm100_interfaces__rosidl_generator_py.dir/rosidl_generator_py/soarm100_interfaces/srv/_segment_target_s.c.o
[3.232s] In file included from /usr/include/python3.10/Python.h:8,
[3.232s]                  from /home/sophie/isaac_lab/isaac_ws/rl_code/soarm100sim/ros2/build/soarm100_interfaces/rosidl_generator_py/soarm100_interfaces/action/_plan_grasp_s.c:5:
[3.232s] /usr/include/python3.10/pyconfig.h:3:12: fatal error: x86_64-linux-gnu/python3.10/pyconfig.h: No such file or directory
[3.232s]     3 | #  include <x86_64-linux-gnu/python3.10/pyconfig.h>
[3.232s]       |            ^~~~~~~~~~~~~~~~~~~~~~~~~~~~~~~~~~~~~~~~
[3.233s] compilation terminated.
[3.233s] In file included from /usr/include/python3.10/Python.h:8,
[3.234s]                  from /home/sophie/isaac_lab/isaac_ws/rl_code/soarm100sim/ros2/build/soarm100_interfaces/rosidl_generator_py/soarm100_interfaces/msg/_tracked_target2_d_s.c:5:
[3.234s] /usr/include/python3.10/pyconfig.h:3:12: fatal error: x86_64-linux-gnu/python3.10/pyconfig.h: No such file or directory
[3.234s]     3 | #  include <x86_64-linux-gnu/python3.10/pyconfig.h>
[3.234s]       |            ^~~~~~~~~~~~~~~~~~~~~~~~~~~~~~~~~~~~~~~~
[3.234s] compilation terminated.
[3.234s] In file included from /usr/include/python3.10/Python.h:8,
[3.234s]                  from /home/sophie/isaac_lab/isaac_ws/rl_code/soarm100sim/ros2/build/soarm100_interfaces/rosidl_generator_py/soarm100_interfaces/action/_execute_grasp_s.c:5:
[3.234s] /usr/include/python3.10/pyconfig.h:3:12: fatal error: x86_64-linux-gnu/python3.10/pyconfig.h: No such file or directory
[3.234s]     3 | #  include <x86_64-linux-gnu/python3.10/pyconfig.h>
[3.235s]       |            ^~~~~~~~~~~~~~~~~~~~~~~~~~~~~~~~~~~~~~~~
[3.235s] compilation terminated.
[3.235s] In file included from /usr/include/python3.10/Python.h:8,
[3.235s]                  from /home/sophie/isaac_lab/isaac_ws/rl_code/soarm100sim/ros2/build/soarm100_interfaces/rosidl_generator_py/soarm100_interfaces/action/_execute_planned_grasp_s.c:5:
[3.235s] /usr/include/python3.10/pyconfig.h:3:12: fatal error: x86_64-linux-gnu/python3.10/pyconfig.h: No such file or directory
[3.235s]     3 | #  include <x86_64-linux-gnu/python3.10/pyconfig.h>
[3.235s]       |            ^~~~~~~~~~~~~~~~~~~~~~~~~~~~~~~~~~~~~~~~
[3.235s] compilation terminated.
[3.235s] In file included from /usr/include/python3.10/Python.h:8,
[3.235s]                  from /home/sophie/isaac_lab/isaac_ws/rl_code/soarm100sim/ros2/build/soarm100_interfaces/rosidl_generator_py/soarm100_interfaces/srv/_set_avoidance_s.c:5:
[3.236s] /usr/include/python3.10/pyconfig.h:3:12: fatal error: x86_64-linux-gnu/python3.10/pyconfig.h: No such file or directory
[3.236s]     3 | #  include <x86_64-linux-gnu/python3.10/pyconfig.h>
[3.236s]       |            ^~~~~~~~~~~~~~~~~~~~~~~~~~~~~~~~~~~~~~~~
[3.236s] compilation terminated.
[3.236s] In file included from /usr/include/python3.10/Python.h:8,
[3.236s]                  from /home/sophie/isaac_lab/isaac_ws/rl_code/soarm100sim/ros2/build/soarm100_interfaces/rosidl_generator_py/soarm100_interfaces/srv/_segment_target_s.c:5:
[3.236s] /usr/include/python3.10/pyconfig.h:3:12: fatal error: x86_64-linux-gnu/python3.10/pyconfig.h: No such file or directory
[3.236s]     3 | #  include <x86_64-linux-gnu/python3.10/pyconfig.h>
[3.236s]       |            ^~~~~~~~~~~~~~~~~~~~~~~~~~~~~~~~~~~~~~~~
[3.236s] compilation terminated.
[3.236s] gmake[2]: *** [CMakeFiles/soarm100_interfaces__rosidl_generator_py.dir/build.make:118：CMakeFiles/soarm100_interfaces__rosidl_generator_py.dir/rosidl_generator_py/soarm100_interfaces/action/_plan_grasp_s.c.o] 错误 1
[3.236s] gmake[2]: *** 正在等待未完成的任务....
[3.236s] gmake[2]: *** [CMakeFiles/soarm100_interfaces__rosidl_generator_py.dir/build.make:76：CMakeFiles/soarm100_interfaces__rosidl_generator_py.dir/rosidl_generator_py/soarm100_interfaces/msg/_tracked_target2_d_s.c.o] 错误 1
[3.236s] gmake[2]: *** [CMakeFiles/soarm100_interfaces__rosidl_generator_py.dir/build.make:90：CMakeFiles/soarm100_interfaces__rosidl_generator_py.dir/rosidl_generator_py/soarm100_interfaces/action/_execute_grasp_s.c.o] 错误 1
[3.236s] gmake[2]: *** [CMakeFiles/soarm100_interfaces__rosidl_generator_py.dir/build.make:104：CMakeFiles/soarm100_interfaces__rosidl_generator_py.dir/rosidl_generator_py/soarm100_interfaces/action/_execute_planned_grasp_s.c.o] 错误 1
[3.236s] gmake[2]: *** [CMakeFiles/soarm100_interfaces__rosidl_generator_py.dir/build.make:146：CMakeFiles/soarm100_interfaces__rosidl_generator_py.dir/rosidl_generator_py/soarm100_interfaces/srv/_set_avoidance_s.c.o] 错误 1
[3.236s] gmake[2]: *** [CMakeFiles/soarm100_interfaces__rosidl_generator_py.dir/build.make:132：CMakeFiles/soarm100_interfaces__rosidl_generator_py.dir/rosidl_generator_py/soarm100_interfaces/srv/_segment_target_s.c.o] 错误 1
[3.236s] gmake[1]: *** [CMakeFiles/Makefile2:494：CMakeFiles/soarm100_interfaces__rosidl_generator_py.dir/all] 错误 2
[3.236s] gmake: *** [Makefile:146：all] 错误 2
[30.029s] Invoked command in '/home/sophie/isaac_lab/isaac_ws/rl_code/soarm100sim/ros2/build/soarm100_interfaces' returned '2': CMAKE_PREFIX_PATH=${CMAKE_PREFIX_PATH}:/opt/ros/humble CONDA_PROMPT_MODIFIER=(base) /usr/bin/cmake --build /home/sophie/isaac_lab/isaac_ws/rl_code/soarm100sim/ros2/build/soarm100_interfaces -- -j32 -l32
