[0.072s] colcon DEBUG Command line arguments: ['/usr/bin/colcon', 'build', '--packages-select', 'soarm100_interfaces', 'soarm100_vision', '--cmake-clean-cache', '--cmake-args', '-DCMAKE_C_COMPILER=/usr/bin/cc', '-DCMAKE_CXX_COMPILER=/usr/bin/c++', '-DPython3_EXECUTABLE=/usr/bin/python3', '-DPYTHON_EXECUTABLE=/usr/bin/python3', '-DPYTHON_INCLUDE_DIR=/usr/include/python3.10;/usr/include/x86_64-linux-gnu/python3.10', '-DPYTHON_LIBRARY=/usr/lib/x86_64-linux-gnu/libpython3.10.so']
[0.072s] colcon DEBUG Parsed command line arguments: Namespace(log_base=None, log_level=None, verb_name='build', build_base='build', install_base='install', merge_install=False, symlink_install=False, test_result_base=None, continue_on_error=False, executor='parallel', parallel_workers=32, event_handlers=None, ignore_user_meta=False, metas=['./colcon.meta'], base_paths=['.'], packages_ignore=None, packages_ignore_regex=None, paths=None, packages_up_to=None, packages_up_to_regex=None, packages_above=None, packages_above_and_dependencies=None, packages_above_depth=None, packages_select_by_dep=None, packages_skip_by_dep=None, packages_skip_up_to=None, packages_select_build_failed=False, packages_skip_build_finished=False, packages_select_test_failures=False, packages_skip_test_passed=False, packages_select=['soarm100_interfaces', 'soarm100_vision'], packages_skip=None, packages_select_regex=None, packages_skip_regex=None, packages_start=None, packages_end=None, allow_overriding=[], cmake_args=['-DCMAKE_C_COMPILER=/usr/bin/cc', '-DCMAKE_CXX_COMPILER=/usr/bin/c++', '-DPython3_EXECUTABLE=/usr/bin/python3', '-DPYTHON_EXECUTABLE=/usr/bin/python3', '-DPYTHON_INCLUDE_DIR=/usr/include/python3.10;/usr/include/x86_64-linux-gnu/python3.10', '-DPYTHON_LIBRARY=/usr/lib/x86_64-linux-gnu/libpython3.10.so'], cmake_target=None, cmake_target_skip_unavailable=False, cmake_clean_cache=True, cmake_clean_first=False, cmake_force_configure=False, ament_cmake_args=None, catkin_cmake_args=None, catkin_skip_building_tests=False, verb_parser=<colcon_defaults.argument_parser.defaults.DefaultArgumentsDecorator object at 0x777eae60a020>, verb_extension=<colcon_core.verb.build.BuildVerb object at 0x777eae609ba0>, main=<bound method BuildVerb.main of <colcon_core.verb.build.BuildVerb object at 0x777eae609ba0>>)
[0.181s] colcon.colcon_core.package_discovery Level 1 discover_packages(colcon_meta) check parameters
[0.181s] colcon.colcon_core.package_discovery Level 1 discover_packages(recursive) check parameters
[0.181s] colcon.colcon_core.package_discovery Level 1 discover_packages(ignore) check parameters
[0.181s] colcon.colcon_core.package_discovery Level 1 discover_packages(path) check parameters
[0.181s] colcon.colcon_core.package_discovery Level 1 discover_packages(colcon_meta) discover
[0.181s] colcon.colcon_core.package_discovery Level 1 discover_packages(recursive) discover
[0.181s] colcon.colcon_core.package_discovery INFO Crawling recursively for packages in '/home/sophie/isaac_lab/isaac_ws/rl_code/soarm100sim/ros2'
[0.182s] colcon.colcon_core.package_identification Level 1 _identify(.) by extensions ['ignore', 'ignore_ament_install']
[0.182s] colcon.colcon_core.package_identification Level 1 _identify(.) by extension 'ignore'
[0.182s] colcon.colcon_core.package_identification Level 1 _identify(.) by extension 'ignore_ament_install'
[0.182s] colcon.colcon_core.package_identification Level 1 _identify(.) by extensions ['colcon_pkg']
[0.182s] colcon.colcon_core.package_identification Level 1 _identify(.) by extension 'colcon_pkg'
[0.182s] colcon.colcon_core.package_identification Level 1 _identify(.) by extensions ['colcon_meta']
[0.182s] colcon.colcon_core.package_identification Level 1 _identify(.) by extension 'colcon_meta'
[0.182s] colcon.colcon_core.package_identification Level 1 _identify(.) by extensions ['ros']
[0.182s] colcon.colcon_core.package_identification Level 1 _identify(.) by extension 'ros'
[0.205s] colcon.colcon_core.package_identification Level 1 _identify(.) by extensions ['cmake', 'python']
[0.205s] colcon.colcon_core.package_identification Level 1 _identify(.) by extension 'cmake'
[0.205s] colcon.colcon_core.package_identification Level 1 _identify(.) by extension 'python'
[0.205s] colcon.colcon_core.package_identification Level 1 _identify(.) by extensions ['python_setup_py']
[0.205s] colcon.colcon_core.package_identification Level 1 _identify(.) by extension 'python_setup_py'
[0.205s] colcon.colcon_core.package_identification Level 1 _identify(build) by extensions ['ignore', 'ignore_ament_install']
[0.205s] colcon.colcon_core.package_identification Level 1 _identify(build) by extension 'ignore'
[0.205s] colcon.colcon_core.package_identification Level 1 _identify(build) ignored
[0.205s] colcon.colcon_core.package_identification Level 1 _identify(install) by extensions ['ignore', 'ignore_ament_install']
[0.205s] colcon.colcon_core.package_identification Level 1 _identify(install) by extension 'ignore'
[0.205s] colcon.colcon_core.package_identification Level 1 _identify(install) ignored
[0.205s] colcon.colcon_core.package_identification Level 1 _identify(log) by extensions ['ignore', 'ignore_ament_install']
[0.205s] colcon.colcon_core.package_identification Level 1 _identify(log) by extension 'ignore'
[0.205s] colcon.colcon_core.package_identification Level 1 _identify(log) ignored
[0.205s] colcon.colcon_core.package_identification Level 1 _identify(logs) by extensions ['ignore', 'ignore_ament_install']
[0.205s] colcon.colcon_core.package_identification Level 1 _identify(logs) by extension 'ignore'
[0.205s] colcon.colcon_core.package_identification Level 1 _identify(logs) by extension 'ignore_ament_install'
[0.205s] colcon.colcon_core.package_identification Level 1 _identify(logs) by extensions ['colcon_pkg']
[0.205s] colcon.colcon_core.package_identification Level 1 _identify(logs) by extension 'colcon_pkg'
[0.205s] colcon.colcon_core.package_identification Level 1 _identify(logs) by extensions ['colcon_meta']
[0.205s] colcon.colcon_core.package_identification Level 1 _identify(logs) by extension 'colcon_meta'
[0.205s] colcon.colcon_core.package_identification Level 1 _identify(logs) by extensions ['ros']
[0.205s] colcon.colcon_core.package_identification Level 1 _identify(logs) by extension 'ros'
[0.205s] colcon.colcon_core.package_identification Level 1 _identify(logs) by extensions ['cmake', 'python']
[0.205s] colcon.colcon_core.package_identification Level 1 _identify(logs) by extension 'cmake'
[0.206s] colcon.colcon_core.package_identification Level 1 _identify(logs) by extension 'python'
[0.206s] colcon.colcon_core.package_identification Level 1 _identify(logs) by extensions ['python_setup_py']
[0.206s] colcon.colcon_core.package_identification Level 1 _identify(logs) by extension 'python_setup_py'
[0.206s] colcon.colcon_core.package_identification Level 1 _identify(logs/ros2_tracking_failures) by extensions ['ignore', 'ignore_ament_install']
[0.206s] colcon.colcon_core.package_identification Level 1 _identify(logs/ros2_tracking_failures) by extension 'ignore'
[0.206s] colcon.colcon_core.package_identification Level 1 _identify(logs/ros2_tracking_failures) by extension 'ignore_ament_install'
[0.206s] colcon.colcon_core.package_identification Level 1 _identify(logs/ros2_tracking_failures) by extensions ['colcon_pkg']
[0.206s] colcon.colcon_core.package_identification Level 1 _identify(logs/ros2_tracking_failures) by extension 'colcon_pkg'
[0.206s] colcon.colcon_core.package_identification Level 1 _identify(logs/ros2_tracking_failures) by extensions ['colcon_meta']
[0.206s] colcon.colcon_core.package_identification Level 1 _identify(logs/ros2_tracking_failures) by extension 'colcon_meta'
[0.206s] colcon.colcon_core.package_identification Level 1 _identify(logs/ros2_tracking_failures) by extensions ['ros']
[0.206s] colcon.colcon_core.package_identification Level 1 _identify(logs/ros2_tracking_failures) by extension 'ros'
[0.206s] colcon.colcon_core.package_identification Level 1 _identify(logs/ros2_tracking_failures) by extensions ['cmake', 'python']
[0.206s] colcon.colcon_core.package_identification Level 1 _identify(logs/ros2_tracking_failures) by extension 'cmake'
[0.206s] colcon.colcon_core.package_identification Level 1 _identify(logs/ros2_tracking_failures) by extension 'python'
[0.206s] colcon.colcon_core.package_identification Level 1 _identify(logs/ros2_tracking_failures) by extensions ['python_setup_py']
[0.206s] colcon.colcon_core.package_identification Level 1 _identify(logs/ros2_tracking_failures) by extension 'python_setup_py'
[0.206s] colcon.colcon_core.package_identification Level 1 _identify(logs/ros2_vision) by extensions ['ignore', 'ignore_ament_install']
[0.206s] colcon.colcon_core.package_identification Level 1 _identify(logs/ros2_vision) by extension 'ignore'
[0.206s] colcon.colcon_core.package_identification Level 1 _identify(logs/ros2_vision) by extension 'ignore_ament_install'
[0.206s] colcon.colcon_core.package_identification Level 1 _identify(logs/ros2_vision) by extensions ['colcon_pkg']
[0.206s] colcon.colcon_core.package_identification Level 1 _identify(logs/ros2_vision) by extension 'colcon_pkg'
[0.206s] colcon.colcon_core.package_identification Level 1 _identify(logs/ros2_vision) by extensions ['colcon_meta']
[0.206s] colcon.colcon_core.package_identification Level 1 _identify(logs/ros2_vision) by extension 'colcon_meta'
[0.206s] colcon.colcon_core.package_identification Level 1 _identify(logs/ros2_vision) by extensions ['ros']
[0.206s] colcon.colcon_core.package_identification Level 1 _identify(logs/ros2_vision) by extension 'ros'
[0.206s] colcon.colcon_core.package_identification Level 1 _identify(logs/ros2_vision) by extensions ['cmake', 'python']
[0.206s] colcon.colcon_core.package_identification Level 1 _identify(logs/ros2_vision) by extension 'cmake'
[0.206s] colcon.colcon_core.package_identification Level 1 _identify(logs/ros2_vision) by extension 'python'
[0.206s] colcon.colcon_core.package_identification Level 1 _identify(logs/ros2_vision) by extensions ['python_setup_py']
[0.206s] colcon.colcon_core.package_identification Level 1 _identify(logs/ros2_vision) by extension 'python_setup_py'
[0.206s] colcon.colcon_core.package_identification Level 1 _identify(so100_plus_description) by extensions ['ignore', 'ignore_ament_install']
[0.206s] colcon.colcon_core.package_identification Level 1 _identify(so100_plus_description) by extension 'ignore'
[0.206s] colcon.colcon_core.package_identification Level 1 _identify(so100_plus_description) by extension 'ignore_ament_install'
[0.206s] colcon.colcon_core.package_identification Level 1 _identify(so100_plus_description) by extensions ['colcon_pkg']
[0.206s] colcon.colcon_core.package_identification Level 1 _identify(so100_plus_description) by extension 'colcon_pkg'
[0.206s] colcon.colcon_core.package_identification Level 1 _identify(so100_plus_description) by extensions ['colcon_meta']
[0.206s] colcon.colcon_core.package_identification Level 1 _identify(so100_plus_description) by extension 'colcon_meta'
[0.206s] colcon.colcon_core.package_identification Level 1 _identify(so100_plus_description) by extensions ['ros']
[0.206s] colcon.colcon_core.package_identification Level 1 _identify(so100_plus_description) by extension 'ros'
[0.208s] colcon.colcon_core.package_identification DEBUG Package 'so100_plus_description' with type 'ros.ament_cmake' and name 'so100_plus_description'
[0.208s] colcon.colcon_core.package_identification Level 1 _identify(soarm100_interfaces) by extensions ['ignore', 'ignore_ament_install']
[0.208s] colcon.colcon_core.package_identification Level 1 _identify(soarm100_interfaces) by extension 'ignore'
[0.208s] colcon.colcon_core.package_identification Level 1 _identify(soarm100_interfaces) by extension 'ignore_ament_install'
[0.208s] colcon.colcon_core.package_identification Level 1 _identify(soarm100_interfaces) by extensions ['colcon_pkg']
[0.208s] colcon.colcon_core.package_identification Level 1 _identify(soarm100_interfaces) by extension 'colcon_pkg'
[0.208s] colcon.colcon_core.package_identification Level 1 _identify(soarm100_interfaces) by extensions ['colcon_meta']
[0.208s] colcon.colcon_core.package_identification Level 1 _identify(soarm100_interfaces) by extension 'colcon_meta'
[0.208s] colcon.colcon_core.package_identification Level 1 _identify(soarm100_interfaces) by extensions ['ros']
[0.208s] colcon.colcon_core.package_identification Level 1 _identify(soarm100_interfaces) by extension 'ros'
[0.209s] colcon.colcon_core.package_identification DEBUG Package 'soarm100_interfaces' with type 'ros.ament_cmake' and name 'soarm100_interfaces'
[0.209s] colcon.colcon_core.package_identification Level 1 _identify(soarm100_vision) by extensions ['ignore', 'ignore_ament_install']
[0.209s] colcon.colcon_core.package_identification Level 1 _identify(soarm100_vision) by extension 'ignore'
[0.209s] colcon.colcon_core.package_identification Level 1 _identify(soarm100_vision) by extension 'ignore_ament_install'
[0.209s] colcon.colcon_core.package_identification Level 1 _identify(soarm100_vision) by extensions ['colcon_pkg']
[0.209s] colcon.colcon_core.package_identification Level 1 _identify(soarm100_vision) by extension 'colcon_pkg'
[0.209s] colcon.colcon_core.package_identification Level 1 _identify(soarm100_vision) by extensions ['colcon_meta']
[0.209s] colcon.colcon_core.package_identification Level 1 _identify(soarm100_vision) by extension 'colcon_meta'
[0.209s] colcon.colcon_core.package_identification Level 1 _identify(soarm100_vision) by extensions ['ros']
[0.209s] colcon.colcon_core.package_identification Level 1 _identify(soarm100_vision) by extension 'ros'
[0.210s] colcon.colcon_core.package_identification DEBUG Package 'soarm100_vision' with type 'ros.ament_python' and name 'soarm100_vision'
[0.210s] colcon.colcon_core.package_discovery Level 1 discover_packages(recursive) using defaults
[0.210s] colcon.colcon_core.package_discovery Level 1 discover_packages(ignore) discover
[0.210s] colcon.colcon_core.package_discovery Level 1 discover_packages(ignore) using defaults
[0.210s] colcon.colcon_core.package_discovery Level 1 discover_packages(path) discover
[0.210s] colcon.colcon_core.package_discovery Level 1 discover_packages(path) using defaults
[0.219s] colcon.colcon_core.package_selection INFO Skipping not selected package 'so100_plus_description' in 'so100_plus_description'
[0.220s] colcon.colcon_core.package_discovery Level 1 discover_packages(prefix_path) check parameters
[0.220s] colcon.colcon_core.package_discovery Level 1 discover_packages(prefix_path) discover
[0.221s] colcon.colcon_installed_package_information.package_discovery DEBUG Found 375 installed packages in /opt/ros/humble
[0.222s] colcon.colcon_core.package_discovery Level 1 discover_packages(prefix_path) using defaults
[0.248s] colcon.colcon_core.verb Level 5 set package 'soarm100_interfaces' build argument 'cmake_args' from command line to '['-DCMAKE_C_COMPILER=/usr/bin/cc', '-DCMAKE_CXX_COMPILER=/usr/bin/c++', '-DPython3_EXECUTABLE=/usr/bin/python3', '-DPYTHON_EXECUTABLE=/usr/bin/python3', '-DPYTHON_INCLUDE_DIR=/usr/include/python3.10;/usr/include/x86_64-linux-gnu/python3.10', '-DPYTHON_LIBRARY=/usr/lib/x86_64-linux-gnu/libpython3.10.so']'
[0.248s] colcon.colcon_core.verb Level 5 set package 'soarm100_interfaces' build argument 'cmake_target' from command line to 'None'
[0.248s] colcon.colcon_core.verb Level 5 set package 'soarm100_interfaces' build argument 'cmake_target_skip_unavailable' from command line to 'False'
[0.248s] colcon.colcon_core.verb Level 5 set package 'soarm100_interfaces' build argument 'cmake_clean_cache' from command line to 'True'
[0.248s] colcon.colcon_core.verb Level 5 set package 'soarm100_interfaces' build argument 'cmake_clean_first' from command line to 'False'
[0.248s] colcon.colcon_core.verb Level 5 set package 'soarm100_interfaces' build argument 'cmake_force_configure' from command line to 'False'
[0.248s] colcon.colcon_core.verb Level 5 set package 'soarm100_interfaces' build argument 'ament_cmake_args' from command line to 'None'
[0.248s] colcon.colcon_core.verb Level 5 set package 'soarm100_interfaces' build argument 'catkin_cmake_args' from command line to 'None'
[0.248s] colcon.colcon_core.verb Level 5 set package 'soarm100_interfaces' build argument 'catkin_skip_building_tests' from command line to 'False'
[0.248s] colcon.colcon_core.verb DEBUG Building package 'soarm100_interfaces' with the following arguments: {'ament_cmake_args': None, 'build_base': '/home/sophie/isaac_lab/isaac_ws/rl_code/soarm100sim/ros2/build/soarm100_interfaces', 'catkin_cmake_args': None, 'catkin_skip_building_tests': False, 'cmake_args': ['-DCMAKE_C_COMPILER=/usr/bin/cc', '-DCMAKE_CXX_COMPILER=/usr/bin/c++', '-DPython3_EXECUTABLE=/usr/bin/python3', '-DPYTHON_EXECUTABLE=/usr/bin/python3', '-DPYTHON_INCLUDE_DIR=/usr/include/python3.10;/usr/include/x86_64-linux-gnu/python3.10', '-DPYTHON_LIBRARY=/usr/lib/x86_64-linux-gnu/libpython3.10.so'], 'cmake_clean_cache': True, 'cmake_clean_first': False, 'cmake_force_configure': False, 'cmake_target': None, 'cmake_target_skip_unavailable': False, 'install_base': '/home/sophie/isaac_lab/isaac_ws/rl_code/soarm100sim/ros2/install/soarm100_interfaces', 'merge_install': False, 'path': '/home/sophie/isaac_lab/isaac_ws/rl_code/soarm100sim/ros2/soarm100_interfaces', 'symlink_install': False, 'test_result_base': None}
[0.248s] colcon.colcon_core.verb Level 5 set package 'soarm100_vision' build argument 'cmake_args' from command line to '['-DCMAKE_C_COMPILER=/usr/bin/cc', '-DCMAKE_CXX_COMPILER=/usr/bin/c++', '-DPython3_EXECUTABLE=/usr/bin/python3', '-DPYTHON_EXECUTABLE=/usr/bin/python3', '-DPYTHON_INCLUDE_DIR=/usr/include/python3.10;/usr/include/x86_64-linux-gnu/python3.10', '-DPYTHON_LIBRARY=/usr/lib/x86_64-linux-gnu/libpython3.10.so']'
[0.248s] colcon.colcon_core.verb Level 5 set package 'soarm100_vision' build argument 'cmake_target' from command line to 'None'
[0.248s] colcon.colcon_core.verb Level 5 set package 'soarm100_vision' build argument 'cmake_target_skip_unavailable' from command line to 'False'
[0.248s] colcon.colcon_core.verb Level 5 set package 'soarm100_vision' build argument 'cmake_clean_cache' from command line to 'True'
[0.248s] colcon.colcon_core.verb Level 5 set package 'soarm100_vision' build argument 'cmake_clean_first' from command line to 'False'
[0.249s] colcon.colcon_core.verb Level 5 set package 'soarm100_vision' build argument 'cmake_force_configure' from command line to 'False'
[0.249s] colcon.colcon_core.verb Level 5 set package 'soarm100_vision' build argument 'ament_cmake_args' from command line to 'None'
[0.249s] colcon.colcon_core.verb Level 5 set package 'soarm100_vision' build argument 'catkin_cmake_args' from command line to 'None'
[0.249s] colcon.colcon_core.verb Level 5 set package 'soarm100_vision' build argument 'catkin_skip_building_tests' from command line to 'False'
[0.249s] colcon.colcon_core.verb DEBUG Building package 'soarm100_vision' with the following arguments: {'ament_cmake_args': None, 'build_base': '/home/sophie/isaac_lab/isaac_ws/rl_code/soarm100sim/ros2/build/soarm100_vision', 'catkin_cmake_args': None, 'catkin_skip_building_tests': False, 'cmake_args': ['-DCMAKE_C_COMPILER=/usr/bin/cc', '-DCMAKE_CXX_COMPILER=/usr/bin/c++', '-DPython3_EXECUTABLE=/usr/bin/python3', '-DPYTHON_EXECUTABLE=/usr/bin/python3', '-DPYTHON_INCLUDE_DIR=/usr/include/python3.10;/usr/include/x86_64-linux-gnu/python3.10', '-DPYTHON_LIBRARY=/usr/lib/x86_64-linux-gnu/libpython3.10.so'], 'cmake_clean_cache': True, 'cmake_clean_first': False, 'cmake_force_configure': False, 'cmake_target': None, 'cmake_target_skip_unavailable': False, 'install_base': '/home/sophie/isaac_lab/isaac_ws/rl_code/soarm100sim/ros2/install/soarm100_vision', 'merge_install': False, 'path': '/home/sophie/isaac_lab/isaac_ws/rl_code/soarm100sim/ros2/soarm100_vision', 'symlink_install': False, 'test_result_base': None}
[0.249s] colcon.colcon_core.executor INFO Executing jobs using 'parallel' executor
[0.250s] colcon.colcon_parallel_executor.executor.parallel DEBUG run_until_complete
[0.250s] colcon.colcon_ros.task.ament_cmake.build INFO Building ROS package in '/home/sophie/isaac_lab/isaac_ws/rl_code/soarm100sim/ros2/soarm100_interfaces' with build type 'ament_cmake'
[0.250s] colcon.colcon_cmake.task.cmake.build INFO Building CMake package in '/home/sophie/isaac_lab/isaac_ws/rl_code/soarm100sim/ros2/soarm100_interfaces'
[0.251s] colcon.colcon_core.plugin_system INFO Skipping extension 'colcon_core.shell.bat': Not used on non-Windows systems
[0.251s] colcon.colcon_core.shell INFO Skip shell extension 'powershell' for command environment: Not usable outside of PowerShell
[0.251s] colcon.colcon_core.shell DEBUG Skip shell extension 'dsv' for command environment
[29.864s] colcon.colcon_core.event_handler.log_command DEBUG Invoking command in '/home/sophie/isaac_lab/isaac_ws/rl_code/soarm100sim/ros2/build/soarm100_interfaces': CMAKE_PREFIX_PATH=/opt/ros/humble /usr/bin/cmake /home/sophie/isaac_lab/isaac_ws/rl_code/soarm100sim/ros2/soarm100_interfaces -DCMAKE_C_COMPILER=/usr/bin/cc -DCMAKE_CXX_COMPILER=/usr/bin/c++ -DPython3_EXECUTABLE=/usr/bin/python3 -DPYTHON_EXECUTABLE=/usr/bin/python3 -DPYTHON_INCLUDE_DIR=/usr/include/python3.10;/usr/include/x86_64-linux-gnu/python3.10 -DPYTHON_LIBRARY=/usr/lib/x86_64-linux-gnu/libpython3.10.so -DCMAKE_INSTALL_PREFIX=/home/sophie/isaac_lab/isaac_ws/rl_code/soarm100sim/ros2/install/soarm100_interfaces
[59.889s] colcon.colcon_core.event_handler.log_command DEBUG Invoked command in '/home/sophie/isaac_lab/isaac_ws/rl_code/soarm100sim/ros2/build/soarm100_interfaces' returned '0': CMAKE_PREFIX_PATH=/opt/ros/humble /usr/bin/cmake /home/sophie/isaac_lab/isaac_ws/rl_code/soarm100sim/ros2/soarm100_interfaces -DCMAKE_C_COMPILER=/usr/bin/cc -DCMAKE_CXX_COMPILER=/usr/bin/c++ -DPython3_EXECUTABLE=/usr/bin/python3 -DPYTHON_EXECUTABLE=/usr/bin/python3 -DPYTHON_INCLUDE_DIR=/usr/include/python3.10;/usr/include/x86_64-linux-gnu/python3.10 -DPYTHON_LIBRARY=/usr/lib/x86_64-linux-gnu/libpython3.10.so -DCMAKE_INSTALL_PREFIX=/home/sophie/isaac_lab/isaac_ws/rl_code/soarm100sim/ros2/install/soarm100_interfaces
[59.893s] colcon.colcon_core.event_handler.log_command DEBUG Invoking command in '/home/sophie/isaac_lab/isaac_ws/rl_code/soarm100sim/ros2/build/soarm100_interfaces': CMAKE_PREFIX_PATH=/opt/ros/humble /usr/bin/cmake --build /home/sophie/isaac_lab/isaac_ws/rl_code/soarm100sim/ros2/build/soarm100_interfaces -- -j32 -l32
[61.170s] colcon.colcon_core.event_handler.log_command DEBUG Invoked command in '/home/sophie/isaac_lab/isaac_ws/rl_code/soarm100sim/ros2/build/soarm100_interfaces' returned '0': CMAKE_PREFIX_PATH=/opt/ros/humble /usr/bin/cmake --build /home/sophie/isaac_lab/isaac_ws/rl_code/soarm100sim/ros2/build/soarm100_interfaces -- -j32 -l32
[61.181s] colcon.colcon_core.event_handler.log_command DEBUG Invoking command in '/home/sophie/isaac_lab/isaac_ws/rl_code/soarm100sim/ros2/build/soarm100_interfaces': CMAKE_PREFIX_PATH=/opt/ros/humble /usr/bin/cmake --install /home/sophie/isaac_lab/isaac_ws/rl_code/soarm100sim/ros2/build/soarm100_interfaces
[61.230s] colcon.colcon_core.environment Level 1 create_environment_scripts_only(soarm100_interfaces)
[61.231s] colcon.colcon_core.event_handler.log_command DEBUG Invoked command in '/home/sophie/isaac_lab/isaac_ws/rl_code/soarm100sim/ros2/build/soarm100_interfaces' returned '0': CMAKE_PREFIX_PATH=/opt/ros/humble /usr/bin/cmake --install /home/sophie/isaac_lab/isaac_ws/rl_code/soarm100sim/ros2/build/soarm100_interfaces
[61.232s] colcon.colcon_core.environment Level 1 checking '/home/sophie/isaac_lab/isaac_ws/rl_code/soarm100sim/ros2/install/soarm100_interfaces' for CMake module files
[61.232s] colcon.colcon_core.environment Level 1 checking '/home/sophie/isaac_lab/isaac_ws/rl_code/soarm100sim/ros2/install/soarm100_interfaces' for CMake config files
[61.233s] colcon.colcon_core.shell Level 1 create_environment_hook('soarm100_interfaces', 'cmake_prefix_path')
[61.233s] colcon.colcon_core.shell INFO Creating environment hook '/home/sophie/isaac_lab/isaac_ws/rl_code/soarm100sim/ros2/install/soarm100_interfaces/share/soarm100_interfaces/hook/cmake_prefix_path.ps1'
[61.233s] colcon.colcon_core.shell INFO Creating environment descriptor '/home/sophie/isaac_lab/isaac_ws/rl_code/soarm100sim/ros2/install/soarm100_interfaces/share/soarm100_interfaces/hook/cmake_prefix_path.dsv'
[61.234s] colcon.colcon_core.shell INFO Creating environment hook '/home/sophie/isaac_lab/isaac_ws/rl_code/soarm100sim/ros2/install/soarm100_interfaces/share/soarm100_interfaces/hook/cmake_prefix_path.sh'
[61.234s] colcon.colcon_core.environment Level 1 checking '/home/sophie/isaac_lab/isaac_ws/rl_code/soarm100sim/ros2/install/soarm100_interfaces/lib'
[61.234s] colcon.colcon_core.shell Level 1 create_environment_hook('soarm100_interfaces', 'ld_library_path_lib')
[61.234s] colcon.colcon_core.shell INFO Creating environment hook '/home/sophie/isaac_lab/isaac_ws/rl_code/soarm100sim/ros2/install/soarm100_interfaces/share/soarm100_interfaces/hook/ld_library_path_lib.ps1'
[61.235s] colcon.colcon_core.shell INFO Creating environment descriptor '/home/sophie/isaac_lab/isaac_ws/rl_code/soarm100sim/ros2/install/soarm100_interfaces/share/soarm100_interfaces/hook/ld_library_path_lib.dsv'
[61.235s] colcon.colcon_core.shell INFO Creating environment hook '/home/sophie/isaac_lab/isaac_ws/rl_code/soarm100sim/ros2/install/soarm100_interfaces/share/soarm100_interfaces/hook/ld_library_path_lib.sh'
[61.235s] colcon.colcon_core.environment Level 1 checking '/home/sophie/isaac_lab/isaac_ws/rl_code/soarm100sim/ros2/install/soarm100_interfaces/bin'
[61.235s] colcon.colcon_core.environment Level 1 checking '/home/sophie/isaac_lab/isaac_ws/rl_code/soarm100sim/ros2/install/soarm100_interfaces/lib/pkgconfig/soarm100_interfaces.pc'
[61.235s] colcon.colcon_core.environment Level 1 checking '/home/sophie/isaac_lab/isaac_ws/rl_code/soarm100sim/ros2/install/soarm100_interfaces/lib/python3.10/site-packages'
[61.235s] colcon.colcon_core.environment Level 1 checking '/home/sophie/isaac_lab/isaac_ws/rl_code/soarm100sim/ros2/install/soarm100_interfaces/bin'
[61.236s] colcon.colcon_core.shell INFO Creating package script '/home/sophie/isaac_lab/isaac_ws/rl_code/soarm100sim/ros2/install/soarm100_interfaces/share/soarm100_interfaces/package.ps1'
[61.236s] colcon.colcon_core.shell INFO Creating package descriptor '/home/sophie/isaac_lab/isaac_ws/rl_code/soarm100sim/ros2/install/soarm100_interfaces/share/soarm100_interfaces/package.dsv'
[61.237s] colcon.colcon_core.shell INFO Creating package script '/home/sophie/isaac_lab/isaac_ws/rl_code/soarm100sim/ros2/install/soarm100_interfaces/share/soarm100_interfaces/package.sh'
[61.237s] colcon.colcon_core.shell INFO Creating package script '/home/sophie/isaac_lab/isaac_ws/rl_code/soarm100sim/ros2/install/soarm100_interfaces/share/soarm100_interfaces/package.bash'
[61.238s] colcon.colcon_core.shell INFO Creating package script '/home/sophie/isaac_lab/isaac_ws/rl_code/soarm100sim/ros2/install/soarm100_interfaces/share/soarm100_interfaces/package.zsh'
[61.238s] colcon.colcon_core.environment Level 1 create_file_with_runtime_dependencies(/home/sophie/isaac_lab/isaac_ws/rl_code/soarm100sim/ros2/install/soarm100_interfaces/share/colcon-core/packages/soarm100_interfaces)
[61.238s] colcon.colcon_core.environment Level 1 create_environment_scripts_only(soarm100_interfaces)
[61.238s] colcon.colcon_core.environment Level 1 checking '/home/sophie/isaac_lab/isaac_ws/rl_code/soarm100sim/ros2/install/soarm100_interfaces' for CMake module files
[61.239s] colcon.colcon_core.environment Level 1 checking '/home/sophie/isaac_lab/isaac_ws/rl_code/soarm100sim/ros2/install/soarm100_interfaces' for CMake config files
[61.239s] colcon.colcon_core.shell Level 1 create_environment_hook('soarm100_interfaces', 'cmake_prefix_path')
[61.239s] colcon.colcon_core.shell INFO Creating environment hook '/home/sophie/isaac_lab/isaac_ws/rl_code/soarm100sim/ros2/install/soarm100_interfaces/share/soarm100_interfaces/hook/cmake_prefix_path.ps1'
[61.240s] colcon.colcon_core.shell INFO Creating environment descriptor '/home/sophie/isaac_lab/isaac_ws/rl_code/soarm100sim/ros2/install/soarm100_interfaces/share/soarm100_interfaces/hook/cmake_prefix_path.dsv'
[61.240s] colcon.colcon_core.shell INFO Creating environment hook '/home/sophie/isaac_lab/isaac_ws/rl_code/soarm100sim/ros2/install/soarm100_interfaces/share/soarm100_interfaces/hook/cmake_prefix_path.sh'
[61.240s] colcon.colcon_core.environment Level 1 checking '/home/sophie/isaac_lab/isaac_ws/rl_code/soarm100sim/ros2/install/soarm100_interfaces/lib'
[61.240s] colcon.colcon_core.shell Level 1 create_environment_hook('soarm100_interfaces', 'ld_library_path_lib')
[61.240s] colcon.colcon_core.shell INFO Creating environment hook '/home/sophie/isaac_lab/isaac_ws/rl_code/soarm100sim/ros2/install/soarm100_interfaces/share/soarm100_interfaces/hook/ld_library_path_lib.ps1'
[61.241s] colcon.colcon_core.shell INFO Creating environment descriptor '/home/sophie/isaac_lab/isaac_ws/rl_code/soarm100sim/ros2/install/soarm100_interfaces/share/soarm100_interfaces/hook/ld_library_path_lib.dsv'
[61.241s] colcon.colcon_core.shell INFO Creating environment hook '/home/sophie/isaac_lab/isaac_ws/rl_code/soarm100sim/ros2/install/soarm100_interfaces/share/soarm100_interfaces/hook/ld_library_path_lib.sh'
[61.241s] colcon.colcon_core.environment Level 1 checking '/home/sophie/isaac_lab/isaac_ws/rl_code/soarm100sim/ros2/install/soarm100_interfaces/bin'
[61.241s] colcon.colcon_core.environment Level 1 checking '/home/sophie/isaac_lab/isaac_ws/rl_code/soarm100sim/ros2/install/soarm100_interfaces/lib/pkgconfig/soarm100_interfaces.pc'
[61.241s] colcon.colcon_core.environment Level 1 checking '/home/sophie/isaac_lab/isaac_ws/rl_code/soarm100sim/ros2/install/soarm100_interfaces/lib/python3.10/site-packages'
[61.241s] colcon.colcon_core.environment Level 1 checking '/home/sophie/isaac_lab/isaac_ws/rl_code/soarm100sim/ros2/install/soarm100_interfaces/bin'
[61.242s] colcon.colcon_core.shell INFO Creating package script '/home/sophie/isaac_lab/isaac_ws/rl_code/soarm100sim/ros2/install/soarm100_interfaces/share/soarm100_interfaces/package.ps1'
[61.242s] colcon.colcon_core.shell INFO Creating package descriptor '/home/sophie/isaac_lab/isaac_ws/rl_code/soarm100sim/ros2/install/soarm100_interfaces/share/soarm100_interfaces/package.dsv'
[61.242s] colcon.colcon_core.shell INFO Creating package script '/home/sophie/isaac_lab/isaac_ws/rl_code/soarm100sim/ros2/install/soarm100_interfaces/share/soarm100_interfaces/package.sh'
[61.242s] colcon.colcon_core.shell INFO Creating package script '/home/sophie/isaac_lab/isaac_ws/rl_code/soarm100sim/ros2/install/soarm100_interfaces/share/soarm100_interfaces/package.bash'
[61.243s] colcon.colcon_core.shell INFO Creating package script '/home/sophie/isaac_lab/isaac_ws/rl_code/soarm100sim/ros2/install/soarm100_interfaces/share/soarm100_interfaces/package.zsh'
[61.243s] colcon.colcon_core.environment Level 1 create_file_with_runtime_dependencies(/home/sophie/isaac_lab/isaac_ws/rl_code/soarm100sim/ros2/install/soarm100_interfaces/share/colcon-core/packages/soarm100_interfaces)
[61.243s] colcon.colcon_ros.task.ament_python.build INFO Building ROS package in '/home/sophie/isaac_lab/isaac_ws/rl_code/soarm100sim/ros2/soarm100_vision' with build type 'ament_python'
[61.243s] colcon.colcon_core.shell Level 1 create_environment_hook('soarm100_vision', 'ament_prefix_path')
[61.243s] colcon.colcon_core.shell INFO Creating environment hook '/home/sophie/isaac_lab/isaac_ws/rl_code/soarm100sim/ros2/install/soarm100_vision/share/soarm100_vision/hook/ament_prefix_path.ps1'
[61.244s] colcon.colcon_core.shell INFO Creating environment descriptor '/home/sophie/isaac_lab/isaac_ws/rl_code/soarm100sim/ros2/install/soarm100_vision/share/soarm100_vision/hook/ament_prefix_path.dsv'
[61.244s] colcon.colcon_core.shell INFO Creating environment hook '/home/sophie/isaac_lab/isaac_ws/rl_code/soarm100sim/ros2/install/soarm100_vision/share/soarm100_vision/hook/ament_prefix_path.sh'
[61.244s] colcon.colcon_core.shell INFO Skip shell extension 'powershell' for command environment: Not usable outside of PowerShell
[61.244s] colcon.colcon_core.shell DEBUG Skip shell extension 'dsv' for command environment
[91.466s] colcon.colcon_core.task.python.build INFO Building Python package in '/home/sophie/isaac_lab/isaac_ws/rl_code/soarm100sim/ros2/soarm100_vision'
[91.466s] colcon.colcon_core.shell INFO Skip shell extension 'powershell' for command environment: Not usable outside of PowerShell
[91.466s] colcon.colcon_core.shell DEBUG Skip shell extension 'dsv' for command environment
[122.153s] colcon.colcon_core.event_handler.log_command DEBUG Invoking command in '/home/sophie/isaac_lab/isaac_ws/rl_code/soarm100sim/ros2/build/soarm100_vision': AMENT_PREFIX_PATH=/home/sophie/isaac_lab/isaac_ws/rl_code/soarm100sim/ros2/install/soarm100_interfaces:${AMENT_PREFIX_PATH} CMAKE_PREFIX_PATH=/home/sophie/isaac_lab/isaac_ws/rl_code/soarm100sim/ros2/install/soarm100_interfaces LD_LIBRARY_PATH=/home/sophie/isaac_lab/isaac_ws/rl_code/soarm100sim/ros2/install/soarm100_interfaces/lib:${LD_LIBRARY_PATH} PYTHONPATH=/home/sophie/isaac_lab/isaac_ws/rl_code/soarm100sim/ros2/build/soarm100_vision/prefix_override:/usr/lib/python3/dist-packages/colcon_core/task/python/colcon_distutils_commands:/home/sophie/isaac_lab/isaac_ws/rl_code/soarm100sim/ros2/install/soarm100_vision/lib/python3.10/site-packages:/home/sophie/isaac_lab/isaac_ws/rl_code/soarm100sim/ros2/install/soarm100_interfaces/local/lib/python3.10/dist-packages:${PYTHONPATH} /usr/bin/python3 -W ignore:setup.py install is deprecated -W ignore:easy_install command is deprecated setup.py develop --uninstall --editable --build-directory /home/sophie/isaac_lab/isaac_ws/rl_code/soarm100sim/ros2/build/soarm100_vision/build
[151.932s] colcon.colcon_core.event_handler.log_command DEBUG Invoked command in '/home/sophie/isaac_lab/isaac_ws/rl_code/soarm100sim/ros2/build/soarm100_vision' returned '0': AMENT_PREFIX_PATH=/home/sophie/isaac_lab/isaac_ws/rl_code/soarm100sim/ros2/install/soarm100_interfaces:${AMENT_PREFIX_PATH} CMAKE_PREFIX_PATH=/home/sophie/isaac_lab/isaac_ws/rl_code/soarm100sim/ros2/install/soarm100_interfaces LD_LIBRARY_PATH=/home/sophie/isaac_lab/isaac_ws/rl_code/soarm100sim/ros2/install/soarm100_interfaces/lib:${LD_LIBRARY_PATH} PYTHONPATH=/home/sophie/isaac_lab/isaac_ws/rl_code/soarm100sim/ros2/build/soarm100_vision/prefix_override:/usr/lib/python3/dist-packages/colcon_core/task/python/colcon_distutils_commands:/home/sophie/isaac_lab/isaac_ws/rl_code/soarm100sim/ros2/install/soarm100_vision/lib/python3.10/site-packages:/home/sophie/isaac_lab/isaac_ws/rl_code/soarm100sim/ros2/install/soarm100_interfaces/local/lib/python3.10/dist-packages:${PYTHONPATH} /usr/bin/python3 -W ignore:setup.py install is deprecated -W ignore:easy_install command is deprecated setup.py develop --uninstall --editable --build-directory /home/sophie/isaac_lab/isaac_ws/rl_code/soarm100sim/ros2/build/soarm100_vision/build
[151.935s] colcon.colcon_core.event_handler.log_command DEBUG Invoking command in '/home/sophie/isaac_lab/isaac_ws/rl_code/soarm100sim/ros2/soarm100_vision': AMENT_PREFIX_PATH=/home/sophie/isaac_lab/isaac_ws/rl_code/soarm100sim/ros2/install/soarm100_interfaces:${AMENT_PREFIX_PATH} CMAKE_PREFIX_PATH=/home/sophie/isaac_lab/isaac_ws/rl_code/soarm100sim/ros2/install/soarm100_interfaces LD_LIBRARY_PATH=/home/sophie/isaac_lab/isaac_ws/rl_code/soarm100sim/ros2/install/soarm100_interfaces/lib:${LD_LIBRARY_PATH} PYTHONPATH=/home/sophie/isaac_lab/isaac_ws/rl_code/soarm100sim/ros2/build/soarm100_vision/prefix_override:/usr/lib/python3/dist-packages/colcon_core/task/python/colcon_distutils_commands:/home/sophie/isaac_lab/isaac_ws/rl_code/soarm100sim/ros2/install/soarm100_vision/lib/python3.10/site-packages:/home/sophie/isaac_lab/isaac_ws/rl_code/soarm100sim/ros2/install/soarm100_interfaces/local/lib/python3.10/dist-packages:${PYTHONPATH} /usr/bin/python3 -W ignore:setup.py install is deprecated -W ignore:easy_install command is deprecated setup.py egg_info --egg-base ../build/soarm100_vision build --build-base /home/sophie/isaac_lab/isaac_ws/rl_code/soarm100sim/ros2/build/soarm100_vision/build install --record /home/sophie/isaac_lab/isaac_ws/rl_code/soarm100sim/ros2/build/soarm100_vision/install.log --single-version-externally-managed install_data --force
[181.949s] colcon.colcon_core.environment Level 1 checking '/home/sophie/isaac_lab/isaac_ws/rl_code/soarm100sim/ros2/install/soarm100_vision' for CMake module files
[181.950s] colcon.colcon_core.event_handler.log_command DEBUG Invoked command in '/home/sophie/isaac_lab/isaac_ws/rl_code/soarm100sim/ros2/soarm100_vision' returned '0': AMENT_PREFIX_PATH=/home/sophie/isaac_lab/isaac_ws/rl_code/soarm100sim/ros2/install/soarm100_interfaces:${AMENT_PREFIX_PATH} CMAKE_PREFIX_PATH=/home/sophie/isaac_lab/isaac_ws/rl_code/soarm100sim/ros2/install/soarm100_interfaces LD_LIBRARY_PATH=/home/sophie/isaac_lab/isaac_ws/rl_code/soarm100sim/ros2/install/soarm100_interfaces/lib:${LD_LIBRARY_PATH} PYTHONPATH=/home/sophie/isaac_lab/isaac_ws/rl_code/soarm100sim/ros2/build/soarm100_vision/prefix_override:/usr/lib/python3/dist-packages/colcon_core/task/python/colcon_distutils_commands:/home/sophie/isaac_lab/isaac_ws/rl_code/soarm100sim/ros2/install/soarm100_vision/lib/python3.10/site-packages:/home/sophie/isaac_lab/isaac_ws/rl_code/soarm100sim/ros2/install/soarm100_interfaces/local/lib/python3.10/dist-packages:${PYTHONPATH} /usr/bin/python3 -W ignore:setup.py install is deprecated -W ignore:easy_install command is deprecated setup.py egg_info --egg-base ../build/soarm100_vision build --build-base /home/sophie/isaac_lab/isaac_ws/rl_code/soarm100sim/ros2/build/soarm100_vision/build install --record /home/sophie/isaac_lab/isaac_ws/rl_code/soarm100sim/ros2/build/soarm100_vision/install.log --single-version-externally-managed install_data --force
[181.951s] colcon.colcon_core.environment Level 1 checking '/home/sophie/isaac_lab/isaac_ws/rl_code/soarm100sim/ros2/install/soarm100_vision' for CMake config files
[181.952s] colcon.colcon_core.environment Level 1 checking '/home/sophie/isaac_lab/isaac_ws/rl_code/soarm100sim/ros2/install/soarm100_vision/lib'
[181.952s] colcon.colcon_core.environment Level 1 checking '/home/sophie/isaac_lab/isaac_ws/rl_code/soarm100sim/ros2/install/soarm100_vision/bin'
[181.952s] colcon.colcon_core.environment Level 1 checking '/home/sophie/isaac_lab/isaac_ws/rl_code/soarm100sim/ros2/install/soarm100_vision/lib/pkgconfig/soarm100_vision.pc'
[181.952s] colcon.colcon_core.environment Level 1 checking '/home/sophie/isaac_lab/isaac_ws/rl_code/soarm100sim/ros2/install/soarm100_vision/lib/python3.10/site-packages'
[181.952s] colcon.colcon_core.shell Level 1 create_environment_hook('soarm100_vision', 'pythonpath')
[181.953s] colcon.colcon_core.shell INFO Creating environment hook '/home/sophie/isaac_lab/isaac_ws/rl_code/soarm100sim/ros2/install/soarm100_vision/share/soarm100_vision/hook/pythonpath.ps1'
[181.954s] colcon.colcon_core.shell INFO Creating environment descriptor '/home/sophie/isaac_lab/isaac_ws/rl_code/soarm100sim/ros2/install/soarm100_vision/share/soarm100_vision/hook/pythonpath.dsv'
[181.954s] colcon.colcon_core.shell INFO Creating environment hook '/home/sophie/isaac_lab/isaac_ws/rl_code/soarm100sim/ros2/install/soarm100_vision/share/soarm100_vision/hook/pythonpath.sh'
[181.955s] colcon.colcon_core.environment Level 1 checking '/home/sophie/isaac_lab/isaac_ws/rl_code/soarm100sim/ros2/install/soarm100_vision/bin'
[181.955s] colcon.colcon_core.environment Level 1 create_environment_scripts_only(soarm100_vision)
[181.956s] colcon.colcon_core.shell INFO Creating package script '/home/sophie/isaac_lab/isaac_ws/rl_code/soarm100sim/ros2/install/soarm100_vision/share/soarm100_vision/package.ps1'
[181.957s] colcon.colcon_core.shell INFO Creating package descriptor '/home/sophie/isaac_lab/isaac_ws/rl_code/soarm100sim/ros2/install/soarm100_vision/share/soarm100_vision/package.dsv'
[181.957s] colcon.colcon_core.shell INFO Creating package script '/home/sophie/isaac_lab/isaac_ws/rl_code/soarm100sim/ros2/install/soarm100_vision/share/soarm100_vision/package.sh'
[181.958s] colcon.colcon_core.shell INFO Creating package script '/home/sophie/isaac_lab/isaac_ws/rl_code/soarm100sim/ros2/install/soarm100_vision/share/soarm100_vision/package.bash'
[181.958s] colcon.colcon_core.shell INFO Creating package script '/home/sophie/isaac_lab/isaac_ws/rl_code/soarm100sim/ros2/install/soarm100_vision/share/soarm100_vision/package.zsh'
[181.959s] colcon.colcon_core.environment Level 1 create_file_with_runtime_dependencies(/home/sophie/isaac_lab/isaac_ws/rl_code/soarm100sim/ros2/install/soarm100_vision/share/colcon-core/packages/soarm100_vision)
[181.959s] colcon.colcon_parallel_executor.executor.parallel DEBUG closing loop
[181.959s] colcon.colcon_parallel_executor.executor.parallel DEBUG loop closed
[181.959s] colcon.colcon_parallel_executor.executor.parallel DEBUG run_until_complete finished with '0'
[181.959s] colcon.colcon_core.event_reactor DEBUG joining thread
[181.966s] colcon.colcon_core.plugin_system INFO Skipping extension 'colcon_notification.desktop_notification.terminal_notifier': Not used on non-Darwin systems
[181.966s] colcon.colcon_core.plugin_system INFO Skipping extension 'colcon_notification.desktop_notification.win32': Not used on non-Windows systems
[181.966s] colcon.colcon_notification.desktop_notification INFO Sending desktop notification using 'notify2'
[181.966s] colcon.colcon_notification.desktop_notification.notify2 DEBUG Failed to initialize notify2: org.freedesktop.DBus.Error.AccessDenied: Failed to connect to socket /run/user/1000/bus: Operation not permitted
[181.966s] colcon.colcon_core.event_reactor DEBUG joined thread
[181.967s] colcon.colcon_core.shell INFO Creating prefix script '/home/sophie/isaac_lab/isaac_ws/rl_code/soarm100sim/ros2/install/local_setup.ps1'
[181.968s] colcon.colcon_core.shell INFO Creating prefix util module '/home/sophie/isaac_lab/isaac_ws/rl_code/soarm100sim/ros2/install/_local_setup_util_ps1.py'
[181.969s] colcon.colcon_core.shell INFO Creating prefix chain script '/home/sophie/isaac_lab/isaac_ws/rl_code/soarm100sim/ros2/install/setup.ps1'
[181.970s] colcon.colcon_core.shell INFO Creating prefix script '/home/sophie/isaac_lab/isaac_ws/rl_code/soarm100sim/ros2/install/local_setup.sh'
[181.971s] colcon.colcon_core.shell INFO Creating prefix util module '/home/sophie/isaac_lab/isaac_ws/rl_code/soarm100sim/ros2/install/_local_setup_util_sh.py'
[181.972s] colcon.colcon_core.shell INFO Creating prefix chain script '/home/sophie/isaac_lab/isaac_ws/rl_code/soarm100sim/ros2/install/setup.sh'
[181.973s] colcon.colcon_core.shell INFO Creating prefix script '/home/sophie/isaac_lab/isaac_ws/rl_code/soarm100sim/ros2/install/local_setup.bash'
[181.973s] colcon.colcon_core.shell INFO Creating prefix chain script '/home/sophie/isaac_lab/isaac_ws/rl_code/soarm100sim/ros2/install/setup.bash'
[181.974s] colcon.colcon_core.shell INFO Creating prefix script '/home/sophie/isaac_lab/isaac_ws/rl_code/soarm100sim/ros2/install/local_setup.zsh'
[181.975s] colcon.colcon_core.shell INFO Creating prefix chain script '/home/sophie/isaac_lab/isaac_ws/rl_code/soarm100sim/ros2/install/setup.zsh'
