[0.072s] colcon DEBUG Command line arguments: ['/usr/bin/colcon', '--log-base', 'log', 'build', '--base-paths', 'src/OrbbecSDK_ROS2', '--build-base', 'build', '--install-base', 'install', '--event-handlers', 'console_direct+', '--cmake-args', '-DCMAKE_BUILD_TYPE=Release', '-DINSTALL_UDEV_RULES=OFF']
[0.072s] colcon DEBUG Parsed command line arguments: Namespace(log_base='log', log_level=None, verb_name='build', build_base='/home/sophie/isaac_lab/isaac_ws/rl_code/soarm100sim/third_party/orbbec_ws/build', install_base='/home/sophie/isaac_lab/isaac_ws/rl_code/soarm100sim/third_party/orbbec_ws/install', merge_install=False, symlink_install=False, test_result_base=None, continue_on_error=False, executor='parallel', parallel_workers=32, event_handlers=['console_direct+'], ignore_user_meta=False, metas=['./colcon.meta'], base_paths=['src/OrbbecSDK_ROS2'], packages_ignore=None, packages_ignore_regex=None, paths=None, packages_up_to=None, packages_up_to_regex=None, packages_above=None, packages_above_and_dependencies=None, packages_above_depth=None, packages_select_by_dep=None, packages_skip_by_dep=None, packages_skip_up_to=None, packages_select_build_failed=False, packages_skip_build_finished=False, packages_select_test_failures=False, packages_skip_test_passed=False, packages_select=None, packages_skip=None, packages_select_regex=None, packages_skip_regex=None, packages_start=None, packages_end=None, allow_overriding=[], cmake_args=['-DCMAKE_BUILD_TYPE=Release', '-DINSTALL_UDEV_RULES=OFF'], cmake_target=None, cmake_target_skip_unavailable=False, cmake_clean_cache=False, cmake_clean_first=False, cmake_force_configure=False, ament_cmake_args=None, catkin_cmake_args=None, catkin_skip_building_tests=False, verb_parser=<colcon_defaults.argument_parser.defaults.DefaultArgumentsDecorator object at 0x7060fa2221a0>, verb_extension=<colcon_core.verb.build.BuildVerb object at 0x7060fa221d20>, main=<bound method BuildVerb.main of <colcon_core.verb.build.BuildVerb object at 0x7060fa221d20>>)
[0.206s] colcon.colcon_core.package_discovery Level 1 discover_packages(colcon_meta) check parameters
[0.207s] colcon.colcon_core.package_discovery Level 1 discover_packages(recursive) check parameters
[0.207s] colcon.colcon_core.package_discovery Level 1 discover_packages(ignore) check parameters
[0.207s] colcon.colcon_core.package_discovery Level 1 discover_packages(path) check parameters
[0.207s] colcon.colcon_core.package_discovery Level 1 discover_packages(recursive) discover
[0.207s] colcon.colcon_core.package_discovery INFO Crawling recursively for packages in '/home/sophie/isaac_lab/isaac_ws/rl_code/soarm100sim/third_party/orbbec_ws/src/OrbbecSDK_ROS2'
[0.207s] colcon.colcon_core.package_identification Level 1 _identify(src/OrbbecSDK_ROS2) by extensions ['ignore', 'ignore_ament_install']
[0.207s] colcon.colcon_core.package_identification Level 1 _identify(src/OrbbecSDK_ROS2) by extension 'ignore'
[0.207s] colcon.colcon_core.package_identification Level 1 _identify(src/OrbbecSDK_ROS2) by extension 'ignore_ament_install'
[0.207s] colcon.colcon_core.package_identification Level 1 _identify(src/OrbbecSDK_ROS2) by extensions ['colcon_pkg']
[0.207s] colcon.colcon_core.package_identification Level 1 _identify(src/OrbbecSDK_ROS2) by extension 'colcon_pkg'
[0.207s] colcon.colcon_core.package_identification Level 1 _identify(src/OrbbecSDK_ROS2) by extensions ['colcon_meta']
[0.207s] colcon.colcon_core.package_identification Level 1 _identify(src/OrbbecSDK_ROS2) by extension 'colcon_meta'
[0.207s] colcon.colcon_core.package_identification Level 1 _identify(src/OrbbecSDK_ROS2) by extensions ['ros']
[0.207s] colcon.colcon_core.package_identification Level 1 _identify(src/OrbbecSDK_ROS2) by extension 'ros'
[0.230s] colcon.colcon_core.package_identification Level 1 _identify(src/OrbbecSDK_ROS2) by extensions ['cmake', 'python']
[0.230s] colcon.colcon_core.package_identification Level 1 _identify(src/OrbbecSDK_ROS2) by extension 'cmake'
[0.230s] colcon.colcon_core.package_identification Level 1 _identify(src/OrbbecSDK_ROS2) by extension 'python'
[0.230s] colcon.colcon_core.package_identification Level 1 _identify(src/OrbbecSDK_ROS2) by extensions ['python_setup_py']
[0.230s] colcon.colcon_core.package_identification Level 1 _identify(src/OrbbecSDK_ROS2) by extension 'python_setup_py'
[0.231s] colcon.colcon_core.package_identification Level 1 _identify(src/OrbbecSDK_ROS2/orbbec_camera) by extensions ['ignore', 'ignore_ament_install']
[0.231s] colcon.colcon_core.package_identification Level 1 _identify(src/OrbbecSDK_ROS2/orbbec_camera) by extension 'ignore'
[0.231s] colcon.colcon_core.package_identification Level 1 _identify(src/OrbbecSDK_ROS2/orbbec_camera) by extension 'ignore_ament_install'
[0.231s] colcon.colcon_core.package_identification Level 1 _identify(src/OrbbecSDK_ROS2/orbbec_camera) by extensions ['colcon_pkg']
[0.231s] colcon.colcon_core.package_identification Level 1 _identify(src/OrbbecSDK_ROS2/orbbec_camera) by extension 'colcon_pkg'
[0.231s] colcon.colcon_core.package_identification Level 1 _identify(src/OrbbecSDK_ROS2/orbbec_camera) by extensions ['colcon_meta']
[0.231s] colcon.colcon_core.package_identification Level 1 _identify(src/OrbbecSDK_ROS2/orbbec_camera) by extension 'colcon_meta'
[0.231s] colcon.colcon_core.package_identification Level 1 _identify(src/OrbbecSDK_ROS2/orbbec_camera) by extensions ['ros']
[0.231s] colcon.colcon_core.package_identification Level 1 _identify(src/OrbbecSDK_ROS2/orbbec_camera) by extension 'ros'
[0.234s] colcon.colcon_core.package_identification DEBUG Package 'src/OrbbecSDK_ROS2/orbbec_camera' with type 'ros.ament_cmake' and name 'orbbec_camera'
[0.234s] colcon.colcon_core.package_identification Level 1 _identify(src/OrbbecSDK_ROS2/orbbec_camera_msgs) by extensions ['ignore', 'ignore_ament_install']
[0.234s] colcon.colcon_core.package_identification Level 1 _identify(src/OrbbecSDK_ROS2/orbbec_camera_msgs) by extension 'ignore'
[0.234s] colcon.colcon_core.package_identification Level 1 _identify(src/OrbbecSDK_ROS2/orbbec_camera_msgs) by extension 'ignore_ament_install'
[0.234s] colcon.colcon_core.package_identification Level 1 _identify(src/OrbbecSDK_ROS2/orbbec_camera_msgs) by extensions ['colcon_pkg']
[0.234s] colcon.colcon_core.package_identification Level 1 _identify(src/OrbbecSDK_ROS2/orbbec_camera_msgs) by extension 'colcon_pkg'
[0.234s] colcon.colcon_core.package_identification Level 1 _identify(src/OrbbecSDK_ROS2/orbbec_camera_msgs) by extensions ['colcon_meta']
[0.234s] colcon.colcon_core.package_identification Level 1 _identify(src/OrbbecSDK_ROS2/orbbec_camera_msgs) by extension 'colcon_meta'
[0.234s] colcon.colcon_core.package_identification Level 1 _identify(src/OrbbecSDK_ROS2/orbbec_camera_msgs) by extensions ['ros']
[0.234s] colcon.colcon_core.package_identification Level 1 _identify(src/OrbbecSDK_ROS2/orbbec_camera_msgs) by extension 'ros'
[0.235s] colcon.colcon_core.package_identification DEBUG Package 'src/OrbbecSDK_ROS2/orbbec_camera_msgs' with type 'ros.ament_cmake' and name 'orbbec_camera_msgs'
[0.235s] colcon.colcon_core.package_identification Level 1 _identify(src/OrbbecSDK_ROS2/orbbec_description) by extensions ['ignore', 'ignore_ament_install']
[0.235s] colcon.colcon_core.package_identification Level 1 _identify(src/OrbbecSDK_ROS2/orbbec_description) by extension 'ignore'
[0.235s] colcon.colcon_core.package_identification Level 1 _identify(src/OrbbecSDK_ROS2/orbbec_description) by extension 'ignore_ament_install'
[0.235s] colcon.colcon_core.package_identification Level 1 _identify(src/OrbbecSDK_ROS2/orbbec_description) by extensions ['colcon_pkg']
[0.235s] colcon.colcon_core.package_identification Level 1 _identify(src/OrbbecSDK_ROS2/orbbec_description) by extension 'colcon_pkg'
[0.235s] colcon.colcon_core.package_identification Level 1 _identify(src/OrbbecSDK_ROS2/orbbec_description) by extensions ['colcon_meta']
[0.235s] colcon.colcon_core.package_identification Level 1 _identify(src/OrbbecSDK_ROS2/orbbec_description) by extension 'colcon_meta'
[0.235s] colcon.colcon_core.package_identification Level 1 _identify(src/OrbbecSDK_ROS2/orbbec_description) by extensions ['ros']
[0.235s] colcon.colcon_core.package_identification Level 1 _identify(src/OrbbecSDK_ROS2/orbbec_description) by extension 'ros'
[0.235s] colcon.colcon_core.package_identification DEBUG Package 'src/OrbbecSDK_ROS2/orbbec_description' with type 'ros.ament_cmake' and name 'orbbec_description'
[0.235s] colcon.colcon_core.package_discovery Level 1 discover_packages(recursive) using defaults
[0.247s] colcon.colcon_core.package_discovery Level 1 discover_packages(prefix_path) check parameters
[0.247s] colcon.colcon_core.package_discovery Level 1 discover_packages(prefix_path) discover
[0.249s] colcon.colcon_installed_package_information.package_discovery DEBUG Found 380 installed packages in /opt/ros/humble
[0.250s] colcon.colcon_core.package_discovery Level 1 discover_packages(prefix_path) using defaults
[0.277s] colcon.colcon_core.verb Level 5 set package 'orbbec_camera_msgs' build argument 'cmake_args' from command line to '['-DCMAKE_BUILD_TYPE=Release', '-DINSTALL_UDEV_RULES=OFF']'
[0.277s] colcon.colcon_core.verb Level 5 set package 'orbbec_camera_msgs' build argument 'cmake_target' from command line to 'None'
[0.277s] colcon.colcon_core.verb Level 5 set package 'orbbec_camera_msgs' build argument 'cmake_target_skip_unavailable' from command line to 'False'
[0.277s] colcon.colcon_core.verb Level 5 set package 'orbbec_camera_msgs' build argument 'cmake_clean_cache' from command line to 'False'
[0.277s] colcon.colcon_core.verb Level 5 set package 'orbbec_camera_msgs' build argument 'cmake_clean_first' from command line to 'False'
[0.277s] colcon.colcon_core.verb Level 5 set package 'orbbec_camera_msgs' build argument 'cmake_force_configure' from command line to 'False'
[0.277s] colcon.colcon_core.verb Level 5 set package 'orbbec_camera_msgs' build argument 'ament_cmake_args' from command line to 'None'
[0.277s] colcon.colcon_core.verb Level 5 set package 'orbbec_camera_msgs' build argument 'catkin_cmake_args' from command line to 'None'
[0.277s] colcon.colcon_core.verb Level 5 set package 'orbbec_camera_msgs' build argument 'catkin_skip_building_tests' from command line to 'False'
[0.277s] colcon.colcon_core.verb DEBUG Building package 'orbbec_camera_msgs' with the following arguments: {'ament_cmake_args': None, 'build_base': '/home/sophie/isaac_lab/isaac_ws/rl_code/soarm100sim/third_party/orbbec_ws/build/orbbec_camera_msgs', 'catkin_cmake_args': None, 'catkin_skip_building_tests': False, 'cmake_args': ['-DCMAKE_BUILD_TYPE=Release', '-DINSTALL_UDEV_RULES=OFF'], 'cmake_clean_cache': False, 'cmake_clean_first': False, 'cmake_force_configure': False, 'cmake_target': None, 'cmake_target_skip_unavailable': False, 'install_base': '/home/sophie/isaac_lab/isaac_ws/rl_code/soarm100sim/third_party/orbbec_ws/install/orbbec_camera_msgs', 'merge_install': False, 'path': '/home/sophie/isaac_lab/isaac_ws/rl_code/soarm100sim/third_party/orbbec_ws/src/OrbbecSDK_ROS2/orbbec_camera_msgs', 'symlink_install': False, 'test_result_base': None}
[0.277s] colcon.colcon_core.verb Level 5 set package 'orbbec_description' build argument 'cmake_args' from command line to '['-DCMAKE_BUILD_TYPE=Release', '-DINSTALL_UDEV_RULES=OFF']'
[0.277s] colcon.colcon_core.verb Level 5 set package 'orbbec_description' build argument 'cmake_target' from command line to 'None'
[0.277s] colcon.colcon_core.verb Level 5 set package 'orbbec_description' build argument 'cmake_target_skip_unavailable' from command line to 'False'
[0.277s] colcon.colcon_core.verb Level 5 set package 'orbbec_description' build argument 'cmake_clean_cache' from command line to 'False'
[0.277s] colcon.colcon_core.verb Level 5 set package 'orbbec_description' build argument 'cmake_clean_first' from command line to 'False'
[0.277s] colcon.colcon_core.verb Level 5 set package 'orbbec_description' build argument 'cmake_force_configure' from command line to 'False'
[0.277s] colcon.colcon_core.verb Level 5 set package 'orbbec_description' build argument 'ament_cmake_args' from command line to 'None'
[0.277s] colcon.colcon_core.verb Level 5 set package 'orbbec_description' build argument 'catkin_cmake_args' from command line to 'None'
[0.277s] colcon.colcon_core.verb Level 5 set package 'orbbec_description' build argument 'catkin_skip_building_tests' from command line to 'False'
[0.277s] colcon.colcon_core.verb DEBUG Building package 'orbbec_description' with the following arguments: {'ament_cmake_args': None, 'build_base': '/home/sophie/isaac_lab/isaac_ws/rl_code/soarm100sim/third_party/orbbec_ws/build/orbbec_description', 'catkin_cmake_args': None, 'catkin_skip_building_tests': False, 'cmake_args': ['-DCMAKE_BUILD_TYPE=Release', '-DINSTALL_UDEV_RULES=OFF'], 'cmake_clean_cache': False, 'cmake_clean_first': False, 'cmake_force_configure': False, 'cmake_target': None, 'cmake_target_skip_unavailable': False, 'install_base': '/home/sophie/isaac_lab/isaac_ws/rl_code/soarm100sim/third_party/orbbec_ws/install/orbbec_description', 'merge_install': False, 'path': '/home/sophie/isaac_lab/isaac_ws/rl_code/soarm100sim/third_party/orbbec_ws/src/OrbbecSDK_ROS2/orbbec_description', 'symlink_install': False, 'test_result_base': None}
[0.277s] colcon.colcon_core.verb Level 5 set package 'orbbec_camera' build argument 'cmake_args' from command line to '['-DCMAKE_BUILD_TYPE=Release', '-DINSTALL_UDEV_RULES=OFF']'
[0.277s] colcon.colcon_core.verb Level 5 set package 'orbbec_camera' build argument 'cmake_target' from command line to 'None'
[0.277s] colcon.colcon_core.verb Level 5 set package 'orbbec_camera' build argument 'cmake_target_skip_unavailable' from command line to 'False'
[0.277s] colcon.colcon_core.verb Level 5 set package 'orbbec_camera' build argument 'cmake_clean_cache' from command line to 'False'
[0.277s] colcon.colcon_core.verb Level 5 set package 'orbbec_camera' build argument 'cmake_clean_first' from command line to 'False'
[0.277s] colcon.colcon_core.verb Level 5 set package 'orbbec_camera' build argument 'cmake_force_configure' from command line to 'False'
[0.277s] colcon.colcon_core.verb Level 5 set package 'orbbec_camera' build argument 'ament_cmake_args' from command line to 'None'
[0.277s] colcon.colcon_core.verb Level 5 set package 'orbbec_camera' build argument 'catkin_cmake_args' from command line to 'None'
[0.277s] colcon.colcon_core.verb Level 5 set package 'orbbec_camera' build argument 'catkin_skip_building_tests' from command line to 'False'
[0.277s] colcon.colcon_core.verb DEBUG Building package 'orbbec_camera' with the following arguments: {'ament_cmake_args': None, 'build_base': '/home/sophie/isaac_lab/isaac_ws/rl_code/soarm100sim/third_party/orbbec_ws/build/orbbec_camera', 'catkin_cmake_args': None, 'catkin_skip_building_tests': False, 'cmake_args': ['-DCMAKE_BUILD_TYPE=Release', '-DINSTALL_UDEV_RULES=OFF'], 'cmake_clean_cache': False, 'cmake_clean_first': False, 'cmake_force_configure': False, 'cmake_target': None, 'cmake_target_skip_unavailable': False, 'install_base': '/home/sophie/isaac_lab/isaac_ws/rl_code/soarm100sim/third_party/orbbec_ws/install/orbbec_camera', 'merge_install': False, 'path': '/home/sophie/isaac_lab/isaac_ws/rl_code/soarm100sim/third_party/orbbec_ws/src/OrbbecSDK_ROS2/orbbec_camera', 'symlink_install': False, 'test_result_base': None}
[0.277s] colcon.colcon_core.executor INFO Executing jobs using 'parallel' executor
[0.278s] colcon.colcon_parallel_executor.executor.parallel DEBUG run_until_complete
[0.278s] colcon.colcon_ros.task.ament_cmake.build INFO Building ROS package in '/home/sophie/isaac_lab/isaac_ws/rl_code/soarm100sim/third_party/orbbec_ws/src/OrbbecSDK_ROS2/orbbec_camera_msgs' with build type 'ament_cmake'
[0.278s] colcon.colcon_cmake.task.cmake.build INFO Building CMake package in '/home/sophie/isaac_lab/isaac_ws/rl_code/soarm100sim/third_party/orbbec_ws/src/OrbbecSDK_ROS2/orbbec_camera_msgs'
[0.280s] colcon.colcon_core.plugin_system INFO Skipping extension 'colcon_core.shell.bat': Not used on non-Windows systems
[0.280s] colcon.colcon_core.shell INFO Skip shell extension 'powershell' for command environment: Not usable outside of PowerShell
[0.280s] colcon.colcon_core.shell DEBUG Skip shell extension 'dsv' for command environment
[0.283s] colcon.colcon_ros.task.ament_cmake.build INFO Building ROS package in '/home/sophie/isaac_lab/isaac_ws/rl_code/soarm100sim/third_party/orbbec_ws/src/OrbbecSDK_ROS2/orbbec_description' with build type 'ament_cmake'
[0.283s] colcon.colcon_cmake.task.cmake.build INFO Building CMake package in '/home/sophie/isaac_lab/isaac_ws/rl_code/soarm100sim/third_party/orbbec_ws/src/OrbbecSDK_ROS2/orbbec_description'
[0.283s] colcon.colcon_core.shell INFO Skip shell extension 'powershell' for command environment: Not usable outside of PowerShell
[0.283s] colcon.colcon_core.shell DEBUG Skip shell extension 'dsv' for command environment
[0.288s] colcon.colcon_core.event_handler.log_command DEBUG Invoking command in '/home/sophie/isaac_lab/isaac_ws/rl_code/soarm100sim/third_party/orbbec_ws/build/orbbec_camera_msgs': CMAKE_PREFIX_PATH=${CMAKE_PREFIX_PATH}:/opt/ros/humble CONDA_PROMPT_MODIFIER=(base) /usr/bin/cmake /home/sophie/isaac_lab/isaac_ws/rl_code/soarm100sim/third_party/orbbec_ws/src/OrbbecSDK_ROS2/orbbec_camera_msgs -DCMAKE_BUILD_TYPE=Release -DINSTALL_UDEV_RULES=OFF -DCMAKE_INSTALL_PREFIX=/home/sophie/isaac_lab/isaac_ws/rl_code/soarm100sim/third_party/orbbec_ws/install/orbbec_camera_msgs
[0.289s] colcon.colcon_core.event_handler.log_command DEBUG Invoking command in '/home/sophie/isaac_lab/isaac_ws/rl_code/soarm100sim/third_party/orbbec_ws/build/orbbec_description': CMAKE_PREFIX_PATH=${CMAKE_PREFIX_PATH}:/opt/ros/humble CONDA_PROMPT_MODIFIER=(base) /usr/bin/cmake /home/sophie/isaac_lab/isaac_ws/rl_code/soarm100sim/third_party/orbbec_ws/src/OrbbecSDK_ROS2/orbbec_description -DCMAKE_BUILD_TYPE=Release -DINSTALL_UDEV_RULES=OFF -DCMAKE_INSTALL_PREFIX=/home/sophie/isaac_lab/isaac_ws/rl_code/soarm100sim/third_party/orbbec_ws/install/orbbec_description
[1.094s] colcon.colcon_core.event_handler.log_command DEBUG Invoked command in '/home/sophie/isaac_lab/isaac_ws/rl_code/soarm100sim/third_party/orbbec_ws/build/orbbec_description' returned '1': CMAKE_PREFIX_PATH=${CMAKE_PREFIX_PATH}:/opt/ros/humble CONDA_PROMPT_MODIFIER=(base) /usr/bin/cmake /home/sophie/isaac_lab/isaac_ws/rl_code/soarm100sim/third_party/orbbec_ws/src/OrbbecSDK_ROS2/orbbec_description -DCMAKE_BUILD_TYPE=Release -DINSTALL_UDEV_RULES=OFF -DCMAKE_INSTALL_PREFIX=/home/sophie/isaac_lab/isaac_ws/rl_code/soarm100sim/third_party/orbbec_ws/install/orbbec_description
[1.103s] colcon.colcon_core.environment Level 1 create_environment_scripts_only(orbbec_description)
[1.106s] colcon.colcon_core.environment Level 1 checking '/home/sophie/isaac_lab/isaac_ws/rl_code/soarm100sim/third_party/orbbec_ws/install/orbbec_description' for CMake module files
[1.107s] colcon.colcon_core.environment Level 1 checking '/home/sophie/isaac_lab/isaac_ws/rl_code/soarm100sim/third_party/orbbec_ws/install/orbbec_description' for CMake config files
[1.107s] colcon.colcon_core.environment Level 1 checking '/home/sophie/isaac_lab/isaac_ws/rl_code/soarm100sim/third_party/orbbec_ws/install/orbbec_description/bin'
[1.107s] colcon.colcon_core.environment Level 1 checking '/home/sophie/isaac_lab/isaac_ws/rl_code/soarm100sim/third_party/orbbec_ws/install/orbbec_description/lib/pkgconfig/orbbec_description.pc'
[1.107s] colcon.colcon_core.environment Level 1 checking '/home/sophie/isaac_lab/isaac_ws/rl_code/soarm100sim/third_party/orbbec_ws/install/orbbec_description/lib/python3.10/site-packages'
[1.107s] colcon.colcon_core.environment Level 1 checking '/home/sophie/isaac_lab/isaac_ws/rl_code/soarm100sim/third_party/orbbec_ws/install/orbbec_description/bin'
[1.107s] colcon.colcon_core.shell INFO Creating package script '/home/sophie/isaac_lab/isaac_ws/rl_code/soarm100sim/third_party/orbbec_ws/install/orbbec_description/share/orbbec_description/package.ps1'
[1.108s] colcon.colcon_core.shell INFO Creating package descriptor '/home/sophie/isaac_lab/isaac_ws/rl_code/soarm100sim/third_party/orbbec_ws/install/orbbec_description/share/orbbec_description/package.dsv'
[1.108s] colcon.colcon_core.shell INFO Creating package script '/home/sophie/isaac_lab/isaac_ws/rl_code/soarm100sim/third_party/orbbec_ws/install/orbbec_description/share/orbbec_description/package.sh'
[1.109s] colcon.colcon_core.shell INFO Creating package script '/home/sophie/isaac_lab/isaac_ws/rl_code/soarm100sim/third_party/orbbec_ws/install/orbbec_description/share/orbbec_description/package.bash'
[1.109s] colcon.colcon_core.shell INFO Creating package script '/home/sophie/isaac_lab/isaac_ws/rl_code/soarm100sim/third_party/orbbec_ws/install/orbbec_description/share/orbbec_description/package.zsh'
[1.110s] colcon.colcon_core.environment Level 1 create_file_with_runtime_dependencies(/home/sophie/isaac_lab/isaac_ws/rl_code/soarm100sim/third_party/orbbec_ws/install/orbbec_description/share/colcon-core/packages/orbbec_description)
