[30.038s] Invoking command in '/home/sophie/isaac_lab/isaac_ws/rl_code/soarm100sim/ros2/build/soarm100_interfaces': CMAKE_PREFIX_PATH=${CMAKE_PREFIX_PATH}:/opt/ros/humble CONDA_PROMPT_MODIFIER=(base) /usr/bin/cmake --build /home/sophie/isaac_lab/isaac_ws/rl_code/soarm100sim/ros2/build/soarm100_interfaces -- -j32 -l32
[30.068s] -- Found ament_cmake: 1.3.14 (/opt/ros/humble/share/ament_cmake/cmake)
[30.161s] -- Found rosidl_default_generators: 1.2.1 (/opt/ros/humble/share/rosidl_default_generators/cmake)
[30.162s] -- Using all available rosidl_typesupport_c: rosidl_typesupport_fastrtps_c;rosidl_typesupport_introspection_c
[30.164s] -- Found rosidl_adapter: 3.1.8 (/opt/ros/humble/share/rosidl_adapter/cmake)
[30.181s] -- Using all available rosidl_typesupport_cpp: rosidl_typesupport_fastrtps_cpp;rosidl_typesupport_introspection_cpp
[30.199s] -- Found builtin_interfaces: 1.2.2 (/opt/ros/humble/share/builtin_interfaces/cmake)
[30.205s] -- Found geometry_msgs: 4.9.1 (/opt/ros/humble/share/geometry_msgs/cmake)
[30.222s] -- Found sensor_msgs: 4.9.1 (/opt/ros/humble/share/sensor_msgs/cmake)
[30.544s] -- Found ament_cmake_ros: 0.10.0 (/opt/ros/humble/share/ament_cmake_ros/cmake)
[30.784s] -- Using all available rosidl_typesupport_c: rosidl_typesupport_fastrtps_c;rosidl_typesupport_introspection_c
[31.093s] -- Using all available rosidl_typesupport_cpp: rosidl_typesupport_fastrtps_cpp;rosidl_typesupport_introspection_cpp
[31.121s] -- Found python_cmake_module: 0.10.0 (/opt/ros/humble/share/python_cmake_module/cmake)
[31.146s] -- Using PYTHON_EXECUTABLE: /usr/bin/python3
[31.146s] -- Using PYTHON_INCLUDE_DIRS: /usr/include/python3.10;/usr/include/x86_64-linux-gnu/python3.10
[31.146s] -- Using PYTHON_LIBRARIES: /usr/lib/x86_64-linux-gnu/libpython3.10.so
[31.256s] -- Configuring done
[31.293s] -- Generating done
[31.303s] -- Build files have been written to: /home/sophie/isaac_lab/isaac_ws/rl_code/soarm100sim/ros2/build/soarm100_interfaces
[31.324s] [  1%] Generating C code for ROS interfaces
[31.335s] [  2%] Generating C++ code for ROS interfaces
[31.337s] [  3%] Generating Rust code for ROS interfaces
[31.342s] [  3%] Built target ament_cmake_python_copy_soarm100_interfaces
[31.504s] running egg_info
[31.505s] writing soarm100_interfaces.egg-info/PKG-INFO
[31.505s] writing dependency_links to soarm100_interfaces.egg-info/dependency_links.txt
[31.505s] writing top-level names to soarm100_interfaces.egg-info/top_level.txt
[31.507s] reading manifest file 'soarm100_interfaces.egg-info/SOURCES.txt'
[31.507s] writing manifest file 'soarm100_interfaces.egg-info/SOURCES.txt'
[31.526s] [  3%] Built target ament_cmake_python_build_soarm100_interfaces_egg
[31.680s] [  3%] Built target soarm100_interfaces__rs
[32.124s] Consolidate compiler generated dependencies of target soarm100_interfaces__rosidl_generator_c
[32.134s] [  4%] Building C object CMakeFiles/soarm100_interfaces__rosidl_generator_c.dir/rosidl_generator_c/soarm100_interfaces/msg/detail/tracked_target2_d__functions.c.o
[32.135s] [  5%] Building C object CMakeFiles/soarm100_interfaces__rosidl_generator_c.dir/rosidl_generator_c/soarm100_interfaces/srv/detail/segment_target__functions.c.o
[32.135s] [  6%] Building C object CMakeFiles/soarm100_interfaces__rosidl_generator_c.dir/rosidl_generator_c/soarm100_interfaces/action/detail/plan_grasp__functions.c.o
[32.135s] [  7%] Building C object CMakeFiles/soarm100_interfaces__rosidl_generator_c.dir/rosidl_generator_c/soarm100_interfaces/action/detail/execute_grasp__functions.c.o
[32.136s] [  8%] Building C object CMakeFiles/soarm100_interfaces__rosidl_generator_c.dir/rosidl_generator_c/soarm100_interfaces/action/detail/execute_planned_grasp__functions.c.o
[32.136s] [  9%] Building C object CMakeFiles/soarm100_interfaces__rosidl_generator_c.dir/rosidl_generator_c/soarm100_interfaces/srv/detail/move_named_pose__functions.c.o
[32.136s] [ 10%] Building C object CMakeFiles/soarm100_interfaces__rosidl_generator_c.dir/rosidl_generator_c/soarm100_interfaces/srv/detail/set_avoidance__functions.c.o
[32.137s] [ 11%] Building C object CMakeFiles/soarm100_interfaces__rosidl_generator_c.dir/rosidl_generator_c/soarm100_interfaces/srv/detail/move_single_joint__functions.c.o
[32.137s] [ 12%] Building C object CMakeFiles/soarm100_interfaces__rosidl_generator_c.dir/rosidl_generator_c/soarm100_interfaces/srv/detail/move_joint_delta__functions.c.o
[32.164s] [ 12%] Built target soarm100_interfaces__cpp
[32.174s] [ 13%] Generating C++ type support dispatch for ROS interfaces
[32.174s] [ 15%] Generating C++ type support for eProsima Fast-RTPS
[32.174s] [ 15%] Generating C++ introspection for ROS interfaces
[32.242s] [ 16%] Linking C shared library libsoarm100_interfaces__rosidl_generator_c.so
[32.276s] [ 16%] Built target soarm100_interfaces__rosidl_generator_c
[32.284s] [ 17%] Generating C type support for eProsima Fast-RTPS
[32.285s] [ 18%] Generating C type support dispatch for ROS interfaces
[32.286s] [ 19%] Generating C introspection for ROS interfaces
[32.632s] Consolidate compiler generated dependencies of target soarm100_interfaces__rosidl_typesupport_cpp
[32.642s] [ 20%] Building CXX object CMakeFiles/soarm100_interfaces__rosidl_typesupport_cpp.dir/rosidl_typesupport_cpp/soarm100_interfaces/msg/tracked_target2_d__type_support.cpp.o
[32.644s] [ 21%] Building CXX object CMakeFiles/soarm100_interfaces__rosidl_typesupport_cpp.dir/rosidl_typesupport_cpp/soarm100_interfaces/srv/set_avoidance__type_support.cpp.o
[32.644s] [ 22%] Building CXX object CMakeFiles/soarm100_interfaces__rosidl_typesupport_cpp.dir/rosidl_typesupport_cpp/soarm100_interfaces/action/execute_grasp__type_support.cpp.o
[32.644s] [ 23%] Building CXX object CMakeFiles/soarm100_interfaces__rosidl_typesupport_cpp.dir/rosidl_typesupport_cpp/soarm100_interfaces/action/execute_planned_grasp__type_support.cpp.o
[32.644s] [ 25%] Building CXX object CMakeFiles/soarm100_interfaces__rosidl_typesupport_cpp.dir/rosidl_typesupport_cpp/soarm100_interfaces/srv/segment_target__type_support.cpp.o
[32.645s] [ 26%] Building CXX object CMakeFiles/soarm100_interfaces__rosidl_typesupport_cpp.dir/rosidl_typesupport_cpp/soarm100_interfaces/action/plan_grasp__type_support.cpp.o
[32.645s] [ 27%] Building CXX object CMakeFiles/soarm100_interfaces__rosidl_typesupport_cpp.dir/rosidl_typesupport_cpp/soarm100_interfaces/srv/move_named_pose__type_support.cpp.o
[32.645s] [ 28%] Building CXX object CMakeFiles/soarm100_interfaces__rosidl_typesupport_cpp.dir/rosidl_typesupport_cpp/soarm100_interfaces/srv/move_single_joint__type_support.cpp.o
[32.645s] [ 29%] Building CXX object CMakeFiles/soarm100_interfaces__rosidl_typesupport_cpp.dir/rosidl_typesupport_cpp/soarm100_interfaces/srv/move_joint_delta__type_support.cpp.o
[32.699s] Consolidate compiler generated dependencies of target soarm100_interfaces__rosidl_typesupport_c
[32.710s] [ 30%] Building CXX object CMakeFiles/soarm100_interfaces__rosidl_typesupport_c.dir/rosidl_typesupport_c/soarm100_interfaces/srv/segment_target__type_support.cpp.o
[32.711s] [ 32%] Building CXX object CMakeFiles/soarm100_interfaces__rosidl_typesupport_c.dir/rosidl_typesupport_c/soarm100_interfaces/action/execute_planned_grasp__type_support.cpp.o
[32.712s] [ 32%] Building CXX object CMakeFiles/soarm100_interfaces__rosidl_typesupport_c.dir/rosidl_typesupport_c/soarm100_interfaces/action/execute_grasp__type_support.cpp.o
[32.712s] [ 34%] Building CXX object CMakeFiles/soarm100_interfaces__rosidl_typesupport_c.dir/rosidl_typesupport_c/soarm100_interfaces/action/plan_grasp__type_support.cpp.o
[32.712s] [ 34%] Building CXX object CMakeFiles/soarm100_interfaces__rosidl_typesupport_c.dir/rosidl_typesupport_c/soarm100_interfaces/msg/tracked_target2_d__type_support.cpp.o
[32.712s] [ 36%] Building CXX object CMakeFiles/soarm100_interfaces__rosidl_typesupport_c.dir/rosidl_typesupport_c/soarm100_interfaces/srv/set_avoidance__type_support.cpp.o
[32.712s] [ 36%] Building CXX object CMakeFiles/soarm100_interfaces__rosidl_typesupport_c.dir/rosidl_typesupport_c/soarm100_interfaces/srv/move_joint_delta__type_support.cpp.o
[32.712s] [ 37%] Building CXX object CMakeFiles/soarm100_interfaces__rosidl_typesupport_c.dir/rosidl_typesupport_c/soarm100_interfaces/srv/move_named_pose__type_support.cpp.o
[32.713s] [ 38%] Building CXX object CMakeFiles/soarm100_interfaces__rosidl_typesupport_c.dir/rosidl_typesupport_c/soarm100_interfaces/srv/move_single_joint__type_support.cpp.o
[32.747s] Consolidate compiler generated dependencies of target soarm100_interfaces__rosidl_typesupport_introspection_cpp
[32.759s] [ 40%] Building CXX object CMakeFiles/soarm100_interfaces__rosidl_typesupport_introspection_cpp.dir/rosidl_typesupport_introspection_cpp/soarm100_interfaces/action/detail/execute_grasp__type_support.cpp.o
[32.759s] [ 40%] Building CXX object CMakeFiles/soarm100_interfaces__rosidl_typesupport_introspection_cpp.dir/rosidl_typesupport_introspection_cpp/soarm100_interfaces/msg/detail/tracked_target2_d__type_support.cpp.o
[32.760s] [ 41%] Building CXX object CMakeFiles/soarm100_interfaces__rosidl_typesupport_introspection_cpp.dir/rosidl_typesupport_introspection_cpp/soarm100_interfaces/action/detail/execute_planned_grasp__type_support.cpp.o
[32.760s] [ 42%] Building CXX object CMakeFiles/soarm100_interfaces__rosidl_typesupport_introspection_cpp.dir/rosidl_typesupport_introspection_cpp/soarm100_interfaces/srv/detail/set_avoidance__type_support.cpp.o
[32.762s] [ 43%] Building CXX object CMakeFiles/soarm100_interfaces__rosidl_typesupport_introspection_cpp.dir/rosidl_typesupport_introspection_cpp/soarm100_interfaces/action/detail/plan_grasp__type_support.cpp.o
[32.762s] [ 44%] Building CXX object CMakeFiles/soarm100_interfaces__rosidl_typesupport_introspection_cpp.dir/rosidl_typesupport_introspection_cpp/soarm100_interfaces/srv/detail/segment_target__type_support.cpp.o
[32.762s] [ 45%] Building CXX object CMakeFiles/soarm100_interfaces__rosidl_typesupport_introspection_cpp.dir/rosidl_typesupport_introspection_cpp/soarm100_interfaces/srv/detail/move_named_pose__type_support.cpp.o
[32.763s] [ 47%] Building CXX object CMakeFiles/soarm100_interfaces__rosidl_typesupport_introspection_cpp.dir/rosidl_typesupport_introspection_cpp/soarm100_interfaces/srv/detail/move_single_joint__type_support.cpp.o
[32.763s] [ 47%] Building CXX object CMakeFiles/soarm100_interfaces__rosidl_typesupport_introspection_cpp.dir/rosidl_typesupport_introspection_cpp/soarm100_interfaces/srv/detail/move_joint_delta__type_support.cpp.o
[32.768s] [ 48%] Linking CXX shared library libsoarm100_interfaces__rosidl_typesupport_c.so
[32.802s] [ 48%] Built target soarm100_interfaces__rosidl_typesupport_c
[32.907s] Consolidate compiler generated dependencies of target soarm100_interfaces__rosidl_typesupport_introspection_c
[32.917s] [ 50%] Building C object CMakeFiles/soarm100_interfaces__rosidl_typesupport_introspection_c.dir/rosidl_typesupport_introspection_c/soarm100_interfaces/action/detail/plan_grasp__type_support.c.o
[32.917s] [ 51%] Building C object CMakeFiles/soarm100_interfaces__rosidl_typesupport_introspection_c.dir/rosidl_typesupport_introspection_c/soarm100_interfaces/action/detail/execute_planned_grasp__type_support.c.o
[32.917s] [ 52%] Building C object CMakeFiles/soarm100_interfaces__rosidl_typesupport_introspection_c.dir/rosidl_typesupport_introspection_c/soarm100_interfaces/msg/detail/tracked_target2_d__type_support.c.o
[32.918s] [ 53%] Building C object CMakeFiles/soarm100_interfaces__rosidl_typesupport_introspection_c.dir/rosidl_typesupport_introspection_c/soarm100_interfaces/action/detail/execute_grasp__type_support.c.o
[32.918s] [ 54%] Building C object CMakeFiles/soarm100_interfaces__rosidl_typesupport_introspection_c.dir/rosidl_typesupport_introspection_c/soarm100_interfaces/srv/detail/segment_target__type_support.c.o
[32.919s] [ 55%] Building C object CMakeFiles/soarm100_interfaces__rosidl_typesupport_introspection_c.dir/rosidl_typesupport_introspection_c/soarm100_interfaces/srv/detail/set_avoidance__type_support.c.o
[32.919s] [ 57%] Building C object CMakeFiles/soarm100_interfaces__rosidl_typesupport_introspection_c.dir/rosidl_typesupport_introspection_c/soarm100_interfaces/srv/detail/move_joint_delta__type_support.c.o
[32.919s] [ 57%] Building C object CMakeFiles/soarm100_interfaces__rosidl_typesupport_introspection_c.dir/rosidl_typesupport_introspection_c/soarm100_interfaces/srv/detail/move_named_pose__type_support.c.o
[32.920s] [ 58%] Building C object CMakeFiles/soarm100_interfaces__rosidl_typesupport_introspection_c.dir/rosidl_typesupport_introspection_c/soarm100_interfaces/srv/detail/move_single_joint__type_support.c.o
[32.965s] [ 59%] Linking C shared library libsoarm100_interfaces__rosidl_typesupport_introspection_c.so
[32.973s] Consolidate compiler generated dependencies of target soarm100_interfaces__rosidl_typesupport_fastrtps_cpp
[32.984s] [ 60%] Building CXX object CMakeFiles/soarm100_interfaces__rosidl_typesupport_fastrtps_cpp.dir/rosidl_typesupport_fastrtps_cpp/soarm100_interfaces/action/detail/dds_fastrtps/plan_grasp__type_support.cpp.o
[32.984s] [ 61%] Building CXX object CMakeFiles/soarm100_interfaces__rosidl_typesupport_fastrtps_cpp.dir/rosidl_typesupport_fastrtps_cpp/soarm100_interfaces/srv/detail/dds_fastrtps/set_avoidance__type_support.cpp.o
[32.985s] [ 62%] Building CXX object CMakeFiles/soarm100_interfaces__rosidl_typesupport_fastrtps_cpp.dir/rosidl_typesupport_fastrtps_cpp/soarm100_interfaces/action/detail/dds_fastrtps/execute_planned_grasp__type_support.cpp.o
[32.985s] [ 64%] Building CXX object CMakeFiles/soarm100_interfaces__rosidl_typesupport_fastrtps_cpp.dir/rosidl_typesupport_fastrtps_cpp/soarm100_interfaces/msg/detail/dds_fastrtps/tracked_target2_d__type_support.cpp.o
[32.985s] [ 64%] Building CXX object CMakeFiles/soarm100_interfaces__rosidl_typesupport_fastrtps_cpp.dir/rosidl_typesupport_fastrtps_cpp/soarm100_interfaces/action/detail/dds_fastrtps/execute_grasp__type_support.cpp.o
[32.987s] [ 65%] Building CXX object CMakeFiles/soarm100_interfaces__rosidl_typesupport_fastrtps_cpp.dir/rosidl_typesupport_fastrtps_cpp/soarm100_interfaces/srv/detail/dds_fastrtps/segment_target__type_support.cpp.o
[32.987s] [ 66%] Building CXX object CMakeFiles/soarm100_interfaces__rosidl_typesupport_fastrtps_cpp.dir/rosidl_typesupport_fastrtps_cpp/soarm100_interfaces/srv/detail/dds_fastrtps/move_named_pose__type_support.cpp.o
[32.987s] [ 67%] Building CXX object CMakeFiles/soarm100_interfaces__rosidl_typesupport_fastrtps_cpp.dir/rosidl_typesupport_fastrtps_cpp/soarm100_interfaces/srv/detail/dds_fastrtps/move_single_joint__type_support.cpp.o
[32.987s] [ 68%] Building CXX object CMakeFiles/soarm100_interfaces__rosidl_typesupport_fastrtps_cpp.dir/rosidl_typesupport_fastrtps_cpp/soarm100_interfaces/srv/detail/dds_fastrtps/move_joint_delta__type_support.cpp.o
[33.002s] [ 68%] Built target soarm100_interfaces__rosidl_typesupport_introspection_c
[33.139s] [ 69%] Linking CXX shared library libsoarm100_interfaces__rosidl_typesupport_cpp.so
[33.181s] Consolidate compiler generated dependencies of target soarm100_interfaces__rosidl_typesupport_fastrtps_c
[33.187s] [ 69%] Built target soarm100_interfaces__rosidl_typesupport_cpp
[33.191s] [ 70%] Building CXX object CMakeFiles/soarm100_interfaces__rosidl_typesupport_fastrtps_c.dir/rosidl_typesupport_fastrtps_c/soarm100_interfaces/srv/detail/segment_target__type_support_c.cpp.o
[33.191s] [ 71%] Building CXX object CMakeFiles/soarm100_interfaces__rosidl_typesupport_fastrtps_c.dir/rosidl_typesupport_fastrtps_c/soarm100_interfaces/action/detail/execute_planned_grasp__type_support_c.cpp.o
[33.192s] [ 72%] Building CXX object CMakeFiles/soarm100_interfaces__rosidl_typesupport_fastrtps_c.dir/rosidl_typesupport_fastrtps_c/soarm100_interfaces/msg/detail/tracked_target2_d__type_support_c.cpp.o
[33.192s] [ 73%] Building CXX object CMakeFiles/soarm100_interfaces__rosidl_typesupport_fastrtps_c.dir/rosidl_typesupport_fastrtps_c/soarm100_interfaces/action/detail/execute_grasp__type_support_c.cpp.o
[33.192s] [ 75%] Building CXX object CMakeFiles/soarm100_interfaces__rosidl_typesupport_fastrtps_c.dir/rosidl_typesupport_fastrtps_c/soarm100_interfaces/srv/detail/set_avoidance__type_support_c.cpp.o
[33.193s] [ 76%] Building CXX object CMakeFiles/soarm100_interfaces__rosidl_typesupport_fastrtps_c.dir/rosidl_typesupport_fastrtps_c/soarm100_interfaces/action/detail/plan_grasp__type_support_c.cpp.o
[33.194s] [ 77%] Building CXX object CMakeFiles/soarm100_interfaces__rosidl_typesupport_fastrtps_c.dir/rosidl_typesupport_fastrtps_c/soarm100_interfaces/srv/detail/move_single_joint__type_support_c.cpp.o
[33.194s] [ 78%] Building CXX object CMakeFiles/soarm100_interfaces__rosidl_typesupport_fastrtps_c.dir/rosidl_typesupport_fastrtps_c/soarm100_interfaces/srv/detail/move_joint_delta__type_support_c.cpp.o
[33.194s] [ 79%] Building CXX object CMakeFiles/soarm100_interfaces__rosidl_typesupport_fastrtps_c.dir/rosidl_typesupport_fastrtps_c/soarm100_interfaces/srv/detail/move_named_pose__type_support_c.cpp.o
[33.484s] [ 80%] Linking CXX shared library libsoarm100_interfaces__rosidl_typesupport_introspection_cpp.so
[33.544s] [ 81%] Linking CXX shared library libsoarm100_interfaces__rosidl_typesupport_fastrtps_cpp.so
[33.551s] [ 81%] Built target soarm100_interfaces__rosidl_typesupport_introspection_cpp
[33.608s] [ 82%] Linking CXX shared library libsoarm100_interfaces__rosidl_typesupport_fastrtps_c.so
[33.620s] [ 82%] Built target soarm100_interfaces__rosidl_typesupport_fastrtps_cpp
[33.675s] [ 82%] Built target soarm100_interfaces__rosidl_typesupport_fastrtps_c
[33.692s] [ 82%] Built target soarm100_interfaces
[33.712s] [ 83%] Generating Python code for ROS interfaces
[35.306s] [ 83%] Built target soarm100_interfaces__py
[35.324s] Consolidate compiler generated dependencies of target soarm100_interfaces__rosidl_generator_py
[35.339s] [ 84%] Building C object CMakeFiles/soarm100_interfaces__rosidl_generator_py.dir/rosidl_generator_py/soarm100_interfaces/action/_execute_grasp_s.c.o
[35.341s] [ 85%] Building C object CMakeFiles/soarm100_interfaces__rosidl_generator_py.dir/rosidl_generator_py/soarm100_interfaces/msg/_tracked_target2_d_s.c.o
[35.342s] [ 86%] Building C object CMakeFiles/soarm100_interfaces__rosidl_generator_py.dir/rosidl_generator_py/soarm100_interfaces/action/_execute_planned_grasp_s.c.o
[35.343s] [ 87%] Building C object CMakeFiles/soarm100_interfaces__rosidl_generator_py.dir/rosidl_generator_py/soarm100_interfaces/action/_plan_grasp_s.c.o
[35.343s] [ 88%] Building C object CMakeFiles/soarm100_interfaces__rosidl_generator_py.dir/rosidl_generator_py/soarm100_interfaces/srv/_move_joint_delta_s.c.o
[35.344s] [ 90%] Building C object CMakeFiles/soarm100_interfaces__rosidl_generator_py.dir/rosidl_generator_py/soarm100_interfaces/srv/_segment_target_s.c.o
[35.344s] [ 90%] Building C object CMakeFiles/soarm100_interfaces__rosidl_generator_py.dir/rosidl_generator_py/soarm100_interfaces/srv/_set_avoidance_s.c.o
[35.345s] [ 91%] Building C object CMakeFiles/soarm100_interfaces__rosidl_generator_py.dir/rosidl_generator_py/soarm100_interfaces/srv/_move_single_joint_s.c.o
[35.346s] [ 92%] Building C object CMakeFiles/soarm100_interfaces__rosidl_generator_py.dir/rosidl_generator_py/soarm100_interfaces/srv/_move_named_pose_s.c.o
[35.456s] [ 93%] Linking C shared library rosidl_generator_py/soarm100_interfaces/libsoarm100_interfaces__rosidl_generator_py.so
[35.498s] [ 93%] Built target soarm100_interfaces__rosidl_generator_py
[35.510s] Consolidate compiler generated dependencies of target soarm100_interfaces__rosidl_typesupport_fastrtps_c__pyext
[35.511s] Consolidate compiler generated dependencies of target soarm100_interfaces__rosidl_typesupport_introspection_c__pyext
[35.512s] Consolidate compiler generated dependencies of target soarm100_interfaces__rosidl_typesupport_c__pyext
[35.523s] [ 94%] Building C object CMakeFiles/soarm100_interfaces__rosidl_typesupport_fastrtps_c__pyext.dir/rosidl_generator_py/soarm100_interfaces/_soarm100_interfaces_s.ep.rosidl_typesupport_fastrtps_c.c.o
[35.523s] [ 95%] Building C object CMakeFiles/soarm100_interfaces__rosidl_typesupport_introspection_c__pyext.dir/rosidl_generator_py/soarm100_interfaces/_soarm100_interfaces_s.ep.rosidl_typesupport_introspection_c.c.o
[35.525s] [ 96%] Building C object CMakeFiles/soarm100_interfaces__rosidl_typesupport_c__pyext.dir/rosidl_generator_py/soarm100_interfaces/_soarm100_interfaces_s.ep.rosidl_typesupport_c.c.o
[35.658s] [ 97%] Linking C shared library rosidl_generator_py/soarm100_interfaces/soarm100_interfaces_s__rosidl_typesupport_fastrtps_c.cpython-310-x86_64-linux-gnu.so
[35.659s] [ 98%] Linking C shared library rosidl_generator_py/soarm100_interfaces/soarm100_interfaces_s__rosidl_typesupport_introspection_c.cpython-310-x86_64-linux-gnu.so
[35.660s] [100%] Linking C shared library rosidl_generator_py/soarm100_interfaces/soarm100_interfaces_s__rosidl_typesupport_c.cpython-310-x86_64-linux-gnu.so
[35.700s] [100%] Built target soarm100_interfaces__rosidl_typesupport_fastrtps_c__pyext
[35.700s] [100%] Built target soarm100_interfaces__rosidl_typesupport_introspection_c__pyext
[35.700s] [100%] Built target soarm100_interfaces__rosidl_typesupport_c__pyext
[35.712s] Invoked command in '/home/sophie/isaac_lab/isaac_ws/rl_code/soarm100sim/ros2/build/soarm100_interfaces' returned '0': CMAKE_PREFIX_PATH=${CMAKE_PREFIX_PATH}:/opt/ros/humble CONDA_PROMPT_MODIFIER=(base) /usr/bin/cmake --build /home/sophie/isaac_lab/isaac_ws/rl_code/soarm100sim/ros2/build/soarm100_interfaces -- -j32 -l32
[35.724s] Invoking command in '/home/sophie/isaac_lab/isaac_ws/rl_code/soarm100sim/ros2/build/soarm100_interfaces': CMAKE_PREFIX_PATH=${CMAKE_PREFIX_PATH}:/opt/ros/humble CONDA_PROMPT_MODIFIER=(base) /usr/bin/cmake --install /home/sophie/isaac_lab/isaac_ws/rl_code/soarm100sim/ros2/build/soarm100_interfaces
[35.731s] -- Install configuration: ""
[35.731s] -- Up-to-date: /home/sophie/isaac_lab/isaac_ws/rl_code/soarm100sim/ros2/install/soarm100_interfaces/include/soarm100_interfaces/soarm100_interfaces
[35.731s] -- Up-to-date: /home/sophie/isaac_lab/isaac_ws/rl_code/soarm100sim/ros2/install/soarm100_interfaces/include/soarm100_interfaces/soarm100_interfaces/action
[35.731s] -- Up-to-date: /home/sophie/isaac_lab/isaac_ws/rl_code/soarm100sim/ros2/install/soarm100_interfaces/include/soarm100_interfaces/soarm100_interfaces/action/detail
[35.731s] -- Installing: /home/sophie/isaac_lab/isaac_ws/rl_code/soarm100sim/ros2/install/soarm100_interfaces/include/soarm100_interfaces/soarm100_interfaces/action/detail/plan_grasp__functions.c
[35.732s] -- Installing: /home/sophie/isaac_lab/isaac_ws/rl_code/soarm100sim/ros2/install/soarm100_interfaces/include/soarm100_interfaces/soarm100_interfaces/action/detail/execute_grasp__functions.c
[35.732s] -- Installing: /home/sophie/isaac_lab/isaac_ws/rl_code/soarm100sim/ros2/install/soarm100_interfaces/include/soarm100_interfaces/soarm100_interfaces/action/detail/execute_planned_grasp__functions.c
[35.732s] -- Up-to-date: /home/sophie/isaac_lab/isaac_ws/rl_code/soarm100sim/ros2/install/soarm100_interfaces/include/soarm100_interfaces/soarm100_interfaces/srv
[35.732s] -- Up-to-date: /home/sophie/isaac_lab/isaac_ws/rl_code/soarm100sim/ros2/install/soarm100_interfaces/include/soarm100_interfaces/soarm100_interfaces/srv/detail
[35.732s] -- Installing: /home/sophie/isaac_lab/isaac_ws/rl_code/soarm100sim/ros2/install/soarm100_interfaces/include/soarm100_interfaces/soarm100_interfaces/srv/detail/segment_target__functions.c
[35.732s] -- Installing: /home/sophie/isaac_lab/isaac_ws/rl_code/soarm100sim/ros2/install/soarm100_interfaces/include/soarm100_interfaces/soarm100_interfaces/srv/detail/move_joint_delta__functions.h
[35.733s] -- Installing: /home/sophie/isaac_lab/isaac_ws/rl_code/soarm100sim/ros2/install/soarm100_interfaces/include/soarm100_interfaces/soarm100_interfaces/srv/detail/move_named_pose__functions.c
[35.733s] -- Installing: /home/sophie/isaac_lab/isaac_ws/rl_code/soarm100sim/ros2/install/soarm100_interfaces/include/soarm100_interfaces/soarm100_interfaces/srv/detail/move_single_joint__struct.h
[35.733s] -- Installing: /home/sophie/isaac_lab/isaac_ws/rl_code/soarm100sim/ros2/install/soarm100_interfaces/include/soarm100_interfaces/soarm100_interfaces/srv/detail/move_single_joint__type_support.h
[35.733s] -- Installing: /home/sophie/isaac_lab/isaac_ws/rl_code/soarm100sim/ros2/install/soarm100_interfaces/include/soarm100_interfaces/soarm100_interfaces/srv/detail/move_named_pose__struct.h
[35.733s] -- Installing: /home/sophie/isaac_lab/isaac_ws/rl_code/soarm100sim/ros2/install/soarm100_interfaces/include/soarm100_interfaces/soarm100_interfaces/srv/detail/move_named_pose__type_support.h
[35.733s] -- Installing: /home/sophie/isaac_lab/isaac_ws/rl_code/soarm100sim/ros2/install/soarm100_interfaces/include/soarm100_interfaces/soarm100_interfaces/srv/detail/set_avoidance__functions.c
[35.733s] -- Installing: /home/sophie/isaac_lab/isaac_ws/rl_code/soarm100sim/ros2/install/soarm100_interfaces/include/soarm100_interfaces/soarm100_interfaces/srv/detail/move_joint_delta__type_support.h
[35.733s] -- Installing: /home/sophie/isaac_lab/isaac_ws/rl_code/soarm100sim/ros2/install/soarm100_interfaces/include/soarm100_interfaces/soarm100_interfaces/srv/detail/move_single_joint__functions.c
[35.733s] -- Installing: /home/sophie/isaac_lab/isaac_ws/rl_code/soarm100sim/ros2/install/soarm100_interfaces/include/soarm100_interfaces/soarm100_interfaces/srv/detail/move_single_joint__functions.h
[35.734s] -- Installing: /home/sophie/isaac_lab/isaac_ws/rl_code/soarm100sim/ros2/install/soarm100_interfaces/include/soarm100_interfaces/soarm100_interfaces/srv/detail/move_named_pose__functions.h
[35.734s] -- Installing: /home/sophie/isaac_lab/isaac_ws/rl_code/soarm100sim/ros2/install/soarm100_interfaces/include/soarm100_interfaces/soarm100_interfaces/srv/detail/move_joint_delta__struct.h
[35.734s] -- Installing: /home/sophie/isaac_lab/isaac_ws/rl_code/soarm100sim/ros2/install/soarm100_interfaces/include/soarm100_interfaces/soarm100_interfaces/srv/detail/move_joint_delta__functions.c
[35.734s] -- Installing: /home/sophie/isaac_lab/isaac_ws/rl_code/soarm100sim/ros2/install/soarm100_interfaces/include/soarm100_interfaces/soarm100_interfaces/srv/move_joint_delta.h
[35.734s] -- Installing: /home/sophie/isaac_lab/isaac_ws/rl_code/soarm100sim/ros2/install/soarm100_interfaces/include/soarm100_interfaces/soarm100_interfaces/srv/move_named_pose.h
[35.734s] -- Installing: /home/sophie/isaac_lab/isaac_ws/rl_code/soarm100sim/ros2/install/soarm100_interfaces/include/soarm100_interfaces/soarm100_interfaces/srv/move_single_joint.h
[35.734s] -- Up-to-date: /home/sophie/isaac_lab/isaac_ws/rl_code/soarm100sim/ros2/install/soarm100_interfaces/include/soarm100_interfaces/soarm100_interfaces/msg
[35.734s] -- Up-to-date: /home/sophie/isaac_lab/isaac_ws/rl_code/soarm100sim/ros2/install/soarm100_interfaces/include/soarm100_interfaces/soarm100_interfaces/msg/detail
[35.734s] -- Installing: /home/sophie/isaac_lab/isaac_ws/rl_code/soarm100sim/ros2/install/soarm100_interfaces/include/soarm100_interfaces/soarm100_interfaces/msg/detail/tracked_target2_d__functions.c
[35.735s] -- Installing: /home/sophie/isaac_lab/isaac_ws/rl_code/soarm100sim/ros2/install/soarm100_interfaces/lib/libsoarm100_interfaces__rosidl_generator_c.so
[35.736s] -- Set runtime path of "/home/sophie/isaac_lab/isaac_ws/rl_code/soarm100sim/ros2/install/soarm100_interfaces/lib/libsoarm100_interfaces__rosidl_generator_c.so" to ""
[35.736s] -- Up-to-date: /home/sophie/isaac_lab/isaac_ws/rl_code/soarm100sim/ros2/install/soarm100_interfaces/include/soarm100_interfaces/soarm100_interfaces
[35.736s] -- Up-to-date: /home/sophie/isaac_lab/isaac_ws/rl_code/soarm100sim/ros2/install/soarm100_interfaces/include/soarm100_interfaces/soarm100_interfaces/action
[35.736s] -- Up-to-date: /home/sophie/isaac_lab/isaac_ws/rl_code/soarm100sim/ros2/install/soarm100_interfaces/include/soarm100_interfaces/soarm100_interfaces/action/detail
[35.736s] -- Up-to-date: /home/sophie/isaac_lab/isaac_ws/rl_code/soarm100sim/ros2/install/soarm100_interfaces/include/soarm100_interfaces/soarm100_interfaces/srv
[35.736s] -- Up-to-date: /home/sophie/isaac_lab/isaac_ws/rl_code/soarm100sim/ros2/install/soarm100_interfaces/include/soarm100_interfaces/soarm100_interfaces/srv/detail
[35.736s] -- Installing: /home/sophie/isaac_lab/isaac_ws/rl_code/soarm100sim/ros2/install/soarm100_interfaces/include/soarm100_interfaces/soarm100_interfaces/srv/detail/move_named_pose__rosidl_typesupport_fastrtps_c.h
[35.736s] -- Installing: /home/sophie/isaac_lab/isaac_ws/rl_code/soarm100sim/ros2/install/soarm100_interfaces/include/soarm100_interfaces/soarm100_interfaces/srv/detail/move_joint_delta__rosidl_typesupport_fastrtps_c.h
[35.736s] -- Installing: /home/sophie/isaac_lab/isaac_ws/rl_code/soarm100sim/ros2/install/soarm100_interfaces/include/soarm100_interfaces/soarm100_interfaces/srv/detail/move_single_joint__rosidl_typesupport_fastrtps_c.h
[35.736s] -- Up-to-date: /home/sophie/isaac_lab/isaac_ws/rl_code/soarm100sim/ros2/install/soarm100_interfaces/include/soarm100_interfaces/soarm100_interfaces/msg
[35.736s] -- Up-to-date: /home/sophie/isaac_lab/isaac_ws/rl_code/soarm100sim/ros2/install/soarm100_interfaces/include/soarm100_interfaces/soarm100_interfaces/msg/detail
[35.736s] -- Installing: /home/sophie/isaac_lab/isaac_ws/rl_code/soarm100sim/ros2/install/soarm100_interfaces/lib/libsoarm100_interfaces__rosidl_typesupport_fastrtps_c.so
[35.736s] -- Set runtime path of "/home/sophie/isaac_lab/isaac_ws/rl_code/soarm100sim/ros2/install/soarm100_interfaces/lib/libsoarm100_interfaces__rosidl_typesupport_fastrtps_c.so" to ""
[35.736s] -- Up-to-date: /home/sophie/isaac_lab/isaac_ws/rl_code/soarm100sim/ros2/install/soarm100_interfaces/include/soarm100_interfaces/soarm100_interfaces
[35.736s] -- Up-to-date: /home/sophie/isaac_lab/isaac_ws/rl_code/soarm100sim/ros2/install/soarm100_interfaces/include/soarm100_interfaces/soarm100_interfaces/action
[35.736s] -- Up-to-date: /home/sophie/isaac_lab/isaac_ws/rl_code/soarm100sim/ros2/install/soarm100_interfaces/include/soarm100_interfaces/soarm100_interfaces/action/detail
[35.736s] -- Installing: /home/sophie/isaac_lab/isaac_ws/rl_code/soarm100sim/ros2/install/soarm100_interfaces/include/soarm100_interfaces/soarm100_interfaces/action/detail/execute_planned_grasp__type_support.c
[35.737s] -- Installing: /home/sophie/isaac_lab/isaac_ws/rl_code/soarm100sim/ros2/install/soarm100_interfaces/include/soarm100_interfaces/soarm100_interfaces/action/detail/execute_grasp__type_support.c
[35.737s] -- Installing: /home/sophie/isaac_lab/isaac_ws/rl_code/soarm100sim/ros2/install/soarm100_interfaces/include/soarm100_interfaces/soarm100_interfaces/action/detail/plan_grasp__type_support.c
[35.737s] -- Up-to-date: /home/sophie/isaac_lab/isaac_ws/rl_code/soarm100sim/ros2/install/soarm100_interfaces/include/soarm100_interfaces/soarm100_interfaces/srv
[35.737s] -- Up-to-date: /home/sophie/isaac_lab/isaac_ws/rl_code/soarm100sim/ros2/install/soarm100_interfaces/include/soarm100_interfaces/soarm100_interfaces/srv/detail
[35.737s] -- Installing: /home/sophie/isaac_lab/isaac_ws/rl_code/soarm100sim/ros2/install/soarm100_interfaces/include/soarm100_interfaces/soarm100_interfaces/srv/detail/move_named_pose__rosidl_typesupport_introspection_c.h
[35.737s] -- Installing: /home/sophie/isaac_lab/isaac_ws/rl_code/soarm100sim/ros2/install/soarm100_interfaces/include/soarm100_interfaces/soarm100_interfaces/srv/detail/move_joint_delta__type_support.c
[35.737s] -- Installing: /home/sophie/isaac_lab/isaac_ws/rl_code/soarm100sim/ros2/install/soarm100_interfaces/include/soarm100_interfaces/soarm100_interfaces/srv/detail/segment_target__type_support.c
[35.737s] -- Installing: /home/sophie/isaac_lab/isaac_ws/rl_code/soarm100sim/ros2/install/soarm100_interfaces/include/soarm100_interfaces/soarm100_interfaces/srv/detail/move_single_joint__type_support.c
[35.737s] -- Installing: /home/sophie/isaac_lab/isaac_ws/rl_code/soarm100sim/ros2/install/soarm100_interfaces/include/soarm100_interfaces/soarm100_interfaces/srv/detail/move_named_pose__type_support.c
[35.737s] -- Installing: /home/sophie/isaac_lab/isaac_ws/rl_code/soarm100sim/ros2/install/soarm100_interfaces/include/soarm100_interfaces/soarm100_interfaces/srv/detail/move_single_joint__rosidl_typesupport_introspection_c.h
[35.737s] -- Installing: /home/sophie/isaac_lab/isaac_ws/rl_code/soarm100sim/ros2/install/soarm100_interfaces/include/soarm100_interfaces/soarm100_interfaces/srv/detail/move_joint_delta__rosidl_typesupport_introspection_c.h
[35.737s] -- Installing: /home/sophie/isaac_lab/isaac_ws/rl_code/soarm100sim/ros2/install/soarm100_interfaces/include/soarm100_interfaces/soarm100_interfaces/srv/detail/set_avoidance__type_support.c
[35.737s] -- Up-to-date: /home/sophie/isaac_lab/isaac_ws/rl_code/soarm100sim/ros2/install/soarm100_interfaces/include/soarm100_interfaces/soarm100_interfaces/msg
[35.737s] -- Up-to-date: /home/sophie/isaac_lab/isaac_ws/rl_code/soarm100sim/ros2/install/soarm100_interfaces/include/soarm100_interfaces/soarm100_interfaces/msg/detail
[35.737s] -- Installing: /home/sophie/isaac_lab/isaac_ws/rl_code/soarm100sim/ros2/install/soarm100_interfaces/include/soarm100_interfaces/soarm100_interfaces/msg/detail/tracked_target2_d__type_support.c
[35.738s] -- Installing: /home/sophie/isaac_lab/isaac_ws/rl_code/soarm100sim/ros2/install/soarm100_interfaces/lib/libsoarm100_interfaces__rosidl_typesupport_introspection_c.so
[35.738s] -- Set runtime path of "/home/sophie/isaac_lab/isaac_ws/rl_code/soarm100sim/ros2/install/soarm100_interfaces/lib/libsoarm100_interfaces__rosidl_typesupport_introspection_c.so" to ""
[35.738s] -- Installing: /home/sophie/isaac_lab/isaac_ws/rl_code/soarm100sim/ros2/install/soarm100_interfaces/lib/libsoarm100_interfaces__rosidl_typesupport_c.so
[35.738s] -- Set runtime path of "/home/sophie/isaac_lab/isaac_ws/rl_code/soarm100sim/ros2/install/soarm100_interfaces/lib/libsoarm100_interfaces__rosidl_typesupport_c.so" to ""
[35.738s] -- Up-to-date: /home/sophie/isaac_lab/isaac_ws/rl_code/soarm100sim/ros2/install/soarm100_interfaces/include/soarm100_interfaces/soarm100_interfaces
[35.738s] -- Up-to-date: /home/sophie/isaac_lab/isaac_ws/rl_code/soarm100sim/ros2/install/soarm100_interfaces/include/soarm100_interfaces/soarm100_interfaces/action
[35.738s] -- Up-to-date: /home/sophie/isaac_lab/isaac_ws/rl_code/soarm100sim/ros2/install/soarm100_interfaces/include/soarm100_interfaces/soarm100_interfaces/action/detail
[35.738s] -- Up-to-date: /home/sophie/isaac_lab/isaac_ws/rl_code/soarm100sim/ros2/install/soarm100_interfaces/include/soarm100_interfaces/soarm100_interfaces/srv
[35.738s] -- Up-to-date: /home/sophie/isaac_lab/isaac_ws/rl_code/soarm100sim/ros2/install/soarm100_interfaces/include/soarm100_interfaces/soarm100_interfaces/srv/detail
[35.738s] -- Installing: /home/sophie/isaac_lab/isaac_ws/rl_code/soarm100sim/ros2/install/soarm100_interfaces/include/soarm100_interfaces/soarm100_interfaces/srv/detail/move_named_pose__type_support.hpp
[35.738s] -- Installing: /home/sophie/isaac_lab/isaac_ws/rl_code/soarm100sim/ros2/install/soarm100_interfaces/include/soarm100_interfaces/soarm100_interfaces/srv/detail/move_single_joint__traits.hpp
[35.738s] -- Installing: /home/sophie/isaac_lab/isaac_ws/rl_code/soarm100sim/ros2/install/soarm100_interfaces/include/soarm100_interfaces/soarm100_interfaces/srv/detail/move_joint_delta__type_support.hpp
[35.739s] -- Installing: /home/sophie/isaac_lab/isaac_ws/rl_code/soarm100sim/ros2/install/soarm100_interfaces/include/soarm100_interfaces/soarm100_interfaces/srv/detail/move_named_pose__builder.hpp
[35.739s] -- Installing: /home/sophie/isaac_lab/isaac_ws/rl_code/soarm100sim/ros2/install/soarm100_interfaces/include/soarm100_interfaces/soarm100_interfaces/srv/detail/move_single_joint__type_support.hpp
[35.739s] -- Installing: /home/sophie/isaac_lab/isaac_ws/rl_code/soarm100sim/ros2/install/soarm100_interfaces/include/soarm100_interfaces/soarm100_interfaces/srv/detail/move_joint_delta__traits.hpp
[35.739s] -- Installing: /home/sophie/isaac_lab/isaac_ws/rl_code/soarm100sim/ros2/install/soarm100_interfaces/include/soarm100_interfaces/soarm100_interfaces/srv/detail/move_single_joint__struct.hpp
[35.739s] -- Installing: /home/sophie/isaac_lab/isaac_ws/rl_code/soarm100sim/ros2/install/soarm100_interfaces/include/soarm100_interfaces/soarm100_interfaces/srv/detail/move_named_pose__traits.hpp
[35.739s] -- Installing: /home/sophie/isaac_lab/isaac_ws/rl_code/soarm100sim/ros2/install/soarm100_interfaces/include/soarm100_interfaces/soarm100_interfaces/srv/detail/move_joint_delta__builder.hpp
[35.739s] -- Installing: /home/sophie/isaac_lab/isaac_ws/rl_code/soarm100sim/ros2/install/soarm100_interfaces/include/soarm100_interfaces/soarm100_interfaces/srv/detail/move_named_pose__struct.hpp
[35.739s] -- Installing: /home/sophie/isaac_lab/isaac_ws/rl_code/soarm100sim/ros2/install/soarm100_interfaces/include/soarm100_interfaces/soarm100_interfaces/srv/detail/move_joint_delta__struct.hpp
[35.739s] -- Installing: /home/sophie/isaac_lab/isaac_ws/rl_code/soarm100sim/ros2/install/soarm100_interfaces/include/soarm100_interfaces/soarm100_interfaces/srv/detail/move_single_joint__builder.hpp
[35.739s] -- Installing: /home/sophie/isaac_lab/isaac_ws/rl_code/soarm100sim/ros2/install/soarm100_interfaces/include/soarm100_interfaces/soarm100_interfaces/srv/move_named_pose.hpp
[35.739s] -- Installing: /home/sophie/isaac_lab/isaac_ws/rl_code/soarm100sim/ros2/install/soarm100_interfaces/include/soarm100_interfaces/soarm100_interfaces/srv/move_single_joint.hpp
[35.739s] -- Installing: /home/sophie/isaac_lab/isaac_ws/rl_code/soarm100sim/ros2/install/soarm100_interfaces/include/soarm100_interfaces/soarm100_interfaces/srv/move_joint_delta.hpp
[35.739s] -- Up-to-date: /home/sophie/isaac_lab/isaac_ws/rl_code/soarm100sim/ros2/install/soarm100_interfaces/include/soarm100_interfaces/soarm100_interfaces/msg
[35.739s] -- Up-to-date: /home/sophie/isaac_lab/isaac_ws/rl_code/soarm100sim/ros2/install/soarm100_interfaces/include/soarm100_interfaces/soarm100_interfaces/msg/detail
[35.739s] -- Up-to-date: /home/sophie/isaac_lab/isaac_ws/rl_code/soarm100sim/ros2/install/soarm100_interfaces/include/soarm100_interfaces/soarm100_interfaces
[35.739s] -- Up-to-date: /home/sophie/isaac_lab/isaac_ws/rl_code/soarm100sim/ros2/install/soarm100_interfaces/include/soarm100_interfaces/soarm100_interfaces/action
[35.739s] -- Up-to-date: /home/sophie/isaac_lab/isaac_ws/rl_code/soarm100sim/ros2/install/soarm100_interfaces/include/soarm100_interfaces/soarm100_interfaces/action/detail
[35.739s] -- Up-to-date: /home/sophie/isaac_lab/isaac_ws/rl_code/soarm100sim/ros2/install/soarm100_interfaces/include/soarm100_interfaces/soarm100_interfaces/action/detail/dds_fastrtps
[35.739s] -- Up-to-date: /home/sophie/isaac_lab/isaac_ws/rl_code/soarm100sim/ros2/install/soarm100_interfaces/include/soarm100_interfaces/soarm100_interfaces/srv
[35.740s] -- Up-to-date: /home/sophie/isaac_lab/isaac_ws/rl_code/soarm100sim/ros2/install/soarm100_interfaces/include/soarm100_interfaces/soarm100_interfaces/srv/detail
[35.740s] -- Installing: /home/sophie/isaac_lab/isaac_ws/rl_code/soarm100sim/ros2/install/soarm100_interfaces/include/soarm100_interfaces/soarm100_interfaces/srv/detail/move_named_pose__rosidl_typesupport_fastrtps_cpp.hpp
[35.740s] -- Installing: /home/sophie/isaac_lab/isaac_ws/rl_code/soarm100sim/ros2/install/soarm100_interfaces/include/soarm100_interfaces/soarm100_interfaces/srv/detail/move_joint_delta__rosidl_typesupport_fastrtps_cpp.hpp
[35.740s] -- Installing: /home/sophie/isaac_lab/isaac_ws/rl_code/soarm100sim/ros2/install/soarm100_interfaces/include/soarm100_interfaces/soarm100_interfaces/srv/detail/move_single_joint__rosidl_typesupport_fastrtps_cpp.hpp
[35.740s] -- Up-to-date: /home/sophie/isaac_lab/isaac_ws/rl_code/soarm100sim/ros2/install/soarm100_interfaces/include/soarm100_interfaces/soarm100_interfaces/srv/detail/dds_fastrtps
[35.740s] -- Up-to-date: /home/sophie/isaac_lab/isaac_ws/rl_code/soarm100sim/ros2/install/soarm100_interfaces/include/soarm100_interfaces/soarm100_interfaces/msg
[35.740s] -- Up-to-date: /home/sophie/isaac_lab/isaac_ws/rl_code/soarm100sim/ros2/install/soarm100_interfaces/include/soarm100_interfaces/soarm100_interfaces/msg/detail
[35.740s] -- Up-to-date: /home/sophie/isaac_lab/isaac_ws/rl_code/soarm100sim/ros2/install/soarm100_interfaces/include/soarm100_interfaces/soarm100_interfaces/msg/detail/dds_fastrtps
[35.740s] -- Installing: /home/sophie/isaac_lab/isaac_ws/rl_code/soarm100sim/ros2/install/soarm100_interfaces/lib/libsoarm100_interfaces__rosidl_typesupport_fastrtps_cpp.so
[35.740s] -- Set runtime path of "/home/sophie/isaac_lab/isaac_ws/rl_code/soarm100sim/ros2/install/soarm100_interfaces/lib/libsoarm100_interfaces__rosidl_typesupport_fastrtps_cpp.so" to ""
[35.740s] -- Up-to-date: /home/sophie/isaac_lab/isaac_ws/rl_code/soarm100sim/ros2/install/soarm100_interfaces/include/soarm100_interfaces/soarm100_interfaces
[35.740s] -- Up-to-date: /home/sophie/isaac_lab/isaac_ws/rl_code/soarm100sim/ros2/install/soarm100_interfaces/include/soarm100_interfaces/soarm100_interfaces/action
[35.740s] -- Up-to-date: /home/sophie/isaac_lab/isaac_ws/rl_code/soarm100sim/ros2/install/soarm100_interfaces/include/soarm100_interfaces/soarm100_interfaces/action/detail
[35.740s] -- Installing: /home/sophie/isaac_lab/isaac_ws/rl_code/soarm100sim/ros2/install/soarm100_interfaces/include/soarm100_interfaces/soarm100_interfaces/action/detail/execute_grasp__type_support.cpp
[35.740s] -- Installing: /home/sophie/isaac_lab/isaac_ws/rl_code/soarm100sim/ros2/install/soarm100_interfaces/include/soarm100_interfaces/soarm100_interfaces/action/detail/plan_grasp__type_support.cpp
[35.740s] -- Installing: /home/sophie/isaac_lab/isaac_ws/rl_code/soarm100sim/ros2/install/soarm100_interfaces/include/soarm100_interfaces/soarm100_interfaces/action/detail/execute_planned_grasp__type_support.cpp
[35.740s] -- Up-to-date: /home/sophie/isaac_lab/isaac_ws/rl_code/soarm100sim/ros2/install/soarm100_interfaces/include/soarm100_interfaces/soarm100_interfaces/srv
[35.740s] -- Up-to-date: /home/sophie/isaac_lab/isaac_ws/rl_code/soarm100sim/ros2/install/soarm100_interfaces/include/soarm100_interfaces/soarm100_interfaces/srv/detail
[35.740s] -- Installing: /home/sophie/isaac_lab/isaac_ws/rl_code/soarm100sim/ros2/install/soarm100_interfaces/include/soarm100_interfaces/soarm100_interfaces/srv/detail/move_named_pose__type_support.cpp
[35.740s] -- Installing: /home/sophie/isaac_lab/isaac_ws/rl_code/soarm100sim/ros2/install/soarm100_interfaces/include/soarm100_interfaces/soarm100_interfaces/srv/detail/move_single_joint__rosidl_typesupport_introspection_cpp.hpp
[35.740s] -- Installing: /home/sophie/isaac_lab/isaac_ws/rl_code/soarm100sim/ros2/install/soarm100_interfaces/include/soarm100_interfaces/soarm100_interfaces/srv/detail/move_joint_delta__rosidl_typesupport_introspection_cpp.hpp
[35.741s] -- Installing: /home/sophie/isaac_lab/isaac_ws/rl_code/soarm100sim/ros2/install/soarm100_interfaces/include/soarm100_interfaces/soarm100_interfaces/srv/detail/segment_target__type_support.cpp
[35.741s] -- Installing: /home/sophie/isaac_lab/isaac_ws/rl_code/soarm100sim/ros2/install/soarm100_interfaces/include/soarm100_interfaces/soarm100_interfaces/srv/detail/move_joint_delta__type_support.cpp
[35.741s] -- Installing: /home/sophie/isaac_lab/isaac_ws/rl_code/soarm100sim/ros2/install/soarm100_interfaces/include/soarm100_interfaces/soarm100_interfaces/srv/detail/move_named_pose__rosidl_typesupport_introspection_cpp.hpp
[35.741s] -- Installing: /home/sophie/isaac_lab/isaac_ws/rl_code/soarm100sim/ros2/install/soarm100_interfaces/include/soarm100_interfaces/soarm100_interfaces/srv/detail/move_single_joint__type_support.cpp
[35.741s] -- Installing: /home/sophie/isaac_lab/isaac_ws/rl_code/soarm100sim/ros2/install/soarm100_interfaces/include/soarm100_interfaces/soarm100_interfaces/srv/detail/set_avoidance__type_support.cpp
[35.741s] -- Up-to-date: /home/sophie/isaac_lab/isaac_ws/rl_code/soarm100sim/ros2/install/soarm100_interfaces/include/soarm100_interfaces/soarm100_interfaces/msg
[35.741s] -- Up-to-date: /home/sophie/isaac_lab/isaac_ws/rl_code/soarm100sim/ros2/install/soarm100_interfaces/include/soarm100_interfaces/soarm100_interfaces/msg/detail
[35.741s] -- Installing: /home/sophie/isaac_lab/isaac_ws/rl_code/soarm100sim/ros2/install/soarm100_interfaces/include/soarm100_interfaces/soarm100_interfaces/msg/detail/tracked_target2_d__type_support.cpp
[35.741s] -- Installing: /home/sophie/isaac_lab/isaac_ws/rl_code/soarm100sim/ros2/install/soarm100_interfaces/lib/libsoarm100_interfaces__rosidl_typesupport_introspection_cpp.so
[35.741s] -- Set runtime path of "/home/sophie/isaac_lab/isaac_ws/rl_code/soarm100sim/ros2/install/soarm100_interfaces/lib/libsoarm100_interfaces__rosidl_typesupport_introspection_cpp.so" to ""
[35.741s] -- Installing: /home/sophie/isaac_lab/isaac_ws/rl_code/soarm100sim/ros2/install/soarm100_interfaces/lib/libsoarm100_interfaces__rosidl_typesupport_cpp.so
[35.742s] -- Set runtime path of "/home/sophie/isaac_lab/isaac_ws/rl_code/soarm100sim/ros2/install/soarm100_interfaces/lib/libsoarm100_interfaces__rosidl_typesupport_cpp.so" to ""
[35.742s] -- Up-to-date: /home/sophie/isaac_lab/isaac_ws/rl_code/soarm100sim/ros2/install/soarm100_interfaces/local/lib/python3.10/dist-packages/soarm100_interfaces-0.1.0-py3.10.egg-info
[35.742s] -- Up-to-date: /home/sophie/isaac_lab/isaac_ws/rl_code/soarm100sim/ros2/install/soarm100_interfaces/local/lib/python3.10/dist-packages/soarm100_interfaces
[35.742s] -- Up-to-date: /home/sophie/isaac_lab/isaac_ws/rl_code/soarm100sim/ros2/install/soarm100_interfaces/local/lib/python3.10/dist-packages/soarm100_interfaces/action
[35.742s] -- Up-to-date: /home/sophie/isaac_lab/isaac_ws/rl_code/soarm100sim/ros2/install/soarm100_interfaces/local/lib/python3.10/dist-packages/soarm100_interfaces/srv
[35.742s] -- Installing: /home/sophie/isaac_lab/isaac_ws/rl_code/soarm100sim/ros2/install/soarm100_interfaces/local/lib/python3.10/dist-packages/soarm100_interfaces/srv/_move_joint_delta_s.c
[35.742s] -- Installing: /home/sophie/isaac_lab/isaac_ws/rl_code/soarm100sim/ros2/install/soarm100_interfaces/local/lib/python3.10/dist-packages/soarm100_interfaces/srv/_move_joint_delta.py
[35.742s] -- Installing: /home/sophie/isaac_lab/isaac_ws/rl_code/soarm100sim/ros2/install/soarm100_interfaces/local/lib/python3.10/dist-packages/soarm100_interfaces/srv/_move_single_joint.py
[35.742s] -- Installing: /home/sophie/isaac_lab/isaac_ws/rl_code/soarm100sim/ros2/install/soarm100_interfaces/local/lib/python3.10/dist-packages/soarm100_interfaces/srv/_move_named_pose_s.c
[35.742s] -- Installing: /home/sophie/isaac_lab/isaac_ws/rl_code/soarm100sim/ros2/install/soarm100_interfaces/local/lib/python3.10/dist-packages/soarm100_interfaces/srv/_move_single_joint_s.c
[35.742s] -- Installing: /home/sophie/isaac_lab/isaac_ws/rl_code/soarm100sim/ros2/install/soarm100_interfaces/local/lib/python3.10/dist-packages/soarm100_interfaces/srv/_move_named_pose.py
[35.742s] -- Up-to-date: /home/sophie/isaac_lab/isaac_ws/rl_code/soarm100sim/ros2/install/soarm100_interfaces/local/lib/python3.10/dist-packages/soarm100_interfaces/msg
[35.789s] Listing '/home/sophie/isaac_lab/isaac_ws/rl_code/soarm100sim/ros2/install/soarm100_interfaces/local/lib/python3.10/dist-packages/soarm100_interfaces'...
[35.790s] Compiling '/home/sophie/isaac_lab/isaac_ws/rl_code/soarm100sim/ros2/install/soarm100_interfaces/local/lib/python3.10/dist-packages/soarm100_interfaces/__init__.py'...
[35.790s] Listing '/home/sophie/isaac_lab/isaac_ws/rl_code/soarm100sim/ros2/install/soarm100_interfaces/local/lib/python3.10/dist-packages/soarm100_interfaces/action'...
[35.790s] Compiling '/home/sophie/isaac_lab/isaac_ws/rl_code/soarm100sim/ros2/install/soarm100_interfaces/local/lib/python3.10/dist-packages/soarm100_interfaces/action/__init__.py'...
[35.790s] Compiling '/home/sophie/isaac_lab/isaac_ws/rl_code/soarm100sim/ros2/install/soarm100_interfaces/local/lib/python3.10/dist-packages/soarm100_interfaces/action/_execute_grasp.py'...
[35.790s] Compiling '/home/sophie/isaac_lab/isaac_ws/rl_code/soarm100sim/ros2/install/soarm100_interfaces/local/lib/python3.10/dist-packages/soarm100_interfaces/action/_execute_planned_grasp.py'...
[35.790s] Compiling '/home/sophie/isaac_lab/isaac_ws/rl_code/soarm100sim/ros2/install/soarm100_interfaces/local/lib/python3.10/dist-packages/soarm100_interfaces/action/_plan_grasp.py'...
[35.790s] Listing '/home/sophie/isaac_lab/isaac_ws/rl_code/soarm100sim/ros2/install/soarm100_interfaces/local/lib/python3.10/dist-packages/soarm100_interfaces/msg'...
[35.790s] Compiling '/home/sophie/isaac_lab/isaac_ws/rl_code/soarm100sim/ros2/install/soarm100_interfaces/local/lib/python3.10/dist-packages/soarm100_interfaces/msg/__init__.py'...
[35.790s] Compiling '/home/sophie/isaac_lab/isaac_ws/rl_code/soarm100sim/ros2/install/soarm100_interfaces/local/lib/python3.10/dist-packages/soarm100_interfaces/msg/_tracked_target2_d.py'...
[35.790s] Listing '/home/sophie/isaac_lab/isaac_ws/rl_code/soarm100sim/ros2/install/soarm100_interfaces/local/lib/python3.10/dist-packages/soarm100_interfaces/srv'...
[35.790s] Compiling '/home/sophie/isaac_lab/isaac_ws/rl_code/soarm100sim/ros2/install/soarm100_interfaces/local/lib/python3.10/dist-packages/soarm100_interfaces/srv/__init__.py'...
[35.790s] Compiling '/home/sophie/isaac_lab/isaac_ws/rl_code/soarm100sim/ros2/install/soarm100_interfaces/local/lib/python3.10/dist-packages/soarm100_interfaces/srv/_move_joint_delta.py'...
[35.790s] Compiling '/home/sophie/isaac_lab/isaac_ws/rl_code/soarm100sim/ros2/install/soarm100_interfaces/local/lib/python3.10/dist-packages/soarm100_interfaces/srv/_move_named_pose.py'...
[35.790s] Compiling '/home/sophie/isaac_lab/isaac_ws/rl_code/soarm100sim/ros2/install/soarm100_interfaces/local/lib/python3.10/dist-packages/soarm100_interfaces/srv/_move_single_joint.py'...
[35.790s] Compiling '/home/sophie/isaac_lab/isaac_ws/rl_code/soarm100sim/ros2/install/soarm100_interfaces/local/lib/python3.10/dist-packages/soarm100_interfaces/srv/_segment_target.py'...
[35.790s] Compiling '/home/sophie/isaac_lab/isaac_ws/rl_code/soarm100sim/ros2/install/soarm100_interfaces/local/lib/python3.10/dist-packages/soarm100_interfaces/srv/_set_avoidance.py'...
[35.793s] -- Installing: /home/sophie/isaac_lab/isaac_ws/rl_code/soarm100sim/ros2/install/soarm100_interfaces/lib/libsoarm100_interfaces__rosidl_generator_py.so
[35.793s] -- Set runtime path of "/home/sophie/isaac_lab/isaac_ws/rl_code/soarm100sim/ros2/install/soarm100_interfaces/lib/libsoarm100_interfaces__rosidl_generator_py.so" to ""
[35.793s] -- Up-to-date: /home/sophie/isaac_lab/isaac_ws/rl_code/soarm100sim/ros2/install/soarm100_interfaces/share/soarm100_interfaces/rust
[35.793s] -- Up-to-date: /home/sophie/isaac_lab/isaac_ws/rl_code/soarm100sim/ros2/install/soarm100_interfaces/share/soarm100_interfaces/rust/src
[35.793s] -- Up-to-date: /home/sophie/isaac_lab/isaac_ws/rl_code/soarm100sim/ros2/install/soarm100_interfaces/share/soarm100_interfaces/rust/src/action
[35.794s] -- Up-to-date: /home/sophie/isaac_lab/isaac_ws/rl_code/soarm100sim/ros2/install/soarm100_interfaces/share/soarm100_interfaces/rust/src/srv
[35.794s] -- Up-to-date: /home/sophie/isaac_lab/isaac_ws/rl_code/soarm100sim/ros2/install/soarm100_interfaces/share/soarm100_interfaces/rust/src/msg
[35.794s] -- Up-to-date: /home/sophie/isaac_lab/isaac_ws/rl_code/soarm100sim/ros2/install/soarm100_interfaces/share/soarm100_interfaces/srv/MoveSingleJoint.idl
[35.794s] -- Up-to-date: /home/sophie/isaac_lab/isaac_ws/rl_code/soarm100sim/ros2/install/soarm100_interfaces/share/soarm100_interfaces/srv/MoveJointDelta.idl
[35.794s] -- Installing: /home/sophie/isaac_lab/isaac_ws/rl_code/soarm100sim/ros2/install/soarm100_interfaces/share/soarm100_interfaces/srv/MoveNamedPose.idl
[35.794s] -- Up-to-date: /home/sophie/isaac_lab/isaac_ws/rl_code/soarm100sim/ros2/install/soarm100_interfaces/share/soarm100_interfaces/srv/MoveSingleJoint.srv
[35.794s] -- Up-to-date: /home/sophie/isaac_lab/isaac_ws/rl_code/soarm100sim/ros2/install/soarm100_interfaces/share/soarm100_interfaces/srv/MoveSingleJoint_Request.msg
[35.794s] -- Up-to-date: /home/sophie/isaac_lab/isaac_ws/rl_code/soarm100sim/ros2/install/soarm100_interfaces/share/soarm100_interfaces/srv/MoveSingleJoint_Response.msg
[35.794s] -- Up-to-date: /home/sophie/isaac_lab/isaac_ws/rl_code/soarm100sim/ros2/install/soarm100_interfaces/share/soarm100_interfaces/srv/MoveJointDelta.srv
[35.794s] -- Up-to-date: /home/sophie/isaac_lab/isaac_ws/rl_code/soarm100sim/ros2/install/soarm100_interfaces/share/soarm100_interfaces/srv/MoveJointDelta_Request.msg
[35.794s] -- Up-to-date: /home/sophie/isaac_lab/isaac_ws/rl_code/soarm100sim/ros2/install/soarm100_interfaces/share/soarm100_interfaces/srv/MoveJointDelta_Response.msg
[35.794s] -- Installing: /home/sophie/isaac_lab/isaac_ws/rl_code/soarm100sim/ros2/install/soarm100_interfaces/share/soarm100_interfaces/srv/MoveNamedPose.srv
[35.794s] -- Installing: /home/sophie/isaac_lab/isaac_ws/rl_code/soarm100sim/ros2/install/soarm100_interfaces/share/soarm100_interfaces/srv/MoveNamedPose_Request.msg
[35.794s] -- Installing: /home/sophie/isaac_lab/isaac_ws/rl_code/soarm100sim/ros2/install/soarm100_interfaces/share/soarm100_interfaces/srv/MoveNamedPose_Response.msg
[35.794s] -- Installing: /home/sophie/isaac_lab/isaac_ws/rl_code/soarm100sim/ros2/install/soarm100_interfaces/share/soarm100_interfaces/package.dsv
[35.794s] -- Up-to-date: /home/sophie/isaac_lab/isaac_ws/rl_code/soarm100sim/ros2/install/soarm100_interfaces/share/soarm100_interfaces/cmake/export_soarm100_interfaces__rosidl_generator_cExport.cmake
[35.794s] -- Up-to-date: /home/sophie/isaac_lab/isaac_ws/rl_code/soarm100sim/ros2/install/soarm100_interfaces/share/soarm100_interfaces/cmake/export_soarm100_interfaces__rosidl_generator_cExport-noconfig.cmake
[35.794s] -- Up-to-date: /home/sophie/isaac_lab/isaac_ws/rl_code/soarm100sim/ros2/install/soarm100_interfaces/share/soarm100_interfaces/cmake/export_soarm100_interfaces__rosidl_typesupport_fastrtps_cExport.cmake
[35.794s] -- Up-to-date: /home/sophie/isaac_lab/isaac_ws/rl_code/soarm100sim/ros2/install/soarm100_interfaces/share/soarm100_interfaces/cmake/export_soarm100_interfaces__rosidl_typesupport_fastrtps_cExport-noconfig.cmake
[35.794s] -- Up-to-date: /home/sophie/isaac_lab/isaac_ws/rl_code/soarm100sim/ros2/install/soarm100_interfaces/share/soarm100_interfaces/cmake/soarm100_interfaces__rosidl_typesupport_introspection_cExport.cmake
[35.795s] -- Up-to-date: /home/sophie/isaac_lab/isaac_ws/rl_code/soarm100sim/ros2/install/soarm100_interfaces/share/soarm100_interfaces/cmake/soarm100_interfaces__rosidl_typesupport_introspection_cExport-noconfig.cmake
[35.795s] -- Up-to-date: /home/sophie/isaac_lab/isaac_ws/rl_code/soarm100sim/ros2/install/soarm100_interfaces/share/soarm100_interfaces/cmake/soarm100_interfaces__rosidl_typesupport_cExport.cmake
[35.795s] -- Up-to-date: /home/sophie/isaac_lab/isaac_ws/rl_code/soarm100sim/ros2/install/soarm100_interfaces/share/soarm100_interfaces/cmake/soarm100_interfaces__rosidl_typesupport_cExport-noconfig.cmake
[35.795s] -- Up-to-date: /home/sophie/isaac_lab/isaac_ws/rl_code/soarm100sim/ros2/install/soarm100_interfaces/share/soarm100_interfaces/cmake/export_soarm100_interfaces__rosidl_generator_cppExport.cmake
[35.795s] -- Up-to-date: /home/sophie/isaac_lab/isaac_ws/rl_code/soarm100sim/ros2/install/soarm100_interfaces/share/soarm100_interfaces/cmake/export_soarm100_interfaces__rosidl_typesupport_fastrtps_cppExport.cmake
[35.795s] -- Up-to-date: /home/sophie/isaac_lab/isaac_ws/rl_code/soarm100sim/ros2/install/soarm100_interfaces/share/soarm100_interfaces/cmake/export_soarm100_interfaces__rosidl_typesupport_fastrtps_cppExport-noconfig.cmake
[35.795s] -- Up-to-date: /home/sophie/isaac_lab/isaac_ws/rl_code/soarm100sim/ros2/install/soarm100_interfaces/share/soarm100_interfaces/cmake/soarm100_interfaces__rosidl_typesupport_introspection_cppExport.cmake
[35.795s] -- Up-to-date: /home/sophie/isaac_lab/isaac_ws/rl_code/soarm100sim/ros2/install/soarm100_interfaces/share/soarm100_interfaces/cmake/soarm100_interfaces__rosidl_typesupport_introspection_cppExport-noconfig.cmake
[35.795s] -- Up-to-date: /home/sophie/isaac_lab/isaac_ws/rl_code/soarm100sim/ros2/install/soarm100_interfaces/share/soarm100_interfaces/cmake/soarm100_interfaces__rosidl_typesupport_cppExport.cmake
[35.795s] -- Up-to-date: /home/sophie/isaac_lab/isaac_ws/rl_code/soarm100sim/ros2/install/soarm100_interfaces/share/soarm100_interfaces/cmake/soarm100_interfaces__rosidl_typesupport_cppExport-noconfig.cmake
[35.795s] -- Up-to-date: /home/sophie/isaac_lab/isaac_ws/rl_code/soarm100sim/ros2/install/soarm100_interfaces/share/soarm100_interfaces/cmake/export_soarm100_interfaces__rosidl_generator_pyExport.cmake
[35.795s] -- Up-to-date: /home/sophie/isaac_lab/isaac_ws/rl_code/soarm100sim/ros2/install/soarm100_interfaces/share/soarm100_interfaces/cmake/export_soarm100_interfaces__rosidl_generator_pyExport-noconfig.cmake
[60.058s] Invoked command in '/home/sophie/isaac_lab/isaac_ws/rl_code/soarm100sim/ros2/build/soarm100_interfaces' returned '0': CMAKE_PREFIX_PATH=${CMAKE_PREFIX_PATH}:/opt/ros/humble CONDA_PROMPT_MODIFIER=(base) /usr/bin/cmake --install /home/sophie/isaac_lab/isaac_ws/rl_code/soarm100sim/ros2/build/soarm100_interfaces
