-- Install configuration: ""
-- Up-to-date: /home/sophie/isaac_lab/isaac_ws/rl_code/soarm100sim/ros2/install/so100_plus_description/lib/so100_plus_description/static_joint_publisher.py
-- Up-to-date: /home/sophie/isaac_lab/isaac_ws/rl_code/soarm100sim/ros2/install/so100_plus_description/lib/so100_plus_description/compare_fk_mujoco_urdf.py
-- Up-to-date: /home/sophie/isaac_lab/isaac_ws/rl_code/soarm100sim/ros2/install/so100_plus_description/share/so100_plus_description/urdf
-- Up-to-date: /home/sophie/isaac_lab/isaac_ws/rl_code/soarm100sim/ros2/install/so100_plus_description/share/so100_plus_description/urdf/so100_plus.urdf
-- Up-to-date: /home/sophie/isaac_lab/isaac_ws/rl_code/soarm100sim/ros2/install/so100_plus_description/share/so100_plus_description/launch
-- Up-to-date: /home/sophie/isaac_lab/isaac_ws/rl_code/soarm100sim/ros2/install/so100_plus_description/share/so100_plus_description/launch/display.launch.py
-- Up-to-date: /home/sophie/isaac_lab/isaac_ws/rl_code/soarm100sim/ros2/install/so100_plus_description/share/so100_plus_description/rviz
-- Up-to-date: /home/sophie/isaac_lab/isaac_ws/rl_code/soarm100sim/ros2/install/so100_plus_description/share/so100_plus_description/rviz/so100_plus.rviz
-- Up-to-date: /home/sophie/isaac_lab/isaac_ws/rl_code/soarm100sim/ros2/install/so100_plus_description/share/so100_plus_description/meshes
-- Up-to-date: /home/sophie/isaac_lab/isaac_ws/rl_code/soarm100sim/ros2/install/so100_plus_description/share/so100_plus_description/meshes/shoulder_pitch.STL
-- Up-to-date: /home/sophie/isaac_lab/isaac_ws/rl_code/soarm100sim/ros2/install/so100_plus_description/share/so100_plus_description/meshes/gripper.STL
-- Up-to-date: /home/sophie/isaac_lab/isaac_ws/rl_code/soarm100sim/ros2/install/so100_plus_description/share/so100_plus_description/meshes/table
-- Up-to-date: /home/sophie/isaac_lab/isaac_ws/rl_code/soarm100sim/ros2/install/so100_plus_description/share/so100_plus_description/meshes/shoulder_rotation.STL
-- Up-to-date: /home/sophie/isaac_lab/isaac_ws/rl_code/soarm100sim/ros2/install/so100_plus_description/share/so100_plus_description/meshes/base_link.STL
-- Up-to-date: /home/sophie/isaac_lab/isaac_ws/rl_code/soarm100sim/ros2/install/so100_plus_description/share/so100_plus_description/meshes/wrist_jaw.STL
-- Up-to-date: /home/sophie/isaac_lab/isaac_ws/rl_code/soarm100sim/ros2/install/so100_plus_description/share/so100_plus_description/meshes/wrist_roll.STL
-- Up-to-date: /home/sophie/isaac_lab/isaac_ws/rl_code/soarm100sim/ros2/install/so100_plus_description/share/so100_plus_description/meshes/ellbow.STL
-- Up-to-date: /home/sophie/isaac_lab/isaac_ws/rl_code/soarm100sim/ros2/install/so100_plus_description/share/so100_plus_description/meshes/wrist_pitch.STL
-- Up-to-date: /home/sophie/isaac_lab/isaac_ws/rl_code/soarm100sim/ros2/install/so100_plus_description/share/ament_index/resource_index/package_run_dependencies/so100_plus_description
-- Up-to-date: /home/sophie/isaac_lab/isaac_ws/rl_code/soarm100sim/ros2/install/so100_plus_description/share/ament_index/resource_index/parent_prefix_path/so100_plus_description
-- Up-to-date: /home/sophie/isaac_lab/isaac_ws/rl_code/soarm100sim/ros2/install/so100_plus_description/share/so100_plus_description/environment/ament_prefix_path.sh
-- Up-to-date: /home/sophie/isaac_lab/isaac_ws/rl_code/soarm100sim/ros2/install/so100_plus_description/share/so100_plus_description/environment/ament_prefix_path.dsv
-- Up-to-date: /home/sophie/isaac_lab/isaac_ws/rl_code/soarm100sim/ros2/install/so100_plus_description/share/so100_plus_description/environment/path.sh
-- Up-to-date: /home/sophie/isaac_lab/isaac_ws/rl_code/soarm100sim/ros2/install/so100_plus_description/share/so100_plus_description/environment/path.dsv
-- Up-to-date: /home/sophie/isaac_lab/isaac_ws/rl_code/soarm100sim/ros2/install/so100_plus_description/share/so100_plus_description/local_setup.bash
-- Up-to-date: /home/sophie/isaac_lab/isaac_ws/rl_code/soarm100sim/ros2/install/so100_plus_description/share/so100_plus_description/local_setup.sh
-- Up-to-date: /home/sophie/isaac_lab/isaac_ws/rl_code/soarm100sim/ros2/install/so100_plus_description/share/so100_plus_description/local_setup.zsh
-- Up-to-date: /home/sophie/isaac_lab/isaac_ws/rl_code/soarm100sim/ros2/install/so100_plus_description/share/so100_plus_description/local_setup.dsv
-- Up-to-date: /home/sophie/isaac_lab/isaac_ws/rl_code/soarm100sim/ros2/install/so100_plus_description/share/so100_plus_description/package.dsv
-- Up-to-date: /home/sophie/isaac_lab/isaac_ws/rl_code/soarm100sim/ros2/install/so100_plus_description/share/ament_index/resource_index/packages/so100_plus_description
-- Up-to-date: /home/sophie/isaac_lab/isaac_ws/rl_code/soarm100sim/ros2/install/so100_plus_description/share/so100_plus_description/cmake/so100_plus_descriptionConfig.cmake
-- Up-to-date: /home/sophie/isaac_lab/isaac_ws/rl_code/soarm100sim/ros2/install/so100_plus_description/share/so100_plus_description/cmake/so100_plus_descriptionConfig-version.cmake
-- Up-to-date: /home/sophie/isaac_lab/isaac_ws/rl_code/soarm100sim/ros2/install/so100_plus_description/share/so100_plus_description/package.xml
