1784802909.5956035 [INFO] [launch]: All log files can be found below /home/sophie/isaac_lab/isaac_ws/rl_code/soarm100sim/logs/ros2/2026-07-23-18-35-09-594982-sophie-Legion-Y7000P-IRX10-117080
1784802909.5957036 [INFO] [launch]: Default logging verbosity is set to INFO
1784802909.6383398 [INFO] [target_segmenter_node-1]: process started with pid [117123]
1784802909.6384518 [INFO] [obstacle_cloud_node-2]: process started with pid [117125]
1784802909.6385002 [INFO] [anygrasp_planner_node-3]: process started with pid [117127]
1784802909.6385393 [INFO] [wrist_tracker_node-4]: process started with pid [117129]
1784802909.6385744 [INFO] [mujoco_policy_backend_node-5]: process started with pid [117131]
1784802909.6386075 [INFO] [grasp_orchestrator_node-6]: process started with pid [117133]
1784802969.0017164 [WARNING] [launch]: user interrupted with ctrl-c (SIGINT)
1784802969.0045514 [INFO] [grasp_orchestrator_node-6]: sending signal 'SIGINT' to process[grasp_orchestrator_node-6]
1784802969.0052137 [INFO] [mujoco_policy_backend_node-5]: sending signal 'SIGINT' to process[mujoco_policy_backend_node-5]
1784802969.0058365 [INFO] [wrist_tracker_node-4]: sending signal 'SIGINT' to process[wrist_tracker_node-4]
1784802969.0064521 [INFO] [anygrasp_planner_node-3]: sending signal 'SIGINT' to process[anygrasp_planner_node-3]
1784802969.0071101 [INFO] [obstacle_cloud_node-2]: sending signal 'SIGINT' to process[obstacle_cloud_node-2]
1784802969.0122149 [INFO] [target_segmenter_node-1]: sending signal 'SIGINT' to process[target_segmenter_node-1]
1784802969.0167582 [ERROR] [obstacle_cloud_node-2]: process has died [pid 117125, exit code -2, cmd '/home/sophie/isaac_lab/isaac_ws/rl_code/soarm100sim/ros2/install/soarm100_vision/lib/soarm100_vision/obstacle_cloud_node --ros-args -r __node:=obstacle_cloud --params-file /tmp/launch_params_b1w01c47'].
1784802969.0248961 [ERROR] [anygrasp_planner_node-3]: process has died [pid 117127, exit code -2, cmd '/home/sophie/isaac_lab/isaac_ws/rl_code/soarm100sim/ros2/install/soarm100_vision/lib/soarm100_vision/anygrasp_planner_node --ros-args -r __node:=anygrasp_planner --params-file /tmp/launch_params_kb4b35fx'].
1784802969.0338755 [ERROR] [grasp_orchestrator_node-6]: process has died [pid 117133, exit code -2, cmd '/home/sophie/isaac_lab/isaac_ws/rl_code/soarm100sim/ros2/install/soarm100_vision/lib/soarm100_vision/grasp_orchestrator_node --ros-args -r __node:=grasp_orchestrator --params-file /tmp/launch_params_7nkwg20x'].
1784802969.0597963 [ERROR] [mujoco_policy_backend_node-5]: process has died [pid 117131, exit code -2, cmd '/home/sophie/isaac_lab/isaac_ws/rl_code/soarm100sim/ros2/install/soarm100_vision/lib/soarm100_vision/mujoco_policy_backend_node --ros-args -r __node:=mujoco_policy_backend --params-file /tmp/launch_params_2dm63wyy'].
1784802969.1389794 [ERROR] [wrist_tracker_node-4]: process has died [pid 117129, exit code 1, cmd '/home/sophie/isaac_lab/isaac_ws/rl_code/soarm100sim/ros2/install/soarm100_vision/lib/soarm100_vision/wrist_tracker_node --ros-args -r __node:=wrist_tracker --params-file /tmp/launch_params_irosikyp'].
1784802969.6847911 [ERROR] [target_segmenter_node-1]: process has died [pid 117123, exit code 1, cmd '/home/sophie/isaac_lab/isaac_ws/rl_code/soarm100sim/ros2/install/soarm100_vision/lib/soarm100_vision/target_segmenter_node --ros-args -r __node:=target_segmenter --params-file /tmp/launch_params_8g_xo6ug'].
