In file included from /usr/include/features.h:392,
                 from /home/sophie/miniconda3/x86_64-conda-linux-gnu/sysroot/usr/include/bits/libc-header-start.h:33,
                 from /usr/include/stdlib.h:26,
                 from /home/sophie/isaac_lab/isaac_ws/rl_code/soarm100sim/ros2/build/soarm100_interfaces/rosidl_generator_c/soarm100_interfaces/srv/detail/set_avoidance__functions.h:14,
                 from /home/sophie/isaac_lab/isaac_ws/rl_code/soarm100sim/ros2/build/soarm100_interfaces/rosidl_generator_c/soarm100_interfaces/srv/detail/set_avoidance__functions.c:4:
/usr/include/features-time64.h:21:10: fatal error: bits/timesize.h: No such file or directory
   21 | #include <bits/timesize.h>
      |          ^~~~~~~~~~~~~~~~~
compilation terminated.
In file included from /usr/include/features.h:392,
                 from /home/sophie/miniconda3/x86_64-conda-linux-gnu/sysroot/usr/include/bits/libc-header-start.h:33,
                 from /usr/include/stdlib.h:26,
                 from /home/sophie/isaac_lab/isaac_ws/rl_code/soarm100sim/ros2/build/soarm100_interfaces/rosidl_generator_c/soarm100_interfaces/action/detail/plan_grasp__functions.h:14,
                 from /home/sophie/isaac_lab/isaac_ws/rl_code/soarm100sim/ros2/build/soarm100_interfaces/rosidl_generator_c/soarm100_interfaces/action/detail/plan_grasp__functions.c:4:
/usr/include/features-time64.h:21:10: fatal error: bits/timesize.h: No such file or directory
   21 | #include <bits/timesize.h>
      |          ^~~~~~~~~~~~~~~~~
compilation terminated.
In file included from /usr/include/features.h:392,
                 from /home/sophie/miniconda3/x86_64-conda-linux-gnu/sysroot/usr/include/bits/libc-header-start.h:33,
                 from /usr/include/stdlib.h:26,
                 from /home/sophie/isaac_lab/isaac_ws/rl_code/soarm100sim/ros2/build/soarm100_interfaces/rosidl_generator_c/soarm100_interfaces/action/detail/execute_grasp__functions.h:14,
                 from /home/sophie/isaac_lab/isaac_ws/rl_code/soarm100sim/ros2/build/soarm100_interfaces/rosidl_generator_c/soarm100_interfaces/action/detail/execute_grasp__functions.c:4:
/usr/include/features-time64.h:21:10: fatal error: bits/timesize.h: No such file or directory
   21 | #include <bits/timesize.h>
      |          ^~~~~~~~~~~~~~~~~
compilation terminated.
In file included from /usr/include/features.h:392,
                 from /home/sophie/miniconda3/x86_64-conda-linux-gnu/sysroot/usr/include/bits/libc-header-start.h:33,
                 from /usr/include/stdlib.h:26,
                 from /home/sophie/isaac_lab/isaac_ws/rl_code/soarm100sim/ros2/build/soarm100_interfaces/rosidl_generator_c/soarm100_interfaces/srv/detail/segment_target__functions.h:14,
                 from /home/sophie/isaac_lab/isaac_ws/rl_code/soarm100sim/ros2/build/soarm100_interfaces/rosidl_generator_c/soarm100_interfaces/srv/detail/segment_target__functions.c:4:
/usr/include/features-time64.h:21:10: fatal error: bits/timesize.h: No such file or directory
   21 | #include <bits/timesize.h>
      |          ^~~~~~~~~~~~~~~~~
compilation terminated.
gmake[2]: *** [CMakeFiles/soarm100_interfaces__rosidl_generator_c.dir/build.make:278：CMakeFiles/soarm100_interfaces__rosidl_generator_c.dir/rosidl_generator_c/soarm100_interfaces/srv/detail/segment_target__functions.c.o] 错误 1
gmake[2]: *** 正在等待未完成的任务....
gmake[2]: *** [CMakeFiles/soarm100_interfaces__rosidl_generator_c.dir/build.make:250：CMakeFiles/soarm100_interfaces__rosidl_generator_c.dir/rosidl_generator_c/soarm100_interfaces/action/detail/execute_grasp__functions.c.o] 错误 1
gmake[2]: *** [CMakeFiles/soarm100_interfaces__rosidl_generator_c.dir/build.make:264：CMakeFiles/soarm100_interfaces__rosidl_generator_c.dir/rosidl_generator_c/soarm100_interfaces/action/detail/plan_grasp__functions.c.o] 错误 1
gmake[2]: *** [CMakeFiles/soarm100_interfaces__rosidl_generator_c.dir/build.make:292：CMakeFiles/soarm100_interfaces__rosidl_generator_c.dir/rosidl_generator_c/soarm100_interfaces/srv/detail/set_avoidance__functions.c.o] 错误 1
gmake[1]: *** [CMakeFiles/Makefile2:232：CMakeFiles/soarm100_interfaces__rosidl_generator_c.dir/all] 错误 2
gmake[1]: *** 正在等待未完成的任务....
gmake: *** [Makefile:146：all] 错误 2
