[0.007s] Invoking command in '/home/sophie/isaac_lab/isaac_ws/rl_code/soarm100sim/ros2/build/soarm100_interfaces': CMAKE_PREFIX_PATH=${CMAKE_PREFIX_PATH}:/opt/ros/humble CONDA_PROMPT_MODIFIER=(base) /usr/bin/cmake /home/sophie/isaac_lab/isaac_ws/rl_code/soarm100sim/ros2/soarm100_interfaces -DPython3_EXECUTABLE=/usr/bin/python3 -DPYTHON_EXECUTABLE=/usr/bin/python3 -DPYTHON_INCLUDE_DIR=/usr/include/python3.10;/usr/include/x86_64-linux-gnu/python3.10;/usr/include -DPYTHON_LIBRARY=/usr/lib/x86_64-linux-gnu/libpython3.10.so -DCMAKE_INSTALL_PREFIX=/home/sophie/isaac_lab/isaac_ws/rl_code/soarm100sim/ros2/install/soarm100_interfaces
[0.058s] -- The C compiler identification is GNU 14.3.0
[0.119s] -- The CXX compiler identification is GNU 14.3.0
[0.125s] -- Detecting C compiler ABI info
[0.220s] -- Detecting C compiler ABI info - done
[0.231s] -- Check for working C compiler: /home/sophie/miniconda3/bin/x86_64-conda-linux-gnu-cc - skipped
[0.232s] -- Detecting C compile features
[0.232s] -- Detecting C compile features - done
[0.235s] -- Detecting CXX compiler ABI info
[0.327s] -- Detecting CXX compiler ABI info - done
[0.334s] -- Check for working CXX compiler: /home/sophie/miniconda3/bin/x86_64-conda-linux-gnu-c++ - skipped
[0.334s] -- Detecting CXX compile features
[0.335s] -- Detecting CXX compile features - done
[0.338s] -- Found ament_cmake: 1.3.14 (/opt/ros/humble/share/ament_cmake/cmake)
[0.494s] -- Found Python3: /usr/bin/python3 (found version "3.10.12") found components: Interpreter 
[0.560s] -- Found rosidl_default_generators: 1.2.1 (/opt/ros/humble/share/rosidl_default_generators/cmake)
[0.562s] -- Using all available rosidl_typesupport_c: rosidl_typesupport_fastrtps_c;rosidl_typesupport_introspection_c
[0.567s] -- Found rosidl_adapter: 3.1.8 (/opt/ros/humble/share/rosidl_adapter/cmake)
[0.592s] -- Using all available rosidl_typesupport_cpp: rosidl_typesupport_fastrtps_cpp;rosidl_typesupport_introspection_cpp
[0.619s] -- Found builtin_interfaces: 1.2.2 (/opt/ros/humble/share/builtin_interfaces/cmake)
[0.628s] -- Found geometry_msgs: 4.9.1 (/opt/ros/humble/share/geometry_msgs/cmake)
[0.646s] -- Found sensor_msgs: 4.9.1 (/opt/ros/humble/share/sensor_msgs/cmake)
[0.948s] -- Found ament_cmake_ros: 0.10.0 (/opt/ros/humble/share/ament_cmake_ros/cmake)
[1.193s] -- Using all available rosidl_typesupport_c: rosidl_typesupport_fastrtps_c;rosidl_typesupport_introspection_c
[1.508s] -- Using all available rosidl_typesupport_cpp: rosidl_typesupport_fastrtps_cpp;rosidl_typesupport_introspection_cpp
[1.534s] -- Found PythonInterp: /usr/bin/python3 (found suitable version "3.10.12", minimum required is "3.6") 
[1.536s] -- Found python_cmake_module: 0.10.0 (/opt/ros/humble/share/python_cmake_module/cmake)
[1.559s] -- Found PythonLibs: /usr/lib/x86_64-linux-gnu/libpython3.10.so (Required is at least version "3.5") 
[1.559s] -- Using PYTHON_EXECUTABLE: /usr/bin/python3
[1.559s] -- Using PYTHON_INCLUDE_DIRS: /usr/include/python3.10;/usr/include/x86_64-linux-gnu/python3.10;/usr/include
[1.560s] -- Using PYTHON_LIBRARIES: /usr/lib/x86_64-linux-gnu/libpython3.10.so
[1.587s] -- Found PythonExtra: .so  
[1.723s] -- Configuring done
[1.751s] -- Generating done
[1.760s] -- Build files have been written to: /home/sophie/isaac_lab/isaac_ws/rl_code/soarm100sim/ros2/build/soarm100_interfaces
[1.766s] Invoked command in '/home/sophie/isaac_lab/isaac_ws/rl_code/soarm100sim/ros2/build/soarm100_interfaces' returned '0': CMAKE_PREFIX_PATH=${CMAKE_PREFIX_PATH}:/opt/ros/humble CONDA_PROMPT_MODIFIER=(base) /usr/bin/cmake /home/sophie/isaac_lab/isaac_ws/rl_code/soarm100sim/ros2/soarm100_interfaces -DPython3_EXECUTABLE=/usr/bin/python3 -DPYTHON_EXECUTABLE=/usr/bin/python3 -DPYTHON_INCLUDE_DIR=/usr/include/python3.10;/usr/include/x86_64-linux-gnu/python3.10;/usr/include -DPYTHON_LIBRARY=/usr/lib/x86_64-linux-gnu/libpython3.10.so -DCMAKE_INSTALL_PREFIX=/home/sophie/isaac_lab/isaac_ws/rl_code/soarm100sim/ros2/install/soarm100_interfaces
[1.767s] Invoking command in '/home/sophie/isaac_lab/isaac_ws/rl_code/soarm100sim/ros2/build/soarm100_interfaces': CMAKE_PREFIX_PATH=${CMAKE_PREFIX_PATH}:/opt/ros/humble CONDA_PROMPT_MODIFIER=(base) /usr/bin/cmake --build /home/sophie/isaac_lab/isaac_ws/rl_code/soarm100sim/ros2/build/soarm100_interfaces -- -j32 -l32
[1.807s] [  1%] Generating C code for ROS interfaces
[1.813s] [  3%] Generating Rust code for ROS interfaces
[1.817s] [  5%] Generating C++ code for ROS interfaces
[1.825s] [  5%] Built target ament_cmake_python_copy_soarm100_interfaces
[1.983s] running egg_info
[1.984s] creating soarm100_interfaces.egg-info
[1.984s] writing soarm100_interfaces.egg-info/PKG-INFO
[1.984s] writing dependency_links to soarm100_interfaces.egg-info/dependency_links.txt
[1.984s] writing top-level names to soarm100_interfaces.egg-info/top_level.txt
[1.984s] writing manifest file 'soarm100_interfaces.egg-info/SOURCES.txt'
[1.985s] reading manifest file 'soarm100_interfaces.egg-info/SOURCES.txt'
[1.985s] writing manifest file 'soarm100_interfaces.egg-info/SOURCES.txt'
[2.004s] [  5%] Built target ament_cmake_python_build_soarm100_interfaces_egg
[2.056s] [  5%] Built target soarm100_interfaces__rs
[2.296s] [  7%] Building C object CMakeFiles/soarm100_interfaces__rosidl_generator_c.dir/rosidl_generator_c/soarm100_interfaces/srv/detail/segment_target__functions.c.o
[2.296s] [  8%] Building C object CMakeFiles/soarm100_interfaces__rosidl_generator_c.dir/rosidl_generator_c/soarm100_interfaces/action/detail/plan_grasp__functions.c.o
[2.297s] [ 10%] Building C object CMakeFiles/soarm100_interfaces__rosidl_generator_c.dir/rosidl_generator_c/soarm100_interfaces/action/detail/execute_grasp__functions.c.o
[2.297s] [ 12%] Building C object CMakeFiles/soarm100_interfaces__rosidl_generator_c.dir/rosidl_generator_c/soarm100_interfaces/srv/detail/set_avoidance__functions.c.o
[2.308s] In file included from /usr/include/features.h:392,
[2.308s]                  from /home/sophie/miniconda3/x86_64-conda-linux-gnu/sysroot/usr/include/bits/libc-header-start.h:33,
[2.308s]                  from /usr/include/stdlib.h:26,
[2.308s]                  from /home/sophie/isaac_lab/isaac_ws/rl_code/soarm100sim/ros2/build/soarm100_interfaces/rosidl_generator_c/soarm100_interfaces/srv/detail/set_avoidance__functions.h:14,
[2.308s]                  from /home/sophie/isaac_lab/isaac_ws/rl_code/soarm100sim/ros2/build/soarm100_interfaces/rosidl_generator_c/soarm100_interfaces/srv/detail/set_avoidance__functions.c:4:
[2.308s] /usr/include/features-time64.h:21:10: fatal error: bits/timesize.h: No such file or directory
[2.308s]    21 | #include <bits/timesize.h>
[2.308s]       |          ^~~~~~~~~~~~~~~~~
[2.308s] compilation terminated.
[2.308s] In file included from /usr/include/features.h:392,
[2.308s]                  from /home/sophie/miniconda3/x86_64-conda-linux-gnu/sysroot/usr/include/bits/libc-header-start.h:33,
[2.308s]                  from /usr/include/stdlib.h:26,
[2.309s]                  from /home/sophie/isaac_lab/isaac_ws/rl_code/soarm100sim/ros2/build/soarm100_interfaces/rosidl_generator_c/soarm100_interfaces/action/detail/plan_grasp__functions.h:14,
[2.309s]                  from /home/sophie/isaac_lab/isaac_ws/rl_code/soarm100sim/ros2/build/soarm100_interfaces/rosidl_generator_c/soarm100_interfaces/action/detail/plan_grasp__functions.c:4:
[2.309s] /usr/include/features-time64.h:21:10: fatal error: bits/timesize.h: No such file or directory
[2.309s]    21 | #include <bits/timesize.h>
[2.309s]       |          ^~~~~~~~~~~~~~~~~
[2.309s] compilation terminated.
[2.309s] In file included from /usr/include/features.h:392,
[2.309s]                  from /home/sophie/miniconda3/x86_64-conda-linux-gnu/sysroot/usr/include/bits/libc-header-start.h:33,
[2.309s]                  from /usr/include/stdlib.h:26,
[2.309s]                  from /home/sophie/isaac_lab/isaac_ws/rl_code/soarm100sim/ros2/build/soarm100_interfaces/rosidl_generator_c/soarm100_interfaces/action/detail/execute_grasp__functions.h:14,
[2.309s]                  from /home/sophie/isaac_lab/isaac_ws/rl_code/soarm100sim/ros2/build/soarm100_interfaces/rosidl_generator_c/soarm100_interfaces/action/detail/execute_grasp__functions.c:4:
[2.309s] /usr/include/features-time64.h:21:10: fatal error: bits/timesize.h: No such file or directory
[2.309s]    21 | #include <bits/timesize.h>
[2.309s]       |          ^~~~~~~~~~~~~~~~~
[2.310s] compilation terminated.
[2.310s] In file included from /usr/include/features.h:392,
[2.310s]                  from /home/sophie/miniconda3/x86_64-conda-linux-gnu/sysroot/usr/include/bits/libc-header-start.h:33,
[2.310s]                  from /usr/include/stdlib.h:26,
[2.310s]                  from /home/sophie/isaac_lab/isaac_ws/rl_code/soarm100sim/ros2/build/soarm100_interfaces/rosidl_generator_c/soarm100_interfaces/srv/detail/segment_target__functions.h:14,
[2.310s]                  from /home/sophie/isaac_lab/isaac_ws/rl_code/soarm100sim/ros2/build/soarm100_interfaces/rosidl_generator_c/soarm100_interfaces/srv/detail/segment_target__functions.c:4:
[2.310s] /usr/include/features-time64.h:21:10: fatal error: bits/timesize.h: No such file or directory
[2.310s]    21 | #include <bits/timesize.h>
[2.310s]       |          ^~~~~~~~~~~~~~~~~
[2.310s] compilation terminated.
[2.310s] gmake[2]: *** [CMakeFiles/soarm100_interfaces__rosidl_generator_c.dir/build.make:278：CMakeFiles/soarm100_interfaces__rosidl_generator_c.dir/rosidl_generator_c/soarm100_interfaces/srv/detail/segment_target__functions.c.o] 错误 1
[2.310s] gmake[2]: *** 正在等待未完成的任务....
[2.310s] gmake[2]: *** [CMakeFiles/soarm100_interfaces__rosidl_generator_c.dir/build.make:250：CMakeFiles/soarm100_interfaces__rosidl_generator_c.dir/rosidl_generator_c/soarm100_interfaces/action/detail/execute_grasp__functions.c.o] 错误 1
[2.310s] gmake[2]: *** [CMakeFiles/soarm100_interfaces__rosidl_generator_c.dir/build.make:264：CMakeFiles/soarm100_interfaces__rosidl_generator_c.dir/rosidl_generator_c/soarm100_interfaces/action/detail/plan_grasp__functions.c.o] 错误 1
[2.310s] gmake[2]: *** [CMakeFiles/soarm100_interfaces__rosidl_generator_c.dir/build.make:292：CMakeFiles/soarm100_interfaces__rosidl_generator_c.dir/rosidl_generator_c/soarm100_interfaces/srv/detail/set_avoidance__functions.c.o] 错误 1
[2.310s] gmake[1]: *** [CMakeFiles/Makefile2:232：CMakeFiles/soarm100_interfaces__rosidl_generator_c.dir/all] 错误 2
[2.310s] gmake[1]: *** 正在等待未完成的任务....
[2.316s] [ 12%] Built target soarm100_interfaces__cpp
[2.317s] gmake: *** [Makefile:146：all] 错误 2
[2.319s] Invoked command in '/home/sophie/isaac_lab/isaac_ws/rl_code/soarm100sim/ros2/build/soarm100_interfaces' returned '2': CMAKE_PREFIX_PATH=${CMAKE_PREFIX_PATH}:/opt/ros/humble CONDA_PROMPT_MODIFIER=(base) /usr/bin/cmake --build /home/sophie/isaac_lab/isaac_ws/rl_code/soarm100sim/ros2/build/soarm100_interfaces -- -j32 -l32
