[60.035s] Invoking command in '/home/sophie/isaac_lab/isaac_ws/rl_code/soarm100sim/ros2/soarm100_vision': AMENT_PREFIX_PATH=/home/sophie/isaac_lab/isaac_ws/rl_code/soarm100sim/ros2/install/soarm100_interfaces:${AMENT_PREFIX_PATH} CMAKE_PREFIX_PATH=/home/sophie/isaac_lab/isaac_ws/rl_code/soarm100sim/ros2/install/soarm100_interfaces LD_LIBRARY_PATH=/home/sophie/isaac_lab/isaac_ws/rl_code/soarm100sim/ros2/install/soarm100_interfaces/lib:${LD_LIBRARY_PATH} PYTHONPATH=/home/sophie/isaac_lab/isaac_ws/rl_code/soarm100sim/ros2/build/soarm100_vision/prefix_override:/usr/lib/python3/dist-packages/colcon_core/task/python/colcon_distutils_commands:/home/sophie/isaac_lab/isaac_ws/rl_code/soarm100sim/ros2/install/soarm100_vision/lib/python3.10/site-packages:/home/sophie/isaac_lab/isaac_ws/rl_code/soarm100sim/ros2/install/soarm100_interfaces/local/lib/python3.10/dist-packages:${PYTHONPATH} /usr/bin/python3 -W ignore:setup.py install is deprecated -W ignore:easy_install command is deprecated setup.py egg_info --egg-base ../build/soarm100_vision build --build-base /home/sophie/isaac_lab/isaac_ws/rl_code/soarm100sim/ros2/build/soarm100_vision/build install --record /home/sophie/isaac_lab/isaac_ws/rl_code/soarm100sim/ros2/build/soarm100_vision/install.log --single-version-externally-managed install_data
[60.198s] running egg_info
[60.198s] writing ../build/soarm100_vision/soarm100_vision.egg-info/PKG-INFO
[60.198s] writing dependency_links to ../build/soarm100_vision/soarm100_vision.egg-info/dependency_links.txt
[60.198s] writing entry points to ../build/soarm100_vision/soarm100_vision.egg-info/entry_points.txt
[60.198s] writing requirements to ../build/soarm100_vision/soarm100_vision.egg-info/requires.txt
[60.198s] writing top-level names to ../build/soarm100_vision/soarm100_vision.egg-info/top_level.txt
[60.199s] reading manifest file '../build/soarm100_vision/soarm100_vision.egg-info/SOURCES.txt'
[60.200s] writing manifest file '../build/soarm100_vision/soarm100_vision.egg-info/SOURCES.txt'
[60.200s] running build
[60.200s] running build_py
[60.200s] copying soarm100_vision/policy_backend_core.py -> /home/sophie/isaac_lab/isaac_ws/rl_code/soarm100sim/ros2/build/soarm100_vision/build/lib/soarm100_vision
[60.200s] copying soarm100_vision/mujoco_camera_publisher_node.py -> /home/sophie/isaac_lab/isaac_ws/rl_code/soarm100sim/ros2/build/soarm100_vision/build/lib/soarm100_vision
[60.200s] copying soarm100_vision/mujoco_policy_backend_node.py -> /home/sophie/isaac_lab/isaac_ws/rl_code/soarm100sim/ros2/build/soarm100_vision/build/lib/soarm100_vision
[60.201s] copying soarm100_vision/mujoco_inprocess_runner.py -> /home/sophie/isaac_lab/isaac_ws/rl_code/soarm100sim/ros2/build/soarm100_vision/build/lib/soarm100_vision
[60.201s] running install
[60.201s] running install_lib
[60.201s] copying /home/sophie/isaac_lab/isaac_ws/rl_code/soarm100sim/ros2/build/soarm100_vision/build/lib/soarm100_vision/policy_backend_core.py -> /home/sophie/isaac_lab/isaac_ws/rl_code/soarm100sim/ros2/install/soarm100_vision/lib/python3.10/site-packages/soarm100_vision
[60.202s] copying /home/sophie/isaac_lab/isaac_ws/rl_code/soarm100sim/ros2/build/soarm100_vision/build/lib/soarm100_vision/mujoco_camera_publisher_node.py -> /home/sophie/isaac_lab/isaac_ws/rl_code/soarm100sim/ros2/install/soarm100_vision/lib/python3.10/site-packages/soarm100_vision
[60.202s] copying /home/sophie/isaac_lab/isaac_ws/rl_code/soarm100sim/ros2/build/soarm100_vision/build/lib/soarm100_vision/mujoco_policy_backend_node.py -> /home/sophie/isaac_lab/isaac_ws/rl_code/soarm100sim/ros2/install/soarm100_vision/lib/python3.10/site-packages/soarm100_vision
[60.202s] copying /home/sophie/isaac_lab/isaac_ws/rl_code/soarm100sim/ros2/build/soarm100_vision/build/lib/soarm100_vision/mujoco_inprocess_runner.py -> /home/sophie/isaac_lab/isaac_ws/rl_code/soarm100sim/ros2/install/soarm100_vision/lib/python3.10/site-packages/soarm100_vision
[60.202s] byte-compiling /home/sophie/isaac_lab/isaac_ws/rl_code/soarm100sim/ros2/install/soarm100_vision/lib/python3.10/site-packages/soarm100_vision/policy_backend_core.py to policy_backend_core.cpython-310.pyc
[60.204s] byte-compiling /home/sophie/isaac_lab/isaac_ws/rl_code/soarm100sim/ros2/install/soarm100_vision/lib/python3.10/site-packages/soarm100_vision/mujoco_camera_publisher_node.py to mujoco_camera_publisher_node.cpython-310.pyc
[60.206s] byte-compiling /home/sophie/isaac_lab/isaac_ws/rl_code/soarm100sim/ros2/install/soarm100_vision/lib/python3.10/site-packages/soarm100_vision/mujoco_policy_backend_node.py to mujoco_policy_backend_node.cpython-310.pyc
[60.207s] byte-compiling /home/sophie/isaac_lab/isaac_ws/rl_code/soarm100sim/ros2/install/soarm100_vision/lib/python3.10/site-packages/soarm100_vision/mujoco_inprocess_runner.py to mujoco_inprocess_runner.cpython-310.pyc
[60.209s] running install_data
[60.210s] copying launch/vision_grasp.launch.py -> /home/sophie/isaac_lab/isaac_ws/rl_code/soarm100sim/ros2/install/soarm100_vision/share/soarm100_vision/launch
[60.210s] running install_egg_info
[60.211s] removing '/home/sophie/isaac_lab/isaac_ws/rl_code/soarm100sim/ros2/install/soarm100_vision/lib/python3.10/site-packages/soarm100_vision-0.1.0-py3.10.egg-info' (and everything under it)
[60.211s] Copying ../build/soarm100_vision/soarm100_vision.egg-info to /home/sophie/isaac_lab/isaac_ws/rl_code/soarm100sim/ros2/install/soarm100_vision/lib/python3.10/site-packages/soarm100_vision-0.1.0-py3.10.egg-info
[60.211s] running install_scripts
[60.225s] Installing anygrasp_planner_node script to /home/sophie/isaac_lab/isaac_ws/rl_code/soarm100sim/ros2/install/soarm100_vision/lib/soarm100_vision
[60.225s] Installing debug_viewer_node script to /home/sophie/isaac_lab/isaac_ws/rl_code/soarm100sim/ros2/install/soarm100_vision/lib/soarm100_vision
[60.225s] Installing grasp_orchestrator_node script to /home/sophie/isaac_lab/isaac_ws/rl_code/soarm100sim/ros2/install/soarm100_vision/lib/soarm100_vision
[60.225s] Installing mujoco_camera_publisher_node script to /home/sophie/isaac_lab/isaac_ws/rl_code/soarm100sim/ros2/install/soarm100_vision/lib/soarm100_vision
[60.225s] Installing mujoco_policy_backend_node script to /home/sophie/isaac_lab/isaac_ws/rl_code/soarm100sim/ros2/install/soarm100_vision/lib/soarm100_vision
[60.225s] Installing obstacle_cloud_node script to /home/sophie/isaac_lab/isaac_ws/rl_code/soarm100sim/ros2/install/soarm100_vision/lib/soarm100_vision
[60.225s] Installing sdf_cbf_backend_node script to /home/sophie/isaac_lab/isaac_ws/rl_code/soarm100sim/ros2/install/soarm100_vision/lib/soarm100_vision
[60.225s] Installing send_execute_grasp script to /home/sophie/isaac_lab/isaac_ws/rl_code/soarm100sim/ros2/install/soarm100_vision/lib/soarm100_vision
[60.225s] Installing send_planned_grasp script to /home/sophie/isaac_lab/isaac_ws/rl_code/soarm100sim/ros2/install/soarm100_vision/lib/soarm100_vision
[60.225s] Installing target_segmenter_node script to /home/sophie/isaac_lab/isaac_ws/rl_code/soarm100sim/ros2/install/soarm100_vision/lib/soarm100_vision
[60.225s] Installing wrist_tracker_node script to /home/sophie/isaac_lab/isaac_ws/rl_code/soarm100sim/ros2/install/soarm100_vision/lib/soarm100_vision
[60.226s] writing list of installed files to '/home/sophie/isaac_lab/isaac_ws/rl_code/soarm100sim/ros2/build/soarm100_vision/install.log'
[90.064s] Invoked command in '/home/sophie/isaac_lab/isaac_ws/rl_code/soarm100sim/ros2/soarm100_vision' returned '0': AMENT_PREFIX_PATH=/home/sophie/isaac_lab/isaac_ws/rl_code/soarm100sim/ros2/install/soarm100_interfaces:${AMENT_PREFIX_PATH} CMAKE_PREFIX_PATH=/home/sophie/isaac_lab/isaac_ws/rl_code/soarm100sim/ros2/install/soarm100_interfaces LD_LIBRARY_PATH=/home/sophie/isaac_lab/isaac_ws/rl_code/soarm100sim/ros2/install/soarm100_interfaces/lib:${LD_LIBRARY_PATH} PYTHONPATH=/home/sophie/isaac_lab/isaac_ws/rl_code/soarm100sim/ros2/build/soarm100_vision/prefix_override:/usr/lib/python3/dist-packages/colcon_core/task/python/colcon_distutils_commands:/home/sophie/isaac_lab/isaac_ws/rl_code/soarm100sim/ros2/install/soarm100_vision/lib/python3.10/site-packages:/home/sophie/isaac_lab/isaac_ws/rl_code/soarm100sim/ros2/install/soarm100_interfaces/local/lib/python3.10/dist-packages:${PYTHONPATH} /usr/bin/python3 -W ignore:setup.py install is deprecated -W ignore:easy_install command is deprecated setup.py egg_info --egg-base ../build/soarm100_vision build --build-base /home/sophie/isaac_lab/isaac_ws/rl_code/soarm100sim/ros2/build/soarm100_vision/build install --record /home/sophie/isaac_lab/isaac_ws/rl_code/soarm100sim/ros2/build/soarm100_vision/install.log --single-version-externally-managed install_data
