running egg_info
writing ../build/soarm100_vision/soarm100_vision.egg-info/PKG-INFO
writing dependency_links to ../build/soarm100_vision/soarm100_vision.egg-info/dependency_links.txt
writing entry points to ../build/soarm100_vision/soarm100_vision.egg-info/entry_points.txt
writing requirements to ../build/soarm100_vision/soarm100_vision.egg-info/requires.txt
writing top-level names to ../build/soarm100_vision/soarm100_vision.egg-info/top_level.txt
reading manifest file '../build/soarm100_vision/soarm100_vision.egg-info/SOURCES.txt'
writing manifest file '../build/soarm100_vision/soarm100_vision.egg-info/SOURCES.txt'
running build
running build_py
copying soarm100_vision/grasp_orchestrator_node.py -> /home/sophie/isaac_lab/isaac_ws/rl_code/soarm100sim/ros2/build/soarm100_vision/build/lib/soarm100_vision
copying soarm100_vision/mujoco_policy_backend_node.py -> /home/sophie/isaac_lab/isaac_ws/rl_code/soarm100sim/ros2/build/soarm100_vision/build/lib/soarm100_vision
running install
running install_lib
copying /home/sophie/isaac_lab/isaac_ws/rl_code/soarm100sim/ros2/build/soarm100_vision/build/lib/soarm100_vision/grasp_orchestrator_node.py -> /home/sophie/isaac_lab/isaac_ws/rl_code/soarm100sim/ros2/install/soarm100_vision/lib/python3.10/site-packages/soarm100_vision
copying /home/sophie/isaac_lab/isaac_ws/rl_code/soarm100sim/ros2/build/soarm100_vision/build/lib/soarm100_vision/mujoco_policy_backend_node.py -> /home/sophie/isaac_lab/isaac_ws/rl_code/soarm100sim/ros2/install/soarm100_vision/lib/python3.10/site-packages/soarm100_vision
byte-compiling /home/sophie/isaac_lab/isaac_ws/rl_code/soarm100sim/ros2/install/soarm100_vision/lib/python3.10/site-packages/soarm100_vision/grasp_orchestrator_node.py to grasp_orchestrator_node.cpython-310.pyc
byte-compiling /home/sophie/isaac_lab/isaac_ws/rl_code/soarm100sim/ros2/install/soarm100_vision/lib/python3.10/site-packages/soarm100_vision/mujoco_policy_backend_node.py to mujoco_policy_backend_node.cpython-310.pyc
running install_data
copying launch/vision_grasp.launch.py -> /home/sophie/isaac_lab/isaac_ws/rl_code/soarm100sim/ros2/install/soarm100_vision/share/soarm100_vision/launch
running install_egg_info
removing '/home/sophie/isaac_lab/isaac_ws/rl_code/soarm100sim/ros2/install/soarm100_vision/lib/python3.10/site-packages/soarm100_vision-0.1.0-py3.10.egg-info' (and everything under it)
Copying ../build/soarm100_vision/soarm100_vision.egg-info to /home/sophie/isaac_lab/isaac_ws/rl_code/soarm100sim/ros2/install/soarm100_vision/lib/python3.10/site-packages/soarm100_vision-0.1.0-py3.10.egg-info
running install_scripts
Installing anygrasp_planner_node script to /home/sophie/isaac_lab/isaac_ws/rl_code/soarm100sim/ros2/install/soarm100_vision/lib/soarm100_vision
Installing debug_viewer_node script to /home/sophie/isaac_lab/isaac_ws/rl_code/soarm100sim/ros2/install/soarm100_vision/lib/soarm100_vision
Installing grasp_orchestrator_node script to /home/sophie/isaac_lab/isaac_ws/rl_code/soarm100sim/ros2/install/soarm100_vision/lib/soarm100_vision
Installing mujoco_policy_backend_node script to /home/sophie/isaac_lab/isaac_ws/rl_code/soarm100sim/ros2/install/soarm100_vision/lib/soarm100_vision
Installing obstacle_cloud_node script to /home/sophie/isaac_lab/isaac_ws/rl_code/soarm100sim/ros2/install/soarm100_vision/lib/soarm100_vision
Installing target_segmenter_node script to /home/sophie/isaac_lab/isaac_ws/rl_code/soarm100sim/ros2/install/soarm100_vision/lib/soarm100_vision
Installing wrist_tracker_node script to /home/sophie/isaac_lab/isaac_ws/rl_code/soarm100sim/ros2/install/soarm100_vision/lib/soarm100_vision
writing list of installed files to '/home/sophie/isaac_lab/isaac_ws/rl_code/soarm100sim/ros2/build/soarm100_vision/install.log'
