[hardware_controller] Starting persistent seven-axis hold controller.
[hardware_controller] shoulder_lift_p=16 (baseline restore=16)
[hardware_controller] calibration=hardware/calibration/lerobot/so100_plus_new_arm.json
[hardware_controller] Ctrl+C performs verified all-axis torque-off.
[INFO] [launch]: All log files can be found below /home/sophie/.ros/log/2026-08-05-18-44-51-827891-sophie-Legion-Y7000P-IRX10-3028030
[INFO] [launch]: Default logging verbosity is set to INFO
[INFO] [hardware_controller_node-1]: process started with pid [3028063]
[INFO] [robot_state_publisher-2]: process started with pid [3028065]
[robot_state_publisher-2] [INFO] [1785926691.902758433] [hardware_robot_state_publisher]: got segment base
[robot_state_publisher-2] [INFO] [1785926691.902815888] [hardware_robot_state_publisher]: got segment ellbow
[robot_state_publisher-2] [INFO] [1785926691.902820713] [hardware_robot_state_publisher]: got segment gripper
[robot_state_publisher-2] [INFO] [1785926691.902823531] [hardware_robot_state_publisher]: got segment shoulder_pitch
[robot_state_publisher-2] [INFO] [1785926691.902826319] [hardware_robot_state_publisher]: got segment shoulder_rotation
[robot_state_publisher-2] [INFO] [1785926691.902828967] [hardware_robot_state_publisher]: got segment wrist_jaw
[robot_state_publisher-2] [INFO] [1785926691.902831761] [hardware_robot_state_publisher]: got segment wrist_pitch
[robot_state_publisher-2] [INFO] [1785926691.902834220] [hardware_robot_state_publisher]: got segment wrist_roll
[hardware_controller_node-1] Traceback (most recent call last):
[hardware_controller_node-1]   File "/home/sophie/isaac_lab/isaac_ws/rl_code/soarm100sim/ros2/install/soarm100_vision/lib/soarm100_vision/hardware_controller_node", line 33, in <module>
[hardware_controller_node-1]     sys.exit(load_entry_point('soarm100-vision', 'console_scripts', 'hardware_controller_node')())
[hardware_controller_node-1]   File "/home/sophie/isaac_lab/isaac_ws/rl_code/soarm100sim/ros2/build/soarm100_vision/soarm100_vision/hardware_controller_node.py", line 271, in main
[hardware_controller_node-1]     node = HardwareControllerNode()
[hardware_controller_node-1]   File "/home/sophie/isaac_lab/isaac_ws/rl_code/soarm100sim/ros2/build/soarm100_vision/soarm100_vision/hardware_controller_node.py", line 43, in __init__
[hardware_controller_node-1]     raise RuntimeError(f"hardware driver failed to start: {ready}")
[hardware_controller_node-1] RuntimeError: hardware driver failed to start: {'event': 'fatal', 'success': False, 'reason': "FeetechMotorsBus motor check failed on port '/dev/ttyACM0':\n\nMissing motor IDs:\n  - 1 (expected model: 777)\n  - 2 (expected model: 777)\n  - 3 (expected model: 777)\n  - 4 (expected model: 777)\n  - 5 (expected model: 777)\n  - 6 (expected model: 777)\n  - 7 (expected model: 777)\n\nFull expected motor list (id: model_number):\n{1: 777, 2: 777, 3: 777, 4: 777, 5: 777, 6: 777, 7: 777}\n\nFull found motor list (id: model_number):\n{}"}
[ERROR] [hardware_controller_node-1]: process has died [pid 3028063, exit code 1, cmd '/home/sophie/isaac_lab/isaac_ws/rl_code/soarm100sim/ros2/install/soarm100_vision/lib/soarm100_vision/hardware_controller_node --ros-args -r __node:=hardware_controller --params-file /tmp/launch_params_8deqzge2'].
