[30.010s] Invoking command in '/home/sophie/isaac_lab/isaac_ws/rl_code/soarm100sim/third_party/orbbec_ws/build_clean/orbbec_camera': CMAKE_PREFIX_PATH=/opt/ros/humble /usr/bin/cmake /home/sophie/isaac_lab/isaac_ws/rl_code/soarm100sim/third_party/orbbec_ws/src/OrbbecSDK_ROS2/orbbec_camera -DCMAKE_BUILD_TYPE=Release -DINSTALL_UDEV_RULES=OFF -DPython3_EXECUTABLE=/usr/bin/python3 -DCMAKE_INSTALL_PREFIX=/home/sophie/isaac_lab/isaac_ws/rl_code/soarm100sim/third_party/orbbec_ws/install_clean/orbbec_camera
[30.083s] -- The C compiler identification is GNU 11.4.0
[30.142s] -- The CXX compiler identification is GNU 11.4.0
[30.147s] -- Detecting C compiler ABI info
[30.202s] -- Detecting C compiler ABI info - done
[30.211s] -- Check for working C compiler: /usr/bin/cc - skipped
[30.212s] -- Detecting C compile features
[30.212s] -- Detecting C compile features - done
[30.216s] -- Detecting CXX compiler ABI info
[30.279s] -- Detecting CXX compiler ABI info - done
[30.284s] -- Check for working CXX compiler: /usr/bin/c++ - skipped
[30.284s] -- Detecting CXX compile features
[30.284s] -- Detecting CXX compile features - done
[30.286s] -- Found ament_cmake: 1.3.14 (/opt/ros/humble/share/ament_cmake/cmake)
[30.434s] -- Found Python3: /usr/bin/python3 (found version "3.10.12") found components: Interpreter 
[30.503s] -- Found ament_index_cpp: 1.4.1 (/opt/ros/humble/share/ament_index_cpp/cmake)
[30.511s] -- Found builtin_interfaces: 1.2.2 (/opt/ros/humble/share/builtin_interfaces/cmake)
[30.532s] -- Found rosidl_generator_c: 3.1.8 (/opt/ros/humble/share/rosidl_generator_c/cmake)
[30.535s] -- Found rosidl_adapter: 3.1.8 (/opt/ros/humble/share/rosidl_adapter/cmake)
[30.541s] -- Found rosidl_generator_cpp: 3.1.8 (/opt/ros/humble/share/rosidl_generator_cpp/cmake)
[30.548s] -- Using all available rosidl_typesupport_c: rosidl_typesupport_fastrtps_c;rosidl_typesupport_introspection_c
[30.558s] -- Using all available rosidl_typesupport_cpp: rosidl_typesupport_fastrtps_cpp;rosidl_typesupport_introspection_cpp
[30.568s] -- Found cv_bridge: 3.2.1 (/opt/ros/humble/share/cv_bridge/cmake)
[30.607s] -- Found camera_info_manager: 3.1.12 (/opt/ros/humble/share/camera_info_manager/cmake)
[30.632s] -- Found rmw_implementation_cmake: 6.1.2 (/opt/ros/humble/share/rmw_implementation_cmake/cmake)
[30.633s] -- Found rmw_fastrtps_cpp: 6.2.10 (/opt/ros/humble/share/rmw_fastrtps_cpp/cmake)
[30.704s] -- Found OpenSSL: /usr/lib/x86_64-linux-gnu/libcrypto.so (found version "3.0.2")  
[30.725s] -- Found FastRTPS: /opt/ros/humble/include  
[30.767s] -- Using RMW implementation 'rmw_fastrtps_cpp' as default
[30.775s] -- Looking for pthread.h
[30.850s] -- Looking for pthread.h - found
[30.850s] -- Performing Test CMAKE_HAVE_LIBC_PTHREAD
[30.931s] -- Performing Test CMAKE_HAVE_LIBC_PTHREAD - Success
[30.932s] -- Found Threads: TRUE  
[30.964s] -- Found image_transport: 3.1.12 (/opt/ros/humble/share/image_transport/cmake)
[30.984s] -- Found image_publisher: 3.0.9 (/opt/ros/humble/share/image_publisher/cmake)
[31.001s] -- Found OpenCV: /usr (found version "4.5.4") 
[31.002s] -- Found orbbec_camera_msgs: 2.8.6 (/opt/ros/humble/share/orbbec_camera_msgs/cmake)
[31.013s] -- Found std_srvs: 4.9.1 (/opt/ros/humble/share/std_srvs/cmake)
[31.021s] -- Found tf2: 0.25.20 (/opt/ros/humble/share/tf2/cmake)
[31.023s] -- Found tf2_msgs: 0.25.20 (/opt/ros/humble/share/tf2_msgs/cmake)
[31.051s] -- Found tf2_ros: 0.25.20 (/opt/ros/humble/share/tf2_ros/cmake)
[31.062s] -- Found tf2_sensor_msgs: 0.25.20 (/opt/ros/humble/share/tf2_sensor_msgs/cmake)
[31.068s] -- Found diagnostic_updater: 4.0.7 (/opt/ros/humble/share/diagnostic_updater/cmake)
[31.085s] -- Found PkgConfig: /usr/bin/pkg-config (found version "0.29.2") 
[31.094s] -- ORRBEC Machine : x86_64
[31.094s] 
[31.094s] -- ORRBEC Machine Bits : 64
[31.094s] 
[31.224s] -- Found ament_lint_auto: 0.12.15 (/opt/ros/humble/share/ament_lint_auto/cmake)
[31.288s] -- Configuring done
[31.448s] -- Generating done
[31.489s] -- Build files have been written to: /home/sophie/isaac_lab/isaac_ws/rl_code/soarm100sim/third_party/orbbec_ws/build_clean/orbbec_camera
[60.037s] Invoked command in '/home/sophie/isaac_lab/isaac_ws/rl_code/soarm100sim/third_party/orbbec_ws/build_clean/orbbec_camera' returned '0': CMAKE_PREFIX_PATH=/opt/ros/humble /usr/bin/cmake /home/sophie/isaac_lab/isaac_ws/rl_code/soarm100sim/third_party/orbbec_ws/src/OrbbecSDK_ROS2/orbbec_camera -DCMAKE_BUILD_TYPE=Release -DINSTALL_UDEV_RULES=OFF -DPython3_EXECUTABLE=/usr/bin/python3 -DCMAKE_INSTALL_PREFIX=/home/sophie/isaac_lab/isaac_ws/rl_code/soarm100sim/third_party/orbbec_ws/install_clean/orbbec_camera
[60.039s] Invoking command in '/home/sophie/isaac_lab/isaac_ws/rl_code/soarm100sim/third_party/orbbec_ws/build_clean/orbbec_camera': CMAKE_PREFIX_PATH=/opt/ros/humble /usr/bin/cmake --build /home/sophie/isaac_lab/isaac_ws/rl_code/soarm100sim/third_party/orbbec_ws/build_clean/orbbec_camera -- -j32 -l32
[60.101s] [  2%] Building CXX object CMakeFiles/orbbec_camera_node.dir/rclcpp_components/node_main_orbbec_camera_node.cpp.o
[60.102s] [  4%] Building CXX object CMakeFiles/frame_latency_node.dir/rclcpp_components/node_main_frame_latency_node.cpp.o
[60.102s] [  6%] Building CXX object CMakeFiles/orbbec_camera.dir/src/ob_camera_node.cpp.o
[60.103s] [  8%] Building CXX object CMakeFiles/orbbec_camera.dir/src/ros_param_backend.cpp.o
[60.103s] [ 10%] Building CXX object CMakeFiles/orbbec_camera.dir/src/image_publisher.cpp.o
[60.104s] [ 14%] Building CXX object CMakeFiles/multi_save_rgbir.dir/tools/multi_save_rgbir.cpp.o
[60.104s] [ 14%] Building CXX object CMakeFiles/orbbec_camera.dir/src/d2c_viewer.cpp.o
[60.105s] [ 16%] Building CXX object CMakeFiles/orbbec_camera.dir/src/jpeg_decoder.cpp.o
[60.105s] [ 18%] Building CXX object CMakeFiles/orbbec_camera.dir/src/dynamic_params.cpp.o
[60.105s] [ 20%] Building CXX object CMakeFiles/multi_save_rgbir.dir/src/utils.cpp.o
[60.105s] [ 26%] Building CXX object CMakeFiles/start_benchmark_node.dir/rclcpp_components/node_main_start_benchmark_node.cpp.o
[60.105s] [ 26%] Building CXX object CMakeFiles/orbbec_camera.dir/src/utils.cpp.o
[60.105s] [ 26%] Building CXX object CMakeFiles/orbbec_camera.dir/src/frame_timestamp_csv_logger.cpp.o
[60.105s] [ 28%] Building CXX object CMakeFiles/frame_latency.dir/tools/frame_latency.cpp.o
[60.105s] [ 32%] Building CXX object CMakeFiles/orbbec_camera.dir/src/ob_lidar_node.cpp.o
[60.105s] [ 32%] Building CXX object CMakeFiles/orbbec_camera.dir/src/ob_camera_node_driver.cpp.o
[60.105s] [ 34%] Building CXX object CMakeFiles/multi_save_rgbir_node.dir/rclcpp_components/node_main_multi_save_rgbir_node.cpp.o
[60.106s] [ 38%] Building CXX object CMakeFiles/orbbec_camera.dir/src/ros_service.cpp.o
[60.106s] [ 38%] Building CXX object CMakeFiles/start_benchmark.dir/tools/start_benchmark.cpp.o
[60.106s] [ 40%] Building CXX object CMakeFiles/orbbec_camera.dir/src/synced_imu_publisher.cpp.o
[62.395s] [ 42%] Linking CXX executable orbbec_camera_node
[62.473s] [ 42%] Built target orbbec_camera_node
[62.491s] [ 44%] Linking CXX executable multi_save_rgbir_node
[62.577s] [ 44%] Built target multi_save_rgbir_node
[63.387s] [ 46%] Linking CXX executable start_benchmark_node
[63.498s] [ 46%] Built target start_benchmark_node
[63.900s] [ 48%] Linking CXX executable frame_latency_node
[64.009s] [ 48%] Built target frame_latency_node
[76.786s] [ 50%] Linking CXX shared library libstart_benchmark.so
[76.969s] [ 50%] Built target start_benchmark
[78.274s] [ 52%] Linking CXX shared library libmulti_save_rgbir.so
[78.514s] [ 52%] Built target multi_save_rgbir
[84.625s] [ 54%] Linking CXX shared library libframe_latency.so
[84.910s] [ 54%] Built target frame_latency
[87.865s] [ 56%] Linking CXX shared library liborbbec_camera.so
[88.213s] [ 56%] Built target orbbec_camera
[88.229s] [ 58%] Building CXX object CMakeFiles/service_benchmark_node.dir/scripts/service_benchmark_node.cpp.o
[88.230s] [ 60%] Building CXX object CMakeFiles/435le_example_node.dir/examples/Gemini_435Le_example_node/camera_example_node.cpp.o
[88.231s] [ 62%] Building CXX object CMakeFiles/topic_statistics_node.dir/tools/topic_statistics.cpp.o
[88.232s] [ 64%] Building CXX object CMakeFiles/set_device_ip.dir/tools/ip_config_tool.cpp.o
[88.232s] [ 70%] Building CXX object CMakeFiles/list_depth_work_mode_node.dir/tools/list_depth_work_mode.cpp.o
[88.232s] [ 70%] Building CXX object CMakeFiles/ob_benchmark_node.dir/tools/ob_benchmark.cpp.o
[88.232s] [ 70%] Building CXX object CMakeFiles/list_camera_profile_mode_node.dir/tools/list_camera_profile.cpp.o
[88.235s] [ 72%] Building CXX object CMakeFiles/list_devices_node.dir/tools/list_devices_node.cpp.o
[88.235s] [ 74%] Building CXX object CMakeFiles/firmware_update_tool.dir/tools/firmware_update_tool.cpp.o
[88.236s] [ 76%] Building CXX object CMakeFiles/ip_config_tool.dir/tools/ip_config_tool.cpp.o
[88.237s] [ 78%] Building CXX object CMakeFiles/image_sync_example_node.dir/examples/multi_camera_time_sync/image_sync_example_node.cpp.o
[92.989s] [ 80%] Linking CXX executable firmware_update_tool
[93.141s] [ 80%] Built target firmware_update_tool
[93.550s] [ 82%] Linking CXX executable list_depth_work_mode_node
[93.712s] [ 82%] Built target list_depth_work_mode_node
[94.174s] [ 84%] Linking CXX executable list_camera_profile_mode_node
[94.548s] [ 84%] Built target list_camera_profile_mode_node
[94.669s] [ 86%] Linking CXX executable set_device_ip
[94.819s] [ 86%] Built target set_device_ip
[95.883s] [ 88%] Linking CXX executable ip_config_tool
[96.031s] [ 90%] Linking CXX executable list_devices_node
[96.032s] [ 90%] Built target ip_config_tool
[96.159s] [ 92%] Linking CXX executable ob_benchmark_node
[96.294s] [ 92%] Built target ob_benchmark_node
[96.379s] [ 92%] Built target list_devices_node
[97.642s] [ 94%] Linking CXX executable 435le_example_node
[97.808s] [ 94%] Built target 435le_example_node
[98.035s] [ 96%] Linking CXX executable topic_statistics_node
[98.216s] [ 96%] Built target topic_statistics_node
[98.711s] [ 98%] Linking CXX executable image_sync_example_node
[99.062s] [ 98%] Built target image_sync_example_node
[101.190s] [100%] Linking CXX executable service_benchmark_node
[101.352s] [100%] Built target service_benchmark_node
[101.361s] Invoked command in '/home/sophie/isaac_lab/isaac_ws/rl_code/soarm100sim/third_party/orbbec_ws/build_clean/orbbec_camera' returned '0': CMAKE_PREFIX_PATH=/opt/ros/humble /usr/bin/cmake --build /home/sophie/isaac_lab/isaac_ws/rl_code/soarm100sim/third_party/orbbec_ws/build_clean/orbbec_camera -- -j32 -l32
[101.371s] Invoking command in '/home/sophie/isaac_lab/isaac_ws/rl_code/soarm100sim/third_party/orbbec_ws/build_clean/orbbec_camera': CMAKE_PREFIX_PATH=/opt/ros/humble /usr/bin/cmake --install /home/sophie/isaac_lab/isaac_ws/rl_code/soarm100sim/third_party/orbbec_ws/build_clean/orbbec_camera
[101.381s] -- Install configuration: "Release"
[101.381s] -- Installing: /home/sophie/isaac_lab/isaac_ws/rl_code/soarm100sim/third_party/orbbec_ws/install_clean/orbbec_camera/lib/orbbec_camera/orbbec_camera_node
[101.381s] -- Set runtime path of "/home/sophie/isaac_lab/isaac_ws/rl_code/soarm100sim/third_party/orbbec_ws/install_clean/orbbec_camera/lib/orbbec_camera/orbbec_camera_node" to ":/home/sophie/isaac_lab/isaac_ws/rl_code/soarm100sim/third_party/orbbec_ws/src/OrbbecSDK_ROS2/orbbec_camera/SDK/lib/x64"
[101.381s] -- Installing: /home/sophie/isaac_lab/isaac_ws/rl_code/soarm100sim/third_party/orbbec_ws/install_clean/orbbec_camera/lib/orbbec_camera/common_benchmark_node.py
[101.381s] -- Installing: /home/sophie/isaac_lab/isaac_ws/rl_code/soarm100sim/third_party/orbbec_ws/install_clean/orbbec_camera/lib/orbbec_camera/service_benchmark_node.py
[101.381s] -- Installing: /home/sophie/isaac_lab/isaac_ws/rl_code/soarm100sim/third_party/orbbec_ws/install_clean/orbbec_camera/lib/orbbec_camera/frame_latency_node
[101.382s] -- Set runtime path of "/home/sophie/isaac_lab/isaac_ws/rl_code/soarm100sim/third_party/orbbec_ws/install_clean/orbbec_camera/lib/orbbec_camera/frame_latency_node" to ":/home/sophie/isaac_lab/isaac_ws/rl_code/soarm100sim/third_party/orbbec_ws/src/OrbbecSDK_ROS2/orbbec_camera/SDK/lib/x64"
[101.382s] -- Installing: /home/sophie/isaac_lab/isaac_ws/rl_code/soarm100sim/third_party/orbbec_ws/install_clean/orbbec_camera/lib/orbbec_camera/start_benchmark_node
[101.382s] -- Set runtime path of "/home/sophie/isaac_lab/isaac_ws/rl_code/soarm100sim/third_party/orbbec_ws/install_clean/orbbec_camera/lib/orbbec_camera/start_benchmark_node" to ":/home/sophie/isaac_lab/isaac_ws/rl_code/soarm100sim/third_party/orbbec_ws/src/OrbbecSDK_ROS2/orbbec_camera/SDK/lib/x64"
[101.382s] -- Installing: /home/sophie/isaac_lab/isaac_ws/rl_code/soarm100sim/third_party/orbbec_ws/install_clean/orbbec_camera/lib/orbbec_camera/multi_save_rgbir_node
[101.382s] -- Set runtime path of "/home/sophie/isaac_lab/isaac_ws/rl_code/soarm100sim/third_party/orbbec_ws/install_clean/orbbec_camera/lib/orbbec_camera/multi_save_rgbir_node" to ":/home/sophie/isaac_lab/isaac_ws/rl_code/soarm100sim/third_party/orbbec_ws/src/OrbbecSDK_ROS2/orbbec_camera/SDK/lib/x64"
[101.382s] -- Installing: /home/sophie/isaac_lab/isaac_ws/rl_code/soarm100sim/third_party/orbbec_ws/install_clean/orbbec_camera/lib/liborbbec_camera.so
[101.386s] -- Set runtime path of "/home/sophie/isaac_lab/isaac_ws/rl_code/soarm100sim/third_party/orbbec_ws/install_clean/orbbec_camera/lib/liborbbec_camera.so" to ":/home/sophie/isaac_lab/isaac_ws/rl_code/soarm100sim/third_party/orbbec_ws/src/OrbbecSDK_ROS2/orbbec_camera/SDK/lib/x64"
[101.386s] -- Installing: /home/sophie/isaac_lab/isaac_ws/rl_code/soarm100sim/third_party/orbbec_ws/install_clean/orbbec_camera/lib/libframe_latency.so
[101.390s] -- Set runtime path of "/home/sophie/isaac_lab/isaac_ws/rl_code/soarm100sim/third_party/orbbec_ws/install_clean/orbbec_camera/lib/libframe_latency.so" to ":/home/sophie/isaac_lab/isaac_ws/rl_code/soarm100sim/third_party/orbbec_ws/src/OrbbecSDK_ROS2/orbbec_camera/SDK/lib/x64"
[101.391s] -- Installing: /home/sophie/isaac_lab/isaac_ws/rl_code/soarm100sim/third_party/orbbec_ws/install_clean/orbbec_camera/lib/libstart_benchmark.so
[101.392s] -- Set runtime path of "/home/sophie/isaac_lab/isaac_ws/rl_code/soarm100sim/third_party/orbbec_ws/install_clean/orbbec_camera/lib/libstart_benchmark.so" to ":/home/sophie/isaac_lab/isaac_ws/rl_code/soarm100sim/third_party/orbbec_ws/src/OrbbecSDK_ROS2/orbbec_camera/SDK/lib/x64"
[101.392s] -- Installing: /home/sophie/isaac_lab/isaac_ws/rl_code/soarm100sim/third_party/orbbec_ws/install_clean/orbbec_camera/lib/libmulti_save_rgbir.so
[101.394s] -- Set runtime path of "/home/sophie/isaac_lab/isaac_ws/rl_code/soarm100sim/third_party/orbbec_ws/install_clean/orbbec_camera/lib/libmulti_save_rgbir.so" to ":/home/sophie/isaac_lab/isaac_ws/rl_code/soarm100sim/third_party/orbbec_ws/src/OrbbecSDK_ROS2/orbbec_camera/SDK/lib/x64"
[101.394s] -- Installing: /home/sophie/isaac_lab/isaac_ws/rl_code/soarm100sim/third_party/orbbec_ws/install_clean/orbbec_camera/include
[101.394s] -- Installing: /home/sophie/isaac_lab/isaac_ws/rl_code/soarm100sim/third_party/orbbec_ws/install_clean/orbbec_camera/include/orbbec_camera
[101.394s] -- Installing: /home/sophie/isaac_lab/isaac_ws/rl_code/soarm100sim/third_party/orbbec_ws/install_clean/orbbec_camera/include/orbbec_camera/frame_timestamp_csv_logger.h
[101.394s] -- Installing: /home/sophie/isaac_lab/isaac_ws/rl_code/soarm100sim/third_party/orbbec_ws/install_clean/orbbec_camera/include/orbbec_camera/dynamic_params.h
[101.394s] -- Installing: /home/sophie/isaac_lab/isaac_ws/rl_code/soarm100sim/third_party/orbbec_ws/install_clean/orbbec_camera/include/orbbec_camera/ob_camera_node_driver.h
[101.394s] -- Installing: /home/sophie/isaac_lab/isaac_ws/rl_code/soarm100sim/third_party/orbbec_ws/install_clean/orbbec_camera/include/orbbec_camera/jpeg_decoder.h
[101.394s] -- Installing: /home/sophie/isaac_lab/isaac_ws/rl_code/soarm100sim/third_party/orbbec_ws/install_clean/orbbec_camera/include/orbbec_camera/ob_lidar_node.h
[101.394s] -- Installing: /home/sophie/isaac_lab/isaac_ws/rl_code/soarm100sim/third_party/orbbec_ws/install_clean/orbbec_camera/include/orbbec_camera/synced_imu_publisher.h
[101.394s] -- Installing: /home/sophie/isaac_lab/isaac_ws/rl_code/soarm100sim/third_party/orbbec_ws/install_clean/orbbec_camera/include/orbbec_camera/fps_counter.hpp
[101.394s] -- Installing: /home/sophie/isaac_lab/isaac_ws/rl_code/soarm100sim/third_party/orbbec_ws/install_clean/orbbec_camera/include/orbbec_camera/jetson_nv_decoder.h
[101.395s] -- Installing: /home/sophie/isaac_lab/isaac_ws/rl_code/soarm100sim/third_party/orbbec_ws/install_clean/orbbec_camera/include/orbbec_camera/image_publisher.h
[101.395s] -- Installing: /home/sophie/isaac_lab/isaac_ws/rl_code/soarm100sim/third_party/orbbec_ws/install_clean/orbbec_camera/include/orbbec_camera/utils.h
[101.395s] -- Installing: /home/sophie/isaac_lab/isaac_ws/rl_code/soarm100sim/third_party/orbbec_ws/install_clean/orbbec_camera/include/orbbec_camera/constants.h
[101.395s] -- Installing: /home/sophie/isaac_lab/isaac_ws/rl_code/soarm100sim/third_party/orbbec_ws/install_clean/orbbec_camera/include/orbbec_camera/rk_mpp_decoder.h
[101.396s] -- Installing: /home/sophie/isaac_lab/isaac_ws/rl_code/soarm100sim/third_party/orbbec_ws/install_clean/orbbec_camera/include/orbbec_camera/ros_param_backend.h
[101.396s] -- Installing: /home/sophie/isaac_lab/isaac_ws/rl_code/soarm100sim/third_party/orbbec_ws/install_clean/orbbec_camera/include/orbbec_camera/fps_delay_status.hpp
[101.396s] -- Installing: /home/sophie/isaac_lab/isaac_ws/rl_code/soarm100sim/third_party/orbbec_ws/install_clean/orbbec_camera/include/orbbec_camera/d2c_viewer.h
[101.396s] -- Installing: /home/sophie/isaac_lab/isaac_ws/rl_code/soarm100sim/third_party/orbbec_ws/install_clean/orbbec_camera/include/orbbec_camera/ob_camera_node.h
[101.396s] -- Installing: /home/sophie/isaac_lab/isaac_ws/rl_code/soarm100sim/third_party/orbbec_ws/install_clean/orbbec_camera/include/magic_enum
[101.396s] -- Installing: /home/sophie/isaac_lab/isaac_ws/rl_code/soarm100sim/third_party/orbbec_ws/install_clean/orbbec_camera/include/magic_enum/magic_enum.hpp
[101.396s] -- Installing: /home/sophie/isaac_lab/isaac_ws/rl_code/soarm100sim/third_party/orbbec_ws/install_clean/orbbec_camera/share/orbbec_camera//launch
[101.396s] -- Installing: /home/sophie/isaac_lab/isaac_ws/rl_code/soarm100sim/third_party/orbbec_ws/install_clean/orbbec_camera/share/orbbec_camera//launch/gemini_intra_process_demo_launch.py
[101.396s] -- Installing: /home/sophie/isaac_lab/isaac_ws/rl_code/soarm100sim/third_party/orbbec_ws/install_clean/orbbec_camera/share/orbbec_camera//launch/dabai_max_pro.launch.py
[101.396s] -- Installing: /home/sophie/isaac_lab/isaac_ws/rl_code/soarm100sim/third_party/orbbec_ws/install_clean/orbbec_camera/share/orbbec_camera//launch/gemini345_lg.launch.py
[101.396s] -- Installing: /home/sophie/isaac_lab/isaac_ws/rl_code/soarm100sim/third_party/orbbec_ws/install_clean/orbbec_camera/share/orbbec_camera//launch/gemini_330_series_low_cpu.launch.py
[101.396s] -- Installing: /home/sophie/isaac_lab/isaac_ws/rl_code/soarm100sim/third_party/orbbec_ws/install_clean/orbbec_camera/share/orbbec_camera//launch/femto.launch.py
[101.397s] -- Installing: /home/sophie/isaac_lab/isaac_ws/rl_code/soarm100sim/third_party/orbbec_ws/install_clean/orbbec_camera/share/orbbec_camera//launch/gemini435_le.launch.py
[101.397s] -- Installing: /home/sophie/isaac_lab/isaac_ws/rl_code/soarm100sim/third_party/orbbec_ws/install_clean/orbbec_camera/share/orbbec_camera//launch/dabai_dcw2.launch.py
[101.397s] -- Installing: /home/sophie/isaac_lab/isaac_ws/rl_code/soarm100sim/third_party/orbbec_ws/install_clean/orbbec_camera/share/orbbec_camera//launch/multi_camera.launch.py
[101.397s] -- Installing: /home/sophie/isaac_lab/isaac_ws/rl_code/soarm100sim/third_party/orbbec_ws/install_clean/orbbec_camera/share/orbbec_camera//launch/gemini345.launch.py
[101.397s] -- Installing: /home/sophie/isaac_lab/isaac_ws/rl_code/soarm100sim/third_party/orbbec_ws/install_clean/orbbec_camera/share/orbbec_camera//launch/orbbec_multicamera.launch.py
[101.397s] -- Installing: /home/sophie/isaac_lab/isaac_ws/rl_code/soarm100sim/third_party/orbbec_ws/install_clean/orbbec_camera/share/orbbec_camera//launch/astra2.launch.py
[101.397s] -- Installing: /home/sophie/isaac_lab/isaac_ws/rl_code/soarm100sim/third_party/orbbec_ws/install_clean/orbbec_camera/share/orbbec_camera//launch/femto_mega.launch.py
[101.397s] -- Installing: /home/sophie/isaac_lab/isaac_ws/rl_code/soarm100sim/third_party/orbbec_ws/install_clean/orbbec_camera/share/orbbec_camera//launch/orbbec_camera.launch.py
[101.397s] -- Installing: /home/sophie/isaac_lab/isaac_ws/rl_code/soarm100sim/third_party/orbbec_ws/install_clean/orbbec_camera/share/orbbec_camera//launch/gemini_330_series.launch.py
[101.397s] -- Installing: /home/sophie/isaac_lab/isaac_ws/rl_code/soarm100sim/third_party/orbbec_ws/install_clean/orbbec_camera/share/orbbec_camera//launch/dabai_al.launch.py
[101.397s] -- Installing: /home/sophie/isaac_lab/isaac_ws/rl_code/soarm100sim/third_party/orbbec_ws/install_clean/orbbec_camera/share/orbbec_camera//launch/astra.launch.py
[101.398s] -- Installing: /home/sophie/isaac_lab/isaac_ws/rl_code/soarm100sim/third_party/orbbec_ws/install_clean/orbbec_camera/share/orbbec_camera//launch/gemini2.launch.py
[101.398s] -- Installing: /home/sophie/isaac_lab/isaac_ws/rl_code/soarm100sim/third_party/orbbec_ws/install_clean/orbbec_camera/share/orbbec_camera//launch/gemini305.launch.py
[101.398s] -- Installing: /home/sophie/isaac_lab/isaac_ws/rl_code/soarm100sim/third_party/orbbec_ws/install_clean/orbbec_camera/share/orbbec_camera//launch/multi_lidar.launch.py
[101.398s] -- Installing: /home/sophie/isaac_lab/isaac_ws/rl_code/soarm100sim/third_party/orbbec_ws/install_clean/orbbec_camera/share/orbbec_camera//launch/gemini305_g.launch.py
[101.398s] -- Installing: /home/sophie/isaac_lab/isaac_ws/rl_code/soarm100sim/third_party/orbbec_ws/install_clean/orbbec_camera/share/orbbec_camera//launch/dabai_a.launch.py
[101.398s] -- Installing: /home/sophie/isaac_lab/isaac_ws/rl_code/soarm100sim/third_party/orbbec_ws/install_clean/orbbec_camera/share/orbbec_camera//launch/femto_bolt.launch.py
[101.398s] -- Installing: /home/sophie/isaac_lab/isaac_ws/rl_code/soarm100sim/third_party/orbbec_ws/install_clean/orbbec_camera/share/orbbec_camera//launch/multi_camera_synced.launch.py
[101.398s] -- Installing: /home/sophie/isaac_lab/isaac_ws/rl_code/soarm100sim/third_party/orbbec_ws/install_clean/orbbec_camera/share/orbbec_camera//launch/utils_yaml.py
[101.398s] -- Installing: /home/sophie/isaac_lab/isaac_ws/rl_code/soarm100sim/third_party/orbbec_ws/install_clean/orbbec_camera/share/orbbec_camera//launch/gemini2L.launch.py
[101.398s] -- Installing: /home/sophie/isaac_lab/isaac_ws/rl_code/soarm100sim/third_party/orbbec_ws/install_clean/orbbec_camera/share/orbbec_camera//launch/lidar.launch.py
[101.398s] -- Installing: /home/sophie/isaac_lab/isaac_ws/rl_code/soarm100sim/third_party/orbbec_ws/install_clean/orbbec_camera/share/orbbec_camera//launch/gemini210.launch.py
[101.398s] -- Installing: /home/sophie/isaac_lab/isaac_ws/rl_code/soarm100sim/third_party/orbbec_ws/install_clean/orbbec_camera/share/orbbec_camera//config
[101.398s] -- Installing: /home/sophie/isaac_lab/isaac_ws/rl_code/soarm100sim/third_party/orbbec_ws/install_clean/orbbec_camera/share/orbbec_camera//config/gemini330_series.yaml
[101.398s] -- Installing: /home/sophie/isaac_lab/isaac_ws/rl_code/soarm100sim/third_party/orbbec_ws/install_clean/orbbec_camera/share/orbbec_camera//config/camera_secondary_params.yaml
[101.399s] -- Installing: /home/sophie/isaac_lab/isaac_ws/rl_code/soarm100sim/third_party/orbbec_ws/install_clean/orbbec_camera/share/orbbec_camera//config/depthfilter
[101.399s] -- Installing: /home/sophie/isaac_lab/isaac_ws/rl_code/soarm100sim/third_party/orbbec_ws/install_clean/orbbec_camera/share/orbbec_camera//config/depthfilter/Gemini2_v1.7.json
[101.399s] -- Installing: /home/sophie/isaac_lab/isaac_ws/rl_code/soarm100sim/third_party/orbbec_ws/install_clean/orbbec_camera/share/orbbec_camera//config/depthfilter/Openni_device.json
[101.399s] -- Installing: /home/sophie/isaac_lab/isaac_ws/rl_code/soarm100sim/third_party/orbbec_ws/install_clean/orbbec_camera/share/orbbec_camera//config/gemini330Lg_series.yaml
[101.399s] -- Installing: /home/sophie/isaac_lab/isaac_ws/rl_code/soarm100sim/third_party/orbbec_ws/install_clean/orbbec_camera/share/orbbec_camera//config/femto_bolt.yaml
[101.399s] -- Installing: /home/sophie/isaac_lab/isaac_ws/rl_code/soarm100sim/third_party/orbbec_ws/install_clean/orbbec_camera/share/orbbec_camera//config/common.yaml
[101.399s] -- Installing: /home/sophie/isaac_lab/isaac_ws/rl_code/soarm100sim/third_party/orbbec_ws/install_clean/orbbec_camera/share/orbbec_camera//config/tools
[101.399s] -- Installing: /home/sophie/isaac_lab/isaac_ws/rl_code/soarm100sim/third_party/orbbec_ws/install_clean/orbbec_camera/share/orbbec_camera//config/tools/startbenchmark
[101.399s] -- Installing: /home/sophie/isaac_lab/isaac_ws/rl_code/soarm100sim/third_party/orbbec_ws/install_clean/orbbec_camera/share/orbbec_camera//config/tools/startbenchmark/start_benchmark_params.json
[101.399s] -- Installing: /home/sophie/isaac_lab/isaac_ws/rl_code/soarm100sim/third_party/orbbec_ws/install_clean/orbbec_camera/share/orbbec_camera//config/tools/multisavergbir
[101.399s] -- Installing: /home/sophie/isaac_lab/isaac_ws/rl_code/soarm100sim/third_party/orbbec_ws/install_clean/orbbec_camera/share/orbbec_camera//config/tools/multisavergbir/multi_save_rgbir_params.json
[101.399s] -- Installing: /home/sophie/isaac_lab/isaac_ws/rl_code/soarm100sim/third_party/orbbec_ws/install_clean/orbbec_camera/share/orbbec_camera//config/gemini305_dual_color.yaml
[101.399s] -- Installing: /home/sophie/isaac_lab/isaac_ws/rl_code/soarm100sim/third_party/orbbec_ws/install_clean/orbbec_camera/share/orbbec_camera//config/gemini2.yaml
[101.399s] -- Installing: /home/sophie/isaac_lab/isaac_ws/rl_code/soarm100sim/third_party/orbbec_ws/install_clean/orbbec_camera/share/orbbec_camera//config/.gitkeep
[101.399s] -- Installing: /home/sophie/isaac_lab/isaac_ws/rl_code/soarm100sim/third_party/orbbec_ws/install_clean/orbbec_camera/share/orbbec_camera//config/astra2.yaml
[101.399s] -- Installing: /home/sophie/isaac_lab/isaac_ws/rl_code/soarm100sim/third_party/orbbec_ws/install_clean/orbbec_camera/share/orbbec_camera//config/femto_mega.yaml
[101.399s] -- Installing: /home/sophie/isaac_lab/isaac_ws/rl_code/soarm100sim/third_party/orbbec_ws/install_clean/orbbec_camera/share/orbbec_camera//config/femto.yaml
[101.399s] -- Installing: /home/sophie/isaac_lab/isaac_ws/rl_code/soarm100sim/third_party/orbbec_ws/install_clean/orbbec_camera/share/orbbec_camera//config/gemini2L.yaml
[101.399s] -- Installing: /home/sophie/isaac_lab/isaac_ws/rl_code/soarm100sim/third_party/orbbec_ws/install_clean/orbbec_camera/share/orbbec_camera//config/camera_params.yaml
[101.399s] -- Installing: /home/sophie/isaac_lab/isaac_ws/rl_code/soarm100sim/third_party/orbbec_ws/install_clean/orbbec_camera/share/orbbec_camera//config/OrbbecSDKConfig_v2.0.xml
[101.399s] -- Installing: /home/sophie/isaac_lab/isaac_ws/rl_code/soarm100sim/third_party/orbbec_ws/install_clean/orbbec_camera/share/orbbec_camera//config/gemini2L_dual_ir.yaml
[101.399s] -- Installing: /home/sophie/isaac_lab/isaac_ws/rl_code/soarm100sim/third_party/orbbec_ws/install_clean/orbbec_camera/share/orbbec_camera//examples
[101.399s] -- Installing: /home/sophie/isaac_lab/isaac_ws/rl_code/soarm100sim/third_party/orbbec_ws/install_clean/orbbec_camera/share/orbbec_camera//examples/README.MD
[101.399s] -- Installing: /home/sophie/isaac_lab/isaac_ws/rl_code/soarm100sim/third_party/orbbec_ws/install_clean/orbbec_camera/share/orbbec_camera//examples/multi_camera_synced_verification_tool
[101.400s] -- Installing: /home/sophie/isaac_lab/isaac_ws/rl_code/soarm100sim/third_party/orbbec_ws/install_clean/orbbec_camera/share/orbbec_camera//examples/multi_camera_synced_verification_tool/gemini_synced_verify.launch.py
[101.400s] -- Installing: /home/sophie/isaac_lab/isaac_ws/rl_code/soarm100sim/third_party/orbbec_ws/install_clean/orbbec_camera/share/orbbec_camera//examples/multi_camera_synced_verification_tool/multicamera_sync
[101.400s] -- Installing: /home/sophie/isaac_lab/isaac_ws/rl_code/soarm100sim/third_party/orbbec_ws/install_clean/orbbec_camera/share/orbbec_camera//examples/multi_camera_synced_verification_tool/multicamera_sync/Python
[101.400s] -- Installing: /home/sophie/isaac_lab/isaac_ws/rl_code/soarm100sim/third_party/orbbec_ws/install_clean/orbbec_camera/share/orbbec_camera//examples/multi_camera_synced_verification_tool/multicamera_sync/Python/README.md
[101.400s] -- Installing: /home/sophie/isaac_lab/isaac_ws/rl_code/soarm100sim/third_party/orbbec_ws/install_clean/orbbec_camera/share/orbbec_camera//examples/multi_camera_synced_verification_tool/multicamera_sync/Python/SyncFramesMain.py
[101.400s] -- Installing: /home/sophie/isaac_lab/isaac_ws/rl_code/soarm100sim/third_party/orbbec_ws/install_clean/orbbec_camera/share/orbbec_camera//examples/multi_camera_synced_verification_tool/multicamera_sync/Python/Config.ini
[101.400s] -- Installing: /home/sophie/isaac_lab/isaac_ws/rl_code/soarm100sim/third_party/orbbec_ws/install_clean/orbbec_camera/share/orbbec_camera//examples/multi_camera_synced_verification_tool/multicamera_sync/Python/script
[101.400s] -- Installing: /home/sophie/isaac_lab/isaac_ws/rl_code/soarm100sim/third_party/orbbec_ws/install_clean/orbbec_camera/share/orbbec_camera//examples/multi_camera_synced_verification_tool/multicamera_sync/Python/script/config_frameMatch-Astra2_new.py
[101.400s] -- Installing: /home/sophie/isaac_lab/isaac_ws/rl_code/soarm100sim/third_party/orbbec_ws/install_clean/orbbec_camera/share/orbbec_camera//examples/multi_camera_synced_verification_tool/multicamera_sync/Python/script/config_frameMatch.py
[101.400s] -- Installing: /home/sophie/isaac_lab/isaac_ws/rl_code/soarm100sim/third_party/orbbec_ws/install_clean/orbbec_camera/share/orbbec_camera//examples/multi_camera_synced_verification_tool/multicamera_sync/Python/script/config_frameMatch_Gemini2VL.py
[101.400s] -- Installing: /home/sophie/isaac_lab/isaac_ws/rl_code/soarm100sim/third_party/orbbec_ws/install_clean/orbbec_camera/share/orbbec_camera//examples/multi_camera_synced_verification_tool/multicamera_sync/Python/script/config_frameMatch-systemTimestamp.py
[101.400s] -- Installing: /home/sophie/isaac_lab/isaac_ws/rl_code/soarm100sim/third_party/orbbec_ws/install_clean/orbbec_camera/share/orbbec_camera//examples/multi_camera_synced_verification_tool/multicamera_sync/Python/script/config_frameMatch_g330.py
[101.400s] -- Installing: /home/sophie/isaac_lab/isaac_ws/rl_code/soarm100sim/third_party/orbbec_ws/install_clean/orbbec_camera/share/orbbec_camera//examples/multi_camera_synced_verification_tool/multicamera_sync/output
[101.400s] -- Installing: /home/sophie/isaac_lab/isaac_ws/rl_code/soarm100sim/third_party/orbbec_ws/install_clean/orbbec_camera/share/orbbec_camera//examples/multi_camera_synced_verification_tool/multicamera_sync/output/20250218102900
[101.400s] -- Installing: /home/sophie/isaac_lab/isaac_ws/rl_code/soarm100sim/third_party/orbbec_ws/install_clean/orbbec_camera/share/orbbec_camera//examples/multi_camera_synced_verification_tool/multicamera_sync/output/20250218102900/results-2025-02-25_163648
[101.400s] -- Installing: /home/sophie/isaac_lab/isaac_ws/rl_code/soarm100sim/third_party/orbbec_ws/install_clean/orbbec_camera/share/orbbec_camera//examples/multi_camera_synced_verification_tool/multicamera_sync/output/20250218102900/results-2025-02-25_163648/frameMatchLog.txt
[101.400s] -- Installing: /home/sophie/isaac_lab/isaac_ws/rl_code/soarm100sim/third_party/orbbec_ws/install_clean/orbbec_camera/share/orbbec_camera//examples/multi_camera_synced_verification_tool/multicamera_sync/output/20250218102900/results-2025-02-25_163648/matchFrames
[101.400s] -- Installing: /home/sophie/isaac_lab/isaac_ws/rl_code/soarm100sim/third_party/orbbec_ws/install_clean/orbbec_camera/share/orbbec_camera//examples/multi_camera_synced_verification_tool/multicamera_sync/output/20250218102900/results-2025-02-25_163648/matchFrames/2_color_SNCP1L44P00051_Index1_1739874543460_[0].jpg
[101.400s] -- Installing: /home/sophie/isaac_lab/isaac_ws/rl_code/soarm100sim/third_party/orbbec_ws/install_clean/orbbec_camera/share/orbbec_camera//examples/multi_camera_synced_verification_tool/multicamera_sync/output/20250218102900/results-2025-02-25_163648/matchFrames/4_ir_left_SNCP1E5420006D_Index0_1739874543361_[1].jpg
[101.400s] -- Installing: /home/sophie/isaac_lab/isaac_ws/rl_code/soarm100sim/third_party/orbbec_ws/install_clean/orbbec_camera/share/orbbec_camera//examples/multi_camera_synced_verification_tool/multicamera_sync/output/20250218102900/results-2025-02-25_163648/matchFrames/7_ir_left_SNCP1L44P00051_Index1_1739874543427_[0].jpg
[101.400s] -- Installing: /home/sophie/isaac_lab/isaac_ws/rl_code/soarm100sim/third_party/orbbec_ws/install_clean/orbbec_camera/share/orbbec_camera//examples/multi_camera_synced_verification_tool/multicamera_sync/output/20250218102900/results-2025-02-25_163648/matchFrames/7_ir_left_SNCP1E5420006D_Index0_1739874543427_[0].jpg
[101.400s] -- Installing: /home/sophie/isaac_lab/isaac_ws/rl_code/soarm100sim/third_party/orbbec_ws/install_clean/orbbec_camera/share/orbbec_camera//examples/multi_camera_synced_verification_tool/multicamera_sync/output/20250218102900/results-2025-02-25_163648/matchFrames/3_ir_left_SNCP1E5420006D_Index0_1739874543260_[0].jpg
[101.400s] -- Installing: /home/sophie/isaac_lab/isaac_ws/rl_code/soarm100sim/third_party/orbbec_ws/install_clean/orbbec_camera/share/orbbec_camera//examples/multi_camera_synced_verification_tool/multicamera_sync/output/20250218102900/results-2025-02-25_163648/matchFrames/1_ir_left_SNCP1E5420006D_Index0_1739874543494_[0].jpg
[101.400s] -- Installing: /home/sophie/isaac_lab/isaac_ws/rl_code/soarm100sim/third_party/orbbec_ws/install_clean/orbbec_camera/share/orbbec_camera//examples/multi_camera_synced_verification_tool/multicamera_sync/output/20250218102900/results-2025-02-25_163648/matchFrames/2_ir_left_SNCP1E5420006D_Index0_1739874543461_[1].jpg
[101.400s] -- Installing: /home/sophie/isaac_lab/isaac_ws/rl_code/soarm100sim/third_party/orbbec_ws/install_clean/orbbec_camera/share/orbbec_camera//examples/multi_camera_synced_verification_tool/multicamera_sync/output/20250218102900/results-2025-02-25_163648/matchFrames/2_ir_left_SNCP1L44P00051_Index1_1739874543460_[0].jpg
[101.400s] -- Installing: /home/sophie/isaac_lab/isaac_ws/rl_code/soarm100sim/third_party/orbbec_ws/install_clean/orbbec_camera/share/orbbec_camera//examples/multi_camera_synced_verification_tool/multicamera_sync/output/20250218102900/results-2025-02-25_163648/matchFrames/1_color_SNCP1E5420006D_Index0_1739874543494_[0].jpg
[101.400s] -- Installing: /home/sophie/isaac_lab/isaac_ws/rl_code/soarm100sim/third_party/orbbec_ws/install_clean/orbbec_camera/share/orbbec_camera//examples/multi_camera_synced_verification_tool/multicamera_sync/output/20250218102900/results-2025-02-25_163648/matchFrames/9_ir_left_SNCP1L44P00051_Index1_1739874543394_[1].jpg
[101.401s] -- Installing: /home/sophie/isaac_lab/isaac_ws/rl_code/soarm100sim/third_party/orbbec_ws/install_clean/orbbec_camera/share/orbbec_camera//examples/multi_camera_synced_verification_tool/multicamera_sync/output/20250218102900/results-2025-02-25_163648/matchFrames/6_ir_left_SNCP1E5420006D_Index0_1739874543561_[1].jpg
[101.401s] -- Installing: /home/sophie/isaac_lab/isaac_ws/rl_code/soarm100sim/third_party/orbbec_ws/install_clean/orbbec_camera/share/orbbec_camera//examples/multi_camera_synced_verification_tool/multicamera_sync/output/20250218102900/results-2025-02-25_163648/matchFrames/10_ir_left_SNCP1L44P00051_Index1_1739874543227_[0].jpg
[101.401s] -- Installing: /home/sophie/isaac_lab/isaac_ws/rl_code/soarm100sim/third_party/orbbec_ws/install_clean/orbbec_camera/share/orbbec_camera//examples/multi_camera_synced_verification_tool/multicamera_sync/output/20250218102900/results-2025-02-25_163648/matchFrames/0_color_SNCP1L44P00051_Index1_1739874543527_[0].jpg
[101.401s] -- Installing: /home/sophie/isaac_lab/isaac_ws/rl_code/soarm100sim/third_party/orbbec_ws/install_clean/orbbec_camera/share/orbbec_camera//examples/multi_camera_synced_verification_tool/multicamera_sync/output/20250218102900/results-2025-02-25_163648/matchFrames/8_color_SNCP1L44P00051_Index1_1739874543293_[0].jpg
[101.401s] -- Installing: /home/sophie/isaac_lab/isaac_ws/rl_code/soarm100sim/third_party/orbbec_ws/install_clean/orbbec_camera/share/orbbec_camera//examples/multi_camera_synced_verification_tool/multicamera_sync/output/20250218102900/results-2025-02-25_163648/matchFrames/0_ir_left_SNCP1L44P00051_Index1_1739874543527_[0].jpg
[101.401s] -- Installing: /home/sophie/isaac_lab/isaac_ws/rl_code/soarm100sim/third_party/orbbec_ws/install_clean/orbbec_camera/share/orbbec_camera//examples/multi_camera_synced_verification_tool/multicamera_sync/output/20250218102900/results-2025-02-25_163648/matchFrames/8_color_SNCP1E5420006D_Index0_1739874543294_[1].jpg
[101.401s] -- Installing: /home/sophie/isaac_lab/isaac_ws/rl_code/soarm100sim/third_party/orbbec_ws/install_clean/orbbec_camera/share/orbbec_camera//examples/multi_camera_synced_verification_tool/multicamera_sync/output/20250218102900/results-2025-02-25_163648/matchFrames/2_color_SNCP1E5420006D_Index0_1739874543461_[1].jpg
[101.401s] -- Installing: /home/sophie/isaac_lab/isaac_ws/rl_code/soarm100sim/third_party/orbbec_ws/install_clean/orbbec_camera/share/orbbec_camera//examples/multi_camera_synced_verification_tool/multicamera_sync/output/20250218102900/results-2025-02-25_163648/matchFrames/4_ir_left_SNCP1L44P00051_Index1_1739874543360_[0].jpg
[101.401s] -- Installing: /home/sophie/isaac_lab/isaac_ws/rl_code/soarm100sim/third_party/orbbec_ws/install_clean/orbbec_camera/share/orbbec_camera//examples/multi_camera_synced_verification_tool/multicamera_sync/output/20250218102900/results-2025-02-25_163648/matchFrames/6_color_SNCP1L44P00051_Index1_1739874543560_[0].jpg
[101.401s] -- Installing: /home/sophie/isaac_lab/isaac_ws/rl_code/soarm100sim/third_party/orbbec_ws/install_clean/orbbec_camera/share/orbbec_camera//examples/multi_camera_synced_verification_tool/multicamera_sync/output/20250218102900/results-2025-02-25_163648/matchFrames/8_ir_left_SNCP1E5420006D_Index0_1739874543294_[1].jpg
[101.401s] -- Installing: /home/sophie/isaac_lab/isaac_ws/rl_code/soarm100sim/third_party/orbbec_ws/install_clean/orbbec_camera/share/orbbec_camera//examples/multi_camera_synced_verification_tool/multicamera_sync/output/20250218102900/results-2025-02-25_163648/matchFrames/10_color_SNCP1E5420006D_Index0_1739874543227_[0].jpg
[101.401s] -- Installing: /home/sophie/isaac_lab/isaac_ws/rl_code/soarm100sim/third_party/orbbec_ws/install_clean/orbbec_camera/share/orbbec_camera//examples/multi_camera_synced_verification_tool/multicamera_sync/output/20250218102900/results-2025-02-25_163648/matchFrames/1_color_SNCP1L44P00051_Index1_1739874543494_[0].jpg
[101.401s] -- Installing: /home/sophie/isaac_lab/isaac_ws/rl_code/soarm100sim/third_party/orbbec_ws/install_clean/orbbec_camera/share/orbbec_camera//examples/multi_camera_synced_verification_tool/multicamera_sync/output/20250218102900/results-2025-02-25_163648/matchFrames/6_ir_left_SNCP1L44P00051_Index1_1739874543560_[0].jpg
[101.401s] -- Installing: /home/sophie/isaac_lab/isaac_ws/rl_code/soarm100sim/third_party/orbbec_ws/install_clean/orbbec_camera/share/orbbec_camera//examples/multi_camera_synced_verification_tool/multicamera_sync/output/20250218102900/results-2025-02-25_163648/matchFrames/6_color_SNCP1E5420006D_Index0_1739874543561_[1].jpg
[101.401s] -- Installing: /home/sophie/isaac_lab/isaac_ws/rl_code/soarm100sim/third_party/orbbec_ws/install_clean/orbbec_camera/share/orbbec_camera//examples/multi_camera_synced_verification_tool/multicamera_sync/output/20250218102900/results-2025-02-25_163648/matchFrames/4_color_SNCP1L44P00051_Index1_1739874543360_[0].jpg
[101.401s] -- Installing: /home/sophie/isaac_lab/isaac_ws/rl_code/soarm100sim/third_party/orbbec_ws/install_clean/orbbec_camera/share/orbbec_camera//examples/multi_camera_synced_verification_tool/multicamera_sync/output/20250218102900/results-2025-02-25_163648/matchFrames/7_color_SNCP1L44P00051_Index1_1739874543427_[0].jpg
[101.401s] -- Installing: /home/sophie/isaac_lab/isaac_ws/rl_code/soarm100sim/third_party/orbbec_ws/install_clean/orbbec_camera/share/orbbec_camera//examples/multi_camera_synced_verification_tool/multicamera_sync/output/20250218102900/results-2025-02-25_163648/matchFrames/10_color_SNCP1L44P00051_Index1_1739874543227_[0].jpg
[101.401s] -- Installing: /home/sophie/isaac_lab/isaac_ws/rl_code/soarm100sim/third_party/orbbec_ws/install_clean/orbbec_camera/share/orbbec_camera//examples/multi_camera_synced_verification_tool/multicamera_sync/output/20250218102900/results-2025-02-25_163648/matchFrames/7_color_SNCP1E5420006D_Index0_1739874543427_[0].jpg
[101.401s] -- Installing: /home/sophie/isaac_lab/isaac_ws/rl_code/soarm100sim/third_party/orbbec_ws/install_clean/orbbec_camera/share/orbbec_camera//examples/multi_camera_synced_verification_tool/multicamera_sync/output/20250218102900/results-2025-02-25_163648/matchFrames/9_color_SNCP1L44P00051_Index1_1739874543393_[0].jpg
[101.401s] -- Installing: /home/sophie/isaac_lab/isaac_ws/rl_code/soarm100sim/third_party/orbbec_ws/install_clean/orbbec_camera/share/orbbec_camera//examples/multi_camera_synced_verification_tool/multicamera_sync/output/20250218102900/results-2025-02-25_163648/matchFrames/5_ir_left_SNCP1L44P00051_Index1_1739874543327_[0].jpg
[101.401s] -- Installing: /home/sophie/isaac_lab/isaac_ws/rl_code/soarm100sim/third_party/orbbec_ws/install_clean/orbbec_camera/share/orbbec_camera//examples/multi_camera_synced_verification_tool/multicamera_sync/output/20250218102900/results-2025-02-25_163648/matchFrames/5_color_SNCP1E5420006D_Index0_1739874543327_[0].jpg
[101.401s] -- Installing: /home/sophie/isaac_lab/isaac_ws/rl_code/soarm100sim/third_party/orbbec_ws/install_clean/orbbec_camera/share/orbbec_camera//examples/multi_camera_synced_verification_tool/multicamera_sync/output/20250218102900/results-2025-02-25_163648/matchFrames/10_ir_left_SNCP1E5420006D_Index0_1739874543227_[0].jpg
[101.401s] -- Installing: /home/sophie/isaac_lab/isaac_ws/rl_code/soarm100sim/third_party/orbbec_ws/install_clean/orbbec_camera/share/orbbec_camera//examples/multi_camera_synced_verification_tool/multicamera_sync/output/20250218102900/results-2025-02-25_163648/matchFrames/3_color_SNCP1L44P00051_Index1_1739874543260_[0].jpg
[101.402s] -- Installing: /home/sophie/isaac_lab/isaac_ws/rl_code/soarm100sim/third_party/orbbec_ws/install_clean/orbbec_camera/share/orbbec_camera//examples/multi_camera_synced_verification_tool/multicamera_sync/output/20250218102900/results-2025-02-25_163648/matchFrames/3_color_SNCP1E5420006D_Index0_1739874543260_[0].jpg
[101.402s] -- Installing: /home/sophie/isaac_lab/isaac_ws/rl_code/soarm100sim/third_party/orbbec_ws/install_clean/orbbec_camera/share/orbbec_camera//examples/multi_camera_synced_verification_tool/multicamera_sync/output/20250218102900/results-2025-02-25_163648/matchFrames/0_ir_left_SNCP1E5420006D_Index0_1739874543527_[0].jpg
[101.402s] -- Installing: /home/sophie/isaac_lab/isaac_ws/rl_code/soarm100sim/third_party/orbbec_ws/install_clean/orbbec_camera/share/orbbec_camera//examples/multi_camera_synced_verification_tool/multicamera_sync/output/20250218102900/results-2025-02-25_163648/matchFrames/0_color_SNCP1E5420006D_Index0_1739874543527_[0].jpg
[101.402s] -- Installing: /home/sophie/isaac_lab/isaac_ws/rl_code/soarm100sim/third_party/orbbec_ws/install_clean/orbbec_camera/share/orbbec_camera//examples/multi_camera_synced_verification_tool/multicamera_sync/output/20250218102900/results-2025-02-25_163648/matchFrames/8_ir_left_SNCP1L44P00051_Index1_1739874543294_[1].jpg
[101.402s] -- Installing: /home/sophie/isaac_lab/isaac_ws/rl_code/soarm100sim/third_party/orbbec_ws/install_clean/orbbec_camera/share/orbbec_camera//examples/multi_camera_synced_verification_tool/multicamera_sync/output/20250218102900/results-2025-02-25_163648/matchFrames/9_ir_left_SNCP1E5420006D_Index0_1739874543394_[1].jpg
[101.402s] -- Installing: /home/sophie/isaac_lab/isaac_ws/rl_code/soarm100sim/third_party/orbbec_ws/install_clean/orbbec_camera/share/orbbec_camera//examples/multi_camera_synced_verification_tool/multicamera_sync/output/20250218102900/results-2025-02-25_163648/matchFrames/5_color_SNCP1L44P00051_Index1_1739874543327_[0].jpg
[101.402s] -- Installing: /home/sophie/isaac_lab/isaac_ws/rl_code/soarm100sim/third_party/orbbec_ws/install_clean/orbbec_camera/share/orbbec_camera//examples/multi_camera_synced_verification_tool/multicamera_sync/output/20250218102900/results-2025-02-25_163648/matchFrames/1_ir_left_SNCP1L44P00051_Index1_1739874543494_[0].jpg
[101.402s] -- Installing: /home/sophie/isaac_lab/isaac_ws/rl_code/soarm100sim/third_party/orbbec_ws/install_clean/orbbec_camera/share/orbbec_camera//examples/multi_camera_synced_verification_tool/multicamera_sync/output/20250218102900/results-2025-02-25_163648/matchFrames/5_ir_left_SNCP1E5420006D_Index0_1739874543327_[0].jpg
[101.402s] -- Installing: /home/sophie/isaac_lab/isaac_ws/rl_code/soarm100sim/third_party/orbbec_ws/install_clean/orbbec_camera/share/orbbec_camera//examples/multi_camera_synced_verification_tool/multicamera_sync/output/20250218102900/results-2025-02-25_163648/matchFrames/4_color_SNCP1E5420006D_Index0_1739874543360_[0].jpg
[101.403s] -- Installing: /home/sophie/isaac_lab/isaac_ws/rl_code/soarm100sim/third_party/orbbec_ws/install_clean/orbbec_camera/share/orbbec_camera//examples/multi_camera_synced_verification_tool/multicamera_sync/output/20250218102900/results-2025-02-25_163648/matchFrames/3_ir_left_SNCP1L44P00051_Index1_1739874543260_[0].jpg
[101.403s] -- Installing: /home/sophie/isaac_lab/isaac_ws/rl_code/soarm100sim/third_party/orbbec_ws/install_clean/orbbec_camera/share/orbbec_camera//examples/multi_camera_synced_verification_tool/multicamera_sync/output/20250218102900/results-2025-02-25_163648/matchFrames/9_color_SNCP1E5420006D_Index0_1739874543394_[1].jpg
[101.403s] -- Installing: /home/sophie/isaac_lab/isaac_ws/rl_code/soarm100sim/third_party/orbbec_ws/install_clean/orbbec_camera/share/orbbec_camera//examples/multi_camera_synced_verification_tool/multicamera_sync/output/20250218102900/DevicesInfo.txt
[101.403s] -- Installing: /home/sophie/isaac_lab/isaac_ws/rl_code/soarm100sim/third_party/orbbec_ws/install_clean/orbbec_camera/share/orbbec_camera//examples/multi_camera_synced_verification_tool/multicamera_sync/output/20250218102900/TotalModeFrames
[101.403s] -- Installing: /home/sophie/isaac_lab/isaac_ws/rl_code/soarm100sim/third_party/orbbec_ws/install_clean/orbbec_camera/share/orbbec_camera//examples/multi_camera_synced_verification_tool/multicamera_sync/output/20250218102900/TotalModeFrames/SNCP1L44P00051_Index1
[101.403s] -- Installing: /home/sophie/isaac_lab/isaac_ws/rl_code/soarm100sim/third_party/orbbec_ws/install_clean/orbbec_camera/share/orbbec_camera//examples/multi_camera_synced_verification_tool/multicamera_sync/output/20250218102900/TotalModeFrames/SNCP1L44P00051_Index1/ir#left_SNCP1L44P00051_Index1_g1739874543394_f5_s1739874543661_e5000_d16_.jpg
[101.403s] -- Installing: /home/sophie/isaac_lab/isaac_ws/rl_code/soarm100sim/third_party/orbbec_ws/install_clean/orbbec_camera/share/orbbec_camera//examples/multi_camera_synced_verification_tool/multicamera_sync/output/20250218102900/TotalModeFrames/SNCP1L44P00051_Index1/color_SNCP1L44P00051_Index1_g1739874543360_f4_s1739874543468_e50_d16_.jpg
[101.403s] -- Installing: /home/sophie/isaac_lab/isaac_ws/rl_code/soarm100sim/third_party/orbbec_ws/install_clean/orbbec_camera/share/orbbec_camera//examples/multi_camera_synced_verification_tool/multicamera_sync/output/20250218102900/TotalModeFrames/SNCP1L44P00051_Index1/ir#left_SNCP1L44P00051_Index1_g1739874543294_f2_s1739874543319_e5000_d16_.jpg
[101.403s] -- Installing: /home/sophie/isaac_lab/isaac_ws/rl_code/soarm100sim/third_party/orbbec_ws/install_clean/orbbec_camera/share/orbbec_camera//examples/multi_camera_synced_verification_tool/multicamera_sync/output/20250218102900/TotalModeFrames/SNCP1L44P00051_Index1/color_SNCP1L44P00051_Index1_g1739874543227_f0_s1739874543304_e50_d16_.jpg
[101.403s] -- Installing: /home/sophie/isaac_lab/isaac_ws/rl_code/soarm100sim/third_party/orbbec_ws/install_clean/orbbec_camera/share/orbbec_camera//examples/multi_camera_synced_verification_tool/multicamera_sync/output/20250218102900/TotalModeFrames/SNCP1L44P00051_Index1/color_SNCP1L44P00051_Index1_g1739874543427_f6_s1739874543485_e50_d16_.jpg
[101.403s] -- Installing: /home/sophie/isaac_lab/isaac_ws/rl_code/soarm100sim/third_party/orbbec_ws/install_clean/orbbec_camera/share/orbbec_camera//examples/multi_camera_synced_verification_tool/multicamera_sync/output/20250218102900/TotalModeFrames/SNCP1L44P00051_Index1/ir#left_SNCP1L44P00051_Index1_g1739874543360_f4_s1739874543460_e5000_d16_.jpg
[101.403s] -- Installing: /home/sophie/isaac_lab/isaac_ws/rl_code/soarm100sim/third_party/orbbec_ws/install_clean/orbbec_camera/share/orbbec_camera//examples/multi_camera_synced_verification_tool/multicamera_sync/output/20250218102900/TotalModeFrames/SNCP1L44P00051_Index1/ir#left_SNCP1L44P00051_Index1_g1739874543527_f10_s1739874543687_e5000_d16_.jpg
[101.403s] -- Installing: /home/sophie/isaac_lab/isaac_ws/rl_code/soarm100sim/third_party/orbbec_ws/install_clean/orbbec_camera/share/orbbec_camera//examples/multi_camera_synced_verification_tool/multicamera_sync/output/20250218102900/TotalModeFrames/SNCP1L44P00051_Index1/color_SNCP1L44P00051_Index1_g1739874543460_f7_s1739874543505_e50_d16_.jpg
[101.404s] -- Installing: /home/sophie/isaac_lab/isaac_ws/rl_code/soarm100sim/third_party/orbbec_ws/install_clean/orbbec_camera/share/orbbec_camera//examples/multi_camera_synced_verification_tool/multicamera_sync/output/20250218102900/TotalModeFrames/SNCP1L44P00051_Index1/ir#left_SNCP1L44P00051_Index1_g1739874543327_f3_s1739874543460_e5000_d16_.jpg
[101.404s] -- Installing: /home/sophie/isaac_lab/isaac_ws/rl_code/soarm100sim/third_party/orbbec_ws/install_clean/orbbec_camera/share/orbbec_camera//examples/multi_camera_synced_verification_tool/multicamera_sync/output/20250218102900/TotalModeFrames/SNCP1L44P00051_Index1/color_SNCP1L44P00051_Index1_g1739874543393_f5_s1739874543470_e50_d16_.jpg
[101.404s] -- Installing: /home/sophie/isaac_lab/isaac_ws/rl_code/soarm100sim/third_party/orbbec_ws/install_clean/orbbec_camera/share/orbbec_camera//examples/multi_camera_synced_verification_tool/multicamera_sync/output/20250218102900/TotalModeFrames/SNCP1L44P00051_Index1/ir#left_SNCP1L44P00051_Index1_g1739874543494_f8_s1739874543687_e5000_d16_.jpg
[101.404s] -- Installing: /home/sophie/isaac_lab/isaac_ws/rl_code/soarm100sim/third_party/orbbec_ws/install_clean/orbbec_camera/share/orbbec_camera//examples/multi_camera_synced_verification_tool/multicamera_sync/output/20250218102900/TotalModeFrames/SNCP1L44P00051_Index1/color_SNCP1L44P00051_Index1_g1739874543527_f9_s1739874543616_e50_d16_.jpg
[101.404s] -- Installing: /home/sophie/isaac_lab/isaac_ws/rl_code/soarm100sim/third_party/orbbec_ws/install_clean/orbbec_camera/share/orbbec_camera//examples/multi_camera_synced_verification_tool/multicamera_sync/output/20250218102900/TotalModeFrames/SNCP1L44P00051_Index1/ir#left_SNCP1L44P00051_Index1_g1739874543260_f1_s1739874543294_e5000_d16_.jpg
[101.404s] -- Installing: /home/sophie/isaac_lab/isaac_ws/rl_code/soarm100sim/third_party/orbbec_ws/install_clean/orbbec_camera/share/orbbec_camera//examples/multi_camera_synced_verification_tool/multicamera_sync/output/20250218102900/TotalModeFrames/SNCP1L44P00051_Index1/ir#left_SNCP1L44P00051_Index1_g1739874543560_f11_s1739874543687_e5000_d16_.jpg
[101.404s] -- Installing: /home/sophie/isaac_lab/isaac_ws/rl_code/soarm100sim/third_party/orbbec_ws/install_clean/orbbec_camera/share/orbbec_camera//examples/multi_camera_synced_verification_tool/multicamera_sync/output/20250218102900/TotalModeFrames/SNCP1L44P00051_Index1/ir#left_SNCP1L44P00051_Index1_g1739874543227_f0_s1739874543250_e5000_d16_.jpg
[101.404s] -- Installing: /home/sophie/isaac_lab/isaac_ws/rl_code/soarm100sim/third_party/orbbec_ws/install_clean/orbbec_camera/share/orbbec_camera//examples/multi_camera_synced_verification_tool/multicamera_sync/output/20250218102900/TotalModeFrames/SNCP1L44P00051_Index1/color_SNCP1L44P00051_Index1_g1739874543293_f2_s1739874543446_e50_d16_.jpg
[101.404s] -- Installing: /home/sophie/isaac_lab/isaac_ws/rl_code/soarm100sim/third_party/orbbec_ws/install_clean/orbbec_camera/share/orbbec_camera//examples/multi_camera_synced_verification_tool/multicamera_sync/output/20250218102900/TotalModeFrames/SNCP1L44P00051_Index1/color_SNCP1L44P00051_Index1_g1739874543327_f3_s1739874543458_e50_d16_.jpg
[101.404s] -- Installing: /home/sophie/isaac_lab/isaac_ws/rl_code/soarm100sim/third_party/orbbec_ws/install_clean/orbbec_camera/share/orbbec_camera//examples/multi_camera_synced_verification_tool/multicamera_sync/output/20250218102900/TotalModeFrames/SNCP1L44P00051_Index1/color_SNCP1L44P00051_Index1_g1739874543494_f8_s1739874543540_e50_d16_.jpg
[101.404s] -- Installing: /home/sophie/isaac_lab/isaac_ws/rl_code/soarm100sim/third_party/orbbec_ws/install_clean/orbbec_camera/share/orbbec_camera//examples/multi_camera_synced_verification_tool/multicamera_sync/output/20250218102900/TotalModeFrames/SNCP1L44P00051_Index1/ir#left_SNCP1L44P00051_Index1_g1739874543427_f6_s1739874543684_e5000_d16_.jpg
[101.405s] -- Installing: /home/sophie/isaac_lab/isaac_ws/rl_code/soarm100sim/third_party/orbbec_ws/install_clean/orbbec_camera/share/orbbec_camera//examples/multi_camera_synced_verification_tool/multicamera_sync/output/20250218102900/TotalModeFrames/SNCP1L44P00051_Index1/ir#left_SNCP1L44P00051_Index1_g1739874543460_f7_s1739874543685_e5000_d16_.jpg
[101.405s] -- Installing: /home/sophie/isaac_lab/isaac_ws/rl_code/soarm100sim/third_party/orbbec_ws/install_clean/orbbec_camera/share/orbbec_camera//examples/multi_camera_synced_verification_tool/multicamera_sync/output/20250218102900/TotalModeFrames/SNCP1L44P00051_Index1/color_SNCP1L44P00051_Index1_g1739874543560_f10_s1739874543618_e50_d16_.jpg
[101.405s] -- Installing: /home/sophie/isaac_lab/isaac_ws/rl_code/soarm100sim/third_party/orbbec_ws/install_clean/orbbec_camera/share/orbbec_camera//examples/multi_camera_synced_verification_tool/multicamera_sync/output/20250218102900/TotalModeFrames/SNCP1L44P00051_Index1/color_SNCP1L44P00051_Index1_g1739874543260_f1_s1739874543345_e50_d16_.jpg
[101.405s] -- Installing: /home/sophie/isaac_lab/isaac_ws/rl_code/soarm100sim/third_party/orbbec_ws/install_clean/orbbec_camera/share/orbbec_camera//examples/multi_camera_synced_verification_tool/multicamera_sync/output/20250218102900/TotalModeFrames/SNCP1E5420006D_Index0
[101.405s] -- Installing: /home/sophie/isaac_lab/isaac_ws/rl_code/soarm100sim/third_party/orbbec_ws/install_clean/orbbec_camera/share/orbbec_camera//examples/multi_camera_synced_verification_tool/multicamera_sync/output/20250218102900/TotalModeFrames/SNCP1E5420006D_Index0/ir#left_SNCP1E5420006D_Index0_g1739874543394_f5_s1739874543473_e5000_d16_.jpg
[101.405s] -- Installing: /home/sophie/isaac_lab/isaac_ws/rl_code/soarm100sim/third_party/orbbec_ws/install_clean/orbbec_camera/share/orbbec_camera//examples/multi_camera_synced_verification_tool/multicamera_sync/output/20250218102900/TotalModeFrames/SNCP1E5420006D_Index0/ir#left_SNCP1E5420006D_Index0_g1739874543561_f10_s1739874543628_e5000_d16_.jpg
[101.405s] -- Installing: /home/sophie/isaac_lab/isaac_ws/rl_code/soarm100sim/third_party/orbbec_ws/install_clean/orbbec_camera/share/orbbec_camera//examples/multi_camera_synced_verification_tool/multicamera_sync/output/20250218102900/TotalModeFrames/SNCP1E5420006D_Index0/color_SNCP1E5420006D_Index0_g1739874543427_f6_s1739874543518_e50_d16_.jpg
[101.405s] -- Installing: /home/sophie/isaac_lab/isaac_ws/rl_code/soarm100sim/third_party/orbbec_ws/install_clean/orbbec_camera/share/orbbec_camera//examples/multi_camera_synced_verification_tool/multicamera_sync/output/20250218102900/TotalModeFrames/SNCP1E5420006D_Index0/ir#left_SNCP1E5420006D_Index0_g1739874543494_f8_s1739874543528_e5000_d16_.jpg
[101.405s] -- Installing: /home/sophie/isaac_lab/isaac_ws/rl_code/soarm100sim/third_party/orbbec_ws/install_clean/orbbec_camera/share/orbbec_camera//examples/multi_camera_synced_verification_tool/multicamera_sync/output/20250218102900/TotalModeFrames/SNCP1E5420006D_Index0/color_SNCP1E5420006D_Index0_g1739874543394_f5_s1739874543506_e50_d16_.jpg
[101.405s] -- Installing: /home/sophie/isaac_lab/isaac_ws/rl_code/soarm100sim/third_party/orbbec_ws/install_clean/orbbec_camera/share/orbbec_camera//examples/multi_camera_synced_verification_tool/multicamera_sync/output/20250218102900/TotalModeFrames/SNCP1E5420006D_Index0/color_SNCP1E5420006D_Index0_g1739874543294_f2_s1739874543359_e50_d16_.jpg
[101.405s] -- Installing: /home/sophie/isaac_lab/isaac_ws/rl_code/soarm100sim/third_party/orbbec_ws/install_clean/orbbec_camera/share/orbbec_camera//examples/multi_camera_synced_verification_tool/multicamera_sync/output/20250218102900/TotalModeFrames/SNCP1E5420006D_Index0/ir#left_SNCP1E5420006D_Index0_g1739874543427_f6_s1739874543474_e5000_d16_.jpg
[101.405s] -- Installing: /home/sophie/isaac_lab/isaac_ws/rl_code/soarm100sim/third_party/orbbec_ws/install_clean/orbbec_camera/share/orbbec_camera//examples/multi_camera_synced_verification_tool/multicamera_sync/output/20250218102900/TotalModeFrames/SNCP1E5420006D_Index0/color_SNCP1E5420006D_Index0_g1739874543527_f9_s1739874543603_e50_d16_.jpg
[101.406s] -- Installing: /home/sophie/isaac_lab/isaac_ws/rl_code/soarm100sim/third_party/orbbec_ws/install_clean/orbbec_camera/share/orbbec_camera//examples/multi_camera_synced_verification_tool/multicamera_sync/output/20250218102900/TotalModeFrames/SNCP1E5420006D_Index0/color_SNCP1E5420006D_Index0_g1739874543494_f8_s1739874543548_e50_d16_.jpg
[101.406s] -- Installing: /home/sophie/isaac_lab/isaac_ws/rl_code/soarm100sim/third_party/orbbec_ws/install_clean/orbbec_camera/share/orbbec_camera//examples/multi_camera_synced_verification_tool/multicamera_sync/output/20250218102900/TotalModeFrames/SNCP1E5420006D_Index0/color_SNCP1E5420006D_Index0_g1739874543327_f3_s1739874543441_e50_d16_.jpg
[101.406s] -- Installing: /home/sophie/isaac_lab/isaac_ws/rl_code/soarm100sim/third_party/orbbec_ws/install_clean/orbbec_camera/share/orbbec_camera//examples/multi_camera_synced_verification_tool/multicamera_sync/output/20250218102900/TotalModeFrames/SNCP1E5420006D_Index0/ir#left_SNCP1E5420006D_Index0_g1739874543227_f0_s1739874543250_e5000_d16_.jpg
[101.406s] -- Installing: /home/sophie/isaac_lab/isaac_ws/rl_code/soarm100sim/third_party/orbbec_ws/install_clean/orbbec_camera/share/orbbec_camera//examples/multi_camera_synced_verification_tool/multicamera_sync/output/20250218102900/TotalModeFrames/SNCP1E5420006D_Index0/ir#left_SNCP1E5420006D_Index0_g1739874543260_f1_s1739874543310_e5000_d16_.jpg
[101.406s] -- Installing: /home/sophie/isaac_lab/isaac_ws/rl_code/soarm100sim/third_party/orbbec_ws/install_clean/orbbec_camera/share/orbbec_camera//examples/multi_camera_synced_verification_tool/multicamera_sync/output/20250218102900/TotalModeFrames/SNCP1E5420006D_Index0/ir#left_SNCP1E5420006D_Index0_g1739874543294_f2_s1739874543329_e5000_d16_.jpg
[101.406s] -- Installing: /home/sophie/isaac_lab/isaac_ws/rl_code/soarm100sim/third_party/orbbec_ws/install_clean/orbbec_camera/share/orbbec_camera//examples/multi_camera_synced_verification_tool/multicamera_sync/output/20250218102900/TotalModeFrames/SNCP1E5420006D_Index0/color_SNCP1E5420006D_Index0_g1739874543461_f7_s1739874543520_e50_d16_.jpg
[101.406s] -- Installing: /home/sophie/isaac_lab/isaac_ws/rl_code/soarm100sim/third_party/orbbec_ws/install_clean/orbbec_camera/share/orbbec_camera//examples/multi_camera_synced_verification_tool/multicamera_sync/output/20250218102900/TotalModeFrames/SNCP1E5420006D_Index0/ir#left_SNCP1E5420006D_Index0_g1739874543527_f9_s1739874543627_e5000_d16_.jpg
[101.406s] -- Installing: /home/sophie/isaac_lab/isaac_ws/rl_code/soarm100sim/third_party/orbbec_ws/install_clean/orbbec_camera/share/orbbec_camera//examples/multi_camera_synced_verification_tool/multicamera_sync/output/20250218102900/TotalModeFrames/SNCP1E5420006D_Index0/ir#left_SNCP1E5420006D_Index0_g1739874543327_f3_s1739874543393_e5000_d16_.jpg
[101.406s] -- Installing: /home/sophie/isaac_lab/isaac_ws/rl_code/soarm100sim/third_party/orbbec_ws/install_clean/orbbec_camera/share/orbbec_camera//examples/multi_camera_synced_verification_tool/multicamera_sync/output/20250218102900/TotalModeFrames/SNCP1E5420006D_Index0/color_SNCP1E5420006D_Index0_g1739874543360_f4_s1739874543442_e50_d16_.jpg
[101.406s] -- Installing: /home/sophie/isaac_lab/isaac_ws/rl_code/soarm100sim/third_party/orbbec_ws/install_clean/orbbec_camera/share/orbbec_camera//examples/multi_camera_synced_verification_tool/multicamera_sync/output/20250218102900/TotalModeFrames/SNCP1E5420006D_Index0/ir#left_SNCP1E5420006D_Index0_g1739874543361_f4_s1739874543405_e5000_d16_.jpg
[101.406s] -- Installing: /home/sophie/isaac_lab/isaac_ws/rl_code/soarm100sim/third_party/orbbec_ws/install_clean/orbbec_camera/share/orbbec_camera//examples/multi_camera_synced_verification_tool/multicamera_sync/output/20250218102900/TotalModeFrames/SNCP1E5420006D_Index0/color_SNCP1E5420006D_Index0_g1739874543227_f0_s1739874543327_e50_d16_.jpg
[101.407s] -- Installing: /home/sophie/isaac_lab/isaac_ws/rl_code/soarm100sim/third_party/orbbec_ws/install_clean/orbbec_camera/share/orbbec_camera//examples/multi_camera_synced_verification_tool/multicamera_sync/output/20250218102900/TotalModeFrames/SNCP1E5420006D_Index0/color_SNCP1E5420006D_Index0_g1739874543561_f10_s1739874543648_e50_d16_.jpg
[101.407s] -- Installing: /home/sophie/isaac_lab/isaac_ws/rl_code/soarm100sim/third_party/orbbec_ws/install_clean/orbbec_camera/share/orbbec_camera//examples/multi_camera_synced_verification_tool/multicamera_sync/output/20250218102900/TotalModeFrames/SNCP1E5420006D_Index0/color_SNCP1E5420006D_Index0_g1739874543260_f1_s1739874543351_e50_d16_.jpg
[101.407s] -- Installing: /home/sophie/isaac_lab/isaac_ws/rl_code/soarm100sim/third_party/orbbec_ws/install_clean/orbbec_camera/share/orbbec_camera//examples/multi_camera_synced_verification_tool/multicamera_sync/output/20250218102900/TotalModeFrames/SNCP1E5420006D_Index0/ir#left_SNCP1E5420006D_Index0_g1739874543461_f7_s1739874543493_e5000_d16_.jpg
[101.407s] -- Installing: /home/sophie/isaac_lab/isaac_ws/rl_code/soarm100sim/third_party/orbbec_ws/install_clean/orbbec_camera/share/orbbec_camera//examples/multi_camera_synced_verification_tool/multicamera_sync/output/20250218102900/StreamProfileInfo.txt
[101.407s] -- Installing: /home/sophie/isaac_lab/isaac_ws/rl_code/soarm100sim/third_party/orbbec_ws/install_clean/orbbec_camera/share/orbbec_camera//examples/multi_camera_synced_verification_tool/gemini_330_series_synced_verify.launch.py
[101.407s] -- Installing: /home/sophie/isaac_lab/isaac_ws/rl_code/soarm100sim/third_party/orbbec_ws/install_clean/orbbec_camera/share/orbbec_camera//examples/multi_camera_synced_verification_tool/multi_camera_synced_verify.launch.py
[101.407s] -- Installing: /home/sophie/isaac_lab/isaac_ws/rl_code/soarm100sim/third_party/orbbec_ws/install_clean/orbbec_camera/share/orbbec_camera//examples/benchmark
[101.407s] -- Installing: /home/sophie/isaac_lab/isaac_ws/rl_code/soarm100sim/third_party/orbbec_ws/install_clean/orbbec_camera/share/orbbec_camera//examples/benchmark/gemini_330_series_benchmark.launch.py
[101.407s] -- Installing: /home/sophie/isaac_lab/isaac_ws/rl_code/soarm100sim/third_party/orbbec_ws/install_clean/orbbec_camera/share/orbbec_camera//examples/benchmark/ob_benchmark_0.launch.py
[101.407s] -- Installing: /home/sophie/isaac_lab/isaac_ws/rl_code/soarm100sim/third_party/orbbec_ws/install_clean/orbbec_camera/share/orbbec_camera//examples/benchmark/ob_benchmark_1.launch.py
[101.407s] -- Installing: /home/sophie/isaac_lab/isaac_ws/rl_code/soarm100sim/third_party/orbbec_ws/install_clean/orbbec_camera/share/orbbec_camera//examples/lower_cpu_usage
[101.407s] -- Installing: /home/sophie/isaac_lab/isaac_ws/rl_code/soarm100sim/third_party/orbbec_ws/install_clean/orbbec_camera/share/orbbec_camera//examples/lower_cpu_usage/gemini_330_series_lower_cpu_usage.launch.py
[101.407s] -- Installing: /home/sophie/isaac_lab/isaac_ws/rl_code/soarm100sim/third_party/orbbec_ws/install_clean/orbbec_camera/share/orbbec_camera//examples/lower_cpu_usage/multi_camera_lower_cpu_usage.launch.py
[101.408s] -- Installing: /home/sophie/isaac_lab/isaac_ws/rl_code/soarm100sim/third_party/orbbec_ws/install_clean/orbbec_camera/share/orbbec_camera//examples/net_camera
[101.408s] -- Installing: /home/sophie/isaac_lab/isaac_ws/rl_code/soarm100sim/third_party/orbbec_ws/install_clean/orbbec_camera/share/orbbec_camera//examples/net_camera/multi_net_camera.launch.py
[101.408s] -- Installing: /home/sophie/isaac_lab/isaac_ws/rl_code/soarm100sim/third_party/orbbec_ws/install_clean/orbbec_camera/share/orbbec_camera//examples/multi_camera_time_sync
[101.408s] -- Installing: /home/sophie/isaac_lab/isaac_ws/rl_code/soarm100sim/third_party/orbbec_ws/install_clean/orbbec_camera/share/orbbec_camera//examples/multi_camera_time_sync/image_sync_example_node.cpp
[101.408s] -- Installing: /home/sophie/isaac_lab/isaac_ws/rl_code/soarm100sim/third_party/orbbec_ws/install_clean/orbbec_camera/share/orbbec_camera//examples/gmsl_camera
[101.408s] -- Installing: /home/sophie/isaac_lab/isaac_ws/rl_code/soarm100sim/third_party/orbbec_ws/install_clean/orbbec_camera/share/orbbec_camera//examples/gmsl_camera/multi_gmsl_camera.launch.py
[101.408s] -- Installing: /home/sophie/isaac_lab/isaac_ws/rl_code/soarm100sim/third_party/orbbec_ws/install_clean/orbbec_camera/share/orbbec_camera//examples/gmsl_camera/gemini_330_gmsl.launch.py
[101.408s] -- Installing: /home/sophie/isaac_lab/isaac_ws/rl_code/soarm100sim/third_party/orbbec_ws/install_clean/orbbec_camera/share/orbbec_camera//examples/gmsl_camera/multi_gmsl_camera_synced.launch.py
[101.408s] -- Installing: /home/sophie/isaac_lab/isaac_ws/rl_code/soarm100sim/third_party/orbbec_ws/install_clean/orbbec_camera/share/orbbec_camera//examples/Gemini_435Le_example_node
[101.408s] -- Installing: /home/sophie/isaac_lab/isaac_ws/rl_code/soarm100sim/third_party/orbbec_ws/install_clean/orbbec_camera/share/orbbec_camera//examples/Gemini_435Le_example_node/README.MD
[101.408s] -- Installing: /home/sophie/isaac_lab/isaac_ws/rl_code/soarm100sim/third_party/orbbec_ws/install_clean/orbbec_camera/share/orbbec_camera//examples/Gemini_435Le_example_node/camera_example_node.cpp
[101.408s] -- Up-to-date: /home/sophie/isaac_lab/isaac_ws/rl_code/soarm100sim/third_party/orbbec_ws/install_clean/orbbec_camera/include
[101.409s] -- Installing: /home/sophie/isaac_lab/isaac_ws/rl_code/soarm100sim/third_party/orbbec_ws/install_clean/orbbec_camera/include/libobsensor
[101.409s] -- Installing: /home/sophie/isaac_lab/isaac_ws/rl_code/soarm100sim/third_party/orbbec_ws/install_clean/orbbec_camera/include/libobsensor/ObSensor.h
[101.409s] -- Installing: /home/sophie/isaac_lab/isaac_ws/rl_code/soarm100sim/third_party/orbbec_ws/install_clean/orbbec_camera/include/libobsensor/h
[101.409s] -- Installing: /home/sophie/isaac_lab/isaac_ws/rl_code/soarm100sim/third_party/orbbec_ws/install_clean/orbbec_camera/include/libobsensor/h/Advanced.h
[101.409s] -- Installing: /home/sophie/isaac_lab/isaac_ws/rl_code/soarm100sim/third_party/orbbec_ws/install_clean/orbbec_camera/include/libobsensor/h/Frame.h
[101.409s] -- Installing: /home/sophie/isaac_lab/isaac_ws/rl_code/soarm100sim/third_party/orbbec_ws/install_clean/orbbec_camera/include/libobsensor/h/Device.h
[101.409s] -- Installing: /home/sophie/isaac_lab/isaac_ws/rl_code/soarm100sim/third_party/orbbec_ws/install_clean/orbbec_camera/include/libobsensor/h/Pipeline.h
[101.409s] -- Installing: /home/sophie/isaac_lab/isaac_ws/rl_code/soarm100sim/third_party/orbbec_ws/install_clean/orbbec_camera/include/libobsensor/h/Export.h
[101.410s] -- Installing: /home/sophie/isaac_lab/isaac_ws/rl_code/soarm100sim/third_party/orbbec_ws/install_clean/orbbec_camera/include/libobsensor/h/MultipleDevices.h
[101.410s] -- Installing: /home/sophie/isaac_lab/isaac_ws/rl_code/soarm100sim/third_party/orbbec_ws/install_clean/orbbec_camera/include/libobsensor/h/TypeHelper.h
[101.410s] -- Installing: /home/sophie/isaac_lab/isaac_ws/rl_code/soarm100sim/third_party/orbbec_ws/install_clean/orbbec_camera/include/libobsensor/h/Context.h
[101.410s] -- Installing: /home/sophie/isaac_lab/isaac_ws/rl_code/soarm100sim/third_party/orbbec_ws/install_clean/orbbec_camera/include/libobsensor/h/Sensor.h
[101.410s] -- Installing: /home/sophie/isaac_lab/isaac_ws/rl_code/soarm100sim/third_party/orbbec_ws/install_clean/orbbec_camera/include/libobsensor/h/Version.h
[101.410s] -- Installing: /home/sophie/isaac_lab/isaac_ws/rl_code/soarm100sim/third_party/orbbec_ws/install_clean/orbbec_camera/include/libobsensor/h/Filter.h
[101.410s] -- Installing: /home/sophie/isaac_lab/isaac_ws/rl_code/soarm100sim/third_party/orbbec_ws/install_clean/orbbec_camera/include/libobsensor/h/StreamProfile.h
[101.410s] -- Installing: /home/sophie/isaac_lab/isaac_ws/rl_code/soarm100sim/third_party/orbbec_ws/install_clean/orbbec_camera/include/libobsensor/h/RecordPlayback.h
[101.410s] -- Installing: /home/sophie/isaac_lab/isaac_ws/rl_code/soarm100sim/third_party/orbbec_ws/install_clean/orbbec_camera/include/libobsensor/h/ObTypes.h
[101.410s] -- Installing: /home/sophie/isaac_lab/isaac_ws/rl_code/soarm100sim/third_party/orbbec_ws/install_clean/orbbec_camera/include/libobsensor/h/Error.h
[101.410s] -- Installing: /home/sophie/isaac_lab/isaac_ws/rl_code/soarm100sim/third_party/orbbec_ws/install_clean/orbbec_camera/include/libobsensor/h/Property.h
[101.410s] -- Installing: /home/sophie/isaac_lab/isaac_ws/rl_code/soarm100sim/third_party/orbbec_ws/install_clean/orbbec_camera/include/libobsensor/h/Utils.h
[101.410s] -- Installing: /home/sophie/isaac_lab/isaac_ws/rl_code/soarm100sim/third_party/orbbec_ws/install_clean/orbbec_camera/include/libobsensor/hpp
[101.410s] -- Installing: /home/sophie/isaac_lab/isaac_ws/rl_code/soarm100sim/third_party/orbbec_ws/install_clean/orbbec_camera/include/libobsensor/hpp/Sensor.hpp
[101.410s] -- Installing: /home/sophie/isaac_lab/isaac_ws/rl_code/soarm100sim/third_party/orbbec_ws/install_clean/orbbec_camera/include/libobsensor/hpp/Frame.hpp
[101.410s] -- Installing: /home/sophie/isaac_lab/isaac_ws/rl_code/soarm100sim/third_party/orbbec_ws/install_clean/orbbec_camera/include/libobsensor/hpp/Utils.hpp
[101.410s] -- Installing: /home/sophie/isaac_lab/isaac_ws/rl_code/soarm100sim/third_party/orbbec_ws/install_clean/orbbec_camera/include/libobsensor/hpp/Device.hpp
[101.411s] -- Installing: /home/sophie/isaac_lab/isaac_ws/rl_code/soarm100sim/third_party/orbbec_ws/install_clean/orbbec_camera/include/libobsensor/hpp/Filter.hpp
[101.411s] -- Installing: /home/sophie/isaac_lab/isaac_ws/rl_code/soarm100sim/third_party/orbbec_ws/install_clean/orbbec_camera/include/libobsensor/hpp/StreamProfile.hpp
[101.411s] -- Installing: /home/sophie/isaac_lab/isaac_ws/rl_code/soarm100sim/third_party/orbbec_ws/install_clean/orbbec_camera/include/libobsensor/hpp/Version.hpp
[101.411s] -- Installing: /home/sophie/isaac_lab/isaac_ws/rl_code/soarm100sim/third_party/orbbec_ws/install_clean/orbbec_camera/include/libobsensor/hpp/RecordPlayback.hpp
[101.411s] -- Installing: /home/sophie/isaac_lab/isaac_ws/rl_code/soarm100sim/third_party/orbbec_ws/install_clean/orbbec_camera/include/libobsensor/hpp/Context.hpp
[101.411s] -- Installing: /home/sophie/isaac_lab/isaac_ws/rl_code/soarm100sim/third_party/orbbec_ws/install_clean/orbbec_camera/include/libobsensor/hpp/Pipeline.hpp
[101.411s] -- Installing: /home/sophie/isaac_lab/isaac_ws/rl_code/soarm100sim/third_party/orbbec_ws/install_clean/orbbec_camera/include/libobsensor/hpp/TypeHelper.hpp
[101.411s] -- Installing: /home/sophie/isaac_lab/isaac_ws/rl_code/soarm100sim/third_party/orbbec_ws/install_clean/orbbec_camera/include/libobsensor/hpp/Error.hpp
[101.411s] -- Installing: /home/sophie/isaac_lab/isaac_ws/rl_code/soarm100sim/third_party/orbbec_ws/install_clean/orbbec_camera/include/libobsensor/hpp/Types.hpp
[101.411s] -- Installing: /home/sophie/isaac_lab/isaac_ws/rl_code/soarm100sim/third_party/orbbec_ws/install_clean/orbbec_camera/include/libobsensor/ObSensor.hpp
[101.411s] -- Up-to-date: /home/sophie/isaac_lab/isaac_ws/rl_code/soarm100sim/third_party/orbbec_ws/install_clean/orbbec_camera/lib/
[101.411s] -- Installing: /home/sophie/isaac_lab/isaac_ws/rl_code/soarm100sim/third_party/orbbec_ws/install_clean/orbbec_camera/lib//libOrbbecSDK.so.2.8.6
[101.417s] -- Installing: /home/sophie/isaac_lab/isaac_ws/rl_code/soarm100sim/third_party/orbbec_ws/install_clean/orbbec_camera/lib//libOrbbecSDK.so
[101.417s] -- Installing: /home/sophie/isaac_lab/isaac_ws/rl_code/soarm100sim/third_party/orbbec_ws/install_clean/orbbec_camera/lib//libOrbbecSDK.so.2
[101.417s] -- Installing: /home/sophie/isaac_lab/isaac_ws/rl_code/soarm100sim/third_party/orbbec_ws/install_clean/orbbec_camera/lib//extensions
[101.417s] -- Installing: /home/sophie/isaac_lab/isaac_ws/rl_code/soarm100sim/third_party/orbbec_ws/install_clean/orbbec_camera/lib//extensions/frameprocessor
[101.418s] -- Installing: /home/sophie/isaac_lab/isaac_ws/rl_code/soarm100sim/third_party/orbbec_ws/install_clean/orbbec_camera/lib//extensions/frameprocessor/libob_frame_processor.so
[101.418s] -- Installing: /home/sophie/isaac_lab/isaac_ws/rl_code/soarm100sim/third_party/orbbec_ws/install_clean/orbbec_camera/lib//extensions/depthengine
[101.418s] -- Installing: /home/sophie/isaac_lab/isaac_ws/rl_code/soarm100sim/third_party/orbbec_ws/install_clean/orbbec_camera/lib//extensions/depthengine/libdepthengine.so.2.0
[101.418s] -- Installing: /home/sophie/isaac_lab/isaac_ws/rl_code/soarm100sim/third_party/orbbec_ws/install_clean/orbbec_camera/lib//extensions/depthengine/libdepthengine.so
[101.418s] -- Installing: /home/sophie/isaac_lab/isaac_ws/rl_code/soarm100sim/third_party/orbbec_ws/install_clean/orbbec_camera/lib//extensions/filters
[101.418s] -- Installing: /home/sophie/isaac_lab/isaac_ws/rl_code/soarm100sim/third_party/orbbec_ws/install_clean/orbbec_camera/lib//extensions/filters/libFilterProcessor.so
[101.418s] -- Installing: /home/sophie/isaac_lab/isaac_ws/rl_code/soarm100sim/third_party/orbbec_ws/install_clean/orbbec_camera/lib//extensions/filters/libob_priv_filter.so
[101.418s] -- Installing: /home/sophie/isaac_lab/isaac_ws/rl_code/soarm100sim/third_party/orbbec_ws/install_clean/orbbec_camera/lib//extensions/firmwareupdater
[101.418s] -- Installing: /home/sophie/isaac_lab/isaac_ws/rl_code/soarm100sim/third_party/orbbec_ws/install_clean/orbbec_camera/lib//extensions/firmwareupdater/libfirmwareupdater.so
[101.419s] -- Installing: /home/sophie/isaac_lab/isaac_ws/rl_code/soarm100sim/third_party/orbbec_ws/install_clean/orbbec_camera/lib/extensions/libdepthengine.so
[101.419s] -- Installing: /home/sophie/isaac_lab/isaac_ws/rl_code/soarm100sim/third_party/orbbec_ws/install_clean/orbbec_camera/lib/extensions/libdepthengine.so.2.0
[101.419s] -- Installing: /home/sophie/isaac_lab/isaac_ws/rl_code/soarm100sim/third_party/orbbec_ws/install_clean/orbbec_camera/lib/extensions/libFilterProcessor.so
[101.419s] -- Installing: /home/sophie/isaac_lab/isaac_ws/rl_code/soarm100sim/third_party/orbbec_ws/install_clean/orbbec_camera/lib/extensions/libob_priv_filter.so
[101.419s] -- Installing: /home/sophie/isaac_lab/isaac_ws/rl_code/soarm100sim/third_party/orbbec_ws/install_clean/orbbec_camera/lib/extensions/libfirmwareupdater.so
[101.420s] -- Installing: /home/sophie/isaac_lab/isaac_ws/rl_code/soarm100sim/third_party/orbbec_ws/install_clean/orbbec_camera/lib/extensions/libob_frame_processor.so
[101.420s] -- Installing: /home/sophie/isaac_lab/isaac_ws/rl_code/soarm100sim/third_party/orbbec_ws/install_clean/orbbec_camera/lib/orbbec_camera/list_devices_node
[101.420s] -- Set runtime path of "/home/sophie/isaac_lab/isaac_ws/rl_code/soarm100sim/third_party/orbbec_ws/install_clean/orbbec_camera/lib/orbbec_camera/list_devices_node" to ":/home/sophie/isaac_lab/isaac_ws/rl_code/soarm100sim/third_party/orbbec_ws/src/OrbbecSDK_ROS2/orbbec_camera/SDK/lib/x64"
[101.420s] -- Installing: /home/sophie/isaac_lab/isaac_ws/rl_code/soarm100sim/third_party/orbbec_ws/install_clean/orbbec_camera/lib/orbbec_camera/list_depth_work_mode_node
[101.420s] -- Set runtime path of "/home/sophie/isaac_lab/isaac_ws/rl_code/soarm100sim/third_party/orbbec_ws/install_clean/orbbec_camera/lib/orbbec_camera/list_depth_work_mode_node" to ":/home/sophie/isaac_lab/isaac_ws/rl_code/soarm100sim/third_party/orbbec_ws/src/OrbbecSDK_ROS2/orbbec_camera/SDK/lib/x64"
[101.420s] -- Installing: /home/sophie/isaac_lab/isaac_ws/rl_code/soarm100sim/third_party/orbbec_ws/install_clean/orbbec_camera/lib/orbbec_camera/list_camera_profile_mode_node
[101.420s] -- Set runtime path of "/home/sophie/isaac_lab/isaac_ws/rl_code/soarm100sim/third_party/orbbec_ws/install_clean/orbbec_camera/lib/orbbec_camera/list_camera_profile_mode_node" to ":/home/sophie/isaac_lab/isaac_ws/rl_code/soarm100sim/third_party/orbbec_ws/src/OrbbecSDK_ROS2/orbbec_camera/SDK/lib/x64"
[101.420s] -- Installing: /home/sophie/isaac_lab/isaac_ws/rl_code/soarm100sim/third_party/orbbec_ws/install_clean/orbbec_camera/lib/orbbec_camera/firmware_update_tool
[101.421s] -- Set runtime path of "/home/sophie/isaac_lab/isaac_ws/rl_code/soarm100sim/third_party/orbbec_ws/install_clean/orbbec_camera/lib/orbbec_camera/firmware_update_tool" to ":/home/sophie/isaac_lab/isaac_ws/rl_code/soarm100sim/third_party/orbbec_ws/src/OrbbecSDK_ROS2/orbbec_camera/SDK/lib/x64"
[101.421s] -- Installing: /home/sophie/isaac_lab/isaac_ws/rl_code/soarm100sim/third_party/orbbec_ws/install_clean/orbbec_camera/lib/orbbec_camera/topic_statistics_node
[101.421s] -- Set runtime path of "/home/sophie/isaac_lab/isaac_ws/rl_code/soarm100sim/third_party/orbbec_ws/install_clean/orbbec_camera/lib/orbbec_camera/topic_statistics_node" to ":/home/sophie/isaac_lab/isaac_ws/rl_code/soarm100sim/third_party/orbbec_ws/src/OrbbecSDK_ROS2/orbbec_camera/SDK/lib/x64"
[101.421s] -- Installing: /home/sophie/isaac_lab/isaac_ws/rl_code/soarm100sim/third_party/orbbec_ws/install_clean/orbbec_camera/lib/orbbec_camera/service_benchmark_node
[101.422s] -- Set runtime path of "/home/sophie/isaac_lab/isaac_ws/rl_code/soarm100sim/third_party/orbbec_ws/install_clean/orbbec_camera/lib/orbbec_camera/service_benchmark_node" to ":/home/sophie/isaac_lab/isaac_ws/rl_code/soarm100sim/third_party/orbbec_ws/src/OrbbecSDK_ROS2/orbbec_camera/SDK/lib/x64"
[101.422s] -- Installing: /home/sophie/isaac_lab/isaac_ws/rl_code/soarm100sim/third_party/orbbec_ws/install_clean/orbbec_camera/lib/orbbec_camera/ob_benchmark_node
[101.422s] -- Set runtime path of "/home/sophie/isaac_lab/isaac_ws/rl_code/soarm100sim/third_party/orbbec_ws/install_clean/orbbec_camera/lib/orbbec_camera/ob_benchmark_node" to ":/home/sophie/isaac_lab/isaac_ws/rl_code/soarm100sim/third_party/orbbec_ws/src/OrbbecSDK_ROS2/orbbec_camera/SDK/lib/x64"
[101.422s] -- Installing: /home/sophie/isaac_lab/isaac_ws/rl_code/soarm100sim/third_party/orbbec_ws/install_clean/orbbec_camera/lib/orbbec_camera/435le_example_node
[101.423s] -- Set runtime path of "/home/sophie/isaac_lab/isaac_ws/rl_code/soarm100sim/third_party/orbbec_ws/install_clean/orbbec_camera/lib/orbbec_camera/435le_example_node" to ":/home/sophie/isaac_lab/isaac_ws/rl_code/soarm100sim/third_party/orbbec_ws/src/OrbbecSDK_ROS2/orbbec_camera/SDK/lib/x64"
[101.423s] -- Installing: /home/sophie/isaac_lab/isaac_ws/rl_code/soarm100sim/third_party/orbbec_ws/install_clean/orbbec_camera/lib/orbbec_camera/ip_config_tool
[101.423s] -- Set runtime path of "/home/sophie/isaac_lab/isaac_ws/rl_code/soarm100sim/third_party/orbbec_ws/install_clean/orbbec_camera/lib/orbbec_camera/ip_config_tool" to ":/home/sophie/isaac_lab/isaac_ws/rl_code/soarm100sim/third_party/orbbec_ws/src/OrbbecSDK_ROS2/orbbec_camera/SDK/lib/x64"
[101.423s] -- Installing: /home/sophie/isaac_lab/isaac_ws/rl_code/soarm100sim/third_party/orbbec_ws/install_clean/orbbec_camera/lib/orbbec_camera/set_device_ip
[101.423s] -- Set runtime path of "/home/sophie/isaac_lab/isaac_ws/rl_code/soarm100sim/third_party/orbbec_ws/install_clean/orbbec_camera/lib/orbbec_camera/set_device_ip" to ":/home/sophie/isaac_lab/isaac_ws/rl_code/soarm100sim/third_party/orbbec_ws/src/OrbbecSDK_ROS2/orbbec_camera/SDK/lib/x64"
[101.423s] -- Installing: /home/sophie/isaac_lab/isaac_ws/rl_code/soarm100sim/third_party/orbbec_ws/install_clean/orbbec_camera/lib/orbbec_camera/image_sync_example_node
[101.424s] -- Set runtime path of "/home/sophie/isaac_lab/isaac_ws/rl_code/soarm100sim/third_party/orbbec_ws/install_clean/orbbec_camera/lib/orbbec_camera/image_sync_example_node" to ":/home/sophie/isaac_lab/isaac_ws/rl_code/soarm100sim/third_party/orbbec_ws/src/OrbbecSDK_ROS2/orbbec_camera/SDK/lib/x64"
[101.424s] -- Installing: /home/sophie/isaac_lab/isaac_ws/rl_code/soarm100sim/third_party/orbbec_ws/install_clean/orbbec_camera/share/orbbec_camera/environment/library_path.sh
[101.424s] -- Installing: /home/sophie/isaac_lab/isaac_ws/rl_code/soarm100sim/third_party/orbbec_ws/install_clean/orbbec_camera/share/orbbec_camera/environment/library_path.dsv
[101.424s] -- Installing: /home/sophie/isaac_lab/isaac_ws/rl_code/soarm100sim/third_party/orbbec_ws/install_clean/orbbec_camera/share/ament_index/resource_index/package_run_dependencies/orbbec_camera
[101.424s] -- Installing: /home/sophie/isaac_lab/isaac_ws/rl_code/soarm100sim/third_party/orbbec_ws/install_clean/orbbec_camera/share/ament_index/resource_index/parent_prefix_path/orbbec_camera
[101.424s] -- Installing: /home/sophie/isaac_lab/isaac_ws/rl_code/soarm100sim/third_party/orbbec_ws/install_clean/orbbec_camera/share/orbbec_camera/environment/ament_prefix_path.sh
[101.424s] -- Installing: /home/sophie/isaac_lab/isaac_ws/rl_code/soarm100sim/third_party/orbbec_ws/install_clean/orbbec_camera/share/orbbec_camera/environment/ament_prefix_path.dsv
[101.424s] -- Installing: /home/sophie/isaac_lab/isaac_ws/rl_code/soarm100sim/third_party/orbbec_ws/install_clean/orbbec_camera/share/orbbec_camera/environment/path.sh
[101.424s] -- Installing: /home/sophie/isaac_lab/isaac_ws/rl_code/soarm100sim/third_party/orbbec_ws/install_clean/orbbec_camera/share/orbbec_camera/environment/path.dsv
[101.424s] -- Installing: /home/sophie/isaac_lab/isaac_ws/rl_code/soarm100sim/third_party/orbbec_ws/install_clean/orbbec_camera/share/orbbec_camera/local_setup.bash
[101.424s] -- Installing: /home/sophie/isaac_lab/isaac_ws/rl_code/soarm100sim/third_party/orbbec_ws/install_clean/orbbec_camera/share/orbbec_camera/local_setup.sh
[101.424s] -- Installing: /home/sophie/isaac_lab/isaac_ws/rl_code/soarm100sim/third_party/orbbec_ws/install_clean/orbbec_camera/share/orbbec_camera/local_setup.zsh
[101.424s] -- Installing: /home/sophie/isaac_lab/isaac_ws/rl_code/soarm100sim/third_party/orbbec_ws/install_clean/orbbec_camera/share/orbbec_camera/local_setup.dsv
[101.424s] -- Installing: /home/sophie/isaac_lab/isaac_ws/rl_code/soarm100sim/third_party/orbbec_ws/install_clean/orbbec_camera/share/orbbec_camera/package.dsv
[101.424s] -- Installing: /home/sophie/isaac_lab/isaac_ws/rl_code/soarm100sim/third_party/orbbec_ws/install_clean/orbbec_camera/share/ament_index/resource_index/packages/orbbec_camera
[101.425s] -- Installing: /home/sophie/isaac_lab/isaac_ws/rl_code/soarm100sim/third_party/orbbec_ws/install_clean/orbbec_camera/share/ament_index/resource_index/rclcpp_components/orbbec_camera
[101.425s] -- Installing: /home/sophie/isaac_lab/isaac_ws/rl_code/soarm100sim/third_party/orbbec_ws/install_clean/orbbec_camera/share/orbbec_camera/cmake/ament_cmake_export_include_directories-extras.cmake
[101.425s] -- Installing: /home/sophie/isaac_lab/isaac_ws/rl_code/soarm100sim/third_party/orbbec_ws/install_clean/orbbec_camera/share/orbbec_camera/cmake/ament_cmake_export_libraries-extras.cmake
[101.425s] -- Installing: /home/sophie/isaac_lab/isaac_ws/rl_code/soarm100sim/third_party/orbbec_ws/install_clean/orbbec_camera/share/orbbec_camera/cmake/ament_cmake_export_dependencies-extras.cmake
[101.425s] -- Installing: /home/sophie/isaac_lab/isaac_ws/rl_code/soarm100sim/third_party/orbbec_ws/install_clean/orbbec_camera/share/orbbec_camera/cmake/orbbec_cameraConfig.cmake
[101.425s] -- Installing: /home/sophie/isaac_lab/isaac_ws/rl_code/soarm100sim/third_party/orbbec_ws/install_clean/orbbec_camera/share/orbbec_camera/cmake/orbbec_cameraConfig-version.cmake
[101.425s] -- Installing: /home/sophie/isaac_lab/isaac_ws/rl_code/soarm100sim/third_party/orbbec_ws/install_clean/orbbec_camera/share/orbbec_camera/package.xml
[101.426s] Invoked command in '/home/sophie/isaac_lab/isaac_ws/rl_code/soarm100sim/third_party/orbbec_ws/build_clean/orbbec_camera' returned '0': CMAKE_PREFIX_PATH=/opt/ros/humble /usr/bin/cmake --install /home/sophie/isaac_lab/isaac_ws/rl_code/soarm100sim/third_party/orbbec_ws/build_clean/orbbec_camera
